Using Cachix caches: devenv, geo-overlay
Building shell in 28.4ms
Entering shell
Running tasks     devenv:enterShell

Running           devenv:enterShell
Succeeded         devenv:enterShell (4.51ms)
Running           devenv:enterTest
No command        devenv:enterTest
1 Skipped, 1 Succeeded
🔗 Found bin bindings
📡 Using build options locked, bindings from pyproject.toml
🛠️ Using zig for cross-compiling to x86_64-unknown-linux-musl
   Compiling createcog v2026.1.23 (/work/infra-rs/tools/createcog)
error: linking with `/home/dirk/.cache/cargo-zigbuild/0.20.1/zigcc-x86_64-unknown-linux-musl-ff6a.sh` failed: exit status: 1
  |
  = note:  "/home/dirk/.cache/cargo-zigbuild/0.20.1/zigcc-x86_64-unknown-linux-musl-ff6a.sh" "-m64" "<sysroot>/lib/rustlib/x86_64-unknown-linux-musl/lib/self-contained/crt1.o" "<sysroot>/lib/rustlib/x86_64-unknown-linux-musl/lib/self-contained/crti.o" "<sysroot>/lib/rustlib/x86_64-unknown-linux-musl/lib/self-contained/crtbegin.o" "/run/user/1000/rustckJns5a/symbols.o" "<17 object files omitted>" "-Wl,--as-needed" "-Wl,-Bstatic" "/work/infra-rs/target/x86_64-unknown-linux-musl/release/deps/{libgeo-00f0750809b2b5b1,librayon-12adf489f0068a43,librayon_core-abe9a47cf00c0a9d,libcrossbeam_deque-fd74ef504ef14d6c,libcrossbeam_epoch-8f375ebc972cfad2,libcrossbeam_utils-7db6a39e81a96caf,libgeozero-e8448c04958e8cdd,libwkt-726d8190f7a134e4,libgeo_traits-09cc9ac3be2e5222,libgeojson-2e0e34e35556bbfe,libserde_json-f9c7eba35ba89e28,libitoa-0bf54d75c53c3c79,libzmij-40853c0dfa63dafc,libserde-47e174dd71add978,libserde_core-efbabf2488b20b2c,libgeos-c512cc22635681e9,libc_vec-29751a46643edbf9,libwkt-63267997f4ce7e04,libthiserror-da69fdec4d83227e,libgeos_sys-3aa476a884a7c925}.rlib" "-lgeos_c" "/work/infra-rs/target/x86_64-unknown-linux-musl/release/deps/{libproj-463a42cafa61fc13,libproj_sys-94c6421fc38550eb}.rlib" "-lproj" "/work/infra-rs/target/x86_64-unknown-linux-musl/release/deps/{libbon-31204864f3ea5892,libitertools-ae73d258d72878f5,libeither-9357e5d43ad32087,libxml-dc48c06af5c5e5a1,libxml-a1d6ad52748d45cd,libweezl-16a0c5b9814a92fd,libruzstd-8f454f32be2ef61e,libtwox_hash-a9549ff72de31c5f,libtiff-c9c4621108679f4e,libquick_error-42b9d741473728a7,libhalf-eed40bad1f56fb12,libcfg_if-10678e82647e6d84,libzerocopy-778c917d0e4cb5fd,libgdal-fae44746fe5d741f,libchrono-0bf583c2384b00ca,libiana_time_zone-5f9a776361ad56ac,libbitflags-b6b5676032f6f21d,libgdal_sys-8989ad9f40690a93}.rlib" "-lgdal" "-lcryptopp" "-lssl" "-lcrypto" "-llzma" "-llz4" "-lgeotiff" "-ltiff" "-ldeflate" "-lLerc" "-lzstd" "-lnetcdf" "-lhdf5_hl" "-lhdf5" "-ltinyxml2" "-lpcre2-8" "-lfreexl" "-lexpat" "-lminizip" "-lz" "-lxml2" "-lgeos_c" "-lgeos" "-lproj" "-ldl" "-lsqlite3" "-ljson-c" "-lstdc++" "-lm" "/work/infra-rs/target/x86_64-unknown-linux-musl/release/deps/{libgeo_types-4491be286e734c7f,libinf-a5062d5e2477468b,libstrum-6792ab12b89a7536,libbytemuck-8a14f64d4f309961,libthiserror-a2589344804ab991,libnum-690ea8e7e498d078,libnum_iter-14d19e3867816de4,libnum_rational-7d7ecc38b2e66898,libnum_complex-056106ddfac5057f,libnum_bigint-f4f9d73ffa65f12e,libnum_integer-e38efcd456c650bc,libapprox-33d5e559964bdd75,libnum_traits-cb8663001ff17eb9,libanyhow-fdb5292c7071ec28,libindicatif_log_bridge-cb579ac109886546,libindicatif-4849e741b02ae6d6,libportable_atomic-dab2cb2bd4a37efd,libunit_prefix-52ba349f7723b210,libconsole-3cfabe0e614b1735,liblibc-5e5e61fc7bb8c864,libunicode_width-936f3828560fc587,libonce_cell-2da9c9e45fdf27a5,libenv_logger-2b55966a33f0af12,libjiff-52fea75c9123d679,libenv_filter-fcb9c7ece3a44b12,libregex-2254126052ddab29,libregex_automata-257399f7f943cdf9,libaho_corasick-a8e11b02a593e5ce,libmemchr-a84971f79321feaf,libregex_syntax-3e7a33953e97be16,liblog-f38dbf58122983d4,libclap-31f824f717a8584d,libclap_builder-16c2a98b8504d5b7,libstrsim-a0a70a9ef8106633,libanstream-b94bedba00f6902c,libanstyle_query-41dacb252928af0f,libis_terminal_polyfill-a90439c64c12e1ec,libcolorchoice-22bbb91625417499,libanstyle_parse-9b65b11f7efddeb2,libutf8parse-3133241f8efdb865,libclap_lex-cf75583bfc33213a,libanstyle-80df8d6bf3f1eff0}.rlib" "<sysroot>/lib/rustlib/x86_64-unknown-linux-musl/lib/{libstd-*,libpanic_unwind-*,libobject-*,libmemchr-*,libaddr2line-*,libgimli-*,libcfg_if-*,librustc_demangle-*,libstd_detect-*,libhashbrown-*,librustc_std_workspace_alloc-*,libminiz_oxide-*,libadler2-*,libunwind-*}.rlib" "-lunwind" "<sysroot>/lib/rustlib/x86_64-unknown-linux-musl/lib/liblibc-*.rlib" "-lc" "<sysroot>/lib/rustlib/x86_64-unknown-linux-musl/lib/{librustc_std_workspace_core-*,liballoc-*,libcore-*,libcompiler_builtins-*}.rlib" "-L" "/run/user/1000/rustckJns5a/raw-dylibs" "-Wl,-Bdynamic" "-Wl,--eh-frame-hdr" "-Wl,-z,noexecstack" "-nostartfiles" "-L" "/nix/store/qy6dfps5w7y6aw4myanvhnjp9fpnwq1f-openssl-musl-static-aarch64-unknown-linux-musl-3.6.0-bin/lib" "-L" "/nix/store/4k7jh428871az3fsb54sllq5gh1s7hcw-openssl-musl-static-aarch64-unknown-linux-musl-3.6.0-dev/lib" "-L" "/nix/store/1b6v1n6vy1qd8q73rhb0lb7r5jid1hsp-openssl-musl-static-aarch64-unknown-linux-musl-3.6.0/lib" "-L" "/nix/store/jh2l18g548arcmy62nppgf0r66v7lqr5-openssl-musl-static-aarch64-unknown-linux-musl-3.6.0-man/lib" "-L" "/nix/store/vh0jmrv8xid8lfflyqgiswm2iz2hkmy4-openssl-musl-static-aarch64-unknown-linux-musl-3.6.0-doc/lib" "-L" "/nix/store/zmjgsiba1w35dhihw1vmqr8sxnj53mmk-openssl-musl-static-aarch64-unknown-linux-musl-3.6.0-etc/lib" "-L" "/nix/store/mdlmf9bmnff4slx8kz2h9cgkyxq9vmkk-openssl-musl-static-aarch64-unknown-linux-musl-3.6.0-debug/lib" "-L" "/nix/store/brip0mg6yjqf1yrz90jx00q49apzdmzh-zlib-ng-musl-static-aarch64-unknown-linux-musl-2.2.5/lib" "-L" "/nix/store/hs99iqs5nq02rq725ghqvyql9q5fna2i-zlib-ng-musl-static-aarch64-unknown-linux-musl-2.2.5-dev/lib" "-L" "/nix/store/6fck5xzcl19985dhjr187g1f03yr456l-zlib-ng-musl-static-aarch64-unknown-linux-musl-2.2.5-bin/lib" "-L" "/nix/store/hzb1ic31mk2i5n44f4sxbmiigr8rl5n3-gtest-static-aarch64-unknown-linux-musl-1.17.0/lib" "-L" "/nix/store/z7c9zk0rhxzv651cbpkvyx36akmz8k58-gtest-static-aarch64-unknown-linux-musl-1.17.0-dev/lib" "-L" "/nix/store/w4d9sl2fj5f7rxi4a96pr8cgf7w041k5-gdal-musl-static-aarch64-unknown-linux-musl-3.11.5/lib" "-L" "/nix/store/0acpvq1nm0019harfnz57r8walapwzgw-libgeotiff-musl-static-aarch64-unknown-linux-musl-1.7.4/lib" "-L" "/nix/store/hz5jv2v2a3h0yclhw94dmqlifsz94k15-libtiff-musl-static-aarch64-unknown-linux-musl-4.7.1-dev/lib" "-L" "/nix/store/birga81fdzv9pw5a2s74yck4w81fxpb0-libtiff-musl-static-aarch64-unknown-linux-musl-4.7.1-dev_private/lib" "-L" "/nix/store/g4ggbfrps2jdqnavabnn54rkk3icmm8k-libtiff-musl-static-aarch64-unknown-linux-musl-4.7.1/lib" "-L" "/nix/store/lgrh550dakz5rm9i85i6rnccvfwx14ia-lerc-musl-static-aarch64-unknown-linux-musl-4.0.0/lib" "-L" "/nix/store/1ss3vzhhpapsa069irmcq9kb4k94ba5b-lerc-musl-static-aarch64-unknown-linux-musl-4.0.0-dev/lib" "-L" "/nix/store/b83f98s429c9zizw751zn7zykybgg9z2-libdeflate-musl-static-aarch64-unknown-linux-musl-1.25/lib" "-L" "/nix/store/nq63xjy5pa0fg75cbwp0d1jrpn55hwn6-xz-musl-static-aarch64-unknown-linux-musl-5.8.1-bin/lib" "-L" "/nix/store/9dz9hfdvb6xyqdkg0iph8dk2xk5hxw02-xz-musl-static-aarch64-unknown-linux-musl-5.8.1-dev/lib" "-L" "/nix/store/j1qcnia1wpybr12jnxpby1l03xr5f5md-xz-musl-static-aarch64-unknown-linux-musl-5.8.1/lib" "-L" "/nix/store/qlydv48rwf02q6693zly6h8n62g99cy4-xz-musl-static-aarch64-unknown-linux-musl-5.8.1-man/lib" "-L" "/nix/store/ag4crgybqc8f2a01973hbh6vis6kgx7a-xz-musl-static-aarch64-unknown-linux-musl-5.8.1-doc/lib" "-L" "/nix/store/wpg5hlz1kkwdwpbjwpbirrw5qnhsi6ha-zstd-musl-static-aarch64-unknown-linux-musl-1.5.7/lib" "-L" "/nix/store/sg7y9s9bs0h99n462lhab69agbkmr4iw-proj-musl-static-aarch64-unknown-linux-musl-9.7.0/lib" "-L" "/nix/store/r3zszqlpij6n52f3bzzfadjy1vn528bs-proj-musl-static-aarch64-unknown-linux-musl-9.7.0-dev/lib" "-L" "/nix/store/d24yz56hcy8pjmiza4vmgqlm4dfw60cs-sqlite-musl-static-aarch64-unknown-linux-musl-3.51.1/lib" "-L" "/nix/store/qni14mgn2xckca94pp75zi0lrkc42qr2-geos-musl-static-aarch64-unknown-linux-musl-3.14.1/lib" "-L" "/nix/store/sg3nhmi90jia41qa078cvyama12aql5m-json-c-musl-static-aarch64-unknown-linux-musl-0.18/lib" "-L" "/nix/store/6c66v84d4jp2mlj6iqrk2i6f99yvr2mk-json-c-musl-static-aarch64-unknown-linux-musl-0.18-dev/lib" "-L" "/nix/store/m80mxr715d7vyhx6mprr5jcvv93j5pvf-libpng-apng-musl-static-aarch64-unknown-linux-musl-1.6.50/lib" "-L" "/nix/store/pndlb6038caa2n30za9z14qzn32j6dmd-libpng-apng-musl-static-aarch64-unknown-linux-musl-1.6.50-dev/lib" "-L" "/nix/store/wwsbc7c95v94w0g5aiimh1wmy1gkgq1s-libpng-apng-musl-static-aarch64-unknown-linux-musl-1.6.50-man/lib" "-L" "/nix/store/cjhs1x2dmq3w5kysf1dbyqv4i32fpsrk-lz4-musl-static-aarch64-unknown-linux-musl-1.10.0-dev/lib" "-L" "/nix/store/88r9qqllx666any6n19c2s0pkk682ndl-lz4-musl-static-aarch64-unknown-linux-musl-1.10.0-lib/lib" "-L" "/nix/store/n2k4jnxchb2kmgqrrqf7hsjkjgqg018b-lz4-musl-static-aarch64-unknown-linux-musl-1.10.0-man/lib" "-L" "/nix/store/pfk65hakzzdby3qw84xsjq39zmimhnw9-lz4-musl-static-aarch64-unknown-linux-musl-1.10.0/lib" "-L" "/nix/store/8zz2q2g3sp78pqjn1j113amijzw3hm8a-freexl-musl-static-aarch64-unknown-linux-musl-2.0.0/lib" "-L" "/nix/store/6l6g3z3gkwpyjyr45pyx56nb1xp72hl7-expat-musl-static-aarch64-unknown-linux-musl-R_2_7_3/lib" "-L" "/nix/store/5y5h6wm1y0wxii1wjlcsay8b2c6dwpbn-minizip-musl-static-aarch64-unknown-linux-musl-1.3.1/lib" "-L" "/nix/store/z495xvlchhrrkk4lrdmym870gz0vi0ri-hdf-musl-static-aarch64-unknown-linux-musl-4.3.0-bin/lib" "-L" "/nix/store/rf2cm0nifzpiwqpnq93v3y2qbx2m8g2y-hdf-musl-static-aarch64-unknown-linux-musl-4.3.0-dev/lib" "-L" "/nix/store/dav516z4cnmsyja3k6wzjglc22bjxbdv-hdf-musl-static-aarch64-unknown-linux-musl-4.3.0/lib" "-L" "/nix/store/k2pyr1lqshxwvlb43c3hi0d7hv1p05i4-libjpeg-turbo-musl-static-aarch64-unknown-linux-musl-3.1.2-bin/lib" "-L" "/nix/store/xyfxvwmh2zbdavwndxgmbrckpf85vp4j-libjpeg-turbo-musl-static-aarch64-unknown-linux-musl-3.1.2-dev/lib" "-L" "/nix/store/yc799045s1lsadj95g35w82b5cxas5gm-libjpeg-turbo-musl-static-aarch64-unknown-linux-musl-3.1.2/lib" "-L" "/nix/store/nim0knzcjd4i5vbp96hzjxp380gxzj21-libjpeg-turbo-musl-static-aarch64-unknown-linux-musl-3.1.2-man/lib" "-L" "/nix/store/vjiksa6l8v98zmiwhqp3sp8g3pj2qfa8-libjpeg-turbo-musl-static-aarch64-unknown-linux-musl-3.1.2-doc/lib" "-L" "/nix/store/ys2fwriaz9kai112z3byhjchlr6wlh4d-hdf5-musl-static-aarch64-unknown-linux-musl-1.14.6/lib" "-L" "/nix/store/88y8f1nmmrpzrrgdqsgd0kjk4239s1vi-libxml2-musl-static-aarch64-unknown-linux-musl-2.15.1-bin/lib" "-L" "/nix/store/5r6pmc82xnqwfgvq18mjgrbb5arcpxnm-libxml2-musl-static-aarch64-unknown-linux-musl-2.15.1-dev/lib" "-L" "/nix/store/2mw50m2nmdf5qpqj9dh47xvf729v27ky-libxml2-musl-static-aarch64-unknown-linux-musl-2.15.1/lib" "-L" "/nix/store/x21wmm5z66jprmibv04hy7r9gip5kpbd-find-xml-catalogs-hook/lib" "-L" "/nix/store/lmjp52vnvccs19cvwaw28mshdn49d6a7-netcdf-musl-static-aarch64-unknown-linux-musl-4.9.3/lib" "-L" "/nix/store/kjqfk3dsq3cd4g10vcrsvhkjdvfkxgbq-tinyxml2-musl-static-aarch64-unknown-linux-musl-11.0.0/lib" "-L" "/nix/store/5wmdx4n8a7qm3hk977120ap8n03n3fgp-crypto++-musl-static-aarch64-unknown-linux-musl-8.9.0/lib" "-L" "/nix/store/8zddyi369aila4wygw1x03r9fq5gf2hh-crypto++-musl-static-aarch64-unknown-linux-musl-8.9.0-dev/lib" "-L" "/nix/store/szwdc1knk0ywp8p9awa7la8wy9lqa9bx-pcre2-musl-static-aarch64-unknown-linux-musl-10.46-bin/lib" "-L" "/nix/store/kmzdawis0w53j7sgsv9dnd2bhkmnm87w-pcre2-musl-static-aarch64-unknown-linux-musl-10.46-dev/lib" "-L" "/nix/store/r2q5ridbyy0agksm7zcqpfc3vbq1w7vp-pcre2-musl-static-aarch64-unknown-linux-musl-10.46/lib" "-L" "/nix/store/s7dgssw1cfbw7m8l3w16brrw21db7z5i-pcre2-musl-static-aarch64-unknown-linux-musl-10.46-doc/lib" "-L" "/nix/store/yqfi33lpdisw10xbzjh48n8gagh4f7bc-pcre2-musl-static-aarch64-unknown-linux-musl-10.46-man/lib" "-L" "/nix/store/dwfkdwbgfpivpzaxfm52ghmqcgz8r5w8-pcre2-musl-static-aarch64-unknown-linux-musl-10.46-devdoc/lib" "-L" "/nix/store/ihy5g2g8lvinzzbzjckxdwgzh0w1hip8-aarch64-unknown-linux-musl-gcc-14.3.0/lib" "-L" "/nix/store/p5p15nzc53aciwd461jfp3p6q5v5zmlf-aarch64-unknown-linux-musl-gcc-14.3.0-man/lib" "-L" "/nix/store/qglrha1iwsz0x18173r1wllfkrbmygqi-aarch64-unknown-linux-musl-gcc-14.3.0-info/lib" "-L" "/nix/store/makrhcdd06dvj11csf4xxx82gq2xqflr-aarch64-unknown-linux-musl-gcc-14.3.0-lib/lib" "-L" "/work/infra-rs/target/x86_64-unknown-linux-musl/release/build/link-cplusplus-75e806a3bd9e2f13/out" "-L" "/nix/store/rrx7n5avw0mq58x5xrn9l3a8kl5x4bp0-gdal-static-glibc-3.11.5/lib" "-L" "/nix/store/mypsrwbxcdbh3320lhdmda886iarigx5-geos-static-glibc-3.14.1/lib" "-L" "/nix/store/wznfnlvsv7mdyn1w4ra1d4n8csqb7v9q-proj-static-glibc-9.7.0/lib" "-L" "\"/nix/store/wznfnlvsv7mdyn1w4ra1d4n8csqb7v9q-proj-static-glibc-9.7.0/lib\"" "-L" "/nix/store/3mm3mzg7bbsiwcljrm8cwxr3pgpi7dv1-sqlite-static-glibc-3.51.1/lib" "-L" "<sysroot>/lib/rustlib/x86_64-unknown-linux-musl/lib/self-contained" "-L" "<sysroot>/lib/rustlib/x86_64-unknown-linux-musl/lib" "-o" "/work/infra-rs/target/x86_64-unknown-linux-musl/release/deps/createcog-ab348384e89855f0" "-Wl,--gc-sections" "-static" "-no-pie" "-Wl,-z,relro,-z,now" "-Wl,-O1" "-Wl,--strip-debug" "-nodefaultlibs" "/nix/store/makrhcdd06dvj11csf4xxx82gq2xqflr-aarch64-unknown-linux-musl-gcc-14.3.0-lib/lib/libstdc++.a" "/nix/store/ihy5g2g8lvinzzbzjckxdwgzh0w1hip8-aarch64-unknown-linux-musl-gcc-14.3.0/lib/gcc/aarch64-unknown-linux-musl/14.3.0/libgcc.a" "<sysroot>/lib/rustlib/x86_64-unknown-linux-musl/lib/self-contained/crtend.o" "<sysroot>/lib/rustlib/x86_64-unknown-linux-musl/lib/self-contained/crtn.o"
  = note: some arguments are omitted. use `--verbose` to show all linker arguments
  = note: warning: ignoring deprecated linker optimization setting '1'
          warning: unable to open library directory '/nix/store/qy6dfps5w7y6aw4myanvhnjp9fpnwq1f-openssl-musl-static-aarch64-unknown-linux-musl-3.6.0-bin/lib': FileNotFound
          warning: unable to open library directory '/nix/store/jh2l18g548arcmy62nppgf0r66v7lqr5-openssl-musl-static-aarch64-unknown-linux-musl-3.6.0-man/lib': FileNotFound
          warning: unable to open library directory '/nix/store/vh0jmrv8xid8lfflyqgiswm2iz2hkmy4-openssl-musl-static-aarch64-unknown-linux-musl-3.6.0-doc/lib': FileNotFound
          warning: unable to open library directory '/nix/store/zmjgsiba1w35dhihw1vmqr8sxnj53mmk-openssl-musl-static-aarch64-unknown-linux-musl-3.6.0-etc/lib': FileNotFound
          warning: unable to open library directory '/nix/store/6fck5xzcl19985dhjr187g1f03yr456l-zlib-ng-musl-static-aarch64-unknown-linux-musl-2.2.5-bin/lib': FileNotFound
          warning: unable to open library directory '/nix/store/birga81fdzv9pw5a2s74yck4w81fxpb0-libtiff-musl-static-aarch64-unknown-linux-musl-4.7.1-dev_private/lib': FileNotFound
          warning: unable to open library directory '/nix/store/nq63xjy5pa0fg75cbwp0d1jrpn55hwn6-xz-musl-static-aarch64-unknown-linux-musl-5.8.1-bin/lib': FileNotFound
          warning: unable to open library directory '/nix/store/qlydv48rwf02q6693zly6h8n62g99cy4-xz-musl-static-aarch64-unknown-linux-musl-5.8.1-man/lib': FileNotFound
          warning: unable to open library directory '/nix/store/ag4crgybqc8f2a01973hbh6vis6kgx7a-xz-musl-static-aarch64-unknown-linux-musl-5.8.1-doc/lib': FileNotFound
          warning: unable to open library directory '/nix/store/wwsbc7c95v94w0g5aiimh1wmy1gkgq1s-libpng-apng-musl-static-aarch64-unknown-linux-musl-1.6.50-man/lib': FileNotFound
          warning: unable to open library directory '/nix/store/n2k4jnxchb2kmgqrrqf7hsjkjgqg018b-lz4-musl-static-aarch64-unknown-linux-musl-1.10.0-man/lib': FileNotFound
          warning: unable to open library directory '/nix/store/pfk65hakzzdby3qw84xsjq39zmimhnw9-lz4-musl-static-aarch64-unknown-linux-musl-1.10.0/lib': FileNotFound
          warning: unable to open library directory '/nix/store/z495xvlchhrrkk4lrdmym870gz0vi0ri-hdf-musl-static-aarch64-unknown-linux-musl-4.3.0-bin/lib': FileNotFound
          warning: unable to open library directory '/nix/store/k2pyr1lqshxwvlb43c3hi0d7hv1p05i4-libjpeg-turbo-musl-static-aarch64-unknown-linux-musl-3.1.2-bin/lib': FileNotFound
          warning: unable to open library directory '/nix/store/nim0knzcjd4i5vbp96hzjxp380gxzj21-libjpeg-turbo-musl-static-aarch64-unknown-linux-musl-3.1.2-man/lib': FileNotFound
          warning: unable to open library directory '/nix/store/vjiksa6l8v98zmiwhqp3sp8g3pj2qfa8-libjpeg-turbo-musl-static-aarch64-unknown-linux-musl-3.1.2-doc/lib': FileNotFound
          warning: unable to open library directory '/nix/store/88y8f1nmmrpzrrgdqsgd0kjk4239s1vi-libxml2-musl-static-aarch64-unknown-linux-musl-2.15.1-bin/lib': FileNotFound
          warning: unable to open library directory '/nix/store/x21wmm5z66jprmibv04hy7r9gip5kpbd-find-xml-catalogs-hook/lib': FileNotFound
          warning: unable to open library directory '/nix/store/szwdc1knk0ywp8p9awa7la8wy9lqa9bx-pcre2-musl-static-aarch64-unknown-linux-musl-10.46-bin/lib': FileNotFound
          warning: unable to open library directory '/nix/store/s7dgssw1cfbw7m8l3w16brrw21db7z5i-pcre2-musl-static-aarch64-unknown-linux-musl-10.46-doc/lib': FileNotFound
          warning: unable to open library directory '/nix/store/yqfi33lpdisw10xbzjh48n8gagh4f7bc-pcre2-musl-static-aarch64-unknown-linux-musl-10.46-man/lib': FileNotFound
          warning: unable to open library directory '/nix/store/dwfkdwbgfpivpzaxfm52ghmqcgz8r5w8-pcre2-musl-static-aarch64-unknown-linux-musl-10.46-devdoc/lib': FileNotFound
          warning: unable to open library directory '/nix/store/p5p15nzc53aciwd461jfp3p6q5v5zmlf-aarch64-unknown-linux-musl-gcc-14.3.0-man/lib': FileNotFound
          warning: unable to open library directory '/nix/store/qglrha1iwsz0x18173r1wllfkrbmygqi-aarch64-unknown-linux-musl-gcc-14.3.0-info/lib': FileNotFound
          warning: unable to open library directory '"/nix/store/wznfnlvsv7mdyn1w4ra1d4n8csqb7v9q-proj-static-glibc-9.7.0/lib"': FileNotFound
          ld.lld: error: /nix/store/qni14mgn2xckca94pp75zi0lrkc42qr2-geos-musl-static-aarch64-unknown-linux-musl-3.14.1/lib/libgeos_c.a(geos_c.cpp.o) is incompatible with elf_x86_64
          ld.lld: error: /nix/store/qni14mgn2xckca94pp75zi0lrkc42qr2-geos-musl-static-aarch64-unknown-linux-musl-3.14.1/lib/libgeos_c.a(geos_ts_c.cpp.o) is incompatible with elf_x86_64
          ld.lld: error: /nix/store/sg7y9s9bs0h99n462lhab69agbkmr4iw-proj-musl-static-aarch64-unknown-linux-musl-9.7.0/lib/libproj.a(aasincos.cpp.o) is incompatible with elf_x86_64
          ld.lld: error: /nix/store/sg7y9s9bs0h99n462lhab69agbkmr4iw-proj-musl-static-aarch64-unknown-linux-musl-9.7.0/lib/libproj.a(adjlon.cpp.o) is incompatible with elf_x86_64
          ld.lld: error: /nix/store/sg7y9s9bs0h99n462lhab69agbkmr4iw-proj-musl-static-aarch64-unknown-linux-musl-9.7.0/lib/libproj.a(area.cpp.o) is incompatible with elf_x86_64
          ld.lld: error: /nix/store/sg7y9s9bs0h99n462lhab69agbkmr4iw-proj-musl-static-aarch64-unknown-linux-musl-9.7.0/lib/libproj.a(coord_operation.cpp.o) is incompatible with elf_x86_64
          ld.lld: error: /nix/store/sg7y9s9bs0h99n462lhab69agbkmr4iw-proj-musl-static-aarch64-unknown-linux-musl-9.7.0/lib/libproj.a(coordinates.cpp.o) is incompatible with elf_x86_64
          ld.lld: error: /nix/store/sg7y9s9bs0h99n462lhab69agbkmr4iw-proj-musl-static-aarch64-unknown-linux-musl-9.7.0/lib/libproj.a(create.cpp.o) is incompatible with elf_x86_64
          ld.lld: error: /nix/store/sg7y9s9bs0h99n462lhab69agbkmr4iw-proj-musl-static-aarch64-unknown-linux-musl-9.7.0/lib/libproj.a(crs_to_crs.cpp.o) is incompatible with elf_x86_64
          ld.lld: error: /nix/store/sg7y9s9bs0h99n462lhab69agbkmr4iw-proj-musl-static-aarch64-unknown-linux-musl-9.7.0/lib/libproj.a(ctx.cpp.o) is incompatible with elf_x86_64
          ld.lld: error: /nix/store/sg7y9s9bs0h99n462lhab69agbkmr4iw-proj-musl-static-aarch64-unknown-linux-musl-9.7.0/lib/libproj.a(datum_set.cpp.o) is incompatible with elf_x86_64
          ld.lld: error: /nix/store/sg7y9s9bs0h99n462lhab69agbkmr4iw-proj-musl-static-aarch64-unknown-linux-musl-9.7.0/lib/libproj.a(datums.cpp.o) is incompatible with elf_x86_64
          ld.lld: error: /nix/store/sg7y9s9bs0h99n462lhab69agbkmr4iw-proj-musl-static-aarch64-unknown-linux-musl-9.7.0/lib/libproj.a(deriv.cpp.o) is incompatible with elf_x86_64
          ld.lld: error: /nix/store/sg7y9s9bs0h99n462lhab69agbkmr4iw-proj-musl-static-aarch64-unknown-linux-musl-9.7.0/lib/libproj.a(dist.cpp.o) is incompatible with elf_x86_64
          ld.lld: error: /nix/store/sg7y9s9bs0h99n462lhab69agbkmr4iw-proj-musl-static-aarch64-unknown-linux-musl-9.7.0/lib/libproj.a(dmstor.cpp.o) is incompatible with elf_x86_64
          ld.lld: error: /nix/store/sg7y9s9bs0h99n462lhab69agbkmr4iw-proj-musl-static-aarch64-unknown-linux-musl-9.7.0/lib/libproj.a(ell_set.cpp.o) is incompatible with elf_x86_64
          ld.lld: error: /nix/store/sg7y9s9bs0h99n462lhab69agbkmr4iw-proj-musl-static-aarch64-unknown-linux-musl-9.7.0/lib/libproj.a(ellps.cpp.o) is incompatible with elf_x86_64
          ld.lld: error: /nix/store/sg7y9s9bs0h99n462lhab69agbkmr4iw-proj-musl-static-aarch64-unknown-linux-musl-9.7.0/lib/libproj.a(factors.cpp.o) is incompatible with elf_x86_64
          ld.lld: error: /nix/store/sg7y9s9bs0h99n462lhab69agbkmr4iw-proj-musl-static-aarch64-unknown-linux-musl-9.7.0/lib/libproj.a(filemanager.cpp.o) is incompatible with elf_x86_64
          ld.lld: error: /nix/store/sg7y9s9bs0h99n462lhab69agbkmr4iw-proj-musl-static-aarch64-unknown-linux-musl-9.7.0/lib/libproj.a(fwd.cpp.o) is incompatible with elf_x86_64
          ld.lld: error: /nix/store/sg7y9s9bs0h99n462lhab69agbkmr4iw-proj-musl-static-aarch64-unknown-linux-musl-9.7.0/lib/libproj.a(gauss.cpp.o) is incompatible with elf_x86_64
          ld.lld: error: /nix/store/sg7y9s9bs0h99n462lhab69agbkmr4iw-proj-musl-static-aarch64-unknown-linux-musl-9.7.0/lib/libproj.a(generic_inverse.cpp.o) is incompatible with elf_x86_64
          ld.lld: error: /nix/store/sg7y9s9bs0h99n462lhab69agbkmr4iw-proj-musl-static-aarch64-unknown-linux-musl-9.7.0/lib/libproj.a(geodesic.c.o) is incompatible with elf_x86_64
          ld.lld: error: /nix/store/sg7y9s9bs0h99n462lhab69agbkmr4iw-proj-musl-static-aarch64-unknown-linux-musl-9.7.0/lib/libproj.a(grids.cpp.o) is incompatible with elf_x86_64
          ld.lld: error: /nix/store/sg7y9s9bs0h99n462lhab69agbkmr4iw-proj-musl-static-aarch64-unknown-linux-musl-9.7.0/lib/libproj.a(info.cpp.o) is incompatible with elf_x86_64
          ld.lld: error: /nix/store/sg7y9s9bs0h99n462lhab69agbkmr4iw-proj-musl-static-aarch64-unknown-linux-musl-9.7.0/lib/libproj.a(init.cpp.o) is incompatible with elf_x86_64
          ld.lld: error: /nix/store/sg7y9s9bs0h99n462lhab69agbkmr4iw-proj-musl-static-aarch64-unknown-linux-musl-9.7.0/lib/libproj.a(initcache.cpp.o) is incompatible with elf_x86_64
          ld.lld: error: /nix/store/sg7y9s9bs0h99n462lhab69agbkmr4iw-proj-musl-static-aarch64-unknown-linux-musl-9.7.0/lib/libproj.a(internal.cpp.o) is incompatible with elf_x86_64
          ld.lld: error: /nix/store/sg7y9s9bs0h99n462lhab69agbkmr4iw-proj-musl-static-aarch64-unknown-linux-musl-9.7.0/lib/libproj.a(inv.cpp.o) is incompatible with elf_x86_64
          ld.lld: error: /nix/store/sg7y9s9bs0h99n462lhab69agbkmr4iw-proj-musl-static-aarch64-unknown-linux-musl-9.7.0/lib/libproj.a(latitudes.cpp.o) is incompatible with elf_x86_64
          ld.lld: error: /nix/store/sg7y9s9bs0h99n462lhab69agbkmr4iw-proj-musl-static-aarch64-unknown-linux-musl-9.7.0/lib/libproj.a(list.cpp.o) is incompatible with elf_x86_64
          ld.lld: error: /nix/store/sg7y9s9bs0h99n462lhab69agbkmr4iw-proj-musl-static-aarch64-unknown-linux-musl-9.7.0/lib/libproj.a(log.cpp.o) is incompatible with elf_x86_64
          ld.lld: error: /nix/store/sg7y9s9bs0h99n462lhab69agbkmr4iw-proj-musl-static-aarch64-unknown-linux-musl-9.7.0/lib/libproj.a(malloc.cpp.o) is incompatible with elf_x86_64
          ld.lld: error: /nix/store/sg7y9s9bs0h99n462lhab69agbkmr4iw-proj-musl-static-aarch64-unknown-linux-musl-9.7.0/lib/libproj.a(mlfn.cpp.o) is incompatible with elf_x86_64
          ld.lld: error: /nix/store/sg7y9s9bs0h99n462lhab69agbkmr4iw-proj-musl-static-aarch64-unknown-linux-musl-9.7.0/lib/libproj.a(msfn.cpp.o) is incompatible with elf_x86_64
          ld.lld: error: /nix/store/sg7y9s9bs0h99n462lhab69agbkmr4iw-proj-musl-static-aarch64-unknown-linux-musl-9.7.0/lib/libproj.a(mutex.cpp.o) is incompatible with elf_x86_64
          ld.lld: error: /nix/store/sg7y9s9bs0h99n462lhab69agbkmr4iw-proj-musl-static-aarch64-unknown-linux-musl-9.7.0/lib/libproj.a(networkfilemanager.cpp.o) is incompatible with elf_x86_64
          ld.lld: error: /nix/store/sg7y9s9bs0h99n462lhab69agbkmr4iw-proj-musl-static-aarch64-unknown-linux-musl-9.7.0/lib/libproj.a(param.cpp.o) is incompatible with elf_x86_64
          ld.lld: error: /nix/store/sg7y9s9bs0h99n462lhab69agbkmr4iw-proj-musl-static-aarch64-unknown-linux-musl-9.7.0/lib/libproj.a(phi2.cpp.o) is incompatible with elf_x86_64
          ld.lld: error: /nix/store/sg7y9s9bs0h99n462lhab69agbkmr4iw-proj-musl-static-aarch64-unknown-linux-musl-9.7.0/lib/libproj.a(pipeline.cpp.o) is incompatible with elf_x86_64
          ld.lld: error: /nix/store/sg7y9s9bs0h99n462lhab69agbkmr4iw-proj-musl-static-aarch64-unknown-linux-musl-9.7.0/lib/libproj.a(pr_list.cpp.o) is incompatible with elf_x86_64
          ld.lld: error: /nix/store/sg7y9s9bs0h99n462lhab69agbkmr4iw-proj-musl-static-aarch64-unknown-linux-musl-9.7.0/lib/libproj.a(proj_json_streaming_writer.cpp.o) is incompatible with elf_x86_64
          ld.lld: error: /nix/store/sg7y9s9bs0h99n462lhab69agbkmr4iw-proj-musl-static-aarch64-unknown-linux-musl-9.7.0/lib/libproj.a(proj_mdist.cpp.o) is incompatible with elf_x86_64
          ld.lld: error: /nix/store/sg7y9s9bs0h99n462lhab69agbkmr4iw-proj-musl-static-aarch64-unknown-linux-musl-9.7.0/lib/libproj.a(release.cpp.o) is incompatible with elf_x86_64
          ld.lld: error: /nix/store/sg7y9s9bs0h99n462lhab69agbkmr4iw-proj-musl-static-aarch64-unknown-linux-musl-9.7.0/lib/libproj.a(rtodms.cpp.o) is incompatible with elf_x86_64
          ld.lld: error: /nix/store/sg7y9s9bs0h99n462lhab69agbkmr4iw-proj-musl-static-aarch64-unknown-linux-musl-9.7.0/lib/libproj.a(strerrno.cpp.o) is incompatible with elf_x86_64
          ld.lld: error: /nix/store/sg7y9s9bs0h99n462lhab69agbkmr4iw-proj-musl-static-aarch64-unknown-linux-musl-9.7.0/lib/libproj.a(strtod.cpp.o) is incompatible with elf_x86_64
          ld.lld: error: /nix/store/sg7y9s9bs0h99n462lhab69agbkmr4iw-proj-musl-static-aarch64-unknown-linux-musl-9.7.0/lib/libproj.a(sqlite3_utils.cpp.o) is incompatible with elf_x86_64
          ld.lld: error: /nix/store/sg7y9s9bs0h99n462lhab69agbkmr4iw-proj-musl-static-aarch64-unknown-linux-musl-9.7.0/lib/libproj.a(tracing.cpp.o) is incompatible with elf_x86_64
          ld.lld: error: /nix/store/sg7y9s9bs0h99n462lhab69agbkmr4iw-proj-musl-static-aarch64-unknown-linux-musl-9.7.0/lib/libproj.a(trans.cpp.o) is incompatible with elf_x86_64
          ld.lld: error: /nix/store/sg7y9s9bs0h99n462lhab69agbkmr4iw-proj-musl-static-aarch64-unknown-linux-musl-9.7.0/lib/libproj.a(trans_bounds.cpp.o) is incompatible with elf_x86_64
          ld.lld: error: /nix/store/sg7y9s9bs0h99n462lhab69agbkmr4iw-proj-musl-static-aarch64-unknown-linux-musl-9.7.0/lib/libproj.a(tsfn.cpp.o) is incompatible with elf_x86_64
          ld.lld: error: /nix/store/sg7y9s9bs0h99n462lhab69agbkmr4iw-proj-musl-static-aarch64-unknown-linux-musl-9.7.0/lib/libproj.a(units.cpp.o) is incompatible with elf_x86_64
          ld.lld: error: /nix/store/sg7y9s9bs0h99n462lhab69agbkmr4iw-proj-musl-static-aarch64-unknown-linux-musl-9.7.0/lib/libproj.a(wkt1_generated_parser.c.o) is incompatible with elf_x86_64
          ld.lld: error: /nix/store/sg7y9s9bs0h99n462lhab69agbkmr4iw-proj-musl-static-aarch64-unknown-linux-musl-9.7.0/lib/libproj.a(wkt1_parser.cpp.o) is incompatible with elf_x86_64
          ld.lld: error: /nix/store/sg7y9s9bs0h99n462lhab69agbkmr4iw-proj-musl-static-aarch64-unknown-linux-musl-9.7.0/lib/libproj.a(wkt2_generated_parser.c.o) is incompatible with elf_x86_64
          ld.lld: error: /nix/store/sg7y9s9bs0h99n462lhab69agbkmr4iw-proj-musl-static-aarch64-unknown-linux-musl-9.7.0/lib/libproj.a(wkt2_parser.cpp.o) is incompatible with elf_x86_64
          ld.lld: error: /nix/store/sg7y9s9bs0h99n462lhab69agbkmr4iw-proj-musl-static-aarch64-unknown-linux-musl-9.7.0/lib/libproj.a(wkt_parser.cpp.o) is incompatible with elf_x86_64
          ld.lld: error: /nix/store/sg7y9s9bs0h99n462lhab69agbkmr4iw-proj-musl-static-aarch64-unknown-linux-musl-9.7.0/lib/libproj.a(zpoly1.cpp.o) is incompatible with elf_x86_64
          ld.lld: error: /nix/store/sg7y9s9bs0h99n462lhab69agbkmr4iw-proj-musl-static-aarch64-unknown-linux-musl-9.7.0/lib/libproj.a(axisswap.cpp.o) is incompatible with elf_x86_64
          ld.lld: error: /nix/store/sg7y9s9bs0h99n462lhab69agbkmr4iw-proj-musl-static-aarch64-unknown-linux-musl-9.7.0/lib/libproj.a(cart.cpp.o) is incompatible with elf_x86_64
          ld.lld: error: /nix/store/sg7y9s9bs0h99n462lhab69agbkmr4iw-proj-musl-static-aarch64-unknown-linux-musl-9.7.0/lib/libproj.a(geoc.cpp.o) is incompatible with elf_x86_64
          ld.lld: error: /nix/store/sg7y9s9bs0h99n462lhab69agbkmr4iw-proj-musl-static-aarch64-unknown-linux-musl-9.7.0/lib/libproj.a(geocent.cpp.o) is incompatible with elf_x86_64
          ld.lld: error: /nix/store/sg7y9s9bs0h99n462lhab69agbkmr4iw-proj-musl-static-aarch64-unknown-linux-musl-9.7.0/lib/libproj.a(noop.cpp.o) is incompatible with elf_x86_64
          ld.lld: error: /nix/store/sg7y9s9bs0h99n462lhab69agbkmr4iw-proj-musl-static-aarch64-unknown-linux-musl-9.7.0/lib/libproj.a(topocentric.cpp.o) is incompatible with elf_x86_64
          ld.lld: error: /nix/store/sg7y9s9bs0h99n462lhab69agbkmr4iw-proj-musl-static-aarch64-unknown-linux-musl-9.7.0/lib/libproj.a(set.cpp.o) is incompatible with elf_x86_64
          ld.lld: error: /nix/store/sg7y9s9bs0h99n462lhab69agbkmr4iw-proj-musl-static-aarch64-unknown-linux-musl-9.7.0/lib/libproj.a(unitconvert.cpp.o) is incompatible with elf_x86_64
          ld.lld: error: /nix/store/sg7y9s9bs0h99n462lhab69agbkmr4iw-proj-musl-static-aarch64-unknown-linux-musl-9.7.0/lib/libproj.a(airocean.cpp.o) is incompatible with elf_x86_64
          ld.lld: error: /nix/store/sg7y9s9bs0h99n462lhab69agbkmr4iw-proj-musl-static-aarch64-unknown-linux-musl-9.7.0/lib/libproj.a(aeqd.cpp.o) is incompatible with elf_x86_64
          ld.lld: error: /nix/store/sg7y9s9bs0h99n462lhab69agbkmr4iw-proj-musl-static-aarch64-unknown-linux-musl-9.7.0/lib/libproj.a(adams.cpp.o) is incompatible with elf_x86_64
          ld.lld: error: /nix/store/sg7y9s9bs0h99n462lhab69agbkmr4iw-proj-musl-static-aarch64-unknown-linux-musl-9.7.0/lib/libproj.a(gnom.cpp.o) is incompatible with elf_x86_64
          ld.lld: error: /nix/store/sg7y9s9bs0h99n462lhab69agbkmr4iw-proj-musl-static-aarch64-unknown-linux-musl-9.7.0/lib/libproj.a(laea.cpp.o) is incompatible with elf_x86_64
          ld.lld: error: /nix/store/sg7y9s9bs0h99n462lhab69agbkmr4iw-proj-musl-static-aarch64-unknown-linux-musl-9.7.0/lib/libproj.a(mod_ster.cpp.o) is incompatible with elf_x86_64
          ld.lld: error: /nix/store/sg7y9s9bs0h99n462lhab69agbkmr4iw-proj-musl-static-aarch64-unknown-linux-musl-9.7.0/lib/libproj.a(nsper.cpp.o) is incompatible with elf_x86_64
          ld.lld: error: /nix/store/sg7y9s9bs0h99n462lhab69agbkmr4iw-proj-musl-static-aarch64-unknown-linux-musl-9.7.0/lib/libproj.a(nzmg.cpp.o) is incompatible with elf_x86_64
          ld.lld: error: /nix/store/sg7y9s9bs0h99n462lhab69agbkmr4iw-proj-musl-static-aarch64-unknown-linux-musl-9.7.0/lib/libproj.a(ortho.cpp.o) is incompatible with elf_x86_64
          ld.lld: error: /nix/store/sg7y9s9bs0h99n462lhab69agbkmr4iw-proj-musl-static-aarch64-unknown-linux-musl-9.7.0/lib/libproj.a(stere.cpp.o) is incompatible with elf_x86_64
          ld.lld: error: /nix/store/sg7y9s9bs0h99n462lhab69agbkmr4iw-proj-musl-static-aarch64-unknown-linux-musl-9.7.0/lib/libproj.a(sterea.cpp.o) is incompatible with elf_x86_64
          ld.lld: error: /nix/store/sg7y9s9bs0h99n462lhab69agbkmr4iw-proj-musl-static-aarch64-unknown-linux-musl-9.7.0/lib/libproj.a(aea.cpp.o) is incompatible with elf_x86_64
          ld.lld: error: /nix/store/sg7y9s9bs0h99n462lhab69agbkmr4iw-proj-musl-static-aarch64-unknown-linux-musl-9.7.0/lib/libproj.a(bipc.cpp.o) is incompatible with elf_x86_64
          ld.lld: error: /nix/store/sg7y9s9bs0h99n462lhab69agbkmr4iw-proj-musl-static-aarch64-unknown-linux-musl-9.7.0/lib/libproj.a(bonne.cpp.o) is incompatible with elf_x86_64
          ld.lld: error: /nix/store/sg7y9s9bs0h99n462lhab69agbkmr4iw-proj-musl-static-aarch64-unknown-linux-musl-9.7.0/lib/libproj.a(eqdc.cpp.o) is incompatible with elf_x86_64
          ld.lld: error: /nix/store/sg7y9s9bs0h99n462lhab69agbkmr4iw-proj-musl-static-aarch64-unknown-linux-musl-9.7.0/lib/libproj.a(isea.cpp.o) is incompatible with elf_x86_64
          ld.lld: error: /nix/store/sg7y9s9bs0h99n462lhab69agbkmr4iw-proj-musl-static-aarch64-unknown-linux-musl-9.7.0/lib/libproj.a(ccon.cpp.o) is incompatible with elf_x86_64
          ld.lld: error: /nix/store/sg7y9s9bs0h99n462lhab69agbkmr4iw-proj-musl-static-aarch64-unknown-linux-musl-9.7.0/lib/libproj.a(imw_p.cpp.o) is incompatible with elf_x86_64
          ld.lld: error: /nix/store/sg7y9s9bs0h99n462lhab69agbkmr4iw-proj-musl-static-aarch64-unknown-linux-musl-9.7.0/lib/libproj.a(krovak.cpp.o) is incompatible with elf_x86_64
          ld.lld: error: /nix/store/sg7y9s9bs0h99n462lhab69agbkmr4iw-proj-musl-static-aarch64-unknown-linux-musl-9.7.0/lib/libproj.a(lcc.cpp.o) is incompatible with elf_x86_64
          ld.lld: error: /nix/store/sg7y9s9bs0h99n462lhab69agbkmr4iw-proj-musl-static-aarch64-unknown-linux-musl-9.7.0/lib/libproj.a(poly.cpp.o) is incompatible with elf_x86_64
          ld.lld: error: /nix/store/sg7y9s9bs0h99n462lhab69agbkmr4iw-proj-musl-static-aarch64-unknown-linux-musl-9.7.0/lib/libproj.a(rpoly.cpp.o) is incompatible with elf_x86_64
          ld.lld: error: /nix/store/sg7y9s9bs0h99n462lhab69agbkmr4iw-proj-musl-static-aarch64-unknown-linux-musl-9.7.0/lib/libproj.a(sconics.cpp.o) is incompatible with elf_x86_64
          ld.lld: error: /nix/store/sg7y9s9bs0h99n462lhab69agbkmr4iw-proj-musl-static-aarch64-unknown-linux-musl-9.7.0/lib/libproj.a(rouss.cpp.o) is incompatible with elf_x86_64
          ld.lld: error: /nix/store/sg7y9s9bs0h99n462lhab69agbkmr4iw-proj-musl-static-aarch64-unknown-linux-musl-9.7.0/lib/libproj.a(cass.cpp.o) is incompatible with elf_x86_64
          ld.lld: error: /nix/store/sg7y9s9bs0h99n462lhab69agbkmr4iw-proj-musl-static-aarch64-unknown-linux-musl-9.7.0/lib/libproj.a(cc.cpp.o) is incompatible with elf_x86_64
          ld.lld: error: /nix/store/sg7y9s9bs0h99n462lhab69agbkmr4iw-proj-musl-static-aarch64-unknown-linux-musl-9.7.0/lib/libproj.a(cea.cpp.o) is incompatible with elf_x86_64
          ld.lld: error: /nix/store/sg7y9s9bs0h99n462lhab69agbkmr4iw-proj-musl-static-aarch64-unknown-linux-musl-9.7.0/lib/libproj.a(eqc.cpp.o) is incompatible with elf_x86_64
          ld.lld: error: /nix/store/sg7y9s9bs0h99n462lhab69agbkmr4iw-proj-musl-static-aarch64-unknown-linux-musl-9.7.0/lib/libproj.a(gall.cpp.o) is incompatible with elf_x86_64
          ld.lld: error: /nix/store/sg7y9s9bs0h99n462lhab69agbkmr4iw-proj-musl-static-aarch64-unknown-linux-musl-9.7.0/lib/libproj.a(labrd.cpp.o) is incompatible with elf_x86_64
          ld.lld: error: /nix/store/sg7y9s9bs0h99n462lhab69agbkmr4iw-proj-musl-static-aarch64-unknown-linux-musl-9.7.0/lib/libproj.a(som.cpp.o) is incompatible with elf_x86_64
          ld.lld: error: /nix/store/sg7y9s9bs0h99n462lhab69agbkmr4iw-proj-musl-static-aarch64-unknown-linux-musl-9.7.0/lib/libproj.a(merc.cpp.o) is incompatible with elf_x86_64
          ld.lld: error: /nix/store/sg7y9s9bs0h99n462lhab69agbkmr4iw-proj-musl-static-aarch64-unknown-linux-musl-9.7.0/lib/libproj.a(mill.cpp.o) is incompatible with elf_x86_64
          ld.lld: error: /nix/store/sg7y9s9bs0h99n462lhab69agbkmr4iw-proj-musl-static-aarch64-unknown-linux-musl-9.7.0/lib/libproj.a(ocea.cpp.o) is incompatible with elf_x86_64
          ld.lld: error: /nix/store/sg7y9s9bs0h99n462lhab69agbkmr4iw-proj-musl-static-aarch64-unknown-linux-musl-9.7.0/lib/libproj.a(omerc.cpp.o) is incompatible with elf_x86_64
          ld.lld: error: /nix/store/sg7y9s9bs0h99n462lhab69agbkmr4iw-proj-musl-static-aarch64-unknown-linux-musl-9.7.0/lib/libproj.a(somerc.cpp.o) is incompatible with elf_x86_64
          ld.lld: error: /nix/store/sg7y9s9bs0h99n462lhab69agbkmr4iw-proj-musl-static-aarch64-unknown-linux-musl-9.7.0/lib/libproj.a(tcc.cpp.o) is incompatible with elf_x86_64
          ld.lld: error: /nix/store/sg7y9s9bs0h99n462lhab69agbkmr4iw-proj-musl-static-aarch64-unknown-linux-musl-9.7.0/lib/libproj.a(tcea.cpp.o) is incompatible with elf_x86_64
          ld.lld: error: /nix/store/sg7y9s9bs0h99n462lhab69agbkmr4iw-proj-musl-static-aarch64-unknown-linux-musl-9.7.0/lib/libproj.a(times.cpp.o) is incompatible with elf_x86_64
          ld.lld: error: /nix/store/sg7y9s9bs0h99n462lhab69agbkmr4iw-proj-musl-static-aarch64-unknown-linux-musl-9.7.0/lib/libproj.a(tmerc.cpp.o) is incompatible with elf_x86_64
          ld.lld: error: /nix/store/sg7y9s9bs0h99n462lhab69agbkmr4iw-proj-musl-static-aarch64-unknown-linux-musl-9.7.0/lib/libproj.a(tobmerc.cpp.o) is incompatible with elf_x86_64
          ld.lld: error: /nix/store/sg7y9s9bs0h99n462lhab69agbkmr4iw-proj-musl-static-aarch64-unknown-linux-musl-9.7.0/lib/libproj.a(airy.cpp.o) is incompatible with elf_x86_64
          ld.lld: error: /nix/store/sg7y9s9bs0h99n462lhab69agbkmr4iw-proj-musl-static-aarch64-unknown-linux-musl-9.7.0/lib/libproj.a(aitoff.cpp.o) is incompatible with elf_x86_64
          ld.lld: error: /nix/store/sg7y9s9bs0h99n462lhab69agbkmr4iw-proj-musl-static-aarch64-unknown-linux-musl-9.7.0/lib/libproj.a(august.cpp.o) is incompatible with elf_x86_64
          ld.lld: error: /nix/store/sg7y9s9bs0h99n462lhab69agbkmr4iw-proj-musl-static-aarch64-unknown-linux-musl-9.7.0/lib/libproj.a(bacon.cpp.o) is incompatible with elf_x86_64
          ld.lld: error: /nix/store/sg7y9s9bs0h99n462lhab69agbkmr4iw-proj-musl-static-aarch64-unknown-linux-musl-9.7.0/lib/libproj.a(bertin1953.cpp.o) is incompatible with elf_x86_64
          ld.lld: error: /nix/store/sg7y9s9bs0h99n462lhab69agbkmr4iw-proj-musl-static-aarch64-unknown-linux-musl-9.7.0/lib/libproj.a(chamb.cpp.o) is incompatible with elf_x86_64
          ld.lld: error: /nix/store/sg7y9s9bs0h99n462lhab69agbkmr4iw-proj-musl-static-aarch64-unknown-linux-musl-9.7.0/lib/libproj.a(hammer.cpp.o) is incompatible with elf_x86_64
          ld.lld: error: /nix/store/sg7y9s9bs0h99n462lhab69agbkmr4iw-proj-musl-static-aarch64-unknown-linux-musl-9.7.0/lib/libproj.a(lagrng.cpp.o) is incompatible with elf_x86_64
          ld.lld: error: /nix/store/sg7y9s9bs0h99n462lhab69agbkmr4iw-proj-musl-static-aarch64-unknown-linux-musl-9.7.0/lib/libproj.a(larr.cpp.o) is incompatible with elf_x86_64
          ld.lld: error: /nix/store/sg7y9s9bs0h99n462lhab69agbkmr4iw-proj-musl-static-aarch64-unknown-linux-musl-9.7.0/lib/libproj.a(lask.cpp.o) is incompatible with elf_x86_64
          ld.lld: error: /nix/store/sg7y9s9bs0h99n462lhab69agbkmr4iw-proj-musl-static-aarch64-unknown-linux-musl-9.7.0/lib/libproj.a(latlong.cpp.o) is incompatible with elf_x86_64
          ld.lld: error: /nix/store/sg7y9s9bs0h99n462lhab69agbkmr4iw-proj-musl-static-aarch64-unknown-linux-musl-9.7.0/lib/libproj.a(nicol.cpp.o) is incompatible with elf_x86_64
          ld.lld: error: /nix/store/sg7y9s9bs0h99n462lhab69agbkmr4iw-proj-musl-static-aarch64-unknown-linux-musl-9.7.0/lib/libproj.a(ob_tran.cpp.o) is incompatible with elf_x86_64
          ld.lld: error: /nix/store/sg7y9s9bs0h99n462lhab69agbkmr4iw-proj-musl-static-aarch64-unknown-linux-musl-9.7.0/lib/libproj.a(oea.cpp.o) is incompatible with elf_x86_64
          ld.lld: error: /nix/store/sg7y9s9bs0h99n462lhab69agbkmr4iw-proj-musl-static-aarch64-unknown-linux-musl-9.7.0/lib/libproj.a(tpeqd.cpp.o) is incompatible with elf_x86_64
          ld.lld: error: /nix/store/sg7y9s9bs0h99n462lhab69agbkmr4iw-proj-musl-static-aarch64-unknown-linux-musl-9.7.0/lib/libproj.a(vandg.cpp.o) is incompatible with elf_x86_64
          ld.lld: error: /nix/store/sg7y9s9bs0h99n462lhab69agbkmr4iw-proj-musl-static-aarch64-unknown-linux-musl-9.7.0/lib/libproj.a(vandg2.cpp.o) is incompatible with elf_x86_64
          ld.lld: error: /nix/store/sg7y9s9bs0h99n462lhab69agbkmr4iw-proj-musl-static-aarch64-unknown-linux-musl-9.7.0/lib/libproj.a(vandg4.cpp.o) is incompatible with elf_x86_64
          ld.lld: error: /nix/store/sg7y9s9bs0h99n462lhab69agbkmr4iw-proj-musl-static-aarch64-unknown-linux-musl-9.7.0/lib/libproj.a(wag7.cpp.o) is incompatible with elf_x86_64
          ld.lld: error: /nix/store/sg7y9s9bs0h99n462lhab69agbkmr4iw-proj-musl-static-aarch64-unknown-linux-musl-9.7.0/lib/libproj.a(lcca.cpp.o) is incompatible with elf_x86_64
          ld.lld: error: /nix/store/sg7y9s9bs0h99n462lhab69agbkmr4iw-proj-musl-static-aarch64-unknown-linux-musl-9.7.0/lib/libproj.a(geos.cpp.o) is incompatible with elf_x86_64
          ld.lld: error: /nix/store/sg7y9s9bs0h99n462lhab69agbkmr4iw-proj-musl-static-aarch64-unknown-linux-musl-9.7.0/lib/libproj.a(boggs.cpp.o) is incompatible with elf_x86_64
          ld.lld: error: /nix/store/sg7y9s9bs0h99n462lhab69agbkmr4iw-proj-musl-static-aarch64-unknown-linux-musl-9.7.0/lib/libproj.a(collg.cpp.o) is incompatible with elf_x86_64
          ld.lld: error: /nix/store/sg7y9s9bs0h99n462lhab69agbkmr4iw-proj-musl-static-aarch64-unknown-linux-musl-9.7.0/lib/libproj.a(comill.cpp.o) is incompatible with elf_x86_64
          ld.lld: error: /nix/store/sg7y9s9bs0h99n462lhab69agbkmr4iw-proj-musl-static-aarch64-unknown-linux-musl-9.7.0/lib/libproj.a(crast.cpp.o) is incompatible with elf_x86_64
          ld.lld: error: /nix/store/sg7y9s9bs0h99n462lhab69agbkmr4iw-proj-musl-static-aarch64-unknown-linux-musl-9.7.0/lib/libproj.a(denoy.cpp.o) is incompatible with elf_x86_64
          ld.lld: error: /nix/store/sg7y9s9bs0h99n462lhab69agbkmr4iw-proj-musl-static-aarch64-unknown-linux-musl-9.7.0/lib/libproj.a(eck1.cpp.o) is incompatible with elf_x86_64
          ld.lld: error: /nix/store/sg7y9s9bs0h99n462lhab69agbkmr4iw-proj-musl-static-aarch64-unknown-linux-musl-9.7.0/lib/libproj.a(eck2.cpp.o) is incompatible with elf_x86_64
          ld.lld: error: /nix/store/sg7y9s9bs0h99n462lhab69agbkmr4iw-proj-musl-static-aarch64-unknown-linux-musl-9.7.0/lib/libproj.a(eck3.cpp.o) is incompatible with elf_x86_64
          ld.lld: error: /nix/store/sg7y9s9bs0h99n462lhab69agbkmr4iw-proj-musl-static-aarch64-unknown-linux-musl-9.7.0/lib/libproj.a(eck4.cpp.o) is incompatible with elf_x86_64
          ld.lld: error: /nix/store/sg7y9s9bs0h99n462lhab69agbkmr4iw-proj-musl-static-aarch64-unknown-linux-musl-9.7.0/lib/libproj.a(eck5.cpp.o) is incompatible with elf_x86_64
          ld.lld: error: /nix/store/sg7y9s9bs0h99n462lhab69agbkmr4iw-proj-musl-static-aarch64-unknown-linux-musl-9.7.0/lib/libproj.a(fahey.cpp.o) is incompatible with elf_x86_64
          ld.lld: error: /nix/store/sg7y9s9bs0h99n462lhab69agbkmr4iw-proj-musl-static-aarch64-unknown-linux-musl-9.7.0/lib/libproj.a(fouc_s.cpp.o) is incompatible with elf_x86_64
          ld.lld: error: /nix/store/sg7y9s9bs0h99n462lhab69agbkmr4iw-proj-musl-static-aarch64-unknown-linux-musl-9.7.0/lib/libproj.a(gins8.cpp.o) is incompatible with elf_x86_64
          ld.lld: error: /nix/store/sg7y9s9bs0h99n462lhab69agbkmr4iw-proj-musl-static-aarch64-unknown-linux-musl-9.7.0/lib/libproj.a(gstmerc.cpp.o) is incompatible with elf_x86_64
          ld.lld: error: /nix/store/sg7y9s9bs0h99n462lhab69agbkmr4iw-proj-musl-static-aarch64-unknown-linux-musl-9.7.0/lib/libproj.a(gn_sinu.cpp.o) is incompatible with elf_x86_64
          ld.lld: error: /nix/store/sg7y9s9bs0h99n462lhab69agbkmr4iw-proj-musl-static-aarch64-unknown-linux-musl-9.7.0/lib/libproj.a(goode.cpp.o) is incompatible with elf_x86_64
          ld.lld: error: /nix/store/sg7y9s9bs0h99n462lhab69agbkmr4iw-proj-musl-static-aarch64-unknown-linux-musl-9.7.0/lib/libproj.a(igh.cpp.o) is incompatible with elf_x86_64
          ld.lld: error: /nix/store/sg7y9s9bs0h99n462lhab69agbkmr4iw-proj-musl-static-aarch64-unknown-linux-musl-9.7.0/lib/libproj.a(igh_o.cpp.o) is incompatible with elf_x86_64
          ld.lld: error: /nix/store/sg7y9s9bs0h99n462lhab69agbkmr4iw-proj-musl-static-aarch64-unknown-linux-musl-9.7.0/lib/libproj.a(imoll.cpp.o) is incompatible with elf_x86_64
          ld.lld: error: /nix/store/sg7y9s9bs0h99n462lhab69agbkmr4iw-proj-musl-static-aarch64-unknown-linux-musl-9.7.0/lib/libproj.a(imoll_o.cpp.o) is incompatible with elf_x86_64
          ld.lld: error: /nix/store/sg7y9s9bs0h99n462lhab69agbkmr4iw-proj-musl-static-aarch64-unknown-linux-musl-9.7.0/lib/libproj.a(hatano.cpp.o) is incompatible with elf_x86_64
          ld.lld: error: /nix/store/sg7y9s9bs0h99n462lhab69agbkmr4iw-proj-musl-static-aarch64-unknown-linux-musl-9.7.0/lib/libproj.a(loxim.cpp.o) is incompatible with elf_x86_64
          ld.lld: error: /nix/store/sg7y9s9bs0h99n462lhab69agbkmr4iw-proj-musl-static-aarch64-unknown-linux-musl-9.7.0/lib/libproj.a(mbt_fps.cpp.o) is incompatible with elf_x86_64
          ld.lld: error: /nix/store/sg7y9s9bs0h99n462lhab69agbkmr4iw-proj-musl-static-aarch64-unknown-linux-musl-9.7.0/lib/libproj.a(mbtfpp.cpp.o) is incompatible with elf_x86_64
          ld.lld: error: /nix/store/sg7y9s9bs0h99n462lhab69agbkmr4iw-proj-musl-static-aarch64-unknown-linux-musl-9.7.0/lib/libproj.a(mbtfpq.cpp.o) is incompatible with elf_x86_64
          ld.lld: error: /nix/store/sg7y9s9bs0h99n462lhab69agbkmr4iw-proj-musl-static-aarch64-unknown-linux-musl-9.7.0/lib/libproj.a(moll.cpp.o) is incompatible with elf_x86_64
          ld.lld: error: /nix/store/sg7y9s9bs0h99n462lhab69agbkmr4iw-proj-musl-static-aarch64-unknown-linux-musl-9.7.0/lib/libproj.a(nell.cpp.o) is incompatible with elf_x86_64
          ld.lld: error: /nix/store/sg7y9s9bs0h99n462lhab69agbkmr4iw-proj-musl-static-aarch64-unknown-linux-musl-9.7.0/lib/libproj.a(nell_h.cpp.o) is incompatible with elf_x86_64
          ld.lld: error: /nix/store/sg7y9s9bs0h99n462lhab69agbkmr4iw-proj-musl-static-aarch64-unknown-linux-musl-9.7.0/lib/libproj.a(patterson.cpp.o) is incompatible with elf_x86_64
          ld.lld: error: /nix/store/sg7y9s9bs0h99n462lhab69agbkmr4iw-proj-musl-static-aarch64-unknown-linux-musl-9.7.0/lib/libproj.a(putp2.cpp.o) is incompatible with elf_x86_64
          ld.lld: error: /nix/store/sg7y9s9bs0h99n462lhab69agbkmr4iw-proj-musl-static-aarch64-unknown-linux-musl-9.7.0/lib/libproj.a(putp3.cpp.o) is incompatible with elf_x86_64
          ld.lld: error: /nix/store/sg7y9s9bs0h99n462lhab69agbkmr4iw-proj-musl-static-aarch64-unknown-linux-musl-9.7.0/lib/libproj.a(putp4p.cpp.o) is incompatible with elf_x86_64
          ld.lld: error: /nix/store/sg7y9s9bs0h99n462lhab69agbkmr4iw-proj-musl-static-aarch64-unknown-linux-musl-9.7.0/lib/libproj.a(putp5.cpp.o) is incompatible with elf_x86_64
          ld.lld: error: /nix/store/sg7y9s9bs0h99n462lhab69agbkmr4iw-proj-musl-static-aarch64-unknown-linux-musl-9.7.0/lib/libproj.a(putp6.cpp.o) is incompatible with elf_x86_64
          ld.lld: error: /nix/store/sg7y9s9bs0h99n462lhab69agbkmr4iw-proj-musl-static-aarch64-unknown-linux-musl-9.7.0/lib/libproj.a(qsc.cpp.o) is incompatible with elf_x86_64
          ld.lld: error: /nix/store/sg7y9s9bs0h99n462lhab69agbkmr4iw-proj-musl-static-aarch64-unknown-linux-musl-9.7.0/lib/libproj.a(robin.cpp.o) is incompatible with elf_x86_64
          ld.lld: error: /nix/store/sg7y9s9bs0h99n462lhab69agbkmr4iw-proj-musl-static-aarch64-unknown-linux-musl-9.7.0/lib/libproj.a(s2.cpp.o) is incompatible with elf_x86_64
          ld.lld: error: /nix/store/sg7y9s9bs0h99n462lhab69agbkmr4iw-proj-musl-static-aarch64-unknown-linux-musl-9.7.0/lib/libproj.a(sch.cpp.o) is incompatible with elf_x86_64
          ld.lld: error: /nix/store/sg7y9s9bs0h99n462lhab69agbkmr4iw-proj-musl-static-aarch64-unknown-linux-musl-9.7.0/lib/libproj.a(sts.cpp.o) is incompatible with elf_x86_64
          ld.lld: error: /nix/store/sg7y9s9bs0h99n462lhab69agbkmr4iw-proj-musl-static-aarch64-unknown-linux-musl-9.7.0/lib/libproj.a(urm5.cpp.o) is incompatible with elf_x86_64
          ld.lld: error: /nix/store/sg7y9s9bs0h99n462lhab69agbkmr4iw-proj-musl-static-aarch64-unknown-linux-musl-9.7.0/lib/libproj.a(urmfps.cpp.o) is incompatible with elf_x86_64
          ld.lld: error: /nix/store/sg7y9s9bs0h99n462lhab69agbkmr4iw-proj-musl-static-aarch64-unknown-linux-musl-9.7.0/lib/libproj.a(wag2.cpp.o) is incompatible with elf_x86_64
          ld.lld: error: /nix/store/sg7y9s9bs0h99n462lhab69agbkmr4iw-proj-musl-static-aarch64-unknown-linux-musl-9.7.0/lib/libproj.a(wag3.cpp.o) is incompatible with elf_x86_64
          ld.lld: error: /nix/store/sg7y9s9bs0h99n462lhab69agbkmr4iw-proj-musl-static-aarch64-unknown-linux-musl-9.7.0/lib/libproj.a(wink1.cpp.o) is incompatible with elf_x86_64
          ld.lld: error: /nix/store/sg7y9s9bs0h99n462lhab69agbkmr4iw-proj-musl-static-aarch64-unknown-linux-musl-9.7.0/lib/libproj.a(wink2.cpp.o) is incompatible with elf_x86_64
          ld.lld: error: /nix/store/sg7y9s9bs0h99n462lhab69agbkmr4iw-proj-musl-static-aarch64-unknown-linux-musl-9.7.0/lib/libproj.a(healpix.cpp.o) is incompatible with elf_x86_64
          ld.lld: error: /nix/store/sg7y9s9bs0h99n462lhab69agbkmr4iw-proj-musl-static-aarch64-unknown-linux-musl-9.7.0/lib/libproj.a(natearth.cpp.o) is incompatible with elf_x86_64
          ld.lld: error: /nix/store/sg7y9s9bs0h99n462lhab69agbkmr4iw-proj-musl-static-aarch64-unknown-linux-musl-9.7.0/lib/libproj.a(natearth2.cpp.o) is incompatible with elf_x86_64
          ld.lld: error: /nix/store/sg7y9s9bs0h99n462lhab69agbkmr4iw-proj-musl-static-aarch64-unknown-linux-musl-9.7.0/lib/libproj.a(calcofi.cpp.o) is incompatible with elf_x86_64
          ld.lld: error: /nix/store/sg7y9s9bs0h99n462lhab69agbkmr4iw-proj-musl-static-aarch64-unknown-linux-musl-9.7.0/lib/libproj.a(eqearth.cpp.o) is incompatible with elf_x86_64
          ld.lld: error: /nix/store/sg7y9s9bs0h99n462lhab69agbkmr4iw-proj-musl-static-aarch64-unknown-linux-musl-9.7.0/lib/libproj.a(col_urban.cpp.o) is incompatible with elf_x86_64
          ld.lld: error: /nix/store/sg7y9s9bs0h99n462lhab69agbkmr4iw-proj-musl-static-aarch64-unknown-linux-musl-9.7.0/lib/libproj.a(spilhaus.cpp.o) is incompatible with elf_x86_64
          ld.lld: error: /nix/store/sg7y9s9bs0h99n462lhab69agbkmr4iw-proj-musl-static-aarch64-unknown-linux-musl-9.7.0/lib/libproj.a(affine.cpp.o) is incompatible with elf_x86_64
          ld.lld: error: /nix/store/sg7y9s9bs0h99n462lhab69agbkmr4iw-proj-musl-static-aarch64-unknown-linux-musl-9.7.0/lib/libproj.a(deformation.cpp.o) is incompatible with elf_x86_64
          ld.lld: error: /nix/store/sg7y9s9bs0h99n462lhab69agbkmr4iw-proj-musl-static-aarch64-unknown-linux-musl-9.7.0/lib/libproj.a(gridshift.cpp.o) is incompatible with elf_x86_64
          ld.lld: error: /nix/store/sg7y9s9bs0h99n462lhab69agbkmr4iw-proj-musl-static-aarch64-unknown-linux-musl-9.7.0/lib/libproj.a(helmert.cpp.o) is incompatible with elf_x86_64
          ld.lld: error: /nix/store/sg7y9s9bs0h99n462lhab69agbkmr4iw-proj-musl-static-aarch64-unknown-linux-musl-9.7.0/lib/libproj.a(hgridshift.cpp.o) is incompatible with elf_x86_64
          ld.lld: error: /nix/store/sg7y9s9bs0h99n462lhab69agbkmr4iw-proj-musl-static-aarch64-unknown-linux-musl-9.7.0/lib/libproj.a(horner.cpp.o) is incompatible with elf_x86_64
          ld.lld: error: /nix/store/sg7y9s9bs0h99n462lhab69agbkmr4iw-proj-musl-static-aarch64-unknown-linux-musl-9.7.0/lib/libproj.a(molodensky.cpp.o) is incompatible with elf_x86_64
          ld.lld: error: /nix/store/sg7y9s9bs0h99n462lhab69agbkmr4iw-proj-musl-static-aarch64-unknown-linux-musl-9.7.0/lib/libproj.a(vgridshift.cpp.o) is incompatible with elf_x86_64
          ld.lld: error: /nix/store/sg7y9s9bs0h99n462lhab69agbkmr4iw-proj-musl-static-aarch64-unknown-linux-musl-9.7.0/lib/libproj.a(xyzgridshift.cpp.o) is incompatible with elf_x86_64
          ld.lld: error: /nix/store/sg7y9s9bs0h99n462lhab69agbkmr4iw-proj-musl-static-aarch64-unknown-linux-musl-9.7.0/lib/libproj.a(defmodel.cpp.o) is incompatible with elf_x86_64
          ld.lld: error: /nix/store/sg7y9s9bs0h99n462lhab69agbkmr4iw-proj-musl-static-aarch64-unknown-linux-musl-9.7.0/lib/libproj.a(tinshift.cpp.o) is incompatible with elf_x86_64
          ld.lld: error: /nix/store/sg7y9s9bs0h99n462lhab69agbkmr4iw-proj-musl-static-aarch64-unknown-linux-musl-9.7.0/lib/libproj.a(vertoffset.cpp.o) is incompatible with elf_x86_64
          ld.lld: error: /nix/store/sg7y9s9bs0h99n462lhab69agbkmr4iw-proj-musl-static-aarch64-unknown-linux-musl-9.7.0/lib/libproj.a(static.cpp.o) is incompatible with elf_x86_64
          ld.lld: error: /nix/store/sg7y9s9bs0h99n462lhab69agbkmr4iw-proj-musl-static-aarch64-unknown-linux-musl-9.7.0/lib/libproj.a(util.cpp.o) is incompatible with elf_x86_64
          ld.lld: error: /nix/store/sg7y9s9bs0h99n462lhab69agbkmr4iw-proj-musl-static-aarch64-unknown-linux-musl-9.7.0/lib/libproj.a(metadata.cpp.o) is incompatible with elf_x86_64
          ld.lld: error: /nix/store/sg7y9s9bs0h99n462lhab69agbkmr4iw-proj-musl-static-aarch64-unknown-linux-musl-9.7.0/lib/libproj.a(common.cpp.o) is incompatible with elf_x86_64
          ld.lld: error: /nix/store/sg7y9s9bs0h99n462lhab69agbkmr4iw-proj-musl-static-aarch64-unknown-linux-musl-9.7.0/lib/libproj.a(coordinates.cpp.o) is incompatible with elf_x86_64
          ld.lld: error: /nix/store/sg7y9s9bs0h99n462lhab69agbkmr4iw-proj-musl-static-aarch64-unknown-linux-musl-9.7.0/lib/libproj.a(crs.cpp.o) is incompatible with elf_x86_64
          ld.lld: error: /nix/store/sg7y9s9bs0h99n462lhab69agbkmr4iw-proj-musl-static-aarch64-unknown-linux-musl-9.7.0/lib/libproj.a(datum.cpp.o) is incompatible with elf_x86_64
          ld.lld: error: /nix/store/sg7y9s9bs0h99n462lhab69agbkmr4iw-proj-musl-static-aarch64-unknown-linux-musl-9.7.0/lib/libproj.a(coordinatesystem.cpp.o) is incompatible with elf_x86_64
          ld.lld: error: /nix/store/sg7y9s9bs0h99n462lhab69agbkmr4iw-proj-musl-static-aarch64-unknown-linux-musl-9.7.0/lib/libproj.a(io.cpp.o) is incompatible with elf_x86_64
          ld.lld: error: /nix/store/sg7y9s9bs0h99n462lhab69agbkmr4iw-proj-musl-static-aarch64-unknown-linux-musl-9.7.0/lib/libproj.a(internal.cpp.o) is incompatible with elf_x86_64
          ld.lld: error: /nix/store/sg7y9s9bs0h99n462lhab69agbkmr4iw-proj-musl-static-aarch64-unknown-linux-musl-9.7.0/lib/libproj.a(factory.cpp.o) is incompatible with elf_x86_64
          ld.lld: error: /nix/store/sg7y9s9bs0h99n462lhab69agbkmr4iw-proj-musl-static-aarch64-unknown-linux-musl-9.7.0/lib/libproj.a(c_api.cpp.o) is incompatible with elf_x86_64
          ld.lld: error: /nix/store/sg7y9s9bs0h99n462lhab69agbkmr4iw-proj-musl-static-aarch64-unknown-linux-musl-9.7.0/lib/libproj.a(concatenatedoperation.cpp.o) is incompatible with elf_x86_64
          ld.lld: error: /nix/store/sg7y9s9bs0h99n462lhab69agbkmr4iw-proj-musl-static-aarch64-unknown-linux-musl-9.7.0/lib/libproj.a(coordinateoperationfactory.cpp.o) is incompatible with elf_x86_64
          ld.lld: error: /nix/store/sg7y9s9bs0h99n462lhab69agbkmr4iw-proj-musl-static-aarch64-unknown-linux-musl-9.7.0/lib/libproj.a(conversion.cpp.o) is incompatible with elf_x86_64
          ld.lld: error: /nix/store/sg7y9s9bs0h99n462lhab69agbkmr4iw-proj-musl-static-aarch64-unknown-linux-musl-9.7.0/lib/libproj.a(esriparammappings.cpp.o) is incompatible with elf_x86_64
          ld.lld: error: /nix/store/sg7y9s9bs0h99n462lhab69agbkmr4iw-proj-musl-static-aarch64-unknown-linux-musl-9.7.0/lib/libproj.a(oputils.cpp.o) is incompatible with elf_x86_64
          ld.lld: error: /nix/store/sg7y9s9bs0h99n462lhab69agbkmr4iw-proj-musl-static-aarch64-unknown-linux-musl-9.7.0/lib/libproj.a(parametervalue.cpp.o) is incompatible with elf_x86_64
          ld.lld: error: /nix/store/sg7y9s9bs0h99n462lhab69agbkmr4iw-proj-musl-static-aarch64-unknown-linux-musl-9.7.0/lib/libproj.a(parammappings.cpp.o) is incompatible with elf_x86_64
          ld.lld: error: /nix/store/sg7y9s9bs0h99n462lhab69agbkmr4iw-proj-musl-static-aarch64-unknown-linux-musl-9.7.0/lib/libproj.a(projbasedoperation.cpp.o) is incompatible with elf_x86_64
          ld.lld: error: /nix/store/sg7y9s9bs0h99n462lhab69agbkmr4iw-proj-musl-static-aarch64-unknown-linux-musl-9.7.0/lib/libproj.a(singleoperation.cpp.o) is incompatible with elf_x86_64
          ld.lld: error: /nix/store/sg7y9s9bs0h99n462lhab69agbkmr4iw-proj-musl-static-aarch64-unknown-linux-musl-9.7.0/lib/libproj.a(transformation.cpp.o) is incompatible with elf_x86_64
          ld.lld: error: /nix/store/sg7y9s9bs0h99n462lhab69agbkmr4iw-proj-musl-static-aarch64-unknown-linux-musl-9.7.0/lib/libproj.a(vectorofvaluesparams.cpp.o) is incompatible with elf_x86_64
          ld.lld: error: /nix/store/sg7y9s9bs0h99n462lhab69agbkmr4iw-proj-musl-static-aarch64-unknown-linux-musl-9.7.0/lib/libproj.a(memvfs.c.o) is incompatible with elf_x86_64
          ld.lld: error: /nix/store/sg7y9s9bs0h99n462lhab69agbkmr4iw-proj-musl-static-aarch64-unknown-linux-musl-9.7.0/lib/libproj.a(embedded_resources.c.o) is incompatible with elf_x86_64
          ld.lld: error: /nix/store/sg7y9s9bs0h99n462lhab69agbkmr4iw-proj-musl-static-aarch64-unknown-linux-musl-9.7.0/lib/libproj.a(proj_db.c.o) is incompatible with elf_x86_64
          ld.lld: error: /nix/store/sg7y9s9bs0h99n462lhab69agbkmr4iw-proj-musl-static-aarch64-unknown-linux-musl-9.7.0/lib/libproj.a(proj_ini.c.o) is incompatible with elf_x86_64
          ld.lld: error: /nix/store/sg7y9s9bs0h99n462lhab69agbkmr4iw-proj-musl-static-aarch64-unknown-linux-musl-9.7.0/lib/libproj.a(world.c.o) is incompatible with elf_x86_64
          ld.lld: error: /nix/store/sg7y9s9bs0h99n462lhab69agbkmr4iw-proj-musl-static-aarch64-unknown-linux-musl-9.7.0/lib/libproj.a(other_extra.c.o) is incompatible with elf_x86_64
          ld.lld: error: /nix/store/sg7y9s9bs0h99n462lhab69agbkmr4iw-proj-musl-static-aarch64-unknown-linux-musl-9.7.0/lib/libproj.a(nad27.c.o) is incompatible with elf_x86_64
          ld.lld: error: /nix/store/sg7y9s9bs0h99n462lhab69agbkmr4iw-proj-musl-static-aarch64-unknown-linux-musl-9.7.0/lib/libproj.a(GL27.c.o) is incompatible with elf_x86_64
          ld.lld: error: /nix/store/sg7y9s9bs0h99n462lhab69agbkmr4iw-proj-musl-static-aarch64-unknown-linux-musl-9.7.0/lib/libproj.a(nad83.c.o) is incompatible with elf_x86_64
          ld.lld: error: /nix/store/sg7y9s9bs0h99n462lhab69agbkmr4iw-proj-musl-static-aarch64-unknown-linux-musl-9.7.0/lib/libproj.a(nad_lst.c.o) is incompatible with elf_x86_64
          ld.lld: error: /nix/store/sg7y9s9bs0h99n462lhab69agbkmr4iw-proj-musl-static-aarch64-unknown-linux-musl-9.7.0/lib/libproj.a(CH.c.o) is incompatible with elf_x86_64
          ld.lld: error: /nix/store/sg7y9s9bs0h99n462lhab69agbkmr4iw-proj-musl-static-aarch64-unknown-linux-musl-9.7.0/lib/libproj.a(ITRF2000.c.o) is incompatible with elf_x86_64
          ld.lld: error: /nix/store/sg7y9s9bs0h99n462lhab69agbkmr4iw-proj-musl-static-aarch64-unknown-linux-musl-9.7.0/lib/libproj.a(ITRF2008.c.o) is incompatible with elf_x86_64
          ld.lld: error: /nix/store/sg7y9s9bs0h99n462lhab69agbkmr4iw-proj-musl-static-aarch64-unknown-linux-musl-9.7.0/lib/libproj.a(ITRF2014.c.o) is incompatible with elf_x86_64
          ld.lld: error: /nix/store/sg7y9s9bs0h99n462lhab69agbkmr4iw-proj-musl-static-aarch64-unknown-linux-musl-9.7.0/lib/libproj.a(ITRF2020.c.o) is incompatible with elf_x86_64
          ld.lld: error: /nix/store/w4d9sl2fj5f7rxi4a96pr8cgf7w041k5-gdal-musl-static-aarch64-unknown-linux-musl-3.11.5/lib/libgdal.a(infback9.c.o) is incompatible with elf_x86_64
          ld.lld: error: /nix/store/w4d9sl2fj5f7rxi4a96pr8cgf7w041k5-gdal-musl-static-aarch64-unknown-linux-musl-3.11.5/lib/libgdal.a(inftree9.c.o) is incompatible with elf_x86_64
          ld.lld: error: /nix/store/w4d9sl2fj5f7rxi4a96pr8cgf7w041k5-gdal-musl-static-aarch64-unknown-linux-musl-3.11.5/lib/libgdal.a(minified_zutil.c.o) is incompatible with elf_x86_64
          ld.lld: error: /nix/store/w4d9sl2fj5f7rxi4a96pr8cgf7w041k5-gdal-musl-static-aarch64-unknown-linux-musl-3.11.5/lib/libgdal.a(cpl_alibaba_oss.cpp.o) is incompatible with elf_x86_64
          ld.lld: error: /nix/store/w4d9sl2fj5f7rxi4a96pr8cgf7w041k5-gdal-musl-static-aarch64-unknown-linux-musl-3.11.5/lib/libgdal.a(cpl_azure.cpp.o) is incompatible with elf_x86_64
          ld.lld: error: /nix/store/w4d9sl2fj5f7rxi4a96pr8cgf7w041k5-gdal-musl-static-aarch64-unknown-linux-musl-3.11.5/lib/libgdal.a(cpl_conv.cpp.o) is incompatible with elf_x86_64
          ld.lld: error: /nix/store/w4d9sl2fj5f7rxi4a96pr8cgf7w041k5-gdal-musl-static-aarch64-unknown-linux-musl-3.11.5/lib/libgdal.a(cpl_error.cpp.o) is incompatible with elf_x86_64
          ld.lld: error: /nix/store/w4d9sl2fj5f7rxi4a96pr8cgf7w041k5-gdal-musl-static-aarch64-unknown-linux-musl-3.11.5/lib/libgdal.a(cpl_string.cpp.o) is incompatible with elf_x86_64
          ld.lld: error: /nix/store/w4d9sl2fj5f7rxi4a96pr8cgf7w041k5-gdal-musl-static-aarch64-unknown-linux-musl-3.11.5/lib/libgdal.a(cplgetsymbol.cpp.o) is incompatible with elf_x86_64
          ld.lld: error: /nix/store/w4d9sl2fj5f7rxi4a96pr8cgf7w041k5-gdal-musl-static-aarch64-unknown-linux-musl-3.11.5/lib/libgdal.a(cplstringlist.cpp.o) is incompatible with elf_x86_64
          ld.lld: error: /nix/store/w4d9sl2fj5f7rxi4a96pr8cgf7w041k5-gdal-musl-static-aarch64-unknown-linux-musl-3.11.5/lib/libgdal.a(cpl_strtod.cpp.o) is incompatible with elf_x86_64
          ld.lld: error: /nix/store/w4d9sl2fj5f7rxi4a96pr8cgf7w041k5-gdal-musl-static-aarch64-unknown-linux-musl-3.11.5/lib/libgdal.a(cpl_path.cpp.o) is incompatible with elf_x86_64
          ld.lld: error: /nix/store/w4d9sl2fj5f7rxi4a96pr8cgf7w041k5-gdal-musl-static-aarch64-unknown-linux-musl-3.11.5/lib/libgdal.a(cpl_csv.cpp.o) is incompatible with elf_x86_64
          ld.lld: error: /nix/store/w4d9sl2fj5f7rxi4a96pr8cgf7w041k5-gdal-musl-static-aarch64-unknown-linux-musl-3.11.5/lib/libgdal.a(cpl_findfile.cpp.o) is incompatible with elf_x86_64
          ld.lld: error: /nix/store/w4d9sl2fj5f7rxi4a96pr8cgf7w041k5-gdal-musl-static-aarch64-unknown-linux-musl-3.11.5/lib/libgdal.a(cpl_minixml.cpp.o) is incompatible with elf_x86_64
          ld.lld: error: /nix/store/w4d9sl2fj5f7rxi4a96pr8cgf7w041k5-gdal-musl-static-aarch64-unknown-linux-musl-3.11.5/lib/libgdal.a(cpl_multiproc.cpp.o) is incompatible with elf_x86_64
          ld.lld: error: /nix/store/w4d9sl2fj5f7rxi4a96pr8cgf7w041k5-gdal-musl-static-aarch64-unknown-linux-musl-3.11.5/lib/libgdal.a(cpl_levenshtein.cpp.o) is incompatible with elf_x86_64
          ld.lld: error: /nix/store/w4d9sl2fj5f7rxi4a96pr8cgf7w041k5-gdal-musl-static-aarch64-unknown-linux-musl-3.11.5/lib/libgdal.a(cpl_list.cpp.o) is incompatible with elf_x86_64
          ld.lld: error: /nix/store/w4d9sl2fj5f7rxi4a96pr8cgf7w041k5-gdal-musl-static-aarch64-unknown-linux-musl-3.11.5/lib/libgdal.a(cpl_getexecpath.cpp.o) is incompatible with elf_x86_64
          ld.lld: error: /nix/store/w4d9sl2fj5f7rxi4a96pr8cgf7w041k5-gdal-musl-static-aarch64-unknown-linux-musl-3.11.5/lib/libgdal.a(cplstring.cpp.o) is incompatible with elf_x86_64
          ld.lld: error: /nix/store/w4d9sl2fj5f7rxi4a96pr8cgf7w041k5-gdal-musl-static-aarch64-unknown-linux-musl-3.11.5/lib/libgdal.a(cpl_vsisimple.cpp.o) is incompatible with elf_x86_64
          ld.lld: error: /nix/store/w4d9sl2fj5f7rxi4a96pr8cgf7w041k5-gdal-musl-static-aarch64-unknown-linux-musl-3.11.5/lib/libgdal.a(cpl_vsil.cpp.o) is incompatible with elf_x86_64
          ld.lld: error: /nix/store/w4d9sl2fj5f7rxi4a96pr8cgf7w041k5-gdal-musl-static-aarch64-unknown-linux-musl-3.11.5/lib/libgdal.a(cpl_vsi_mem.cpp.o) is incompatible with elf_x86_64
          ld.lld: error: /nix/store/w4d9sl2fj5f7rxi4a96pr8cgf7w041k5-gdal-musl-static-aarch64-unknown-linux-musl-3.11.5/lib/libgdal.a(cpl_http.cpp.o) is incompatible with elf_x86_64
          ld.lld: error: /nix/store/w4d9sl2fj5f7rxi4a96pr8cgf7w041k5-gdal-musl-static-aarch64-unknown-linux-musl-3.11.5/lib/libgdal.a(cpl_hash_set.cpp.o) is incompatible with elf_x86_64
          ld.lld: error: /nix/store/w4d9sl2fj5f7rxi4a96pr8cgf7w041k5-gdal-musl-static-aarch64-unknown-linux-musl-3.11.5/lib/libgdal.a(cplkeywordparser.cpp.o) is incompatible with elf_x86_64
          ld.lld: error: /nix/store/w4d9sl2fj5f7rxi4a96pr8cgf7w041k5-gdal-musl-static-aarch64-unknown-linux-musl-3.11.5/lib/libgdal.a(cpl_recode.cpp.o) is incompatible with elf_x86_64
          ld.lld: error: /nix/store/w4d9sl2fj5f7rxi4a96pr8cgf7w041k5-gdal-musl-static-aarch64-unknown-linux-musl-3.11.5/lib/libgdal.a(cpl_recode_stub.cpp.o) is incompatible with elf_x86_64
          ld.lld: error: /nix/store/w4d9sl2fj5f7rxi4a96pr8cgf7w041k5-gdal-musl-static-aarch64-unknown-linux-musl-3.11.5/lib/libgdal.a(cpl_quad_tree.cpp.o) is incompatible with elf_x86_64
          ld.lld: error: /nix/store/w4d9sl2fj5f7rxi4a96pr8cgf7w041k5-gdal-musl-static-aarch64-unknown-linux-musl-3.11.5/lib/libgdal.a(cpl_atomic_ops.cpp.o) is incompatible with elf_x86_64
          ld.lld: error: /nix/store/w4d9sl2fj5f7rxi4a96pr8cgf7w041k5-gdal-musl-static-aarch64-unknown-linux-musl-3.11.5/lib/libgdal.a(cpl_vsil_subfile.cpp.o) is incompatible with elf_x86_64
          ld.lld: error: /nix/store/w4d9sl2fj5f7rxi4a96pr8cgf7w041k5-gdal-musl-static-aarch64-unknown-linux-musl-3.11.5/lib/libgdal.a(cpl_time.cpp.o) is incompatible with elf_x86_64
          ld.lld: error: /nix/store/w4d9sl2fj5f7rxi4a96pr8cgf7w041k5-gdal-musl-static-aarch64-unknown-linux-musl-3.11.5/lib/libgdal.a(cpl_vsil_stdout.cpp.o) is incompatible with elf_x86_64
          ld.lld: error: /nix/store/w4d9sl2fj5f7rxi4a96pr8cgf7w041k5-gdal-musl-static-aarch64-unknown-linux-musl-3.11.5/lib/libgdal.a(cpl_vsil_sparsefile.cpp.o) is incompatible with elf_x86_64
          ld.lld: error: /nix/store/w4d9sl2fj5f7rxi4a96pr8cgf7w041k5-gdal-musl-static-aarch64-unknown-linux-musl-3.11.5/lib/libgdal.a(cpl_vsil_abstract_archive.cpp.o) is incompatible with elf_x86_64
          ld.lld: error: /nix/store/w4d9sl2fj5f7rxi4a96pr8cgf7w041k5-gdal-musl-static-aarch64-unknown-linux-musl-3.11.5/lib/libgdal.a(cpl_vsil_tar.cpp.o) is incompatible with elf_x86_64
          ld.lld: error: /nix/store/w4d9sl2fj5f7rxi4a96pr8cgf7w041k5-gdal-musl-static-aarch64-unknown-linux-musl-3.11.5/lib/libgdal.a(cpl_vsil_libarchive.cpp.o) is incompatible with elf_x86_64
          ld.lld: error: /nix/store/w4d9sl2fj5f7rxi4a96pr8cgf7w041k5-gdal-musl-static-aarch64-unknown-linux-musl-3.11.5/lib/libgdal.a(cpl_vsil_stdin.cpp.o) is incompatible with elf_x86_64
          ld.lld: error: /nix/store/w4d9sl2fj5f7rxi4a96pr8cgf7w041k5-gdal-musl-static-aarch64-unknown-linux-musl-3.11.5/lib/libgdal.a(cpl_vsil_buffered_reader.cpp.o) is incompatible with elf_x86_64
          ld.lld: error: /nix/store/w4d9sl2fj5f7rxi4a96pr8cgf7w041k5-gdal-musl-static-aarch64-unknown-linux-musl-3.11.5/lib/libgdal.a(cpl_vsil_plugin.cpp.o) is incompatible with elf_x86_64
          ld.lld: error: /nix/store/w4d9sl2fj5f7rxi4a96pr8cgf7w041k5-gdal-musl-static-aarch64-unknown-linux-musl-3.11.5/lib/libgdal.a(cpl_base64.cpp.o) is incompatible with elf_x86_64
          ld.lld: error: /nix/store/w4d9sl2fj5f7rxi4a96pr8cgf7w041k5-gdal-musl-static-aarch64-unknown-linux-musl-3.11.5/lib/libgdal.a(cpl_vsil_curl.cpp.o) is incompatible with elf_x86_64
          ld.lld: error: /nix/store/w4d9sl2fj5f7rxi4a96pr8cgf7w041k5-gdal-musl-static-aarch64-unknown-linux-musl-3.11.5/lib/libgdal.a(cpl_vsil_curl_streaming.cpp.o) is incompatible with elf_x86_64
          ld.lld: error: /nix/store/w4d9sl2fj5f7rxi4a96pr8cgf7w041k5-gdal-musl-static-aarch64-unknown-linux-musl-3.11.5/lib/libgdal.a(cpl_vsil_cache.cpp.o) is incompatible with elf_x86_64
          ld.lld: error: /nix/store/w4d9sl2fj5f7rxi4a96pr8cgf7w041k5-gdal-musl-static-aarch64-unknown-linux-musl-3.11.5/lib/libgdal.a(cpl_xml_validate.cpp.o) is incompatible with elf_x86_64
          ld.lld: error: /nix/store/w4d9sl2fj5f7rxi4a96pr8cgf7w041k5-gdal-musl-static-aarch64-unknown-linux-musl-3.11.5/lib/libgdal.a(cpl_spawn.cpp.o) is incompatible with elf_x86_64
          ld.lld: error: /nix/store/w4d9sl2fj5f7rxi4a96pr8cgf7w041k5-gdal-musl-static-aarch64-unknown-linux-musl-3.11.5/lib/libgdal.a(cpl_google_oauth2.cpp.o) is incompatible with elf_x86_64
          ld.lld: error: /nix/store/w4d9sl2fj5f7rxi4a96pr8cgf7w041k5-gdal-musl-static-aarch64-unknown-linux-musl-3.11.5/lib/libgdal.a(cpl_progress.cpp.o) is incompatible with elf_x86_64
          ld.lld: error: /nix/store/w4d9sl2fj5f7rxi4a96pr8cgf7w041k5-gdal-musl-static-aarch64-unknown-linux-musl-3.11.5/lib/libgdal.a(cpl_virtualmem.cpp.o) is incompatible with elf_x86_64
          ld.lld: error: /nix/store/w4d9sl2fj5f7rxi4a96pr8cgf7w041k5-gdal-musl-static-aarch64-unknown-linux-musl-3.11.5/lib/libgdal.a(cpl_worker_thread_pool.cpp.o) is incompatible with elf_x86_64
          ld.lld: error: /nix/store/w4d9sl2fj5f7rxi4a96pr8cgf7w041k5-gdal-musl-static-aarch64-unknown-linux-musl-3.11.5/lib/libgdal.a(cpl_vsil_crypt.cpp.o) is incompatible with elf_x86_64
          ld.lld: error: /nix/store/w4d9sl2fj5f7rxi4a96pr8cgf7w041k5-gdal-musl-static-aarch64-unknown-linux-musl-3.11.5/lib/libgdal.a(cpl_sha1.cpp.o) is incompatible with elf_x86_64
          ld.lld: error: /nix/store/w4d9sl2fj5f7rxi4a96pr8cgf7w041k5-gdal-musl-static-aarch64-unknown-linux-musl-3.11.5/lib/libgdal.a(cpl_sha256.cpp.o) is incompatible with elf_x86_64
          ld.lld: error: /nix/store/w4d9sl2fj5f7rxi4a96pr8cgf7w041k5-gdal-musl-static-aarch64-unknown-linux-musl-3.11.5/lib/libgdal.a(cpl_aws.cpp.o) is incompatible with elf_x86_64
          ld.lld: error: /nix/store/w4d9sl2fj5f7rxi4a96pr8cgf7w041k5-gdal-musl-static-aarch64-unknown-linux-musl-3.11.5/lib/libgdal.a(cpl_aws_win32.cpp.o) is incompatible with elf_x86_64
          ld.lld: error: /nix/store/w4d9sl2fj5f7rxi4a96pr8cgf7w041k5-gdal-musl-static-aarch64-unknown-linux-musl-3.11.5/lib/libgdal.a(cpl_vsi_error.cpp.o) is incompatible with elf_x86_64
          ld.lld: error: /nix/store/w4d9sl2fj5f7rxi4a96pr8cgf7w041k5-gdal-musl-static-aarch64-unknown-linux-musl-3.11.5/lib/libgdal.a(cpl_cpu_features.cpp.o) is incompatible with elf_x86_64
          ld.lld: error: /nix/store/w4d9sl2fj5f7rxi4a96pr8cgf7w041k5-gdal-musl-static-aarch64-unknown-linux-musl-3.11.5/lib/libgdal.a(cpl_google_cloud.cpp.o) is incompatible with elf_x86_64
          ld.lld: error: /nix/store/w4d9sl2fj5f7rxi4a96pr8cgf7w041k5-gdal-musl-static-aarch64-unknown-linux-musl-3.11.5/lib/libgdal.a(cpl_json.cpp.o) is incompatible with elf_x86_64
          ld.lld: error: /nix/store/w4d9sl2fj5f7rxi4a96pr8cgf7w041k5-gdal-musl-static-aarch64-unknown-linux-musl-3.11.5/lib/libgdal.a(cpl_json_streaming_parser.cpp.o) is incompatible with elf_x86_64
          ld.lld: error: /nix/store/w4d9sl2fj5f7rxi4a96pr8cgf7w041k5-gdal-musl-static-aarch64-unknown-linux-musl-3.11.5/lib/libgdal.a(cpl_md5.cpp.o) is incompatible with elf_x86_64
          ld.lld: error: /nix/store/w4d9sl2fj5f7rxi4a96pr8cgf7w041k5-gdal-musl-static-aarch64-unknown-linux-musl-3.11.5/lib/libgdal.a(cpl_vsil_hdfs.cpp.o) is incompatible with elf_x86_64
          ld.lld: error: /nix/store/w4d9sl2fj5f7rxi4a96pr8cgf7w041k5-gdal-musl-static-aarch64-unknown-linux-musl-3.11.5/lib/libgdal.a(cpl_swift.cpp.o) is incompatible with elf_x86_64
          ld.lld: error: /nix/store/w4d9sl2fj5f7rxi4a96pr8cgf7w041k5-gdal-musl-static-aarch64-unknown-linux-musl-3.11.5/lib/libgdal.a(cpl_vsil_adls.cpp.o) is incompatible with elf_x86_64
          ld.lld: error: /nix/store/w4d9sl2fj5f7rxi4a96pr8cgf7w041k5-gdal-musl-static-aarch64-unknown-linux-musl-3.11.5/lib/libgdal.a(cpl_vsil_az.cpp.o) is incompatible with elf_x86_64
          ld.lld: error: /nix/store/w4d9sl2fj5f7rxi4a96pr8cgf7w041k5-gdal-musl-static-aarch64-unknown-linux-musl-3.11.5/lib/libgdal.a(cpl_vsil_chunked_write_handle.cpp.o) is incompatible with elf_x86_64
          ld.lld: error: /nix/store/w4d9sl2fj5f7rxi4a96pr8cgf7w041k5-gdal-musl-static-aarch64-unknown-linux-musl-3.11.5/lib/libgdal.a(cpl_vsil_uploadonclose.cpp.o) is incompatible with elf_x86_64
          ld.lld: error: /nix/store/w4d9sl2fj5f7rxi4a96pr8cgf7w041k5-gdal-musl-static-aarch64-unknown-linux-musl-3.11.5/lib/libgdal.a(cpl_vsil_gs.cpp.o) is incompatible with elf_x86_64
          ld.lld: error: /nix/store/w4d9sl2fj5f7rxi4a96pr8cgf7w041k5-gdal-musl-static-aarch64-unknown-linux-musl-3.11.5/lib/libgdal.a(cpl_vsil_webhdfs.cpp.o) is incompatible with elf_x86_64
          ld.lld: error: /nix/store/w4d9sl2fj5f7rxi4a96pr8cgf7w041k5-gdal-musl-static-aarch64-unknown-linux-musl-3.11.5/lib/libgdal.a(cpl_vsil_s3.cpp.o) is incompatible with elf_x86_64
          ld.lld: error: /nix/store/w4d9sl2fj5f7rxi4a96pr8cgf7w041k5-gdal-musl-static-aarch64-unknown-linux-musl-3.11.5/lib/libgdal.a(cpl_vsil_oss.cpp.o) is incompatible with elf_x86_64
          ld.lld: error: /nix/store/w4d9sl2fj5f7rxi4a96pr8cgf7w041k5-gdal-musl-static-aarch64-unknown-linux-musl-3.11.5/lib/libgdal.a(cpl_vsil_swift.cpp.o) is incompatible with elf_x86_64
          ld.lld: error: /nix/store/w4d9sl2fj5f7rxi4a96pr8cgf7w041k5-gdal-musl-static-aarch64-unknown-linux-musl-3.11.5/lib/libgdal.a(cpl_json_streaming_writer.cpp.o) is incompatible with elf_x86_64
          ld.lld: error: /nix/store/w4d9sl2fj5f7rxi4a96pr8cgf7w041k5-gdal-musl-static-aarch64-unknown-linux-musl-3.11.5/lib/libgdal.a(cpl_userfaultfd.cpp.o) is incompatible with elf_x86_64
          ld.lld: error: /nix/store/w4d9sl2fj5f7rxi4a96pr8cgf7w041k5-gdal-musl-static-aarch64-unknown-linux-musl-3.11.5/lib/libgdal.a(cpl_vax.cpp.o) is incompatible with elf_x86_64
          ld.lld: error: /nix/store/w4d9sl2fj5f7rxi4a96pr8cgf7w041k5-gdal-musl-static-aarch64-unknown-linux-musl-3.11.5/lib/libgdal.a(cpl_compressor.cpp.o) is incompatible with elf_x86_64
          ld.lld: error: /nix/store/w4d9sl2fj5f7rxi4a96pr8cgf7w041k5-gdal-musl-static-aarch64-unknown-linux-musl-3.11.5/lib/libgdal.a(cpl_float.cpp.o) is incompatible with elf_x86_64
          ld.lld: error: /nix/store/w4d9sl2fj5f7rxi4a96pr8cgf7w041k5-gdal-musl-static-aarch64-unknown-linux-musl-3.11.5/lib/libgdal.a(cpl_vsil_unix_stdio_64.cpp.o) is incompatible with elf_x86_64
          ld.lld: error: /nix/store/w4d9sl2fj5f7rxi4a96pr8cgf7w041k5-gdal-musl-static-aarch64-unknown-linux-musl-3.11.5/lib/libgdal.a(cpl_vsil_gzip.cpp.o) is incompatible with elf_x86_64
          ld.lld: error: /nix/store/w4d9sl2fj5f7rxi4a96pr8cgf7w041k5-gdal-musl-static-aarch64-unknown-linux-musl-3.11.5/lib/libgdal.a(cpl_minizip_ioapi.cpp.o) is incompatible with elf_x86_64
          ld.lld: error: /nix/store/w4d9sl2fj5f7rxi4a96pr8cgf7w041k5-gdal-musl-static-aarch64-unknown-linux-musl-3.11.5/lib/libgdal.a(cpl_minizip_unzip.cpp.o) is incompatible with elf_x86_64
          ld.lld: error: /nix/store/w4d9sl2fj5f7rxi4a96pr8cgf7w041k5-gdal-musl-static-aarch64-unknown-linux-musl-3.11.5/lib/libgdal.a(cpl_minizip_zip.cpp.o) is incompatible with elf_x86_64
          ld.lld: error: /nix/store/w4d9sl2fj5f7rxi4a96pr8cgf7w041k5-gdal-musl-static-aarch64-unknown-linux-musl-3.11.5/lib/libgdal.a(cpl_recode_iconv.cpp.o) is incompatible with elf_x86_64
          ld.lld: error: /nix/store/w4d9sl2fj5f7rxi4a96pr8cgf7w041k5-gdal-musl-static-aarch64-unknown-linux-musl-3.11.5/lib/libgdal.a(jcapimin12.c.o) is incompatible with elf_x86_64
          ld.lld: error: /nix/store/w4d9sl2fj5f7rxi4a96pr8cgf7w041k5-gdal-musl-static-aarch64-unknown-linux-musl-3.11.5/lib/libgdal.a(jdapimin12.c.o) is incompatible with elf_x86_64
          ld.lld: error: /nix/store/w4d9sl2fj5f7rxi4a96pr8cgf7w041k5-gdal-musl-static-aarch64-unknown-linux-musl-3.11.5/lib/libgdal.a(jdmarker12.c.o) is incompatible with elf_x86_64
          ld.lld: error: /nix/store/w4d9sl2fj5f7rxi4a96pr8cgf7w041k5-gdal-musl-static-aarch64-unknown-linux-musl-3.11.5/lib/libgdal.a(jdtrans12.c.o) is incompatible with elf_x86_64
          ld.lld: error: /nix/store/w4d9sl2fj5f7rxi4a96pr8cgf7w041k5-gdal-musl-static-aarch64-unknown-linux-musl-3.11.5/lib/libgdal.a(jidctflt12.c.o) is incompatible with elf_x86_64
          ld.lld: error: /nix/store/w4d9sl2fj5f7rxi4a96pr8cgf7w041k5-gdal-musl-static-aarch64-unknown-linux-musl-3.11.5/lib/libgdal.a(jmemmgr12.c.o) is incompatible with elf_x86_64
          ld.lld: error: /nix/store/w4d9sl2fj5f7rxi4a96pr8cgf7w041k5-gdal-musl-static-aarch64-unknown-linux-musl-3.11.5/lib/libgdal.a(jquant212.c.o) is incompatible with elf_x86_64
          ld.lld: error: /nix/store/w4d9sl2fj5f7rxi4a96pr8cgf7w041k5-gdal-musl-static-aarch64-unknown-linux-musl-3.11.5/lib/libgdal.a(jcapistd12.c.o) is incompatible with elf_x86_64
          ld.lld: error: /nix/store/w4d9sl2fj5f7rxi4a96pr8cgf7w041k5-gdal-musl-static-aarch64-unknown-linux-musl-3.11.5/lib/libgdal.a(jcinit12.c.o) is incompatible with elf_x86_64
          ld.lld: error: /nix/store/w4d9sl2fj5f7rxi4a96pr8cgf7w041k5-gdal-musl-static-aarch64-unknown-linux-musl-3.11.5/lib/libgdal.a(jcparam12.c.o) is incompatible with elf_x86_64
          ld.lld: error: /nix/store/w4d9sl2fj5f7rxi4a96pr8cgf7w041k5-gdal-musl-static-aarch64-unknown-linux-musl-3.11.5/lib/libgdal.a(jdapistd12.c.o) is incompatible with elf_x86_64
          ld.lld: error: /nix/store/w4d9sl2fj5f7rxi4a96pr8cgf7w041k5-gdal-musl-static-aarch64-unknown-linux-musl-3.11.5/lib/libgdal.a(jddctmgr12.c.o) is incompatible with elf_x86_64
          ld.lld: error: /nix/store/w4d9sl2fj5f7rxi4a96pr8cgf7w041k5-gdal-musl-static-aarch64-unknown-linux-musl-3.11.5/lib/libgdal.a(jdmaster12.c.o) is incompatible with elf_x86_64
          ld.lld: error: /nix/store/w4d9sl2fj5f7rxi4a96pr8cgf7w041k5-gdal-musl-static-aarch64-unknown-linux-musl-3.11.5/lib/libgdal.a(jerror12.c.o) is incompatible with elf_x86_64
          ld.lld: error: /nix/store/w4d9sl2fj5f7rxi4a96pr8cgf7w041k5-gdal-musl-static-aarch64-unknown-linux-musl-3.11.5/lib/libgdal.a(jidctfst12.c.o) is incompatible with elf_x86_64
          ld.lld: error: /nix/store/w4d9sl2fj5f7rxi4a96pr8cgf7w041k5-gdal-musl-static-aarch64-unknown-linux-musl-3.11.5/lib/libgdal.a(jutils12.c.o) is incompatible with elf_x86_64
          ld.lld: error: /nix/store/w4d9sl2fj5f7rxi4a96pr8cgf7w041k5-gdal-musl-static-aarch64-unknown-linux-musl-3.11.5/lib/libgdal.a(jccoefct12.c.o) is incompatible with elf_x86_64
          ld.lld: error: /nix/store/w4d9sl2fj5f7rxi4a96pr8cgf7w041k5-gdal-musl-static-aarch64-unknown-linux-musl-3.11.5/lib/libgdal.a(jcmainct12.c.o) is incompatible with elf_x86_64
          ld.lld: error: /nix/store/w4d9sl2fj5f7rxi4a96pr8cgf7w041k5-gdal-musl-static-aarch64-unknown-linux-musl-3.11.5/lib/libgdal.a(jcphuff12.c.o) is incompatible with elf_x86_64
          ld.lld: error: /nix/store/w4d9sl2fj5f7rxi4a96pr8cgf7w041k5-gdal-musl-static-aarch64-unknown-linux-musl-3.11.5/lib/libgdal.a(jdatadst12.c.o) is incompatible with elf_x86_64
          ld.lld: error: /nix/store/w4d9sl2fj5f7rxi4a96pr8cgf7w041k5-gdal-musl-static-aarch64-unknown-linux-musl-3.11.5/lib/libgdal.a(jdhuff12.c.o) is incompatible with elf_x86_64
          ld.lld: error: /nix/store/w4d9sl2fj5f7rxi4a96pr8cgf7w041k5-gdal-musl-static-aarch64-unknown-linux-musl-3.11.5/lib/libgdal.a(jdmerge12.c.o) is incompatible with elf_x86_64
          ld.lld: error: /nix/store/w4d9sl2fj5f7rxi4a96pr8cgf7w041k5-gdal-musl-static-aarch64-unknown-linux-musl-3.11.5/lib/libgdal.a(jidctint12.c.o) is incompatible with elf_x86_64
          ld.lld: error: /nix/store/w4d9sl2fj5f7rxi4a96pr8cgf7w041k5-gdal-musl-static-aarch64-unknown-linux-musl-3.11.5/lib/libgdal.a(jccolor12.c.o) is incompatible with elf_x86_64
          ld.lld: error: /nix/store/w4d9sl2fj5f7rxi4a96pr8cgf7w041k5-gdal-musl-static-aarch64-unknown-linux-musl-3.11.5/lib/libgdal.a(jcmarker12.c.o) is incompatible with elf_x86_64
          ld.lld: error: /nix/store/w4d9sl2fj5f7rxi4a96pr8cgf7w041k5-gdal-musl-static-aarch64-unknown-linux-musl-3.11.5/lib/libgdal.a(jcprepct12.c.o) is incompatible with elf_x86_64
          ld.lld: error: /nix/store/w4d9sl2fj5f7rxi4a96pr8cgf7w041k5-gdal-musl-static-aarch64-unknown-linux-musl-3.11.5/lib/libgdal.a(jdatasrc12.c.o) is incompatible with elf_x86_64
          ld.lld: error: /nix/store/w4d9sl2fj5f7rxi4a96pr8cgf7w041k5-gdal-musl-static-aarch64-unknown-linux-musl-3.11.5/lib/libgdal.a(jdphuff12.c.o) is incompatible with elf_x86_64
          ld.lld: error: /nix/store/w4d9sl2fj5f7rxi4a96pr8cgf7w041k5-gdal-musl-static-aarch64-unknown-linux-musl-3.11.5/lib/libgdal.a(jfdctflt12.c.o) is incompatible with elf_x86_64
          ld.lld: error: /nix/store/w4d9sl2fj5f7rxi4a96pr8cgf7w041k5-gdal-musl-static-aarch64-unknown-linux-musl-3.11.5/lib/libgdal.a(jidctred12.c.o) is incompatible with elf_x86_64
          ld.lld: error: /nix/store/w4d9sl2fj5f7rxi4a96pr8cgf7w041k5-gdal-musl-static-aarch64-unknown-linux-musl-3.11.5/lib/libgdal.a(jcdctmgr12.c.o) is incompatible with elf_x86_64
          ld.lld: error: /nix/store/w4d9sl2fj5f7rxi4a96pr8cgf7w041k5-gdal-musl-static-aarch64-unknown-linux-musl-3.11.5/lib/libgdal.a(jcmaster12.c.o) is incompatible with elf_x86_64
          ld.lld: error: /nix/store/w4d9sl2fj5f7rxi4a96pr8cgf7w041k5-gdal-musl-static-aarch64-unknown-linux-musl-3.11.5/lib/libgdal.a(jcsample12.c.o) is incompatible with elf_x86_64
          ld.lld: error: /nix/store/w4d9sl2fj5f7rxi4a96pr8cgf7w041k5-gdal-musl-static-aarch64-unknown-linux-musl-3.11.5/lib/libgdal.a(jdcoefct12.c.o) is incompatible with elf_x86_64
          ld.lld: error: /nix/store/w4d9sl2fj5f7rxi4a96pr8cgf7w041k5-gdal-musl-static-aarch64-unknown-linux-musl-3.11.5/lib/libgdal.a(jdinput12.c.o) is incompatible with elf_x86_64
          ld.lld: error: /nix/store/w4d9sl2fj5f7rxi4a96pr8cgf7w041k5-gdal-musl-static-aarch64-unknown-linux-musl-3.11.5/lib/libgdal.a(jdpostct12.c.o) is incompatible with elf_x86_64
          ld.lld: error: /nix/store/w4d9sl2fj5f7rxi4a96pr8cgf7w041k5-gdal-musl-static-aarch64-unknown-linux-musl-3.11.5/lib/libgdal.a(jfdctfst12.c.o) is incompatible with elf_x86_64
          ld.lld: error: /nix/store/w4d9sl2fj5f7rxi4a96pr8cgf7w041k5-gdal-musl-static-aarch64-unknown-linux-musl-3.11.5/lib/libgdal.a(jchuff12.c.o) is incompatible with elf_x86_64
          ld.lld: error: /nix/store/w4d9sl2fj5f7rxi4a96pr8cgf7w041k5-gdal-musl-static-aarch64-unknown-linux-musl-3.11.5/lib/libgdal.a(jcomapi12.c.o) is incompatible with elf_x86_64
          ld.lld: error: /nix/store/w4d9sl2fj5f7rxi4a96pr8cgf7w041k5-gdal-musl-static-aarch64-unknown-linux-musl-3.11.5/lib/libgdal.a(jctrans12.c.o) is incompatible with elf_x86_64
          ld.lld: error: /nix/store/w4d9sl2fj5f7rxi4a96pr8cgf7w041k5-gdal-musl-static-aarch64-unknown-linux-musl-3.11.5/lib/libgdal.a(jdcolor12.c.o) is incompatible with elf_x86_64
          ld.lld: error: /nix/store/w4d9sl2fj5f7rxi4a96pr8cgf7w041k5-gdal-musl-static-aarch64-unknown-linux-musl-3.11.5/lib/libgdal.a(jdmainct12.c.o) is incompatible with elf_x86_64
          ld.lld: error: /nix/store/w4d9sl2fj5f7rxi4a96pr8cgf7w041k5-gdal-musl-static-aarch64-unknown-linux-musl-3.11.5/lib/libgdal.a(jdsample12.c.o) is incompatible with elf_x86_64
          ld.lld: error: /nix/store/w4d9sl2fj5f7rxi4a96pr8cgf7w041k5-gdal-musl-static-aarch64-unknown-linux-musl-3.11.5/lib/libgdal.a(jfdctint12.c.o) is incompatible with elf_x86_64
          ld.lld: error: /nix/store/w4d9sl2fj5f7rxi4a96pr8cgf7w041k5-gdal-musl-static-aarch64-unknown-linux-musl-3.11.5/lib/libgdal.a(jmemnobs12.c.o) is incompatible with elf_x86_64
          ld.lld: error: /nix/store/w4d9sl2fj5f7rxi4a96pr8cgf7w041k5-gdal-musl-static-aarch64-unknown-linux-musl-3.11.5/lib/libgdal.a(jquant112.c.o) is incompatible with elf_x86_64
          ld.lld: error: /nix/store/w4d9sl2fj5f7rxi4a96pr8cgf7w041k5-gdal-musl-static-aarch64-unknown-linux-musl-3.11.5/lib/libgdal.a(contour.cpp.o) is incompatible with elf_x86_64
          ld.lld: error: /nix/store/w4d9sl2fj5f7rxi4a96pr8cgf7w041k5-gdal-musl-static-aarch64-unknown-linux-musl-3.11.5/lib/libgdal.a(delaunay.c.o) is incompatible with elf_x86_64
          ld.lld: error: /nix/store/w4d9sl2fj5f7rxi4a96pr8cgf7w041k5-gdal-musl-static-aarch64-unknown-linux-musl-3.11.5/lib/libgdal.a(gdal_crs.cpp.o) is incompatible with elf_x86_64
          ld.lld: error: /nix/store/w4d9sl2fj5f7rxi4a96pr8cgf7w041k5-gdal-musl-static-aarch64-unknown-linux-musl-3.11.5/lib/libgdal.a(gdal_homography.cpp.o) is incompatible with elf_x86_64
          ld.lld: error: /nix/store/w4d9sl2fj5f7rxi4a96pr8cgf7w041k5-gdal-musl-static-aarch64-unknown-linux-musl-3.11.5/lib/libgdal.a(gdal_octave.cpp.o) is incompatible with elf_x86_64
          ld.lld: error: /nix/store/w4d9sl2fj5f7rxi4a96pr8cgf7w041k5-gdal-musl-static-aarch64-unknown-linux-musl-3.11.5/lib/libgdal.a(gdal_rpc.cpp.o) is incompatible with elf_x86_64
          ld.lld: error: /nix/store/w4d9sl2fj5f7rxi4a96pr8cgf7w041k5-gdal-musl-static-aarch64-unknown-linux-musl-3.11.5/lib/libgdal.a(gdal_tps.cpp.o) is incompatible with elf_x86_64
          ld.lld: error: /nix/store/w4d9sl2fj5f7rxi4a96pr8cgf7w041k5-gdal-musl-static-aarch64-unknown-linux-musl-3.11.5/lib/libgdal.a(gdalapplyverticalshiftgrid.cpp.o) is incompatible with elf_x86_64
          ld.lld: error: /nix/store/w4d9sl2fj5f7rxi4a96pr8cgf7w041k5-gdal-musl-static-aarch64-unknown-linux-musl-3.11.5/lib/libgdal.a(gdalchecksum.cpp.o) is incompatible with elf_x86_64
          ld.lld: error: /nix/store/w4d9sl2fj5f7rxi4a96pr8cgf7w041k5-gdal-musl-static-aarch64-unknown-linux-musl-3.11.5/lib/libgdal.a(gdalcutline.cpp.o) is incompatible with elf_x86_64
          ld.lld: error: /nix/store/w4d9sl2fj5f7rxi4a96pr8cgf7w041k5-gdal-musl-static-aarch64-unknown-linux-musl-3.11.5/lib/libgdal.a(gdaldither.cpp.o) is incompatible with elf_x86_64
          ld.lld: error: /nix/store/w4d9sl2fj5f7rxi4a96pr8cgf7w041k5-gdal-musl-static-aarch64-unknown-linux-musl-3.11.5/lib/libgdal.a(gdalgeoloc.cpp.o) is incompatible with elf_x86_64
          ld.lld: error: /nix/store/w4d9sl2fj5f7rxi4a96pr8cgf7w041k5-gdal-musl-static-aarch64-unknown-linux-musl-3.11.5/lib/libgdal.a(gdalgeolocquadtree.cpp.o) is incompatible with elf_x86_64
          ld.lld: error: /nix/store/w4d9sl2fj5f7rxi4a96pr8cgf7w041k5-gdal-musl-static-aarch64-unknown-linux-musl-3.11.5/lib/libgdal.a(gdalgrid.cpp.o) is incompatible with elf_x86_64
          ld.lld: error: /nix/store/w4d9sl2fj5f7rxi4a96pr8cgf7w041k5-gdal-musl-static-aarch64-unknown-linux-musl-3.11.5/lib/libgdal.a(gdallinearsystem.cpp.o) is incompatible with elf_x86_64
          ld.lld: error: /nix/store/w4d9sl2fj5f7rxi4a96pr8cgf7w041k5-gdal-musl-static-aarch64-unknown-linux-musl-3.11.5/lib/libgdal.a(gdalmatching.cpp.o) is incompatible with elf_x86_64
          ld.lld: error: /nix/store/w4d9sl2fj5f7rxi4a96pr8cgf7w041k5-gdal-musl-static-aarch64-unknown-linux-musl-3.11.5/lib/libgdal.a(gdalmediancut.cpp.o) is incompatible with elf_x86_64
          ld.lld: error: /nix/store/w4d9sl2fj5f7rxi4a96pr8cgf7w041k5-gdal-musl-static-aarch64-unknown-linux-musl-3.11.5/lib/libgdal.a(gdalpansharpen.cpp.o) is incompatible with elf_x86_64
          ld.lld: error: /nix/store/w4d9sl2fj5f7rxi4a96pr8cgf7w041k5-gdal-musl-static-aarch64-unknown-linux-musl-3.11.5/lib/libgdal.a(gdalproximity.cpp.o) is incompatible with elf_x86_64
          ld.lld: error: /nix/store/w4d9sl2fj5f7rxi4a96pr8cgf7w041k5-gdal-musl-static-aarch64-unknown-linux-musl-3.11.5/lib/libgdal.a(gdalrasterize.cpp.o) is incompatible with elf_x86_64
          ld.lld: error: /nix/store/w4d9sl2fj5f7rxi4a96pr8cgf7w041k5-gdal-musl-static-aarch64-unknown-linux-musl-3.11.5/lib/libgdal.a(gdalrasterpolygonenumerator.cpp.o) is incompatible with elf_x86_64
          ld.lld: error: /nix/store/w4d9sl2fj5f7rxi4a96pr8cgf7w041k5-gdal-musl-static-aarch64-unknown-linux-musl-3.11.5/lib/libgdal.a(gdalsievefilter.cpp.o) is incompatible with elf_x86_64
          ld.lld: error: /nix/store/w4d9sl2fj5f7rxi4a96pr8cgf7w041k5-gdal-musl-static-aarch64-unknown-linux-musl-3.11.5/lib/libgdal.a(gdalsimplewarp.cpp.o) is incompatible with elf_x86_64
          ld.lld: error: /nix/store/w4d9sl2fj5f7rxi4a96pr8cgf7w041k5-gdal-musl-static-aarch64-unknown-linux-musl-3.11.5/lib/libgdal.a(gdaltransformer.cpp.o) is incompatible with elf_x86_64
          ld.lld: error: /nix/store/w4d9sl2fj5f7rxi4a96pr8cgf7w041k5-gdal-musl-static-aarch64-unknown-linux-musl-3.11.5/lib/libgdal.a(gdaltransformgeolocs.cpp.o) is incompatible with elf_x86_64
          ld.lld: error: /nix/store/w4d9sl2fj5f7rxi4a96pr8cgf7w041k5-gdal-musl-static-aarch64-unknown-linux-musl-3.11.5/lib/libgdal.a(gdalwarper.cpp.o) is incompatible with elf_x86_64
          ld.lld: error: /nix/store/w4d9sl2fj5f7rxi4a96pr8cgf7w041k5-gdal-musl-static-aarch64-unknown-linux-musl-3.11.5/lib/libgdal.a(gdalwarpkernel.cpp.o) is incompatible with elf_x86_64
          ld.lld: error: /nix/store/w4d9sl2fj5f7rxi4a96pr8cgf7w041k5-gdal-musl-static-aarch64-unknown-linux-musl-3.11.5/lib/libgdal.a(gdalwarpoperation.cpp.o) is incompatible with elf_x86_64
          ld.lld: error: /nix/store/w4d9sl2fj5f7rxi4a96pr8cgf7w041k5-gdal-musl-static-aarch64-unknown-linux-musl-3.11.5/lib/libgdal.a(llrasterize.cpp.o) is incompatible with elf_x86_64
          ld.lld: error: /nix/store/w4d9sl2fj5f7rxi4a96pr8cgf7w041k5-gdal-musl-static-aarch64-unknown-linux-musl-3.11.5/lib/libgdal.a(los.cpp.o) is incompatible with elf_x86_64
          ld.lld: error: /nix/store/w4d9sl2fj5f7rxi4a96pr8cgf7w041k5-gdal-musl-static-aarch64-unknown-linux-musl-3.11.5/lib/libgdal.a(polygonize.cpp.o) is incompatible with elf_x86_64
          ld.lld: error: /nix/store/w4d9sl2fj5f7rxi4a96pr8cgf7w041k5-gdal-musl-static-aarch64-unknown-linux-musl-3.11.5/lib/libgdal.a(polygonize_polygonizer_impl.cpp.o) is incompatible with elf_x86_64
          ld.lld: error: /nix/store/w4d9sl2fj5f7rxi4a96pr8cgf7w041k5-gdal-musl-static-aarch64-unknown-linux-musl-3.11.5/lib/libgdal.a(rasterfill.cpp.o) is incompatible with elf_x86_64
          ld.lld: error: /nix/store/w4d9sl2fj5f7rxi4a96pr8cgf7w041k5-gdal-musl-static-aarch64-unknown-linux-musl-3.11.5/lib/libgdal.a(thinplatespline.cpp.o) is incompatible with elf_x86_64
          ld.lld: error: /nix/store/w4d9sl2fj5f7rxi4a96pr8cgf7w041k5-gdal-musl-static-aarch64-unknown-linux-musl-3.11.5/lib/libgdal.a(gdal_simplesurf.cpp.o) is incompatible with elf_x86_64
          ld.lld: error: /nix/store/w4d9sl2fj5f7rxi4a96pr8cgf7w041k5-gdal-musl-static-aarch64-unknown-linux-musl-3.11.5/lib/libgdal.a(combiner.cpp.o) is incompatible with elf_x86_64
          ld.lld: error: /nix/store/w4d9sl2fj5f7rxi4a96pr8cgf7w041k5-gdal-musl-static-aarch64-unknown-linux-musl-3.11.5/lib/libgdal.a(cumulative.cpp.o) is incompatible with elf_x86_64
          ld.lld: error: /nix/store/w4d9sl2fj5f7rxi4a96pr8cgf7w041k5-gdal-musl-static-aarch64-unknown-linux-musl-3.11.5/lib/libgdal.a(progress.cpp.o) is incompatible with elf_x86_64
          ld.lld: error: /nix/store/w4d9sl2fj5f7rxi4a96pr8cgf7w041k5-gdal-musl-static-aarch64-unknown-linux-musl-3.11.5/lib/libgdal.a(util.cpp.o) is incompatible with elf_x86_64
          ld.lld: error: /nix/store/w4d9sl2fj5f7rxi4a96pr8cgf7w041k5-gdal-musl-static-aarch64-unknown-linux-musl-3.11.5/lib/libgdal.a(viewshed.cpp.o) is incompatible with elf_x86_64
          ld.lld: error: /nix/store/w4d9sl2fj5f7rxi4a96pr8cgf7w041k5-gdal-musl-static-aarch64-unknown-linux-musl-3.11.5/lib/libgdal.a(viewshed_executor.cpp.o) is incompatible with elf_x86_64
          ld.lld: error: /nix/store/w4d9sl2fj5f7rxi4a96pr8cgf7w041k5-gdal-musl-static-aarch64-unknown-linux-musl-3.11.5/lib/libgdal.a(gdalgenericinverse.cpp.o) is incompatible with elf_x86_64
          ld.lld: error: /nix/store/w4d9sl2fj5f7rxi4a96pr8cgf7w041k5-gdal-musl-static-aarch64-unknown-linux-musl-3.11.5/lib/libgdal.a(gdal_interpolateatpoint.cpp.o) is incompatible with elf_x86_64
          ld.lld: error: /nix/store/w4d9sl2fj5f7rxi4a96pr8cgf7w041k5-gdal-musl-static-aarch64-unknown-linux-musl-3.11.5/lib/libgdal.a(gdalgridsse.cpp.o) is incompatible with elf_x86_64
          ld.lld: error: /nix/store/w4d9sl2fj5f7rxi4a96pr8cgf7w041k5-gdal-musl-static-aarch64-unknown-linux-musl-3.11.5/lib/libgdal.a(ogrgeometryfactory.cpp.o) is incompatible with elf_x86_64
          ld.lld: error: /nix/store/w4d9sl2fj5f7rxi4a96pr8cgf7w041k5-gdal-musl-static-aarch64-unknown-linux-musl-3.11.5/lib/libgdal.a(ogrpoint.cpp.o) is incompatible with elf_x86_64
          ld.lld: error: /nix/store/w4d9sl2fj5f7rxi4a96pr8cgf7w041k5-gdal-musl-static-aarch64-unknown-linux-musl-3.11.5/lib/libgdal.a(ogrcurve.cpp.o) is incompatible with elf_x86_64
          ld.lld: error: /nix/store/w4d9sl2fj5f7rxi4a96pr8cgf7w041k5-gdal-musl-static-aarch64-unknown-linux-musl-3.11.5/lib/libgdal.a(ogrlinestring.cpp.o) is incompatible with elf_x86_64
          ld.lld: error: /nix/store/w4d9sl2fj5f7rxi4a96pr8cgf7w041k5-gdal-musl-static-aarch64-unknown-linux-musl-3.11.5/lib/libgdal.a(ogrlinearring.cpp.o) is incompatible with elf_x86_64
          ld.lld: error: /nix/store/w4d9sl2fj5f7rxi4a96pr8cgf7w041k5-gdal-musl-static-aarch64-unknown-linux-musl-3.11.5/lib/libgdal.a(ogrpolygon.cpp.o) is incompatible with elf_x86_64
          ld.lld: error: /nix/store/w4d9sl2fj5f7rxi4a96pr8cgf7w041k5-gdal-musl-static-aarch64-unknown-linux-musl-3.11.5/lib/libgdal.a(ogrtriangle.cpp.o) is incompatible with elf_x86_64
          ld.lld: error: /nix/store/w4d9sl2fj5f7rxi4a96pr8cgf7w041k5-gdal-musl-static-aarch64-unknown-linux-musl-3.11.5/lib/libgdal.a(ogrutils.cpp.o) is incompatible with elf_x86_64
          ld.lld: error: /nix/store/w4d9sl2fj5f7rxi4a96pr8cgf7w041k5-gdal-musl-static-aarch64-unknown-linux-musl-3.11.5/lib/libgdal.a(ogrgeomcoordinateprecision.cpp.o) is incompatible with elf_x86_64
          ld.lld: error: /nix/store/w4d9sl2fj5f7rxi4a96pr8cgf7w041k5-gdal-musl-static-aarch64-unknown-linux-musl-3.11.5/lib/libgdal.a(ogrgeometry.cpp.o) is incompatible with elf_x86_64
          ld.lld: error: /nix/store/w4d9sl2fj5f7rxi4a96pr8cgf7w041k5-gdal-musl-static-aarch64-unknown-linux-musl-3.11.5/lib/libgdal.a(ogrgeometrycollection.cpp.o) is incompatible with elf_x86_64
          ld.lld: error: /nix/store/w4d9sl2fj5f7rxi4a96pr8cgf7w041k5-gdal-musl-static-aarch64-unknown-linux-musl-3.11.5/lib/libgdal.a(ogrmultipolygon.cpp.o) is incompatible with elf_x86_64
          ld.lld: error: /nix/store/w4d9sl2fj5f7rxi4a96pr8cgf7w041k5-gdal-musl-static-aarch64-unknown-linux-musl-3.11.5/lib/libgdal.a(ogrsurface.cpp.o) is incompatible with elf_x86_64
          ld.lld: error: /nix/store/w4d9sl2fj5f7rxi4a96pr8cgf7w041k5-gdal-musl-static-aarch64-unknown-linux-musl-3.11.5/lib/libgdal.a(ogrpolyhedralsurface.cpp.o) is incompatible with elf_x86_64
          ld.lld: error: /nix/store/w4d9sl2fj5f7rxi4a96pr8cgf7w041k5-gdal-musl-static-aarch64-unknown-linux-musl-3.11.5/lib/libgdal.a(ogrtriangulatedsurface.cpp.o) is incompatible with elf_x86_64
          ld.lld: error: /nix/store/w4d9sl2fj5f7rxi4a96pr8cgf7w041k5-gdal-musl-static-aarch64-unknown-linux-musl-3.11.5/lib/libgdal.a(ogrmultipoint.cpp.o) is incompatible with elf_x86_64
          ld.lld: error: /nix/store/w4d9sl2fj5f7rxi4a96pr8cgf7w041k5-gdal-musl-static-aarch64-unknown-linux-musl-3.11.5/lib/libgdal.a(ogrmultilinestring.cpp.o) is incompatible with elf_x86_64
          ld.lld: error: /nix/store/w4d9sl2fj5f7rxi4a96pr8cgf7w041k5-gdal-musl-static-aarch64-unknown-linux-musl-3.11.5/lib/libgdal.a(ogrcircularstring.cpp.o) is incompatible with elf_x86_64
          ld.lld: error: /nix/store/w4d9sl2fj5f7rxi4a96pr8cgf7w041k5-gdal-musl-static-aarch64-unknown-linux-musl-3.11.5/lib/libgdal.a(ogrcompoundcurve.cpp.o) is incompatible with elf_x86_64
          ld.lld: error: /nix/store/w4d9sl2fj5f7rxi4a96pr8cgf7w041k5-gdal-musl-static-aarch64-unknown-linux-musl-3.11.5/lib/libgdal.a(ogrcurvepolygon.cpp.o) is incompatible with elf_x86_64
          ld.lld: error: /nix/store/w4d9sl2fj5f7rxi4a96pr8cgf7w041k5-gdal-musl-static-aarch64-unknown-linux-musl-3.11.5/lib/libgdal.a(ogrcurvecollection.cpp.o) is incompatible with elf_x86_64
          ld.lld: error: /nix/store/w4d9sl2fj5f7rxi4a96pr8cgf7w041k5-gdal-musl-static-aarch64-unknown-linux-musl-3.11.5/lib/libgdal.a(ogrmulticurve.cpp.o) is incompatible with elf_x86_64
          ld.lld: error: /nix/store/w4d9sl2fj5f7rxi4a96pr8cgf7w041k5-gdal-musl-static-aarch64-unknown-linux-musl-3.11.5/lib/libgdal.a(ogrmultisurface.cpp.o) is incompatible with elf_x86_64
          ld.lld: error: /nix/store/w4d9sl2fj5f7rxi4a96pr8cgf7w041k5-gdal-musl-static-aarch64-unknown-linux-musl-3.11.5/lib/libgdal.a(ogr_api.cpp.o) is incompatible with elf_x86_64
          ld.lld: error: /nix/store/w4d9sl2fj5f7rxi4a96pr8cgf7w041k5-gdal-musl-static-aarch64-unknown-linux-musl-3.11.5/lib/libgdal.a(ogrfeature.cpp.o) is incompatible with elf_x86_64
          ld.lld: error: /nix/store/w4d9sl2fj5f7rxi4a96pr8cgf7w041k5-gdal-musl-static-aarch64-unknown-linux-musl-3.11.5/lib/libgdal.a(ogrfeaturedefn.cpp.o) is incompatible with elf_x86_64
          ld.lld: error: /nix/store/w4d9sl2fj5f7rxi4a96pr8cgf7w041k5-gdal-musl-static-aarch64-unknown-linux-musl-3.11.5/lib/libgdal.a(ogrfeaturequery.cpp.o) is incompatible with elf_x86_64
          ld.lld: error: /nix/store/w4d9sl2fj5f7rxi4a96pr8cgf7w041k5-gdal-musl-static-aarch64-unknown-linux-musl-3.11.5/lib/libgdal.a(ogrfeaturestyle.cpp.o) is incompatible with elf_x86_64
          ld.lld: error: /nix/store/w4d9sl2fj5f7rxi4a96pr8cgf7w041k5-gdal-musl-static-aarch64-unknown-linux-musl-3.11.5/lib/libgdal.a(ogrfielddefn.cpp.o) is incompatible with elf_x86_64
          ld.lld: error: /nix/store/w4d9sl2fj5f7rxi4a96pr8cgf7w041k5-gdal-musl-static-aarch64-unknown-linux-musl-3.11.5/lib/libgdal.a(ogrspatialreference.cpp.o) is incompatible with elf_x86_64
          ld.lld: error: /nix/store/w4d9sl2fj5f7rxi4a96pr8cgf7w041k5-gdal-musl-static-aarch64-unknown-linux-musl-3.11.5/lib/libgdal.a(ogr_srsnode.cpp.o) is incompatible with elf_x86_64
          ld.lld: error: /nix/store/w4d9sl2fj5f7rxi4a96pr8cgf7w041k5-gdal-musl-static-aarch64-unknown-linux-musl-3.11.5/lib/libgdal.a(ogr_fromepsg.cpp.o) is incompatible with elf_x86_64
          ld.lld: error: /nix/store/w4d9sl2fj5f7rxi4a96pr8cgf7w041k5-gdal-musl-static-aarch64-unknown-linux-musl-3.11.5/lib/libgdal.a(ogrct.cpp.o) is incompatible with elf_x86_64
          ld.lld: error: /nix/store/w4d9sl2fj5f7rxi4a96pr8cgf7w041k5-gdal-musl-static-aarch64-unknown-linux-musl-3.11.5/lib/libgdal.a(ogr_srs_cf1.cpp.o) is incompatible with elf_x86_64
          ld.lld: error: /nix/store/w4d9sl2fj5f7rxi4a96pr8cgf7w041k5-gdal-musl-static-aarch64-unknown-linux-musl-3.11.5/lib/libgdal.a(ogr_srs_esri.cpp.o) is incompatible with elf_x86_64
          ld.lld: error: /nix/store/w4d9sl2fj5f7rxi4a96pr8cgf7w041k5-gdal-musl-static-aarch64-unknown-linux-musl-3.11.5/lib/libgdal.a(ogr_srs_pci.cpp.o) is incompatible with elf_x86_64
          ld.lld: error: /nix/store/w4d9sl2fj5f7rxi4a96pr8cgf7w041k5-gdal-musl-static-aarch64-unknown-linux-musl-3.11.5/lib/libgdal.a(ogr_srs_usgs.cpp.o) is incompatible with elf_x86_64
          ld.lld: error: /nix/store/w4d9sl2fj5f7rxi4a96pr8cgf7w041k5-gdal-musl-static-aarch64-unknown-linux-musl-3.11.5/lib/libgdal.a(ogr_srs_dict.cpp.o) is incompatible with elf_x86_64
          ld.lld: error: /nix/store/w4d9sl2fj5f7rxi4a96pr8cgf7w041k5-gdal-musl-static-aarch64-unknown-linux-musl-3.11.5/lib/libgdal.a(ogr_srs_panorama.cpp.o) is incompatible with elf_x86_64
          ld.lld: error: /nix/store/w4d9sl2fj5f7rxi4a96pr8cgf7w041k5-gdal-musl-static-aarch64-unknown-linux-musl-3.11.5/lib/libgdal.a(ogr_srs_ozi.cpp.o) is incompatible with elf_x86_64
          ld.lld: error: /nix/store/w4d9sl2fj5f7rxi4a96pr8cgf7w041k5-gdal-musl-static-aarch64-unknown-linux-musl-3.11.5/lib/libgdal.a(ogr_srs_erm.cpp.o) is incompatible with elf_x86_64
          ld.lld: error: /nix/store/w4d9sl2fj5f7rxi4a96pr8cgf7w041k5-gdal-musl-static-aarch64-unknown-linux-musl-3.11.5/lib/libgdal.a(swq.cpp.o) is incompatible with elf_x86_64
          ld.lld: error: /nix/store/w4d9sl2fj5f7rxi4a96pr8cgf7w041k5-gdal-musl-static-aarch64-unknown-linux-musl-3.11.5/lib/libgdal.a(swq_expr_node.cpp.o) is incompatible with elf_x86_64
          ld.lld: error: /nix/store/w4d9sl2fj5f7rxi4a96pr8cgf7w041k5-gdal-musl-static-aarch64-unknown-linux-musl-3.11.5/lib/libgdal.a(swq_parser.cpp.o) is incompatible with elf_x86_64
          ld.lld: error: /nix/store/w4d9sl2fj5f7rxi4a96pr8cgf7w041k5-gdal-musl-static-aarch64-unknown-linux-musl-3.11.5/lib/libgdal.a(swq_select.cpp.o) is incompatible with elf_x86_64
          ld.lld: error: /nix/store/w4d9sl2fj5f7rxi4a96pr8cgf7w041k5-gdal-musl-static-aarch64-unknown-linux-musl-3.11.5/lib/libgdal.a(swq_op_registrar.cpp.o) is incompatible with elf_x86_64
          ld.lld: error: /nix/store/w4d9sl2fj5f7rxi4a96pr8cgf7w041k5-gdal-musl-static-aarch64-unknown-linux-musl-3.11.5/lib/libgdal.a(swq_op_general.cpp.o) is incompatible with elf_x86_64
          ld.lld: error: /nix/store/w4d9sl2fj5f7rxi4a96pr8cgf7w041k5-gdal-musl-static-aarch64-unknown-linux-musl-3.11.5/lib/libgdal.a(ogr_srs_xml.cpp.o) is incompatible with elf_x86_64
          ld.lld: error: /nix/store/w4d9sl2fj5f7rxi4a96pr8cgf7w041k5-gdal-musl-static-aarch64-unknown-linux-musl-3.11.5/lib/libgdal.a(ograssemblepolygon.cpp.o) is incompatible with elf_x86_64
          ld.lld: error: /nix/store/w4d9sl2fj5f7rxi4a96pr8cgf7w041k5-gdal-musl-static-aarch64-unknown-linux-musl-3.11.5/lib/libgdal.a(ogr2gmlgeometry.cpp.o) is incompatible with elf_x86_64
          ld.lld: error: /nix/store/w4d9sl2fj5f7rxi4a96pr8cgf7w041k5-gdal-musl-static-aarch64-unknown-linux-musl-3.11.5/lib/libgdal.a(gml2ogrgeometry.cpp.o) is incompatible with elf_x86_64
          ld.lld: error: /nix/store/w4d9sl2fj5f7rxi4a96pr8cgf7w041k5-gdal-musl-static-aarch64-unknown-linux-musl-3.11.5/lib/libgdal.a(ogr_expat.cpp.o) is incompatible with elf_x86_64
          ld.lld: error: /nix/store/w4d9sl2fj5f7rxi4a96pr8cgf7w041k5-gdal-musl-static-aarch64-unknown-linux-musl-3.11.5/lib/libgdal.a(ogrpgeogeometry.cpp.o) is incompatible with elf_x86_64
          ld.lld: error: /nix/store/w4d9sl2fj5f7rxi4a96pr8cgf7w041k5-gdal-musl-static-aarch64-unknown-linux-musl-3.11.5/lib/libgdal.a(ogr_geocoding.cpp.o) is incompatible with elf_x86_64
          ld.lld: error: /nix/store/w4d9sl2fj5f7rxi4a96pr8cgf7w041k5-gdal-musl-static-aarch64-unknown-linux-musl-3.11.5/lib/libgdal.a(ogr_schema_override.cpp.o) is incompatible with elf_x86_64
          ld.lld: error: /nix/store/w4d9sl2fj5f7rxi4a96pr8cgf7w041k5-gdal-musl-static-aarch64-unknown-linux-musl-3.11.5/lib/libgdal.a(ogrgeomfielddefn.cpp.o) is incompatible with elf_x86_64
          ld.lld: error: /nix/store/w4d9sl2fj5f7rxi4a96pr8cgf7w041k5-gdal-musl-static-aarch64-unknown-linux-musl-3.11.5/lib/libgdal.a(ograpispy.cpp.o) is incompatible with elf_x86_64
          ld.lld: error: /nix/store/w4d9sl2fj5f7rxi4a96pr8cgf7w041k5-gdal-musl-static-aarch64-unknown-linux-musl-3.11.5/lib/libgdal.a(ogr_xerces.cpp.o) is incompatible with elf_x86_64
          ld.lld: error: /nix/store/w4d9sl2fj5f7rxi4a96pr8cgf7w041k5-gdal-musl-static-aarch64-unknown-linux-musl-3.11.5/lib/libgdal.a(ogr_geo_utils.cpp.o) is incompatible with elf_x86_64
          ld.lld: error: /nix/store/w4d9sl2fj5f7rxi4a96pr8cgf7w041k5-gdal-musl-static-aarch64-unknown-linux-musl-3.11.5/lib/libgdal.a(ogr_proj_p.cpp.o) is incompatible with elf_x86_64
          ld.lld: error: /nix/store/w4d9sl2fj5f7rxi4a96pr8cgf7w041k5-gdal-musl-static-aarch64-unknown-linux-musl-3.11.5/lib/libgdal.a(ogr_wkb.cpp.o) is incompatible with elf_x86_64
          ld.lld: error: /nix/store/w4d9sl2fj5f7rxi4a96pr8cgf7w041k5-gdal-musl-static-aarch64-unknown-linux-musl-3.11.5/lib/libgdal.a(ogrvrtgeometrytypes.cpp.o) is incompatible with elf_x86_64
          ld.lld: error: /nix/store/w4d9sl2fj5f7rxi4a96pr8cgf7w041k5-gdal-musl-static-aarch64-unknown-linux-musl-3.11.5/lib/libgdal.a(ogr2kmlgeometry.cpp.o) is incompatible with elf_x86_64
          ld.lld: error: /nix/store/w4d9sl2fj5f7rxi4a96pr8cgf7w041k5-gdal-musl-static-aarch64-unknown-linux-musl-3.11.5/lib/libgdal.a(ogrlibjsonutils.cpp.o) is incompatible with elf_x86_64
          ld.lld: error: /nix/store/w4d9sl2fj5f7rxi4a96pr8cgf7w041k5-gdal-musl-static-aarch64-unknown-linux-musl-3.11.5/lib/libgdal.a(ogrgeojsongeometry.cpp.o) is incompatible with elf_x86_64
          ld.lld: error: /nix/store/w4d9sl2fj5f7rxi4a96pr8cgf7w041k5-gdal-musl-static-aarch64-unknown-linux-musl-3.11.5/lib/libgdal.a(ogrgeojsonwriter.cpp.o) is incompatible with elf_x86_64
          ld.lld: error: /nix/store/w4d9sl2fj5f7rxi4a96pr8cgf7w041k5-gdal-musl-static-aarch64-unknown-linux-musl-3.11.5/lib/libgdal.a(ogresrijsongeometry.cpp.o) is incompatible with elf_x86_64
          ld.lld: error: /nix/store/w4d9sl2fj5f7rxi4a96pr8cgf7w041k5-gdal-musl-static-aarch64-unknown-linux-musl-3.11.5/lib/libgdal.a(ogrmitabspatialref.cpp.o) is incompatible with elf_x86_64
          ld.lld: error: /nix/store/w4d9sl2fj5f7rxi4a96pr8cgf7w041k5-gdal-musl-static-aarch64-unknown-linux-musl-3.11.5/lib/libgdal.a(mitab_bounds.cpp.o) is incompatible with elf_x86_64
          ld.lld: error: /nix/store/w4d9sl2fj5f7rxi4a96pr8cgf7w041k5-gdal-musl-static-aarch64-unknown-linux-musl-3.11.5/lib/libgdal.a(gnmregisterall.cpp.o) is incompatible with elf_x86_64
          ld.lld: error: /nix/store/w4d9sl2fj5f7rxi4a96pr8cgf7w041k5-gdal-musl-static-aarch64-unknown-linux-musl-3.11.5/lib/libgdal.a(gnmdbdriver.cpp.o) is incompatible with elf_x86_64
          ld.lld: error: /nix/store/w4d9sl2fj5f7rxi4a96pr8cgf7w041k5-gdal-musl-static-aarch64-unknown-linux-musl-3.11.5/lib/libgdal.a(gnmdbnetwork.cpp.o) is incompatible with elf_x86_64
          ld.lld: error: /nix/store/w4d9sl2fj5f7rxi4a96pr8cgf7w041k5-gdal-musl-static-aarch64-unknown-linux-musl-3.11.5/lib/libgdal.a(gnmfiledriver.cpp.o) is incompatible with elf_x86_64
          ld.lld: error: /nix/store/w4d9sl2fj5f7rxi4a96pr8cgf7w041k5-gdal-musl-static-aarch64-unknown-linux-musl-3.11.5/lib/libgdal.a(gnmfilenetwork.cpp.o) is incompatible with elf_x86_64
          ld.lld: error: /nix/store/w4d9sl2fj5f7rxi4a96pr8cgf7w041k5-gdal-musl-static-aarch64-unknown-linux-musl-3.11.5/lib/libgdal.a(gnmlayer.cpp.o) is incompatible with elf_x86_64
          ld.lld: error: /nix/store/w4d9sl2fj5f7rxi4a96pr8cgf7w041k5-gdal-musl-static-aarch64-unknown-linux-musl-3.11.5/lib/libgdal.a(gnmgenericnetwork.cpp.o) is incompatible with elf_x86_64
          ld.lld: error: /nix/store/w4d9sl2fj5f7rxi4a96pr8cgf7w041k5-gdal-musl-static-aarch64-unknown-linux-musl-3.11.5/lib/libgdal.a(gnmgraph.cpp.o) is incompatible with elf_x86_64
          ld.lld: error: /nix/store/w4d9sl2fj5f7rxi4a96pr8cgf7w041k5-gdal-musl-static-aarch64-unknown-linux-musl-3.11.5/lib/libgdal.a(gnmnetwork.cpp.o) is incompatible with elf_x86_64
          ld.lld: error: /nix/store/w4d9sl2fj5f7rxi4a96pr8cgf7w041k5-gdal-musl-static-aarch64-unknown-linux-musl-3.11.5/lib/libgdal.a(gnmresultlayer.cpp.o) is incompatible with elf_x86_64
          ld.lld: error: /nix/store/w4d9sl2fj5f7rxi4a96pr8cgf7w041k5-gdal-musl-static-aarch64-unknown-linux-musl-3.11.5/lib/libgdal.a(gnmrule.cpp.o) is incompatible with elf_x86_64
          ld.lld: error: /nix/store/w4d9sl2fj5f7rxi4a96pr8cgf7w041k5-gdal-musl-static-aarch64-unknown-linux-musl-3.11.5/lib/libgdal.a(cogdriver.cpp.o) is incompatible with elf_x86_64
          ld.lld: error: /nix/store/w4d9sl2fj5f7rxi4a96pr8cgf7w041k5-gdal-musl-static-aarch64-unknown-linux-musl-3.11.5/lib/libgdal.a(gtiffbitmapband.cpp.o) is incompatible with elf_x86_64
          ld.lld: error: /nix/store/w4d9sl2fj5f7rxi4a96pr8cgf7w041k5-gdal-musl-static-aarch64-unknown-linux-musl-3.11.5/lib/libgdal.a(gtiffdataset.cpp.o) is incompatible with elf_x86_64
          ld.lld: error: /nix/store/w4d9sl2fj5f7rxi4a96pr8cgf7w041k5-gdal-musl-static-aarch64-unknown-linux-musl-3.11.5/lib/libgdal.a(gtiffdataset_read.cpp.o) is incompatible with elf_x86_64
          ld.lld: error: /nix/store/w4d9sl2fj5f7rxi4a96pr8cgf7w041k5-gdal-musl-static-aarch64-unknown-linux-musl-3.11.5/lib/libgdal.a(gtiffdataset_write.cpp.o) is incompatible with elf_x86_64
          ld.lld: error: /nix/store/w4d9sl2fj5f7rxi4a96pr8cgf7w041k5-gdal-musl-static-aarch64-unknown-linux-musl-3.11.5/lib/libgdal.a(gtiffjpegoverviewds.cpp.o) is incompatible with elf_x86_64
          ld.lld: error: /nix/store/w4d9sl2fj5f7rxi4a96pr8cgf7w041k5-gdal-musl-static-aarch64-unknown-linux-musl-3.11.5/lib/libgdal.a(gtiffoddbitsband.cpp.o) is incompatible with elf_x86_64
          ld.lld: error: /nix/store/w4d9sl2fj5f7rxi4a96pr8cgf7w041k5-gdal-musl-static-aarch64-unknown-linux-musl-3.11.5/lib/libgdal.a(gtiffrasterband.cpp.o) is incompatible with elf_x86_64
          ld.lld: error: /nix/store/w4d9sl2fj5f7rxi4a96pr8cgf7w041k5-gdal-musl-static-aarch64-unknown-linux-musl-3.11.5/lib/libgdal.a(gtiffrasterband_read.cpp.o) is incompatible with elf_x86_64
          ld.lld: error: /nix/store/w4d9sl2fj5f7rxi4a96pr8cgf7w041k5-gdal-musl-static-aarch64-unknown-linux-musl-3.11.5/lib/libgdal.a(gtiffrasterband_write.cpp.o) is incompatible with elf_x86_64
          ld.lld: error: /nix/store/w4d9sl2fj5f7rxi4a96pr8cgf7w041k5-gdal-musl-static-aarch64-unknown-linux-musl-3.11.5/lib/libgdal.a(gtiffrgbaband.cpp.o) is incompatible with elf_x86_64
          ld.lld: error: /nix/store/w4d9sl2fj5f7rxi4a96pr8cgf7w041k5-gdal-musl-static-aarch64-unknown-linux-musl-3.11.5/lib/libgdal.a(gtiffsplitband.cpp.o) is incompatible with elf_x86_64
          ld.lld: error: /nix/store/w4d9sl2fj5f7rxi4a96pr8cgf7w041k5-gdal-musl-static-aarch64-unknown-linux-musl-3.11.5/lib/libgdal.a(gtiffsplitbitmapband.cpp.o) is incompatible with elf_x86_64
          ld.lld: error: /nix/store/w4d9sl2fj5f7rxi4a96pr8cgf7w041k5-gdal-musl-static-aarch64-unknown-linux-musl-3.11.5/lib/libgdal.a(geotiff.cpp.o) is incompatible with elf_x86_64
          ld.lld: error: /nix/store/w4d9sl2fj5f7rxi4a96pr8cgf7w041k5-gdal-musl-static-aarch64-unknown-linux-musl-3.11.5/lib/libgdal.a(gt_jpeg_copy.cpp.o) is incompatible with elf_x86_64
          ld.lld: error: /nix/store/w4d9sl2fj5f7rxi4a96pr8cgf7w041k5-gdal-musl-static-aarch64-unknown-linux-musl-3.11.5/lib/libgdal.a(gt_citation.cpp.o) is incompatible with elf_x86_64
          ld.lld: error: /nix/store/w4d9sl2fj5f7rxi4a96pr8cgf7w041k5-gdal-musl-static-aarch64-unknown-linux-musl-3.11.5/lib/libgdal.a(gt_overview.cpp.o) is incompatible with elf_x86_64
          ld.lld: error: /nix/store/w4d9sl2fj5f7rxi4a96pr8cgf7w041k5-gdal-musl-static-aarch64-unknown-linux-musl-3.11.5/lib/libgdal.a(gt_wkt_srs.cpp.o) is incompatible with elf_x86_64
          ld.lld: error: /nix/store/w4d9sl2fj5f7rxi4a96pr8cgf7w041k5-gdal-musl-static-aarch64-unknown-linux-musl-3.11.5/lib/libgdal.a(tifvsi.cpp.o) is incompatible with elf_x86_64
          ld.lld: error: /nix/store/w4d9sl2fj5f7rxi4a96pr8cgf7w041k5-gdal-musl-static-aarch64-unknown-linux-musl-3.11.5/lib/libgdal.a(memdataset.cpp.o) is incompatible with elf_x86_64
          ld.lld: error: /nix/store/w4d9sl2fj5f7rxi4a96pr8cgf7w041k5-gdal-musl-static-aarch64-unknown-linux-musl-3.11.5/lib/libgdal.a(ogrmemlayer.cpp.o) is incompatible with elf_x86_64
          ld.lld: error: /nix/store/w4d9sl2fj5f7rxi4a96pr8cgf7w041k5-gdal-musl-static-aarch64-unknown-linux-musl-3.11.5/lib/libgdal.a(vrtderivedrasterband.cpp.o) is incompatible with elf_x86_64
          ld.lld: error: /nix/store/w4d9sl2fj5f7rxi4a96pr8cgf7w041k5-gdal-musl-static-aarch64-unknown-linux-musl-3.11.5/lib/libgdal.a(vrtdriver.cpp.o) is incompatible with elf_x86_64
          ld.lld: error: /nix/store/w4d9sl2fj5f7rxi4a96pr8cgf7w041k5-gdal-musl-static-aarch64-unknown-linux-musl-3.11.5/lib/libgdal.a(vrtfilters.cpp.o) is incompatible with elf_x86_64
          ld.lld: error: /nix/store/w4d9sl2fj5f7rxi4a96pr8cgf7w041k5-gdal-musl-static-aarch64-unknown-linux-musl-3.11.5/lib/libgdal.a(vrtrasterband.cpp.o) is incompatible with elf_x86_64
          ld.lld: error: /nix/store/w4d9sl2fj5f7rxi4a96pr8cgf7w041k5-gdal-musl-static-aarch64-unknown-linux-musl-3.11.5/lib/libgdal.a(vrtrawrasterband.cpp.o) is incompatible with elf_x86_64
          ld.lld: error: /nix/store/w4d9sl2fj5f7rxi4a96pr8cgf7w041k5-gdal-musl-static-aarch64-unknown-linux-musl-3.11.5/lib/libgdal.a(vrtsourcedrasterband.cpp.o) is incompatible with elf_x86_64
          ld.lld: error: /nix/store/w4d9sl2fj5f7rxi4a96pr8cgf7w041k5-gdal-musl-static-aarch64-unknown-linux-musl-3.11.5/lib/libgdal.a(vrtsources.cpp.o) is incompatible with elf_x86_64
          ld.lld: error: /nix/store/w4d9sl2fj5f7rxi4a96pr8cgf7w041k5-gdal-musl-static-aarch64-unknown-linux-musl-3.11.5/lib/libgdal.a(vrtwarped.cpp.o) is incompatible with elf_x86_64
          ld.lld: error: /nix/store/w4d9sl2fj5f7rxi4a96pr8cgf7w041k5-gdal-musl-static-aarch64-unknown-linux-musl-3.11.5/lib/libgdal.a(vrtdataset.cpp.o) is incompatible with elf_x86_64
          ld.lld: error: /nix/store/w4d9sl2fj5f7rxi4a96pr8cgf7w041k5-gdal-musl-static-aarch64-unknown-linux-musl-3.11.5/lib/libgdal.a(pixelfunctions.cpp.o) is incompatible with elf_x86_64
          ld.lld: error: /nix/store/w4d9sl2fj5f7rxi4a96pr8cgf7w041k5-gdal-musl-static-aarch64-unknown-linux-musl-3.11.5/lib/libgdal.a(vrtpansharpened.cpp.o) is incompatible with elf_x86_64
          ld.lld: error: /nix/store/w4d9sl2fj5f7rxi4a96pr8cgf7w041k5-gdal-musl-static-aarch64-unknown-linux-musl-3.11.5/lib/libgdal.a(vrtprocesseddataset.cpp.o) is incompatible with elf_x86_64
          ld.lld: error: /nix/store/w4d9sl2fj5f7rxi4a96pr8cgf7w041k5-gdal-musl-static-aarch64-unknown-linux-musl-3.11.5/lib/libgdal.a(vrtprocesseddatasetfunctions.cpp.o) is incompatible with elf_x86_64
          ld.lld: error: /nix/store/w4d9sl2fj5f7rxi4a96pr8cgf7w041k5-gdal-musl-static-aarch64-unknown-linux-musl-3.11.5/lib/libgdal.a(vrtmultidim.cpp.o) is incompatible with elf_x86_64
          ld.lld: error: /nix/store/w4d9sl2fj5f7rxi4a96pr8cgf7w041k5-gdal-musl-static-aarch64-unknown-linux-musl-3.11.5/lib/libgdal.a(vrtreclassifier.cpp.o) is incompatible with elf_x86_64
          ld.lld: error: /nix/store/w4d9sl2fj5f7rxi4a96pr8cgf7w041k5-gdal-musl-static-aarch64-unknown-linux-musl-3.11.5/lib/libgdal.a(aaigriddataset.cpp.o) is incompatible with elf_x86_64
          ld.lld: error: /nix/store/w4d9sl2fj5f7rxi4a96pr8cgf7w041k5-gdal-musl-static-aarch64-unknown-linux-musl-3.11.5/lib/libgdal.a(netcdfdataset.cpp.o) is incompatible with elf_x86_64
          ld.lld: error: /nix/store/w4d9sl2fj5f7rxi4a96pr8cgf7w041k5-gdal-musl-static-aarch64-unknown-linux-musl-3.11.5/lib/libgdal.a(netcdflayer.cpp.o) is incompatible with elf_x86_64
          ld.lld: error: /nix/store/w4d9sl2fj5f7rxi4a96pr8cgf7w041k5-gdal-musl-static-aarch64-unknown-linux-musl-3.11.5/lib/libgdal.a(netcdfwriterconfig.cpp.o) is incompatible with elf_x86_64
          ld.lld: error: /nix/store/w4d9sl2fj5f7rxi4a96pr8cgf7w041k5-gdal-musl-static-aarch64-unknown-linux-musl-3.11.5/lib/libgdal.a(netcdfsg.cpp.o) is incompatible with elf_x86_64
          ld.lld: error: /nix/store/w4d9sl2fj5f7rxi4a96pr8cgf7w041k5-gdal-musl-static-aarch64-unknown-linux-musl-3.11.5/lib/libgdal.a(netcdflayersg.cpp.o) is incompatible with elf_x86_64
          ld.lld: error: /nix/store/w4d9sl2fj5f7rxi4a96pr8cgf7w041k5-gdal-musl-static-aarch64-unknown-linux-musl-3.11.5/lib/libgdal.a(netcdfsgwriterutil.cpp.o) is incompatible with elf_x86_64
          ld.lld: error: /nix/store/w4d9sl2fj5f7rxi4a96pr8cgf7w041k5-gdal-musl-static-aarch64-unknown-linux-musl-3.11.5/lib/libgdal.a(netcdfmultidim.cpp.o) is incompatible with elf_x86_64
          ld.lld: error: /nix/store/w4d9sl2fj5f7rxi4a96pr8cgf7w041k5-gdal-musl-static-aarch64-unknown-linux-musl-3.11.5/lib/libgdal.a(netcdfvirtual.cpp.o) is incompatible with elf_x86_64
          ld.lld: error: /nix/store/w4d9sl2fj5f7rxi4a96pr8cgf7w041k5-gdal-musl-static-aarch64-unknown-linux-musl-3.11.5/lib/libgdal.a(netcdf_sentinel3_sral_mwr.cpp.o) is incompatible with elf_x86_64
          ld.lld: error: /nix/store/w4d9sl2fj5f7rxi4a96pr8cgf7w041k5-gdal-musl-static-aarch64-unknown-linux-musl-3.11.5/lib/libgdal.a(netcdfdrivercore.cpp.o) is incompatible with elf_x86_64
          ld.lld: error: /nix/store/w4d9sl2fj5f7rxi4a96pr8cgf7w041k5-gdal-musl-static-aarch64-unknown-linux-musl-3.11.5/lib/libgdal.a(gdalallregister.cpp.o) is incompatible with elf_x86_64
          ld.lld: error: /nix/store/w4d9sl2fj5f7rxi4a96pr8cgf7w041k5-gdal-musl-static-aarch64-unknown-linux-musl-3.11.5/lib/libgdal.a(ogrregisterall.cpp.o) is incompatible with elf_x86_64
          ld.lld: error: /nix/store/w4d9sl2fj5f7rxi4a96pr8cgf7w041k5-gdal-musl-static-aarch64-unknown-linux-musl-3.11.5/lib/libgdal.a(ogrgeojsondatasource.cpp.o) is incompatible with elf_x86_64
          ld.lld: error: /nix/store/w4d9sl2fj5f7rxi4a96pr8cgf7w041k5-gdal-musl-static-aarch64-unknown-linux-musl-3.11.5/lib/libgdal.a(ogrgeojsonlayer.cpp.o) is incompatible with elf_x86_64
          ld.lld: error: /nix/store/w4d9sl2fj5f7rxi4a96pr8cgf7w041k5-gdal-musl-static-aarch64-unknown-linux-musl-3.11.5/lib/libgdal.a(ogrgeojsonreader.cpp.o) is incompatible with elf_x86_64
          ld.lld: error: /nix/store/w4d9sl2fj5f7rxi4a96pr8cgf7w041k5-gdal-musl-static-aarch64-unknown-linux-musl-3.11.5/lib/libgdal.a(ogrgeojsonutils.cpp.o) is incompatible with elf_x86_64
          ld.lld: error: /nix/store/w4d9sl2fj5f7rxi4a96pr8cgf7w041k5-gdal-musl-static-aarch64-unknown-linux-musl-3.11.5/lib/libgdal.a(ogrgeojsonwritelayer.cpp.o) is incompatible with elf_x86_64
          ld.lld: error: /nix/store/w4d9sl2fj5f7rxi4a96pr8cgf7w041k5-gdal-musl-static-aarch64-unknown-linux-musl-3.11.5/lib/libgdal.a(ogrgeojsondriver.cpp.o) is incompatible with elf_x86_64
          ld.lld: error: /nix/store/w4d9sl2fj5f7rxi4a96pr8cgf7w041k5-gdal-musl-static-aarch64-unknown-linux-musl-3.11.5/lib/libgdal.a(ogrgeojsonseqdriver.cpp.o) is incompatible with elf_x86_64
          ld.lld: error: /nix/store/w4d9sl2fj5f7rxi4a96pr8cgf7w041k5-gdal-musl-static-aarch64-unknown-linux-musl-3.11.5/lib/libgdal.a(ogresrijsonreader.cpp.o) is incompatible with elf_x86_64
          ld.lld: error: /nix/store/w4d9sl2fj5f7rxi4a96pr8cgf7w041k5-gdal-musl-static-aarch64-unknown-linux-musl-3.11.5/lib/libgdal.a(ogresrijsondriver.cpp.o) is incompatible with elf_x86_64
          ld.lld: error: /nix/store/w4d9sl2fj5f7rxi4a96pr8cgf7w041k5-gdal-musl-static-aarch64-unknown-linux-musl-3.11.5/lib/libgdal.a(ogrtopojsonreader.cpp.o) is incompatible with elf_x86_64
          ld.lld: error: /nix/store/w4d9sl2fj5f7rxi4a96pr8cgf7w041k5-gdal-musl-static-aarch64-unknown-linux-musl-3.11.5/lib/libgdal.a(ogrtopojsondriver.cpp.o) is incompatible with elf_x86_64
          ld.lld: error: /nix/store/w4d9sl2fj5f7rxi4a96pr8cgf7w041k5-gdal-musl-static-aarch64-unknown-linux-musl-3.11.5/lib/libgdal.a(ogrjsoncollectionstreamingparser.cpp.o) is incompatible with elf_x86_64
          ld.lld: error: /nix/store/w4d9sl2fj5f7rxi4a96pr8cgf7w041k5-gdal-musl-static-aarch64-unknown-linux-musl-3.11.5/lib/libgdal.a(shape2ogr.cpp.o) is incompatible with elf_x86_64
          ld.lld: error: /nix/store/w4d9sl2fj5f7rxi4a96pr8cgf7w041k5-gdal-musl-static-aarch64-unknown-linux-musl-3.11.5/lib/libgdal.a(shp_vsi.c.o) is incompatible with elf_x86_64
          ld.lld: error: /nix/store/w4d9sl2fj5f7rxi4a96pr8cgf7w041k5-gdal-musl-static-aarch64-unknown-linux-musl-3.11.5/lib/libgdal.a(ogrshapedatasource.cpp.o) is incompatible with elf_x86_64
          ld.lld: error: /nix/store/w4d9sl2fj5f7rxi4a96pr8cgf7w041k5-gdal-musl-static-aarch64-unknown-linux-musl-3.11.5/lib/libgdal.a(ogrshapedriver.cpp.o) is incompatible with elf_x86_64
          ld.lld: error: /nix/store/w4d9sl2fj5f7rxi4a96pr8cgf7w041k5-gdal-musl-static-aarch64-unknown-linux-musl-3.11.5/lib/libgdal.a(ogrshapelayer.cpp.o) is incompatible with elf_x86_64
          ld.lld: error: /nix/store/w4d9sl2fj5f7rxi4a96pr8cgf7w041k5-gdal-musl-static-aarch64-unknown-linux-musl-3.11.5/lib/libgdal.a(sbnsearch_wrapper.cpp.o) is incompatible with elf_x86_64
          ld.lld: error: /nix/store/w4d9sl2fj5f7rxi4a96pr8cgf7w041k5-gdal-musl-static-aarch64-unknown-linux-musl-3.11.5/lib/libgdal.a(shpopen_wrapper.cpp.o) is incompatible with elf_x86_64
          ld.lld: error: /nix/store/w4d9sl2fj5f7rxi4a96pr8cgf7w041k5-gdal-musl-static-aarch64-unknown-linux-musl-3.11.5/lib/libgdal.a(shptree_wrapper.cpp.o) is incompatible with elf_x86_64
          ld.lld: error: /nix/store/w4d9sl2fj5f7rxi4a96pr8cgf7w041k5-gdal-musl-static-aarch64-unknown-linux-musl-3.11.5/lib/libgdal.a(dbfopen_wrapper.cpp.o) is incompatible with elf_x86_64
          ld.lld: error: /nix/store/w4d9sl2fj5f7rxi4a96pr8cgf7w041k5-gdal-musl-static-aarch64-unknown-linux-musl-3.11.5/lib/libgdal.a(ogrcsvdatasource.cpp.o) is incompatible with elf_x86_64
          ld.lld: error: /nix/store/w4d9sl2fj5f7rxi4a96pr8cgf7w041k5-gdal-musl-static-aarch64-unknown-linux-musl-3.11.5/lib/libgdal.a(ogrcsvdriver.cpp.o) is incompatible with elf_x86_64
          ld.lld: error: /nix/store/w4d9sl2fj5f7rxi4a96pr8cgf7w041k5-gdal-musl-static-aarch64-unknown-linux-musl-3.11.5/lib/libgdal.a(ogrcsvlayer.cpp.o) is incompatible with elf_x86_64
          ld.lld: error: /nix/store/w4d9sl2fj5f7rxi4a96pr8cgf7w041k5-gdal-musl-static-aarch64-unknown-linux-musl-3.11.5/lib/libgdal.a(ogrsqlitedatasource.cpp.o) is incompatible with elf_x86_64
          ld.lld: error: /nix/store/w4d9sl2fj5f7rxi4a96pr8cgf7w041k5-gdal-musl-static-aarch64-unknown-linux-musl-3.11.5/lib/libgdal.a(ogrsqlitedriver.cpp.o) is incompatible with elf_x86_64
          ld.lld: error: /nix/store/w4d9sl2fj5f7rxi4a96pr8cgf7w041k5-gdal-musl-static-aarch64-unknown-linux-musl-3.11.5/lib/libgdal.a(ogrsqlitelayer.cpp.o) is incompatible with elf_x86_64
          ld.lld: error: /nix/store/w4d9sl2fj5f7rxi4a96pr8cgf7w041k5-gdal-musl-static-aarch64-unknown-linux-musl-3.11.5/lib/libgdal.a(ogrsqliteselectlayer.cpp.o) is incompatible with elf_x86_64
          ld.lld: error: /nix/store/w4d9sl2fj5f7rxi4a96pr8cgf7w041k5-gdal-musl-static-aarch64-unknown-linux-musl-3.11.5/lib/libgdal.a(ogrsqlitesinglefeaturelayer.cpp.o) is incompatible with elf_x86_64
          ld.lld: error: /nix/store/w4d9sl2fj5f7rxi4a96pr8cgf7w041k5-gdal-musl-static-aarch64-unknown-linux-musl-3.11.5/lib/libgdal.a(ogrsqlitetablelayer.cpp.o) is incompatible with elf_x86_64
          ld.lld: error: /nix/store/w4d9sl2fj5f7rxi4a96pr8cgf7w041k5-gdal-musl-static-aarch64-unknown-linux-musl-3.11.5/lib/libgdal.a(ogrsqlitevfs.cpp.o) is incompatible with elf_x86_64
          ld.lld: error: /nix/store/w4d9sl2fj5f7rxi4a96pr8cgf7w041k5-gdal-musl-static-aarch64-unknown-linux-musl-3.11.5/lib/libgdal.a(ogrsqliteviewlayer.cpp.o) is incompatible with elf_x86_64
          ld.lld: error: /nix/store/w4d9sl2fj5f7rxi4a96pr8cgf7w041k5-gdal-musl-static-aarch64-unknown-linux-musl-3.11.5/lib/libgdal.a(ogrsqliteexecutesql.cpp.o) is incompatible with elf_x86_64
          ld.lld: error: /nix/store/w4d9sl2fj5f7rxi4a96pr8cgf7w041k5-gdal-musl-static-aarch64-unknown-linux-musl-3.11.5/lib/libgdal.a(ogrsqlitevirtualogr.cpp.o) is incompatible with elf_x86_64
          ld.lld: error: /nix/store/w4d9sl2fj5f7rxi4a96pr8cgf7w041k5-gdal-musl-static-aarch64-unknown-linux-musl-3.11.5/lib/libgdal.a(ogrsqliteutility.cpp.o) is incompatible with elf_x86_64
          ld.lld: error: /nix/store/w4d9sl2fj5f7rxi4a96pr8cgf7w041k5-gdal-musl-static-aarch64-unknown-linux-musl-3.11.5/lib/libgdal.a(ogrsqliteapiroutines.c.o) is incompatible with elf_x86_64
          ld.lld: error: /nix/store/w4d9sl2fj5f7rxi4a96pr8cgf7w041k5-gdal-musl-static-aarch64-unknown-linux-musl-3.11.5/lib/libgdal.a(rasterlite2.cpp.o) is incompatible with elf_x86_64
          ld.lld: error: /nix/store/w4d9sl2fj5f7rxi4a96pr8cgf7w041k5-gdal-musl-static-aarch64-unknown-linux-musl-3.11.5/lib/libgdal.a(wrapper.cpp.o) is incompatible with elf_x86_64
          ld.lld: error: /nix/store/w4d9sl2fj5f7rxi4a96pr8cgf7w041k5-gdal-musl-static-aarch64-unknown-linux-musl-3.11.5/lib/libgdal.a(ogrgeopackagedatasource.cpp.o) is incompatible with elf_x86_64
          ld.lld: error: /nix/store/w4d9sl2fj5f7rxi4a96pr8cgf7w041k5-gdal-musl-static-aarch64-unknown-linux-musl-3.11.5/lib/libgdal.a(ogrgeopackagedriver.cpp.o) is incompatible with elf_x86_64
          ld.lld: error: /nix/store/w4d9sl2fj5f7rxi4a96pr8cgf7w041k5-gdal-musl-static-aarch64-unknown-linux-musl-3.11.5/lib/libgdal.a(ogrgeopackagelayer.cpp.o) is incompatible with elf_x86_64
          ld.lld: error: /nix/store/w4d9sl2fj5f7rxi4a96pr8cgf7w041k5-gdal-musl-static-aarch64-unknown-linux-musl-3.11.5/lib/libgdal.a(ogrgeopackageselectlayer.cpp.o) is incompatible with elf_x86_64
          ld.lld: error: /nix/store/w4d9sl2fj5f7rxi4a96pr8cgf7w041k5-gdal-musl-static-aarch64-unknown-linux-musl-3.11.5/lib/libgdal.a(ogrgeopackagetablelayer.cpp.o) is incompatible with elf_x86_64
          ld.lld: error: /nix/store/w4d9sl2fj5f7rxi4a96pr8cgf7w041k5-gdal-musl-static-aarch64-unknown-linux-musl-3.11.5/lib/libgdal.a(ogrgeopackageutility.cpp.o) is incompatible with elf_x86_64
          ld.lld: error: /nix/store/w4d9sl2fj5f7rxi4a96pr8cgf7w041k5-gdal-musl-static-aarch64-unknown-linux-musl-3.11.5/lib/libgdal.a(gdalgeopackagerasterband.cpp.o) is incompatible with elf_x86_64
          ld.lld: error: /nix/store/w4d9sl2fj5f7rxi4a96pr8cgf7w041k5-gdal-musl-static-aarch64-unknown-linux-musl-3.11.5/lib/libgdal.a(ogrxlsxdatasource.cpp.o) is incompatible with elf_x86_64
          ld.lld: error: /nix/store/w4d9sl2fj5f7rxi4a96pr8cgf7w041k5-gdal-musl-static-aarch64-unknown-linux-musl-3.11.5/lib/libgdal.a(ogrxlsxdriver.cpp.o) is incompatible with elf_x86_64
          ld.lld: error: /nix/store/w4d9sl2fj5f7rxi4a96pr8cgf7w041k5-gdal-musl-static-aarch64-unknown-linux-musl-3.11.5/lib/libgdal.a(ogrxlsdatasource.cpp.o) is incompatible with elf_x86_64
          ld.lld: error: /nix/store/w4d9sl2fj5f7rxi4a96pr8cgf7w041k5-gdal-musl-static-aarch64-unknown-linux-musl-3.11.5/lib/libgdal.a(ogrxlsdriver.cpp.o) is incompatible with elf_x86_64
          ld.lld: error: /nix/store/w4d9sl2fj5f7rxi4a96pr8cgf7w041k5-gdal-musl-static-aarch64-unknown-linux-musl-3.11.5/lib/libgdal.a(ogrxlslayer.cpp.o) is incompatible with elf_x86_64
          ld.lld: error: /nix/store/w4d9sl2fj5f7rxi4a96pr8cgf7w041k5-gdal-musl-static-aarch64-unknown-linux-musl-3.11.5/lib/libgdal.a(ogrxlsdrivercore.cpp.o) is incompatible with elf_x86_64
          ld.lld: error: /nix/store/w4d9sl2fj5f7rxi4a96pr8cgf7w041k5-gdal-musl-static-aarch64-unknown-linux-musl-3.11.5/lib/libgdal.a(ogrsfdriverregistrar.cpp.o) is incompatible with elf_x86_64
          ld.lld: error: /nix/store/w4d9sl2fj5f7rxi4a96pr8cgf7w041k5-gdal-musl-static-aarch64-unknown-linux-musl-3.11.5/lib/libgdal.a(ogrlayer.cpp.o) is incompatible with elf_x86_64
          ld.lld: error: /nix/store/w4d9sl2fj5f7rxi4a96pr8cgf7w041k5-gdal-musl-static-aarch64-unknown-linux-musl-3.11.5/lib/libgdal.a(ogrlayerarrow.cpp.o) is incompatible with elf_x86_64
          ld.lld: error: /nix/store/w4d9sl2fj5f7rxi4a96pr8cgf7w041k5-gdal-musl-static-aarch64-unknown-linux-musl-3.11.5/lib/libgdal.a(ogrdatasource.cpp.o) is incompatible with elf_x86_64
          ld.lld: error: /nix/store/w4d9sl2fj5f7rxi4a96pr8cgf7w041k5-gdal-musl-static-aarch64-unknown-linux-musl-3.11.5/lib/libgdal.a(ogrsfdriver.cpp.o) is incompatible with elf_x86_64
          ld.lld: error: /nix/store/w4d9sl2fj5f7rxi4a96pr8cgf7w041k5-gdal-musl-static-aarch64-unknown-linux-musl-3.11.5/lib/libgdal.a(ogr_gensql.cpp.o) is incompatible with elf_x86_64
          ld.lld: error: /nix/store/w4d9sl2fj5f7rxi4a96pr8cgf7w041k5-gdal-musl-static-aarch64-unknown-linux-musl-3.11.5/lib/libgdal.a(ogr_attrind.cpp.o) is incompatible with elf_x86_64
          ld.lld: error: /nix/store/w4d9sl2fj5f7rxi4a96pr8cgf7w041k5-gdal-musl-static-aarch64-unknown-linux-musl-3.11.5/lib/libgdal.a(ogr_miattrind.cpp.o) is incompatible with elf_x86_64
          ld.lld: error: /nix/store/w4d9sl2fj5f7rxi4a96pr8cgf7w041k5-gdal-musl-static-aarch64-unknown-linux-musl-3.11.5/lib/libgdal.a(ogrwarpedlayer.cpp.o) is incompatible with elf_x86_64
          ld.lld: error: /nix/store/w4d9sl2fj5f7rxi4a96pr8cgf7w041k5-gdal-musl-static-aarch64-unknown-linux-musl-3.11.5/lib/libgdal.a(ogrunionlayer.cpp.o) is incompatible with elf_x86_64
          ld.lld: error: /nix/store/w4d9sl2fj5f7rxi4a96pr8cgf7w041k5-gdal-musl-static-aarch64-unknown-linux-musl-3.11.5/lib/libgdal.a(ogrlayerpool.cpp.o) is incompatible with elf_x86_64
          ld.lld: error: /nix/store/w4d9sl2fj5f7rxi4a96pr8cgf7w041k5-gdal-musl-static-aarch64-unknown-linux-musl-3.11.5/lib/libgdal.a(ogrlayerdecorator.cpp.o) is incompatible with elf_x86_64
          ld.lld: error: /nix/store/w4d9sl2fj5f7rxi4a96pr8cgf7w041k5-gdal-musl-static-aarch64-unknown-linux-musl-3.11.5/lib/libgdal.a(ogrlayerwithtranslatefeature.cpp.o) is incompatible with elf_x86_64
          ld.lld: error: /nix/store/w4d9sl2fj5f7rxi4a96pr8cgf7w041k5-gdal-musl-static-aarch64-unknown-linux-musl-3.11.5/lib/libgdal.a(ogreditablelayer.cpp.o) is incompatible with elf_x86_64
          ld.lld: error: /nix/store/w4d9sl2fj5f7rxi4a96pr8cgf7w041k5-gdal-musl-static-aarch64-unknown-linux-musl-3.11.5/lib/libgdal.a(ogrmutexeddatasource.cpp.o) is incompatible with elf_x86_64
          ld.lld: error: /nix/store/w4d9sl2fj5f7rxi4a96pr8cgf7w041k5-gdal-musl-static-aarch64-unknown-linux-musl-3.11.5/lib/libgdal.a(ogrmutexedlayer.cpp.o) is incompatible with elf_x86_64
          ld.lld: error: /nix/store/w4d9sl2fj5f7rxi4a96pr8cgf7w041k5-gdal-musl-static-aarch64-unknown-linux-musl-3.11.5/lib/libgdal.a(ograrrowarrayhelper.cpp.o) is incompatible with elf_x86_64
          ld.lld: error: /nix/store/w4d9sl2fj5f7rxi4a96pr8cgf7w041k5-gdal-musl-static-aarch64-unknown-linux-musl-3.11.5/lib/libgdal.a(gdal_misc.cpp.o) is incompatible with elf_x86_64
          ld.lld: error: /nix/store/w4d9sl2fj5f7rxi4a96pr8cgf7w041k5-gdal-musl-static-aarch64-unknown-linux-musl-3.11.5/lib/libgdal.a(gdal_adbc.cpp.o) is incompatible with elf_x86_64
          ld.lld: error: /nix/store/w4d9sl2fj5f7rxi4a96pr8cgf7w041k5-gdal-musl-static-aarch64-unknown-linux-musl-3.11.5/lib/libgdal.a(gdalalgorithm.cpp.o) is incompatible with elf_x86_64
          ld.lld: error: /nix/store/w4d9sl2fj5f7rxi4a96pr8cgf7w041k5-gdal-musl-static-aarch64-unknown-linux-musl-3.11.5/lib/libgdal.a(gdalalgorithmregistry.cpp.o) is incompatible with elf_x86_64
          ld.lld: error: /nix/store/w4d9sl2fj5f7rxi4a96pr8cgf7w041k5-gdal-musl-static-aarch64-unknown-linux-musl-3.11.5/lib/libgdal.a(gdalopeninfo.cpp.o) is incompatible with elf_x86_64
          ld.lld: error: /nix/store/w4d9sl2fj5f7rxi4a96pr8cgf7w041k5-gdal-musl-static-aarch64-unknown-linux-musl-3.11.5/lib/libgdal.a(gdaldriver.cpp.o) is incompatible with elf_x86_64
          ld.lld: error: /nix/store/w4d9sl2fj5f7rxi4a96pr8cgf7w041k5-gdal-musl-static-aarch64-unknown-linux-musl-3.11.5/lib/libgdal.a(gdaldrivermanager.cpp.o) is incompatible with elf_x86_64
          ld.lld: error: /nix/store/w4d9sl2fj5f7rxi4a96pr8cgf7w041k5-gdal-musl-static-aarch64-unknown-linux-musl-3.11.5/lib/libgdal.a(gdaldataset.cpp.o) is incompatible with elf_x86_64
          ld.lld: error: /nix/store/w4d9sl2fj5f7rxi4a96pr8cgf7w041k5-gdal-musl-static-aarch64-unknown-linux-musl-3.11.5/lib/libgdal.a(gdalrasterband.cpp.o) is incompatible with elf_x86_64
          ld.lld: error: /nix/store/w4d9sl2fj5f7rxi4a96pr8cgf7w041k5-gdal-musl-static-aarch64-unknown-linux-musl-3.11.5/lib/libgdal.a(gdalrasterblock.cpp.o) is incompatible with elf_x86_64
          ld.lld: error: /nix/store/w4d9sl2fj5f7rxi4a96pr8cgf7w041k5-gdal-musl-static-aarch64-unknown-linux-musl-3.11.5/lib/libgdal.a(gdalcolortable.cpp.o) is incompatible with elf_x86_64
          ld.lld: error: /nix/store/w4d9sl2fj5f7rxi4a96pr8cgf7w041k5-gdal-musl-static-aarch64-unknown-linux-musl-3.11.5/lib/libgdal.a(gdalmajorobject.cpp.o) is incompatible with elf_x86_64
          ld.lld: error: /nix/store/w4d9sl2fj5f7rxi4a96pr8cgf7w041k5-gdal-musl-static-aarch64-unknown-linux-musl-3.11.5/lib/libgdal.a(gdaldefaultoverviews.cpp.o) is incompatible with elf_x86_64
          ld.lld: error: /nix/store/w4d9sl2fj5f7rxi4a96pr8cgf7w041k5-gdal-musl-static-aarch64-unknown-linux-musl-3.11.5/lib/libgdal.a(gdalpamdataset.cpp.o) is incompatible with elf_x86_64
          ld.lld: error: /nix/store/w4d9sl2fj5f7rxi4a96pr8cgf7w041k5-gdal-musl-static-aarch64-unknown-linux-musl-3.11.5/lib/libgdal.a(gdalpamrasterband.cpp.o) is incompatible with elf_x86_64
          ld.lld: error: /nix/store/w4d9sl2fj5f7rxi4a96pr8cgf7w041k5-gdal-musl-static-aarch64-unknown-linux-musl-3.11.5/lib/libgdal.a(gdaljp2metadata.cpp.o) is incompatible with elf_x86_64
          ld.lld: error: /nix/store/w4d9sl2fj5f7rxi4a96pr8cgf7w041k5-gdal-musl-static-aarch64-unknown-linux-musl-3.11.5/lib/libgdal.a(gdaljp2box.cpp.o) is incompatible with elf_x86_64
          ld.lld: error: /nix/store/w4d9sl2fj5f7rxi4a96pr8cgf7w041k5-gdal-musl-static-aarch64-unknown-linux-musl-3.11.5/lib/libgdal.a(gdalmultidomainmetadata.cpp.o) is incompatible with elf_x86_64
          ld.lld: error: /nix/store/w4d9sl2fj5f7rxi4a96pr8cgf7w041k5-gdal-musl-static-aarch64-unknown-linux-musl-3.11.5/lib/libgdal.a(gdal_rat.cpp.o) is incompatible with elf_x86_64
          ld.lld: error: /nix/store/w4d9sl2fj5f7rxi4a96pr8cgf7w041k5-gdal-musl-static-aarch64-unknown-linux-musl-3.11.5/lib/libgdal.a(gdal_rat_vat_dbf.cpp.o) is incompatible with elf_x86_64
          ld.lld: error: /nix/store/w4d9sl2fj5f7rxi4a96pr8cgf7w041k5-gdal-musl-static-aarch64-unknown-linux-musl-3.11.5/lib/libgdal.a(gdalpamproxydb.cpp.o) is incompatible with elf_x86_64
          ld.lld: error: /nix/store/w4d9sl2fj5f7rxi4a96pr8cgf7w041k5-gdal-musl-static-aarch64-unknown-linux-musl-3.11.5/lib/libgdal.a(gdalallvalidmaskband.cpp.o) is incompatible with elf_x86_64
          ld.lld: error: /nix/store/w4d9sl2fj5f7rxi4a96pr8cgf7w041k5-gdal-musl-static-aarch64-unknown-linux-musl-3.11.5/lib/libgdal.a(gdalnodatamaskband.cpp.o) is incompatible with elf_x86_64
          ld.lld: error: /nix/store/w4d9sl2fj5f7rxi4a96pr8cgf7w041k5-gdal-musl-static-aarch64-unknown-linux-musl-3.11.5/lib/libgdal.a(gdalnodatavaluesmaskband.cpp.o) is incompatible with elf_x86_64
          ld.lld: error: /nix/store/w4d9sl2fj5f7rxi4a96pr8cgf7w041k5-gdal-musl-static-aarch64-unknown-linux-musl-3.11.5/lib/libgdal.a(gdalproxydataset.cpp.o) is incompatible with elf_x86_64
          ld.lld: error: /nix/store/w4d9sl2fj5f7rxi4a96pr8cgf7w041k5-gdal-musl-static-aarch64-unknown-linux-musl-3.11.5/lib/libgdal.a(gdalproxypool.cpp.o) is incompatible with elf_x86_64
          ld.lld: error: /nix/store/w4d9sl2fj5f7rxi4a96pr8cgf7w041k5-gdal-musl-static-aarch64-unknown-linux-musl-3.11.5/lib/libgdal.a(gdaldefaultasync.cpp.o) is incompatible with elf_x86_64
          ld.lld: error: /nix/store/w4d9sl2fj5f7rxi4a96pr8cgf7w041k5-gdal-musl-static-aarch64-unknown-linux-musl-3.11.5/lib/libgdal.a(gdaldllmain.cpp.o) is incompatible with elf_x86_64
          ld.lld: error: /nix/store/w4d9sl2fj5f7rxi4a96pr8cgf7w041k5-gdal-musl-static-aarch64-unknown-linux-musl-3.11.5/lib/libgdal.a(gdalexif.cpp.o) is incompatible with elf_x86_64
          ld.lld: error: /nix/store/w4d9sl2fj5f7rxi4a96pr8cgf7w041k5-gdal-musl-static-aarch64-unknown-linux-musl-3.11.5/lib/libgdal.a(gdalgeorefpamdataset.cpp.o) is incompatible with elf_x86_64
          ld.lld: error: /nix/store/w4d9sl2fj5f7rxi4a96pr8cgf7w041k5-gdal-musl-static-aarch64-unknown-linux-musl-3.11.5/lib/libgdal.a(gdaljp2abstractdataset.cpp.o) is incompatible with elf_x86_64
          ld.lld: error: /nix/store/w4d9sl2fj5f7rxi4a96pr8cgf7w041k5-gdal-musl-static-aarch64-unknown-linux-musl-3.11.5/lib/libgdal.a(gdalvirtualmem.cpp.o) is incompatible with elf_x86_64
          ld.lld: error: /nix/store/w4d9sl2fj5f7rxi4a96pr8cgf7w041k5-gdal-musl-static-aarch64-unknown-linux-musl-3.11.5/lib/libgdal.a(gdaloverviewdataset.cpp.o) is incompatible with elf_x86_64
          ld.lld: error: /nix/store/w4d9sl2fj5f7rxi4a96pr8cgf7w041k5-gdal-musl-static-aarch64-unknown-linux-musl-3.11.5/lib/libgdal.a(gdalrescaledalphaband.cpp.o) is incompatible with elf_x86_64
          ld.lld: error: /nix/store/w4d9sl2fj5f7rxi4a96pr8cgf7w041k5-gdal-musl-static-aarch64-unknown-linux-musl-3.11.5/lib/libgdal.a(gdaljp2structure.cpp.o) is incompatible with elf_x86_64
          ld.lld: error: /nix/store/w4d9sl2fj5f7rxi4a96pr8cgf7w041k5-gdal-musl-static-aarch64-unknown-linux-musl-3.11.5/lib/libgdal.a(gdal_mdreader.cpp.o) is incompatible with elf_x86_64
          ld.lld: error: /nix/store/w4d9sl2fj5f7rxi4a96pr8cgf7w041k5-gdal-musl-static-aarch64-unknown-linux-musl-3.11.5/lib/libgdal.a(gdaljp2metadatagenerator.cpp.o) is incompatible with elf_x86_64
          ld.lld: error: /nix/store/w4d9sl2fj5f7rxi4a96pr8cgf7w041k5-gdal-musl-static-aarch64-unknown-linux-musl-3.11.5/lib/libgdal.a(gdalabstractbandblockcache.cpp.o) is incompatible with elf_x86_64
          ld.lld: error: /nix/store/w4d9sl2fj5f7rxi4a96pr8cgf7w041k5-gdal-musl-static-aarch64-unknown-linux-musl-3.11.5/lib/libgdal.a(gdalarraybandblockcache.cpp.o) is incompatible with elf_x86_64
          ld.lld: error: /nix/store/w4d9sl2fj5f7rxi4a96pr8cgf7w041k5-gdal-musl-static-aarch64-unknown-linux-musl-3.11.5/lib/libgdal.a(gdalhashsetbandblockcache.cpp.o) is incompatible with elf_x86_64
          ld.lld: error: /nix/store/w4d9sl2fj5f7rxi4a96pr8cgf7w041k5-gdal-musl-static-aarch64-unknown-linux-musl-3.11.5/lib/libgdal.a(gdalrelationship.cpp.o) is incompatible with elf_x86_64
          ld.lld: error: /nix/store/w4d9sl2fj5f7rxi4a96pr8cgf7w041k5-gdal-musl-static-aarch64-unknown-linux-musl-3.11.5/lib/libgdal.a(gdalsubdatasetinfo.cpp.o) is incompatible with elf_x86_64
          ld.lld: error: /nix/store/w4d9sl2fj5f7rxi4a96pr8cgf7w041k5-gdal-musl-static-aarch64-unknown-linux-musl-3.11.5/lib/libgdal.a(gdalorienteddataset.cpp.o) is incompatible with elf_x86_64
          ld.lld: error: /nix/store/w4d9sl2fj5f7rxi4a96pr8cgf7w041k5-gdal-musl-static-aarch64-unknown-linux-musl-3.11.5/lib/libgdal.a(gdalthreadsafedataset.cpp.o) is incompatible with elf_x86_64
          ld.lld: error: /nix/store/w4d9sl2fj5f7rxi4a96pr8cgf7w041k5-gdal-musl-static-aarch64-unknown-linux-musl-3.11.5/lib/libgdal.a(geoheif.cpp.o) is incompatible with elf_x86_64
          ld.lld: error: /nix/store/w4d9sl2fj5f7rxi4a96pr8cgf7w041k5-gdal-musl-static-aarch64-unknown-linux-musl-3.11.5/lib/libgdal.a(overview.cpp.o) is incompatible with elf_x86_64
          ld.lld: error: /nix/store/w4d9sl2fj5f7rxi4a96pr8cgf7w041k5-gdal-musl-static-aarch64-unknown-linux-musl-3.11.5/lib/libgdal.a(rasterio.cpp.o) is incompatible with elf_x86_64
          ld.lld: error: /nix/store/w4d9sl2fj5f7rxi4a96pr8cgf7w041k5-gdal-musl-static-aarch64-unknown-linux-musl-3.11.5/lib/libgdal.a(rawdataset.cpp.o) is incompatible with elf_x86_64
          ld.lld: error: /nix/store/w4d9sl2fj5f7rxi4a96pr8cgf7w041k5-gdal-musl-static-aarch64-unknown-linux-musl-3.11.5/lib/libgdal.a(gdalmultidim.cpp.o) is incompatible with elf_x86_64
          ld.lld: error: /nix/store/w4d9sl2fj5f7rxi4a96pr8cgf7w041k5-gdal-musl-static-aarch64-unknown-linux-musl-3.11.5/lib/libgdal.a(gdalmultidim_gridded.cpp.o) is incompatible with elf_x86_64
          ld.lld: error: /nix/store/w4d9sl2fj5f7rxi4a96pr8cgf7w041k5-gdal-musl-static-aarch64-unknown-linux-musl-3.11.5/lib/libgdal.a(gdalmultidim_gltorthorectification.cpp.o) is incompatible with elf_x86_64
          ld.lld: error: /nix/store/w4d9sl2fj5f7rxi4a96pr8cgf7w041k5-gdal-musl-static-aarch64-unknown-linux-musl-3.11.5/lib/libgdal.a(gdalmultidim_meshgrid.cpp.o) is incompatible with elf_x86_64
          ld.lld: error: /nix/store/w4d9sl2fj5f7rxi4a96pr8cgf7w041k5-gdal-musl-static-aarch64-unknown-linux-musl-3.11.5/lib/libgdal.a(gdalmultidim_subsetdimension.cpp.o) is incompatible with elf_x86_64
          ld.lld: error: /nix/store/w4d9sl2fj5f7rxi4a96pr8cgf7w041k5-gdal-musl-static-aarch64-unknown-linux-musl-3.11.5/lib/libgdal.a(gdalmultidim_rat.cpp.o) is incompatible with elf_x86_64
          ld.lld: error: /nix/store/w4d9sl2fj5f7rxi4a96pr8cgf7w041k5-gdal-musl-static-aarch64-unknown-linux-musl-3.11.5/lib/libgdal.a(gdalpython.cpp.o) is incompatible with elf_x86_64
          ld.lld: error: /nix/store/w4d9sl2fj5f7rxi4a96pr8cgf7w041k5-gdal-musl-static-aarch64-unknown-linux-musl-3.11.5/lib/libgdal.a(gdalpythondriverloader.cpp.o) is incompatible with elf_x86_64
          ld.lld: error: /nix/store/w4d9sl2fj5f7rxi4a96pr8cgf7w041k5-gdal-musl-static-aarch64-unknown-linux-musl-3.11.5/lib/libgdal.a(tilematrixset.cpp.o) is incompatible with elf_x86_64
          ld.lld: error: /nix/store/w4d9sl2fj5f7rxi4a96pr8cgf7w041k5-gdal-musl-static-aarch64-unknown-linux-musl-3.11.5/lib/libgdal.a(gdal_thread_pool.cpp.o) is incompatible with elf_x86_64
          ld.lld: error: /nix/store/w4d9sl2fj5f7rxi4a96pr8cgf7w041k5-gdal-musl-static-aarch64-unknown-linux-musl-3.11.5/lib/libgdal.a(nasakeywordhandler.cpp.o) is incompatible with elf_x86_64
          ld.lld: error: /nix/store/w4d9sl2fj5f7rxi4a96pr8cgf7w041k5-gdal-musl-static-aarch64-unknown-linux-musl-3.11.5/lib/libgdal.a(tiff_common.cpp.o) is incompatible with elf_x86_64
          ld.lld: error: /nix/store/w4d9sl2fj5f7rxi4a96pr8cgf7w041k5-gdal-musl-static-aarch64-unknown-linux-musl-3.11.5/lib/libgdal.a(rasterio_ssse3.cpp.o) is incompatible with elf_x86_64
          ld.lld: error: /nix/store/w4d9sl2fj5f7rxi4a96pr8cgf7w041k5-gdal-musl-static-aarch64-unknown-linux-musl-3.11.5/lib/libgdal.a(reader_alos.cpp.o) is incompatible with elf_x86_64
          ld.lld: error: /nix/store/w4d9sl2fj5f7rxi4a96pr8cgf7w041k5-gdal-musl-static-aarch64-unknown-linux-musl-3.11.5/lib/libgdal.a(reader_digital_globe.cpp.o) is incompatible with elf_x86_64
          ld.lld: error: /nix/store/w4d9sl2fj5f7rxi4a96pr8cgf7w041k5-gdal-musl-static-aarch64-unknown-linux-musl-3.11.5/lib/libgdal.a(reader_eros.cpp.o) is incompatible with elf_x86_64
          ld.lld: error: /nix/store/w4d9sl2fj5f7rxi4a96pr8cgf7w041k5-gdal-musl-static-aarch64-unknown-linux-musl-3.11.5/lib/libgdal.a(reader_geo_eye.cpp.o) is incompatible with elf_x86_64
          ld.lld: error: /nix/store/w4d9sl2fj5f7rxi4a96pr8cgf7w041k5-gdal-musl-static-aarch64-unknown-linux-musl-3.11.5/lib/libgdal.a(reader_kompsat.cpp.o) is incompatible with elf_x86_64
          ld.lld: error: /nix/store/w4d9sl2fj5f7rxi4a96pr8cgf7w041k5-gdal-musl-static-aarch64-unknown-linux-musl-3.11.5/lib/libgdal.a(reader_landsat.cpp.o) is incompatible with elf_x86_64
          ld.lld: error: /nix/store/w4d9sl2fj5f7rxi4a96pr8cgf7w041k5-gdal-musl-static-aarch64-unknown-linux-musl-3.11.5/lib/libgdal.a(reader_orb_view.cpp.o) is incompatible with elf_x86_64
          ld.lld: error: /nix/store/w4d9sl2fj5f7rxi4a96pr8cgf7w041k5-gdal-musl-static-aarch64-unknown-linux-musl-3.11.5/lib/libgdal.a(reader_pleiades.cpp.o) is incompatible with elf_x86_64
          ld.lld: error: /nix/store/w4d9sl2fj5f7rxi4a96pr8cgf7w041k5-gdal-musl-static-aarch64-unknown-linux-musl-3.11.5/lib/libgdal.a(reader_rapid_eye.cpp.o) is incompatible with elf_x86_64
          ld.lld: error: /nix/store/w4d9sl2fj5f7rxi4a96pr8cgf7w041k5-gdal-musl-static-aarch64-unknown-linux-musl-3.11.5/lib/libgdal.a(reader_rdk1.cpp.o) is incompatible with elf_x86_64
          ld.lld: error: /nix/store/w4d9sl2fj5f7rxi4a96pr8cgf7w041k5-gdal-musl-static-aarch64-unknown-linux-musl-3.11.5/lib/libgdal.a(reader_spot.cpp.o) is incompatible with elf_x86_64
          ld.lld: error: /nix/store/w4d9sl2fj5f7rxi4a96pr8cgf7w041k5-gdal-musl-static-aarch64-unknown-linux-musl-3.11.5/lib/libgdal.a(gdalargumentparser.cpp.o) is incompatible with elf_x86_64
          ld.lld: error: /nix/store/w4d9sl2fj5f7rxi4a96pr8cgf7w041k5-gdal-musl-static-aarch64-unknown-linux-musl-3.11.5/lib/libgdal.a(gdalalg_clip_common.cpp.o) is incompatible with elf_x86_64
          ld.lld: error: /nix/store/w4d9sl2fj5f7rxi4a96pr8cgf7w041k5-gdal-musl-static-aarch64-unknown-linux-musl-3.11.5/lib/libgdal.a(gdalalg_convert.cpp.o) is incompatible with elf_x86_64
          ld.lld: error: /nix/store/w4d9sl2fj5f7rxi4a96pr8cgf7w041k5-gdal-musl-static-aarch64-unknown-linux-musl-3.11.5/lib/libgdal.a(gdalalg_info.cpp.o) is incompatible with elf_x86_64
          ld.lld: error: /nix/store/w4d9sl2fj5f7rxi4a96pr8cgf7w041k5-gdal-musl-static-aarch64-unknown-linux-musl-3.11.5/lib/libgdal.a(gdalalg_main.cpp.o) is incompatible with elf_x86_64
          ld.lld: error: /nix/store/w4d9sl2fj5f7rxi4a96pr8cgf7w041k5-gdal-musl-static-aarch64-unknown-linux-musl-3.11.5/lib/libgdal.a(gdalalg_mdim.cpp.o) is incompatible with elf_x86_64
          ld.lld: error: /nix/store/w4d9sl2fj5f7rxi4a96pr8cgf7w041k5-gdal-musl-static-aarch64-unknown-linux-musl-3.11.5/lib/libgdal.a(gdalalg_mdim_info.cpp.o) is incompatible with elf_x86_64
          ld.lld: error: /nix/store/w4d9sl2fj5f7rxi4a96pr8cgf7w041k5-gdal-musl-static-aarch64-unknown-linux-musl-3.11.5/lib/libgdal.a(gdalalg_mdim_convert.cpp.o) is incompatible with elf_x86_64
          ld.lld: error: /nix/store/w4d9sl2fj5f7rxi4a96pr8cgf7w041k5-gdal-musl-static-aarch64-unknown-linux-musl-3.11.5/lib/libgdal.a(gdalalg_pipeline.cpp.o) is incompatible with elf_x86_64
          ld.lld: error: /nix/store/w4d9sl2fj5f7rxi4a96pr8cgf7w041k5-gdal-musl-static-aarch64-unknown-linux-musl-3.11.5/lib/libgdal.a(gdalalg_raster.cpp.o) is incompatible with elf_x86_64
          ld.lld: error: /nix/store/w4d9sl2fj5f7rxi4a96pr8cgf7w041k5-gdal-musl-static-aarch64-unknown-linux-musl-3.11.5/lib/libgdal.a(gdalalg_raster_info.cpp.o) is incompatible with elf_x86_64
          ld.lld: error: /nix/store/w4d9sl2fj5f7rxi4a96pr8cgf7w041k5-gdal-musl-static-aarch64-unknown-linux-musl-3.11.5/lib/libgdal.a(gdalalg_raster_aspect.cpp.o) is incompatible with elf_x86_64
          ld.lld: error: /nix/store/w4d9sl2fj5f7rxi4a96pr8cgf7w041k5-gdal-musl-static-aarch64-unknown-linux-musl-3.11.5/lib/libgdal.a(gdalalg_raster_calc.cpp.o) is incompatible with elf_x86_64
          ld.lld: error: /nix/store/w4d9sl2fj5f7rxi4a96pr8cgf7w041k5-gdal-musl-static-aarch64-unknown-linux-musl-3.11.5/lib/libgdal.a(gdalalg_raster_clean_collar.cpp.o) is incompatible with elf_x86_64
          ld.lld: error: /nix/store/w4d9sl2fj5f7rxi4a96pr8cgf7w041k5-gdal-musl-static-aarch64-unknown-linux-musl-3.11.5/lib/libgdal.a(gdalalg_raster_clip.cpp.o) is incompatible with elf_x86_64
          ld.lld: error: /nix/store/w4d9sl2fj5f7rxi4a96pr8cgf7w041k5-gdal-musl-static-aarch64-unknown-linux-musl-3.11.5/lib/libgdal.a(gdalalg_raster_color_map.cpp.o) is incompatible with elf_x86_64
          ld.lld: error: /nix/store/w4d9sl2fj5f7rxi4a96pr8cgf7w041k5-gdal-musl-static-aarch64-unknown-linux-musl-3.11.5/lib/libgdal.a(gdalalg_raster_convert.cpp.o) is incompatible with elf_x86_64
          ld.lld: error: /nix/store/w4d9sl2fj5f7rxi4a96pr8cgf7w041k5-gdal-musl-static-aarch64-unknown-linux-musl-3.11.5/lib/libgdal.a(gdalalg_raster_create.cpp.o) is incompatible with elf_x86_64
          ld.lld: error: /nix/store/w4d9sl2fj5f7rxi4a96pr8cgf7w041k5-gdal-musl-static-aarch64-unknown-linux-musl-3.11.5/lib/libgdal.a(gdalalg_raster_edit.cpp.o) is incompatible with elf_x86_64
          ld.lld: error: /nix/store/w4d9sl2fj5f7rxi4a96pr8cgf7w041k5-gdal-musl-static-aarch64-unknown-linux-musl-3.11.5/lib/libgdal.a(gdalalg_raster_contour.cpp.o) is incompatible with elf_x86_64
          ld.lld: error: /nix/store/w4d9sl2fj5f7rxi4a96pr8cgf7w041k5-gdal-musl-static-aarch64-unknown-linux-musl-3.11.5/lib/libgdal.a(gdalalg_raster_footprint.cpp.o) is incompatible with elf_x86_64
          ld.lld: error: /nix/store/w4d9sl2fj5f7rxi4a96pr8cgf7w041k5-gdal-musl-static-aarch64-unknown-linux-musl-3.11.5/lib/libgdal.a(gdalalg_raster_fill_nodata.cpp.o) is incompatible with elf_x86_64
          ld.lld: error: /nix/store/w4d9sl2fj5f7rxi4a96pr8cgf7w041k5-gdal-musl-static-aarch64-unknown-linux-musl-3.11.5/lib/libgdal.a(gdalalg_raster_hillshade.cpp.o) is incompatible with elf_x86_64
          ld.lld: error: /nix/store/w4d9sl2fj5f7rxi4a96pr8cgf7w041k5-gdal-musl-static-aarch64-unknown-linux-musl-3.11.5/lib/libgdal.a(gdalalg_raster_index.cpp.o) is incompatible with elf_x86_64
          ld.lld: error: /nix/store/w4d9sl2fj5f7rxi4a96pr8cgf7w041k5-gdal-musl-static-aarch64-unknown-linux-musl-3.11.5/lib/libgdal.a(gdalalg_raster_mosaic.cpp.o) is incompatible with elf_x86_64
          ld.lld: error: /nix/store/w4d9sl2fj5f7rxi4a96pr8cgf7w041k5-gdal-musl-static-aarch64-unknown-linux-musl-3.11.5/lib/libgdal.a(gdalalg_raster_pipeline.cpp.o) is incompatible with elf_x86_64
          ld.lld: error: /nix/store/w4d9sl2fj5f7rxi4a96pr8cgf7w041k5-gdal-musl-static-aarch64-unknown-linux-musl-3.11.5/lib/libgdal.a(gdalalg_raster_pixel_info.cpp.o) is incompatible with elf_x86_64
          ld.lld: error: /nix/store/w4d9sl2fj5f7rxi4a96pr8cgf7w041k5-gdal-musl-static-aarch64-unknown-linux-musl-3.11.5/lib/libgdal.a(gdalalg_raster_polygonize.cpp.o) is incompatible with elf_x86_64
          ld.lld: error: /nix/store/w4d9sl2fj5f7rxi4a96pr8cgf7w041k5-gdal-musl-static-aarch64-unknown-linux-musl-3.11.5/lib/libgdal.a(gdalalg_raster_overview_add.cpp.o) is incompatible with elf_x86_64
          ld.lld: error: /nix/store/w4d9sl2fj5f7rxi4a96pr8cgf7w041k5-gdal-musl-static-aarch64-unknown-linux-musl-3.11.5/lib/libgdal.a(gdalalg_raster_overview_delete.cpp.o) is incompatible with elf_x86_64
          ld.lld: error: /nix/store/w4d9sl2fj5f7rxi4a96pr8cgf7w041k5-gdal-musl-static-aarch64-unknown-linux-musl-3.11.5/lib/libgdal.a(gdalalg_raster_read.cpp.o) is incompatible with elf_x86_64
          ld.lld: error: /nix/store/w4d9sl2fj5f7rxi4a96pr8cgf7w041k5-gdal-musl-static-aarch64-unknown-linux-musl-3.11.5/lib/libgdal.a(gdalalg_raster_reclassify.cpp.o) is incompatible with elf_x86_64
          ld.lld: error: /nix/store/w4d9sl2fj5f7rxi4a96pr8cgf7w041k5-gdal-musl-static-aarch64-unknown-linux-musl-3.11.5/lib/libgdal.a(gdalalg_raster_reproject.cpp.o) is incompatible with elf_x86_64
          ld.lld: error: /nix/store/w4d9sl2fj5f7rxi4a96pr8cgf7w041k5-gdal-musl-static-aarch64-unknown-linux-musl-3.11.5/lib/libgdal.a(gdalalg_raster_resize.cpp.o) is incompatible with elf_x86_64
          ld.lld: error: /nix/store/w4d9sl2fj5f7rxi4a96pr8cgf7w041k5-gdal-musl-static-aarch64-unknown-linux-musl-3.11.5/lib/libgdal.a(gdalalg_raster_roughness.cpp.o) is incompatible with elf_x86_64
          ld.lld: error: /nix/store/w4d9sl2fj5f7rxi4a96pr8cgf7w041k5-gdal-musl-static-aarch64-unknown-linux-musl-3.11.5/lib/libgdal.a(gdalalg_raster_scale.cpp.o) is incompatible with elf_x86_64
          ld.lld: error: /nix/store/w4d9sl2fj5f7rxi4a96pr8cgf7w041k5-gdal-musl-static-aarch64-unknown-linux-musl-3.11.5/lib/libgdal.a(gdalalg_raster_select.cpp.o) is incompatible with elf_x86_64
          ld.lld: error: /nix/store/w4d9sl2fj5f7rxi4a96pr8cgf7w041k5-gdal-musl-static-aarch64-unknown-linux-musl-3.11.5/lib/libgdal.a(gdalalg_raster_set_type.cpp.o) is incompatible with elf_x86_64
          ld.lld: error: /nix/store/w4d9sl2fj5f7rxi4a96pr8cgf7w041k5-gdal-musl-static-aarch64-unknown-linux-musl-3.11.5/lib/libgdal.a(gdalalg_raster_sieve.cpp.o) is incompatible with elf_x86_64
          ld.lld: error: /nix/store/w4d9sl2fj5f7rxi4a96pr8cgf7w041k5-gdal-musl-static-aarch64-unknown-linux-musl-3.11.5/lib/libgdal.a(gdalalg_raster_slope.cpp.o) is incompatible with elf_x86_64
          ld.lld: error: /nix/store/w4d9sl2fj5f7rxi4a96pr8cgf7w041k5-gdal-musl-static-aarch64-unknown-linux-musl-3.11.5/lib/libgdal.a(gdalalg_raster_stack.cpp.o) is incompatible with elf_x86_64
          ld.lld: error: /nix/store/w4d9sl2fj5f7rxi4a96pr8cgf7w041k5-gdal-musl-static-aarch64-unknown-linux-musl-3.11.5/lib/libgdal.a(gdalalg_raster_tile.cpp.o) is incompatible with elf_x86_64
          ld.lld: error: /nix/store/w4d9sl2fj5f7rxi4a96pr8cgf7w041k5-gdal-musl-static-aarch64-unknown-linux-musl-3.11.5/lib/libgdal.a(gdalalg_raster_tpi.cpp.o) is incompatible with elf_x86_64
          ld.lld: error: /nix/store/w4d9sl2fj5f7rxi4a96pr8cgf7w041k5-gdal-musl-static-aarch64-unknown-linux-musl-3.11.5/lib/libgdal.a(gdalalg_raster_tri.cpp.o) is incompatible with elf_x86_64
          ld.lld: error: /nix/store/w4d9sl2fj5f7rxi4a96pr8cgf7w041k5-gdal-musl-static-aarch64-unknown-linux-musl-3.11.5/lib/libgdal.a(gdalalg_raster_unscale.cpp.o) is incompatible with elf_x86_64
          ld.lld: error: /nix/store/w4d9sl2fj5f7rxi4a96pr8cgf7w041k5-gdal-musl-static-aarch64-unknown-linux-musl-3.11.5/lib/libgdal.a(gdalalg_raster_viewshed.cpp.o) is incompatible with elf_x86_64
          ld.lld: error: /nix/store/w4d9sl2fj5f7rxi4a96pr8cgf7w041k5-gdal-musl-static-aarch64-unknown-linux-musl-3.11.5/lib/libgdal.a(gdalalg_raster_write.cpp.o) is incompatible with elf_x86_64
          ld.lld: error: /nix/store/w4d9sl2fj5f7rxi4a96pr8cgf7w041k5-gdal-musl-static-aarch64-unknown-linux-musl-3.11.5/lib/libgdal.a(gdalalg_vector.cpp.o) is incompatible with elf_x86_64
          ld.lld: error: /nix/store/w4d9sl2fj5f7rxi4a96pr8cgf7w041k5-gdal-musl-static-aarch64-unknown-linux-musl-3.11.5/lib/libgdal.a(gdalalg_vector_info.cpp.o) is incompatible with elf_x86_64
          ld.lld: error: /nix/store/w4d9sl2fj5f7rxi4a96pr8cgf7w041k5-gdal-musl-static-aarch64-unknown-linux-musl-3.11.5/lib/libgdal.a(gdalalg_vector_clip.cpp.o) is incompatible with elf_x86_64
          ld.lld: error: /nix/store/w4d9sl2fj5f7rxi4a96pr8cgf7w041k5-gdal-musl-static-aarch64-unknown-linux-musl-3.11.5/lib/libgdal.a(gdalalg_vector_concat.cpp.o) is incompatible with elf_x86_64
          ld.lld: error: /nix/store/w4d9sl2fj5f7rxi4a96pr8cgf7w041k5-gdal-musl-static-aarch64-unknown-linux-musl-3.11.5/lib/libgdal.a(gdalalg_vector_convert.cpp.o) is incompatible with elf_x86_64
          ld.lld: error: /nix/store/w4d9sl2fj5f7rxi4a96pr8cgf7w041k5-gdal-musl-static-aarch64-unknown-linux-musl-3.11.5/lib/libgdal.a(gdalalg_vector_edit.cpp.o) is incompatible with elf_x86_64
          ld.lld: error: /nix/store/w4d9sl2fj5f7rxi4a96pr8cgf7w041k5-gdal-musl-static-aarch64-unknown-linux-musl-3.11.5/lib/libgdal.a(gdalalg_vector_pipeline.cpp.o) is incompatible with elf_x86_64
          ld.lld: error: /nix/store/w4d9sl2fj5f7rxi4a96pr8cgf7w041k5-gdal-musl-static-aarch64-unknown-linux-musl-3.11.5/lib/libgdal.a(gdalalg_vector_rasterize.cpp.o) is incompatible with elf_x86_64
          ld.lld: error: /nix/store/w4d9sl2fj5f7rxi4a96pr8cgf7w041k5-gdal-musl-static-aarch64-unknown-linux-musl-3.11.5/lib/libgdal.a(gdalalg_vector_read.cpp.o) is incompatible with elf_x86_64
          ld.lld: error: /nix/store/w4d9sl2fj5f7rxi4a96pr8cgf7w041k5-gdal-musl-static-aarch64-unknown-linux-musl-3.11.5/lib/libgdal.a(gdalalg_vector_filter.cpp.o) is incompatible with elf_x86_64
          ld.lld: error: /nix/store/w4d9sl2fj5f7rxi4a96pr8cgf7w041k5-gdal-musl-static-aarch64-unknown-linux-musl-3.11.5/lib/libgdal.a(gdalalg_vector_geom.cpp.o) is incompatible with elf_x86_64
          ld.lld: error: /nix/store/w4d9sl2fj5f7rxi4a96pr8cgf7w041k5-gdal-musl-static-aarch64-unknown-linux-musl-3.11.5/lib/libgdal.a(gdalalg_vector_geom_set_type.cpp.o) is incompatible with elf_x86_64
          ld.lld: error: /nix/store/w4d9sl2fj5f7rxi4a96pr8cgf7w041k5-gdal-musl-static-aarch64-unknown-linux-musl-3.11.5/lib/libgdal.a(gdalalg_vector_geom_explode_collections.cpp.o) is incompatible with elf_x86_64
          ld.lld: error: /nix/store/w4d9sl2fj5f7rxi4a96pr8cgf7w041k5-gdal-musl-static-aarch64-unknown-linux-musl-3.11.5/lib/libgdal.a(gdalalg_vector_geom_make_valid.cpp.o) is incompatible with elf_x86_64
          ld.lld: error: /nix/store/w4d9sl2fj5f7rxi4a96pr8cgf7w041k5-gdal-musl-static-aarch64-unknown-linux-musl-3.11.5/lib/libgdal.a(gdalalg_vector_geom_segmentize.cpp.o) is incompatible with elf_x86_64
          ld.lld: error: /nix/store/w4d9sl2fj5f7rxi4a96pr8cgf7w041k5-gdal-musl-static-aarch64-unknown-linux-musl-3.11.5/lib/libgdal.a(gdalalg_vector_geom_simplify.cpp.o) is incompatible with elf_x86_64
          ld.lld: error: /nix/store/w4d9sl2fj5f7rxi4a96pr8cgf7w041k5-gdal-musl-static-aarch64-unknown-linux-musl-3.11.5/lib/libgdal.a(gdalalg_vector_geom_buffer.cpp.o) is incompatible with elf_x86_64
          ld.lld: error: /nix/store/w4d9sl2fj5f7rxi4a96pr8cgf7w041k5-gdal-musl-static-aarch64-unknown-linux-musl-3.11.5/lib/libgdal.a(gdalalg_vector_geom_swap_xy.cpp.o) is incompatible with elf_x86_64
          ld.lld: error: /nix/store/w4d9sl2fj5f7rxi4a96pr8cgf7w041k5-gdal-musl-static-aarch64-unknown-linux-musl-3.11.5/lib/libgdal.a(gdalalg_vector_grid.cpp.o) is incompatible with elf_x86_64
          ld.lld: error: /nix/store/w4d9sl2fj5f7rxi4a96pr8cgf7w041k5-gdal-musl-static-aarch64-unknown-linux-musl-3.11.5/lib/libgdal.a(gdalalg_vector_grid_average.cpp.o) is incompatible with elf_x86_64
          ld.lld: error: /nix/store/w4d9sl2fj5f7rxi4a96pr8cgf7w041k5-gdal-musl-static-aarch64-unknown-linux-musl-3.11.5/lib/libgdal.a(gdalalg_vector_grid_data_metrics.cpp.o) is incompatible with elf_x86_64
          ld.lld: error: /nix/store/w4d9sl2fj5f7rxi4a96pr8cgf7w041k5-gdal-musl-static-aarch64-unknown-linux-musl-3.11.5/lib/libgdal.a(gdalalg_vector_grid_invdist.cpp.o) is incompatible with elf_x86_64
          ld.lld: error: /nix/store/w4d9sl2fj5f7rxi4a96pr8cgf7w041k5-gdal-musl-static-aarch64-unknown-linux-musl-3.11.5/lib/libgdal.a(gdalalg_vector_grid_invdistnn.cpp.o) is incompatible with elf_x86_64
          ld.lld: error: /nix/store/w4d9sl2fj5f7rxi4a96pr8cgf7w041k5-gdal-musl-static-aarch64-unknown-linux-musl-3.11.5/lib/libgdal.a(gdalalg_vector_grid_linear.cpp.o) is incompatible with elf_x86_64
          ld.lld: error: /nix/store/w4d9sl2fj5f7rxi4a96pr8cgf7w041k5-gdal-musl-static-aarch64-unknown-linux-musl-3.11.5/lib/libgdal.a(gdalalg_vector_grid_nearest.cpp.o) is incompatible with elf_x86_64
          ld.lld: error: /nix/store/w4d9sl2fj5f7rxi4a96pr8cgf7w041k5-gdal-musl-static-aarch64-unknown-linux-musl-3.11.5/lib/libgdal.a(gdalalg_vector_output_abstract.cpp.o) is incompatible with elf_x86_64
          ld.lld: error: /nix/store/w4d9sl2fj5f7rxi4a96pr8cgf7w041k5-gdal-musl-static-aarch64-unknown-linux-musl-3.11.5/lib/libgdal.a(gdalalg_vector_reproject.cpp.o) is incompatible with elf_x86_64
          ld.lld: error: /nix/store/w4d9sl2fj5f7rxi4a96pr8cgf7w041k5-gdal-musl-static-aarch64-unknown-linux-musl-3.11.5/lib/libgdal.a(gdalalg_vector_select.cpp.o) is incompatible with elf_x86_64
          ld.lld: error: /nix/store/w4d9sl2fj5f7rxi4a96pr8cgf7w041k5-gdal-musl-static-aarch64-unknown-linux-musl-3.11.5/lib/libgdal.a(gdalalg_vector_sql.cpp.o) is incompatible with elf_x86_64
          ld.lld: error: /nix/store/w4d9sl2fj5f7rxi4a96pr8cgf7w041k5-gdal-musl-static-aarch64-unknown-linux-musl-3.11.5/lib/libgdal.a(gdalalg_vector_write.cpp.o) is incompatible with elf_x86_64
          ld.lld: error: /nix/store/w4d9sl2fj5f7rxi4a96pr8cgf7w041k5-gdal-musl-static-aarch64-unknown-linux-musl-3.11.5/lib/libgdal.a(gdalalg_vsi.cpp.o) is incompatible with elf_x86_64
          ld.lld: error: /nix/store/w4d9sl2fj5f7rxi4a96pr8cgf7w041k5-gdal-musl-static-aarch64-unknown-linux-musl-3.11.5/lib/libgdal.a(gdalalg_vsi_copy.cpp.o) is incompatible with elf_x86_64
          ld.lld: error: /nix/store/w4d9sl2fj5f7rxi4a96pr8cgf7w041k5-gdal-musl-static-aarch64-unknown-linux-musl-3.11.5/lib/libgdal.a(gdalalg_vsi_delete.cpp.o) is incompatible with elf_x86_64
          ld.lld: error: /nix/store/w4d9sl2fj5f7rxi4a96pr8cgf7w041k5-gdal-musl-static-aarch64-unknown-linux-musl-3.11.5/lib/libgdal.a(gdalalg_vsi_list.cpp.o) is incompatible with elf_x86_64
          ld.lld: error: /nix/store/w4d9sl2fj5f7rxi4a96pr8cgf7w041k5-gdal-musl-static-aarch64-unknown-linux-musl-3.11.5/lib/libgdal.a(gdalalg_vsi_move.cpp.o) is incompatible with elf_x86_64
          ld.lld: error: /nix/store/w4d9sl2fj5f7rxi4a96pr8cgf7w041k5-gdal-musl-static-aarch64-unknown-linux-musl-3.11.5/lib/libgdal.a(gdalalg_vsi_sozip.cpp.o) is incompatible with elf_x86_64
          ld.lld: error: /nix/store/w4d9sl2fj5f7rxi4a96pr8cgf7w041k5-gdal-musl-static-aarch64-unknown-linux-musl-3.11.5/lib/libgdal.a(gdalalg_vsi_sync.cpp.o) is incompatible with elf_x86_64
          ld.lld: error: /nix/store/w4d9sl2fj5f7rxi4a96pr8cgf7w041k5-gdal-musl-static-aarch64-unknown-linux-musl-3.11.5/lib/libgdal.a(gdalinfo_lib.cpp.o) is incompatible with elf_x86_64
          ld.lld: error: /nix/store/w4d9sl2fj5f7rxi4a96pr8cgf7w041k5-gdal-musl-static-aarch64-unknown-linux-musl-3.11.5/lib/libgdal.a(gdalbuildvrt_lib.cpp.o) is incompatible with elf_x86_64
          ld.lld: error: /nix/store/w4d9sl2fj5f7rxi4a96pr8cgf7w041k5-gdal-musl-static-aarch64-unknown-linux-musl-3.11.5/lib/libgdal.a(gdal_grid_lib.cpp.o) is incompatible with elf_x86_64
          ld.lld: error: /nix/store/w4d9sl2fj5f7rxi4a96pr8cgf7w041k5-gdal-musl-static-aarch64-unknown-linux-musl-3.11.5/lib/libgdal.a(gdal_translate_lib.cpp.o) is incompatible with elf_x86_64
          ld.lld: error: /nix/store/w4d9sl2fj5f7rxi4a96pr8cgf7w041k5-gdal-musl-static-aarch64-unknown-linux-musl-3.11.5/lib/libgdal.a(gdal_rasterize_lib.cpp.o) is incompatible with elf_x86_64
          ld.lld: error: /nix/store/w4d9sl2fj5f7rxi4a96pr8cgf7w041k5-gdal-musl-static-aarch64-unknown-linux-musl-3.11.5/lib/libgdal.a(gdal_contour_lib.cpp.o) is incompatible with elf_x86_64
          ld.lld: error: /nix/store/w4d9sl2fj5f7rxi4a96pr8cgf7w041k5-gdal-musl-static-aarch64-unknown-linux-musl-3.11.5/lib/libgdal.a(gdalwarp_lib.cpp.o) is incompatible with elf_x86_64
          ld.lld: error: /nix/store/w4d9sl2fj5f7rxi4a96pr8cgf7w041k5-gdal-musl-static-aarch64-unknown-linux-musl-3.11.5/lib/libgdal.a(commonutils.cpp.o) is incompatible with elf_x86_64
          ld.lld: error: /nix/store/w4d9sl2fj5f7rxi4a96pr8cgf7w041k5-gdal-musl-static-aarch64-unknown-linux-musl-3.11.5/lib/libgdal.a(ogrinfo_lib.cpp.o) is incompatible with elf_x86_64
          ld.lld: error: /nix/store/w4d9sl2fj5f7rxi4a96pr8cgf7w041k5-gdal-musl-static-aarch64-unknown-linux-musl-3.11.5/lib/libgdal.a(ogr2ogr_lib.cpp.o) is incompatible with elf_x86_64
          ld.lld: error: /nix/store/w4d9sl2fj5f7rxi4a96pr8cgf7w041k5-gdal-musl-static-aarch64-unknown-linux-musl-3.11.5/lib/libgdal.a(gdaldem_lib.cpp.o) is incompatible with elf_x86_64
          ld.lld: error: /nix/store/w4d9sl2fj5f7rxi4a96pr8cgf7w041k5-gdal-musl-static-aarch64-unknown-linux-musl-3.11.5/lib/libgdal.a(nearblack_lib.cpp.o) is incompatible with elf_x86_64
          ld.lld: error: /nix/store/w4d9sl2fj5f7rxi4a96pr8cgf7w041k5-gdal-musl-static-aarch64-unknown-linux-musl-3.11.5/lib/libgdal.a(nearblack_lib_floodfill.cpp.o) is incompatible with elf_x86_64
          ld.lld: error: /nix/store/w4d9sl2fj5f7rxi4a96pr8cgf7w041k5-gdal-musl-static-aarch64-unknown-linux-musl-3.11.5/lib/libgdal.a(gdal_footprint_lib.cpp.o) is incompatible with elf_x86_64
          ld.lld: error: /nix/store/w4d9sl2fj5f7rxi4a96pr8cgf7w041k5-gdal-musl-static-aarch64-unknown-linux-musl-3.11.5/lib/libgdal.a(gdalmdiminfo_lib.cpp.o) is incompatible with elf_x86_64
          ld.lld: error: /nix/store/w4d9sl2fj5f7rxi4a96pr8cgf7w041k5-gdal-musl-static-aarch64-unknown-linux-musl-3.11.5/lib/libgdal.a(gdalmdimtranslate_lib.cpp.o) is incompatible with elf_x86_64
          ld.lld: error: /nix/store/w4d9sl2fj5f7rxi4a96pr8cgf7w041k5-gdal-musl-static-aarch64-unknown-linux-musl-3.11.5/lib/libgdal.a(gdaltindex_lib.cpp.o) is incompatible with elf_x86_64
          ld.lld: error: /nix/store/5wmdx4n8a7qm3hk977120ap8n03n3fgp-crypto++-musl-static-aarch64-unknown-linux-musl-8.9.0/lib/libcryptopp.a(cryptlib.o) is incompatible with elf_x86_64
          ld.lld: error: /nix/store/5wmdx4n8a7qm3hk977120ap8n03n3fgp-crypto++-musl-static-aarch64-unknown-linux-musl-8.9.0/lib/libcryptopp.a(cpu.o) is incompatible with elf_x86_64
          ld.lld: error: /nix/store/5wmdx4n8a7qm3hk977120ap8n03n3fgp-crypto++-musl-static-aarch64-unknown-linux-musl-8.9.0/lib/libcryptopp.a(integer.o) is incompatible with elf_x86_64
          ld.lld: error: /nix/store/5wmdx4n8a7qm3hk977120ap8n03n3fgp-crypto++-musl-static-aarch64-unknown-linux-musl-8.9.0/lib/libcryptopp.a(3way.o) is incompatible with elf_x86_64
          ld.lld: error: /nix/store/5wmdx4n8a7qm3hk977120ap8n03n3fgp-crypto++-musl-static-aarch64-unknown-linux-musl-8.9.0/lib/libcryptopp.a(adler32.o) is incompatible with elf_x86_64
          ld.lld: error: /nix/store/5wmdx4n8a7qm3hk977120ap8n03n3fgp-crypto++-musl-static-aarch64-unknown-linux-musl-8.9.0/lib/libcryptopp.a(algebra.o) is incompatible with elf_x86_64
          ld.lld: error: /nix/store/5wmdx4n8a7qm3hk977120ap8n03n3fgp-crypto++-musl-static-aarch64-unknown-linux-musl-8.9.0/lib/libcryptopp.a(algparam.o) is incompatible with elf_x86_64
          ld.lld: error: /nix/store/5wmdx4n8a7qm3hk977120ap8n03n3fgp-crypto++-musl-static-aarch64-unknown-linux-musl-8.9.0/lib/libcryptopp.a(allocate.o) is incompatible with elf_x86_64
          ld.lld: error: /nix/store/5wmdx4n8a7qm3hk977120ap8n03n3fgp-crypto++-musl-static-aarch64-unknown-linux-musl-8.9.0/lib/libcryptopp.a(arc4.o) is incompatible with elf_x86_64
          ld.lld: error: /nix/store/5wmdx4n8a7qm3hk977120ap8n03n3fgp-crypto++-musl-static-aarch64-unknown-linux-musl-8.9.0/lib/libcryptopp.a(aria.o) is incompatible with elf_x86_64
          ld.lld: error: /nix/store/5wmdx4n8a7qm3hk977120ap8n03n3fgp-crypto++-musl-static-aarch64-unknown-linux-musl-8.9.0/lib/libcryptopp.a(ariatab.o) is incompatible with elf_x86_64
          ld.lld: error: /nix/store/5wmdx4n8a7qm3hk977120ap8n03n3fgp-crypto++-musl-static-aarch64-unknown-linux-musl-8.9.0/lib/libcryptopp.a(asn.o) is incompatible with elf_x86_64
          ld.lld: error: /nix/store/5wmdx4n8a7qm3hk977120ap8n03n3fgp-crypto++-musl-static-aarch64-unknown-linux-musl-8.9.0/lib/libcryptopp.a(authenc.o) is incompatible with elf_x86_64
          ld.lld: error: /nix/store/5wmdx4n8a7qm3hk977120ap8n03n3fgp-crypto++-musl-static-aarch64-unknown-linux-musl-8.9.0/lib/libcryptopp.a(base32.o) is incompatible with elf_x86_64
          ld.lld: error: /nix/store/5wmdx4n8a7qm3hk977120ap8n03n3fgp-crypto++-musl-static-aarch64-unknown-linux-musl-8.9.0/lib/libcryptopp.a(base64.o) is incompatible with elf_x86_64
          ld.lld: error: /nix/store/5wmdx4n8a7qm3hk977120ap8n03n3fgp-crypto++-musl-static-aarch64-unknown-linux-musl-8.9.0/lib/libcryptopp.a(basecode.o) is incompatible with elf_x86_64
          ld.lld: error: /nix/store/5wmdx4n8a7qm3hk977120ap8n03n3fgp-crypto++-musl-static-aarch64-unknown-linux-musl-8.9.0/lib/libcryptopp.a(bfinit.o) is incompatible with elf_x86_64
          ld.lld: error: /nix/store/5wmdx4n8a7qm3hk977120ap8n03n3fgp-crypto++-musl-static-aarch64-unknown-linux-musl-8.9.0/lib/libcryptopp.a(blake2.o) is incompatible with elf_x86_64
          ld.lld: error: /nix/store/5wmdx4n8a7qm3hk977120ap8n03n3fgp-crypto++-musl-static-aarch64-unknown-linux-musl-8.9.0/lib/libcryptopp.a(blake2b_simd.o) is incompatible with elf_x86_64
          ld.lld: error: /nix/store/5wmdx4n8a7qm3hk977120ap8n03n3fgp-crypto++-musl-static-aarch64-unknown-linux-musl-8.9.0/lib/libcryptopp.a(blake2s_simd.o) is incompatible with elf_x86_64
          ld.lld: error: /nix/store/5wmdx4n8a7qm3hk977120ap8n03n3fgp-crypto++-musl-static-aarch64-unknown-linux-musl-8.9.0/lib/libcryptopp.a(blowfish.o) is incompatible with elf_x86_64
          ld.lld: error: /nix/store/5wmdx4n8a7qm3hk977120ap8n03n3fgp-crypto++-musl-static-aarch64-unknown-linux-musl-8.9.0/lib/libcryptopp.a(blumshub.o) is incompatible with elf_x86_64
          ld.lld: error: /nix/store/5wmdx4n8a7qm3hk977120ap8n03n3fgp-crypto++-musl-static-aarch64-unknown-linux-musl-8.9.0/lib/libcryptopp.a(camellia.o) is incompatible with elf_x86_64
          ld.lld: error: /nix/store/5wmdx4n8a7qm3hk977120ap8n03n3fgp-crypto++-musl-static-aarch64-unknown-linux-musl-8.9.0/lib/libcryptopp.a(cast.o) is incompatible with elf_x86_64
          ld.lld: error: /nix/store/5wmdx4n8a7qm3hk977120ap8n03n3fgp-crypto++-musl-static-aarch64-unknown-linux-musl-8.9.0/lib/libcryptopp.a(casts.o) is incompatible with elf_x86_64
          ld.lld: error: /nix/store/5wmdx4n8a7qm3hk977120ap8n03n3fgp-crypto++-musl-static-aarch64-unknown-linux-musl-8.9.0/lib/libcryptopp.a(cbcmac.o) is incompatible with elf_x86_64
          ld.lld: error: /nix/store/5wmdx4n8a7qm3hk977120ap8n03n3fgp-crypto++-musl-static-aarch64-unknown-linux-musl-8.9.0/lib/libcryptopp.a(ccm.o) is incompatible with elf_x86_64
          ld.lld: error: /nix/store/5wmdx4n8a7qm3hk977120ap8n03n3fgp-crypto++-musl-static-aarch64-unknown-linux-musl-8.9.0/lib/libcryptopp.a(chacha.o) is incompatible with elf_x86_64
          ld.lld: error: /nix/store/5wmdx4n8a7qm3hk977120ap8n03n3fgp-crypto++-musl-static-aarch64-unknown-linux-musl-8.9.0/lib/libcryptopp.a(chacha_simd.o) is incompatible with elf_x86_64
          ld.lld: error: /nix/store/5wmdx4n8a7qm3hk977120ap8n03n3fgp-crypto++-musl-static-aarch64-unknown-linux-musl-8.9.0/lib/libcryptopp.a(chachapoly.o) is incompatible with elf_x86_64
          ld.lld: error: /nix/store/5wmdx4n8a7qm3hk977120ap8n03n3fgp-crypto++-musl-static-aarch64-unknown-linux-musl-8.9.0/lib/libcryptopp.a(cham.o) is incompatible with elf_x86_64
          ld.lld: error: /nix/store/5wmdx4n8a7qm3hk977120ap8n03n3fgp-crypto++-musl-static-aarch64-unknown-linux-musl-8.9.0/lib/libcryptopp.a(cham_simd.o) is incompatible with elf_x86_64
          ld.lld: error: /nix/store/5wmdx4n8a7qm3hk977120ap8n03n3fgp-crypto++-musl-static-aarch64-unknown-linux-musl-8.9.0/lib/libcryptopp.a(channels.o) is incompatible with elf_x86_64
          ld.lld: error: /nix/store/5wmdx4n8a7qm3hk977120ap8n03n3fgp-crypto++-musl-static-aarch64-unknown-linux-musl-8.9.0/lib/libcryptopp.a(cmac.o) is incompatible with elf_x86_64
          ld.lld: error: /nix/store/5wmdx4n8a7qm3hk977120ap8n03n3fgp-crypto++-musl-static-aarch64-unknown-linux-musl-8.9.0/lib/libcryptopp.a(crc.o) is incompatible with elf_x86_64
          ld.lld: error: /nix/store/5wmdx4n8a7qm3hk977120ap8n03n3fgp-crypto++-musl-static-aarch64-unknown-linux-musl-8.9.0/lib/libcryptopp.a(crc_simd.o) is incompatible with elf_x86_64
          ld.lld: error: /nix/store/5wmdx4n8a7qm3hk977120ap8n03n3fgp-crypto++-musl-static-aarch64-unknown-linux-musl-8.9.0/lib/libcryptopp.a(darn.o) is incompatible with elf_x86_64
          ld.lld: error: /nix/store/5wmdx4n8a7qm3hk977120ap8n03n3fgp-crypto++-musl-static-aarch64-unknown-linux-musl-8.9.0/lib/libcryptopp.a(default.o) is incompatible with elf_x86_64
          ld.lld: error: /nix/store/5wmdx4n8a7qm3hk977120ap8n03n3fgp-crypto++-musl-static-aarch64-unknown-linux-musl-8.9.0/lib/libcryptopp.a(des.o) is incompatible with elf_x86_64
          ld.lld: error: /nix/store/5wmdx4n8a7qm3hk977120ap8n03n3fgp-crypto++-musl-static-aarch64-unknown-linux-musl-8.9.0/lib/libcryptopp.a(dessp.o) is incompatible with elf_x86_64
          ld.lld: error: /nix/store/5wmdx4n8a7qm3hk977120ap8n03n3fgp-crypto++-musl-static-aarch64-unknown-linux-musl-8.9.0/lib/libcryptopp.a(dh.o) is incompatible with elf_x86_64
          ld.lld: error: /nix/store/5wmdx4n8a7qm3hk977120ap8n03n3fgp-crypto++-musl-static-aarch64-unknown-linux-musl-8.9.0/lib/libcryptopp.a(dh2.o) is incompatible with elf_x86_64
          ld.lld: error: /nix/store/5wmdx4n8a7qm3hk977120ap8n03n3fgp-crypto++-musl-static-aarch64-unknown-linux-musl-8.9.0/lib/libcryptopp.a(dll.o) is incompatible with elf_x86_64
          ld.lld: error: /nix/store/5wmdx4n8a7qm3hk977120ap8n03n3fgp-crypto++-musl-static-aarch64-unknown-linux-musl-8.9.0/lib/libcryptopp.a(donna_32.o) is incompatible with elf_x86_64
          ld.lld: error: /nix/store/5wmdx4n8a7qm3hk977120ap8n03n3fgp-crypto++-musl-static-aarch64-unknown-linux-musl-8.9.0/lib/libcryptopp.a(donna_64.o) is incompatible with elf_x86_64
          ld.lld: error: /nix/store/5wmdx4n8a7qm3hk977120ap8n03n3fgp-crypto++-musl-static-aarch64-unknown-linux-musl-8.9.0/lib/libcryptopp.a(dsa.o) is incompatible with elf_x86_64
          ld.lld: error: /nix/store/5wmdx4n8a7qm3hk977120ap8n03n3fgp-crypto++-musl-static-aarch64-unknown-linux-musl-8.9.0/lib/libcryptopp.a(eax.o) is incompatible with elf_x86_64
          ld.lld: error: /nix/store/5wmdx4n8a7qm3hk977120ap8n03n3fgp-crypto++-musl-static-aarch64-unknown-linux-musl-8.9.0/lib/libcryptopp.a(ec2n.o) is incompatible with elf_x86_64
          ld.lld: error: /nix/store/5wmdx4n8a7qm3hk977120ap8n03n3fgp-crypto++-musl-static-aarch64-unknown-linux-musl-8.9.0/lib/libcryptopp.a(eccrypto.o) is incompatible with elf_x86_64
          ld.lld: error: /nix/store/5wmdx4n8a7qm3hk977120ap8n03n3fgp-crypto++-musl-static-aarch64-unknown-linux-musl-8.9.0/lib/libcryptopp.a(ecp.o) is incompatible with elf_x86_64
          ld.lld: error: /nix/store/5wmdx4n8a7qm3hk977120ap8n03n3fgp-crypto++-musl-static-aarch64-unknown-linux-musl-8.9.0/lib/libcryptopp.a(elgamal.o) is incompatible with elf_x86_64
          ld.lld: error: /nix/store/5wmdx4n8a7qm3hk977120ap8n03n3fgp-crypto++-musl-static-aarch64-unknown-linux-musl-8.9.0/lib/libcryptopp.a(emsa2.o) is incompatible with elf_x86_64
          ld.lld: error: /nix/store/5wmdx4n8a7qm3hk977120ap8n03n3fgp-crypto++-musl-static-aarch64-unknown-linux-musl-8.9.0/lib/libcryptopp.a(eprecomp.o) is incompatible with elf_x86_64
          ld.lld: error: /nix/store/5wmdx4n8a7qm3hk977120ap8n03n3fgp-crypto++-musl-static-aarch64-unknown-linux-musl-8.9.0/lib/libcryptopp.a(esign.o) is incompatible with elf_x86_64
          ld.lld: error: /nix/store/5wmdx4n8a7qm3hk977120ap8n03n3fgp-crypto++-musl-static-aarch64-unknown-linux-musl-8.9.0/lib/libcryptopp.a(files.o) is incompatible with elf_x86_64
          ld.lld: error: /nix/store/5wmdx4n8a7qm3hk977120ap8n03n3fgp-crypto++-musl-static-aarch64-unknown-linux-musl-8.9.0/lib/libcryptopp.a(filters.o) is incompatible with elf_x86_64
          ld.lld: error: /nix/store/5wmdx4n8a7qm3hk977120ap8n03n3fgp-crypto++-musl-static-aarch64-unknown-linux-musl-8.9.0/lib/libcryptopp.a(fips140.o) is incompatible with elf_x86_64
          ld.lld: error: /nix/store/5wmdx4n8a7qm3hk977120ap8n03n3fgp-crypto++-musl-static-aarch64-unknown-linux-musl-8.9.0/lib/libcryptopp.a(fipstest.o) is incompatible with elf_x86_64
          ld.lld: error: /nix/store/5wmdx4n8a7qm3hk977120ap8n03n3fgp-crypto++-musl-static-aarch64-unknown-linux-musl-8.9.0/lib/libcryptopp.a(gcm.o) is incompatible with elf_x86_64
          ld.lld: error: /nix/store/5wmdx4n8a7qm3hk977120ap8n03n3fgp-crypto++-musl-static-aarch64-unknown-linux-musl-8.9.0/lib/libcryptopp.a(gcm_simd.o) is incompatible with elf_x86_64
          ld.lld: error: /nix/store/5wmdx4n8a7qm3hk977120ap8n03n3fgp-crypto++-musl-static-aarch64-unknown-linux-musl-8.9.0/lib/libcryptopp.a(gf256.o) is incompatible with elf_x86_64
          ld.lld: error: /nix/store/5wmdx4n8a7qm3hk977120ap8n03n3fgp-crypto++-musl-static-aarch64-unknown-linux-musl-8.9.0/lib/libcryptopp.a(gf2_32.o) is incompatible with elf_x86_64
          ld.lld: error: /nix/store/5wmdx4n8a7qm3hk977120ap8n03n3fgp-crypto++-musl-static-aarch64-unknown-linux-musl-8.9.0/lib/libcryptopp.a(gf2n.o) is incompatible with elf_x86_64
          ld.lld: error: /nix/store/5wmdx4n8a7qm3hk977120ap8n03n3fgp-crypto++-musl-static-aarch64-unknown-linux-musl-8.9.0/lib/libcryptopp.a(gf2n_simd.o) is incompatible with elf_x86_64
          ld.lld: error: /nix/store/5wmdx4n8a7qm3hk977120ap8n03n3fgp-crypto++-musl-static-aarch64-unknown-linux-musl-8.9.0/lib/libcryptopp.a(gfpcrypt.o) is incompatible with elf_x86_64
          ld.lld: error: /nix/store/5wmdx4n8a7qm3hk977120ap8n03n3fgp-crypto++-musl-static-aarch64-unknown-linux-musl-8.9.0/lib/libcryptopp.a(gost.o) is incompatible with elf_x86_64
          ld.lld: error: /nix/store/5wmdx4n8a7qm3hk977120ap8n03n3fgp-crypto++-musl-static-aarch64-unknown-linux-musl-8.9.0/lib/libcryptopp.a(gzip.o) is incompatible with elf_x86_64
          ld.lld: error: /nix/store/5wmdx4n8a7qm3hk977120ap8n03n3fgp-crypto++-musl-static-aarch64-unknown-linux-musl-8.9.0/lib/libcryptopp.a(hc128.o) is incompatible with elf_x86_64
          ld.lld: error: /nix/store/5wmdx4n8a7qm3hk977120ap8n03n3fgp-crypto++-musl-static-aarch64-unknown-linux-musl-8.9.0/lib/libcryptopp.a(hc256.o) is incompatible with elf_x86_64
          ld.lld: error: /nix/store/5wmdx4n8a7qm3hk977120ap8n03n3fgp-crypto++-musl-static-aarch64-unknown-linux-musl-8.9.0/lib/libcryptopp.a(hex.o) is incompatible with elf_x86_64
          ld.lld: error: /nix/store/5wmdx4n8a7qm3hk977120ap8n03n3fgp-crypto++-musl-static-aarch64-unknown-linux-musl-8.9.0/lib/libcryptopp.a(hight.o) is incompatible with elf_x86_64
          ld.lld: error: /nix/store/5wmdx4n8a7qm3hk977120ap8n03n3fgp-crypto++-musl-static-aarch64-unknown-linux-musl-8.9.0/lib/libcryptopp.a(hmac.o) is incompatible with elf_x86_64
          ld.lld: error: /nix/store/5wmdx4n8a7qm3hk977120ap8n03n3fgp-crypto++-musl-static-aarch64-unknown-linux-musl-8.9.0/lib/libcryptopp.a(hrtimer.o) is incompatible with elf_x86_64
          ld.lld: error: /nix/store/5wmdx4n8a7qm3hk977120ap8n03n3fgp-crypto++-musl-static-aarch64-unknown-linux-musl-8.9.0/lib/libcryptopp.a(ida.o) is incompatible with elf_x86_64
          ld.lld: error: /nix/store/5wmdx4n8a7qm3hk977120ap8n03n3fgp-crypto++-musl-static-aarch64-unknown-linux-musl-8.9.0/lib/libcryptopp.a(idea.o) is incompatible with elf_x86_64
          ld.lld: error: /nix/store/5wmdx4n8a7qm3hk977120ap8n03n3fgp-crypto++-musl-static-aarch64-unknown-linux-musl-8.9.0/lib/libcryptopp.a(iterhash.o) is incompatible with elf_x86_64
          ld.lld: error: /nix/store/5wmdx4n8a7qm3hk977120ap8n03n3fgp-crypto++-musl-static-aarch64-unknown-linux-musl-8.9.0/lib/libcryptopp.a(kalyna.o) is incompatible with elf_x86_64
          ld.lld: error: /nix/store/5wmdx4n8a7qm3hk977120ap8n03n3fgp-crypto++-musl-static-aarch64-unknown-linux-musl-8.9.0/lib/libcryptopp.a(kalynatab.o) is incompatible with elf_x86_64
          ld.lld: error: /nix/store/5wmdx4n8a7qm3hk977120ap8n03n3fgp-crypto++-musl-static-aarch64-unknown-linux-musl-8.9.0/lib/libcryptopp.a(keccak.o) is incompatible with elf_x86_64
          ld.lld: error: /nix/store/5wmdx4n8a7qm3hk977120ap8n03n3fgp-crypto++-musl-static-aarch64-unknown-linux-musl-8.9.0/lib/libcryptopp.a(keccak_core.o) is incompatible with elf_x86_64
          ld.lld: error: /nix/store/5wmdx4n8a7qm3hk977120ap8n03n3fgp-crypto++-musl-static-aarch64-unknown-linux-musl-8.9.0/lib/libcryptopp.a(keccak_simd.o) is incompatible with elf_x86_64
          ld.lld: error: /nix/store/5wmdx4n8a7qm3hk977120ap8n03n3fgp-crypto++-musl-static-aarch64-unknown-linux-musl-8.9.0/lib/libcryptopp.a(lea.o) is incompatible with elf_x86_64
          ld.lld: error: /nix/store/5wmdx4n8a7qm3hk977120ap8n03n3fgp-crypto++-musl-static-aarch64-unknown-linux-musl-8.9.0/lib/libcryptopp.a(lea_simd.o) is incompatible with elf_x86_64
          ld.lld: error: /nix/store/5wmdx4n8a7qm3hk977120ap8n03n3fgp-crypto++-musl-static-aarch64-unknown-linux-musl-8.9.0/lib/libcryptopp.a(lsh256.o) is incompatible with elf_x86_64
          ld.lld: error: /nix/store/5wmdx4n8a7qm3hk977120ap8n03n3fgp-crypto++-musl-static-aarch64-unknown-linux-musl-8.9.0/lib/libcryptopp.a(lsh512.o) is incompatible with elf_x86_64
          ld.lld: error: /nix/store/5wmdx4n8a7qm3hk977120ap8n03n3fgp-crypto++-musl-static-aarch64-unknown-linux-musl-8.9.0/lib/libcryptopp.a(luc.o) is incompatible with elf_x86_64
          ld.lld: error: /nix/store/5wmdx4n8a7qm3hk977120ap8n03n3fgp-crypto++-musl-static-aarch64-unknown-linux-musl-8.9.0/lib/libcryptopp.a(mars.o) is incompatible with elf_x86_64
          ld.lld: error: /nix/store/5wmdx4n8a7qm3hk977120ap8n03n3fgp-crypto++-musl-static-aarch64-unknown-linux-musl-8.9.0/lib/libcryptopp.a(marss.o) is incompatible with elf_x86_64
          ld.lld: error: /nix/store/5wmdx4n8a7qm3hk977120ap8n03n3fgp-crypto++-musl-static-aarch64-unknown-linux-musl-8.9.0/lib/libcryptopp.a(md2.o) is incompatible with elf_x86_64
          ld.lld: error: /nix/store/5wmdx4n8a7qm3hk977120ap8n03n3fgp-crypto++-musl-static-aarch64-unknown-linux-musl-8.9.0/lib/libcryptopp.a(md4.o) is incompatible with elf_x86_64
          ld.lld: error: /nix/store/5wmdx4n8a7qm3hk977120ap8n03n3fgp-crypto++-musl-static-aarch64-unknown-linux-musl-8.9.0/lib/libcryptopp.a(md5.o) is incompatible with elf_x86_64
          ld.lld: error: /nix/store/5wmdx4n8a7qm3hk977120ap8n03n3fgp-crypto++-musl-static-aarch64-unknown-linux-musl-8.9.0/lib/libcryptopp.a(misc.o) is incompatible with elf_x86_64
          ld.lld: error: /nix/store/5wmdx4n8a7qm3hk977120ap8n03n3fgp-crypto++-musl-static-aarch64-unknown-linux-musl-8.9.0/lib/libcryptopp.a(modes.o) is incompatible with elf_x86_64
          ld.lld: error: /nix/store/5wmdx4n8a7qm3hk977120ap8n03n3fgp-crypto++-musl-static-aarch64-unknown-linux-musl-8.9.0/lib/libcryptopp.a(mqueue.o) is incompatible with elf_x86_64
          ld.lld: error: /nix/store/5wmdx4n8a7qm3hk977120ap8n03n3fgp-crypto++-musl-static-aarch64-unknown-linux-musl-8.9.0/lib/libcryptopp.a(mqv.o) is incompatible with elf_x86_64
          ld.lld: error: /nix/store/5wmdx4n8a7qm3hk977120ap8n03n3fgp-crypto++-musl-static-aarch64-unknown-linux-musl-8.9.0/lib/libcryptopp.a(nbtheory.o) is incompatible with elf_x86_64
          ld.lld: error: /nix/store/5wmdx4n8a7qm3hk977120ap8n03n3fgp-crypto++-musl-static-aarch64-unknown-linux-musl-8.9.0/lib/libcryptopp.a(neon_simd.o) is incompatible with elf_x86_64
          ld.lld: error: /nix/store/5wmdx4n8a7qm3hk977120ap8n03n3fgp-crypto++-musl-static-aarch64-unknown-linux-musl-8.9.0/lib/libcryptopp.a(oaep.o) is incompatible with elf_x86_64
          ld.lld: error: /nix/store/5wmdx4n8a7qm3hk977120ap8n03n3fgp-crypto++-musl-static-aarch64-unknown-linux-musl-8.9.0/lib/libcryptopp.a(osrng.o) is incompatible with elf_x86_64
          ld.lld: error: /nix/store/5wmdx4n8a7qm3hk977120ap8n03n3fgp-crypto++-musl-static-aarch64-unknown-linux-musl-8.9.0/lib/libcryptopp.a(padlkrng.o) is incompatible with elf_x86_64
          ld.lld: error: /nix/store/5wmdx4n8a7qm3hk977120ap8n03n3fgp-crypto++-musl-static-aarch64-unknown-linux-musl-8.9.0/lib/libcryptopp.a(panama.o) is incompatible with elf_x86_64
          ld.lld: error: /nix/store/5wmdx4n8a7qm3hk977120ap8n03n3fgp-crypto++-musl-static-aarch64-unknown-linux-musl-8.9.0/lib/libcryptopp.a(pkcspad.o) is incompatible with elf_x86_64
          ld.lld: error: /nix/store/5wmdx4n8a7qm3hk977120ap8n03n3fgp-crypto++-musl-static-aarch64-unknown-linux-musl-8.9.0/lib/libcryptopp.a(poly1305.o) is incompatible with elf_x86_64
          ld.lld: error: /nix/store/5wmdx4n8a7qm3hk977120ap8n03n3fgp-crypto++-musl-static-aarch64-unknown-linux-musl-8.9.0/lib/libcryptopp.a(polynomi.o) is incompatible with elf_x86_64
          ld.lld: error: /nix/store/5wmdx4n8a7qm3hk977120ap8n03n3fgp-crypto++-musl-static-aarch64-unknown-linux-musl-8.9.0/lib/libcryptopp.a(ppc_simd.o) is incompatible with elf_x86_64
          ld.lld: error: /nix/store/5wmdx4n8a7qm3hk977120ap8n03n3fgp-crypto++-musl-static-aarch64-unknown-linux-musl-8.9.0/lib/libcryptopp.a(primetab.o) is incompatible with elf_x86_64
          ld.lld: error: /nix/store/5wmdx4n8a7qm3hk977120ap8n03n3fgp-crypto++-musl-static-aarch64-unknown-linux-musl-8.9.0/lib/libcryptopp.a(pssr.o) is incompatible with elf_x86_64
          ld.lld: error: /nix/store/5wmdx4n8a7qm3hk977120ap8n03n3fgp-crypto++-musl-static-aarch64-unknown-linux-musl-8.9.0/lib/libcryptopp.a(pubkey.o) is incompatible with elf_x86_64
          ld.lld: error: /nix/store/5wmdx4n8a7qm3hk977120ap8n03n3fgp-crypto++-musl-static-aarch64-unknown-linux-musl-8.9.0/lib/libcryptopp.a(queue.o) is incompatible with elf_x86_64
          ld.lld: error: /nix/store/5wmdx4n8a7qm3hk977120ap8n03n3fgp-crypto++-musl-static-aarch64-unknown-linux-musl-8.9.0/lib/libcryptopp.a(rabbit.o) is incompatible with elf_x86_64
          ld.lld: error: /nix/store/5wmdx4n8a7qm3hk977120ap8n03n3fgp-crypto++-musl-static-aarch64-unknown-linux-musl-8.9.0/lib/libcryptopp.a(rabin.o) is incompatible with elf_x86_64
          ld.lld: error: /nix/store/5wmdx4n8a7qm3hk977120ap8n03n3fgp-crypto++-musl-static-aarch64-unknown-linux-musl-8.9.0/lib/libcryptopp.a(randpool.o) is incompatible with elf_x86_64
          ld.lld: error: /nix/store/5wmdx4n8a7qm3hk977120ap8n03n3fgp-crypto++-musl-static-aarch64-unknown-linux-musl-8.9.0/lib/libcryptopp.a(rc2.o) is incompatible with elf_x86_64
          ld.lld: error: /nix/store/5wmdx4n8a7qm3hk977120ap8n03n3fgp-crypto++-musl-static-aarch64-unknown-linux-musl-8.9.0/lib/libcryptopp.a(rc5.o) is incompatible with elf_x86_64
          ld.lld: error: /nix/store/5wmdx4n8a7qm3hk977120ap8n03n3fgp-crypto++-musl-static-aarch64-unknown-linux-musl-8.9.0/lib/libcryptopp.a(rc6.o) is incompatible with elf_x86_64
          ld.lld: error: /nix/store/5wmdx4n8a7qm3hk977120ap8n03n3fgp-crypto++-musl-static-aarch64-unknown-linux-musl-8.9.0/lib/libcryptopp.a(rdrand.o) is incompatible with elf_x86_64
          ld.lld: error: /nix/store/5wmdx4n8a7qm3hk977120ap8n03n3fgp-crypto++-musl-static-aarch64-unknown-linux-musl-8.9.0/lib/libcryptopp.a(rdtables.o) is incompatible with elf_x86_64
          ld.lld: error: /nix/store/5wmdx4n8a7qm3hk977120ap8n03n3fgp-crypto++-musl-static-aarch64-unknown-linux-musl-8.9.0/lib/libcryptopp.a(rijndael.o) is incompatible with elf_x86_64
          ld.lld: error: /nix/store/5wmdx4n8a7qm3hk977120ap8n03n3fgp-crypto++-musl-static-aarch64-unknown-linux-musl-8.9.0/lib/libcryptopp.a(rijndael_simd.o) is incompatible with elf_x86_64
          ld.lld: error: /nix/store/5wmdx4n8a7qm3hk977120ap8n03n3fgp-crypto++-musl-static-aarch64-unknown-linux-musl-8.9.0/lib/libcryptopp.a(ripemd.o) is incompatible with elf_x86_64
          ld.lld: error: /nix/store/5wmdx4n8a7qm3hk977120ap8n03n3fgp-crypto++-musl-static-aarch64-unknown-linux-musl-8.9.0/lib/libcryptopp.a(rng.o) is incompatible with elf_x86_64
          ld.lld: error: /nix/store/5wmdx4n8a7qm3hk977120ap8n03n3fgp-crypto++-musl-static-aarch64-unknown-linux-musl-8.9.0/lib/libcryptopp.a(rsa.o) is incompatible with elf_x86_64
          ld.lld: error: /nix/store/5wmdx4n8a7qm3hk977120ap8n03n3fgp-crypto++-musl-static-aarch64-unknown-linux-musl-8.9.0/lib/libcryptopp.a(rw.o) is incompatible with elf_x86_64
          ld.lld: error: /nix/store/5wmdx4n8a7qm3hk977120ap8n03n3fgp-crypto++-musl-static-aarch64-unknown-linux-musl-8.9.0/lib/libcryptopp.a(safer.o) is incompatible with elf_x86_64
          ld.lld: error: /nix/store/5wmdx4n8a7qm3hk977120ap8n03n3fgp-crypto++-musl-static-aarch64-unknown-linux-musl-8.9.0/lib/libcryptopp.a(salsa.o) is incompatible with elf_x86_64
          ld.lld: error: /nix/store/5wmdx4n8a7qm3hk977120ap8n03n3fgp-crypto++-musl-static-aarch64-unknown-linux-musl-8.9.0/lib/libcryptopp.a(scrypt.o) is incompatible with elf_x86_64
          ld.lld: error: /nix/store/5wmdx4n8a7qm3hk977120ap8n03n3fgp-crypto++-musl-static-aarch64-unknown-linux-musl-8.9.0/lib/libcryptopp.a(seal.o) is incompatible with elf_x86_64
          ld.lld: error: /nix/store/5wmdx4n8a7qm3hk977120ap8n03n3fgp-crypto++-musl-static-aarch64-unknown-linux-musl-8.9.0/lib/libcryptopp.a(seed.o) is incompatible with elf_x86_64
          ld.lld: error: /nix/store/5wmdx4n8a7qm3hk977120ap8n03n3fgp-crypto++-musl-static-aarch64-unknown-linux-musl-8.9.0/lib/libcryptopp.a(serpent.o) is incompatible with elf_x86_64
          ld.lld: error: /nix/store/5wmdx4n8a7qm3hk977120ap8n03n3fgp-crypto++-musl-static-aarch64-unknown-linux-musl-8.9.0/lib/libcryptopp.a(sha.o) is incompatible with elf_x86_64
          ld.lld: error: /nix/store/5wmdx4n8a7qm3hk977120ap8n03n3fgp-crypto++-musl-static-aarch64-unknown-linux-musl-8.9.0/lib/libcryptopp.a(sha3.o) is incompatible with elf_x86_64
          ld.lld: error: /nix/store/5wmdx4n8a7qm3hk977120ap8n03n3fgp-crypto++-musl-static-aarch64-unknown-linux-musl-8.9.0/lib/libcryptopp.a(sha_simd.o) is incompatible with elf_x86_64
          ld.lld: error: /nix/store/5wmdx4n8a7qm3hk977120ap8n03n3fgp-crypto++-musl-static-aarch64-unknown-linux-musl-8.9.0/lib/libcryptopp.a(shacal2.o) is incompatible with elf_x86_64
          ld.lld: error: /nix/store/5wmdx4n8a7qm3hk977120ap8n03n3fgp-crypto++-musl-static-aarch64-unknown-linux-musl-8.9.0/lib/libcryptopp.a(shacal2_simd.o) is incompatible with elf_x86_64
          ld.lld: error: /nix/store/5wmdx4n8a7qm3hk977120ap8n03n3fgp-crypto++-musl-static-aarch64-unknown-linux-musl-8.9.0/lib/libcryptopp.a(shake.o) is incompatible with elf_x86_64
          ld.lld: error: /nix/store/5wmdx4n8a7qm3hk977120ap8n03n3fgp-crypto++-musl-static-aarch64-unknown-linux-musl-8.9.0/lib/libcryptopp.a(shark.o) is incompatible with elf_x86_64
          ld.lld: error: /nix/store/5wmdx4n8a7qm3hk977120ap8n03n3fgp-crypto++-musl-static-aarch64-unknown-linux-musl-8.9.0/lib/libcryptopp.a(sharkbox.o) is incompatible with elf_x86_64
          ld.lld: error: /nix/store/5wmdx4n8a7qm3hk977120ap8n03n3fgp-crypto++-musl-static-aarch64-unknown-linux-musl-8.9.0/lib/libcryptopp.a(simeck.o) is incompatible with elf_x86_64
          ld.lld: error: /nix/store/5wmdx4n8a7qm3hk977120ap8n03n3fgp-crypto++-musl-static-aarch64-unknown-linux-musl-8.9.0/lib/libcryptopp.a(simon.o) is incompatible with elf_x86_64
          ld.lld: error: /nix/store/5wmdx4n8a7qm3hk977120ap8n03n3fgp-crypto++-musl-static-aarch64-unknown-linux-musl-8.9.0/lib/libcryptopp.a(simon128_simd.o) is incompatible with elf_x86_64
          ld.lld: error: /nix/store/5wmdx4n8a7qm3hk977120ap8n03n3fgp-crypto++-musl-static-aarch64-unknown-linux-musl-8.9.0/lib/libcryptopp.a(skipjack.o) is incompatible with elf_x86_64
          ld.lld: error: /nix/store/5wmdx4n8a7qm3hk977120ap8n03n3fgp-crypto++-musl-static-aarch64-unknown-linux-musl-8.9.0/lib/libcryptopp.a(sm3.o) is incompatible with elf_x86_64
          ld.lld: error: /nix/store/5wmdx4n8a7qm3hk977120ap8n03n3fgp-crypto++-musl-static-aarch64-unknown-linux-musl-8.9.0/lib/libcryptopp.a(sm4.o) is incompatible with elf_x86_64
          ld.lld: error: /nix/store/5wmdx4n8a7qm3hk977120ap8n03n3fgp-crypto++-musl-static-aarch64-unknown-linux-musl-8.9.0/lib/libcryptopp.a(sm4_simd.o) is incompatible with elf_x86_64
          ld.lld: error: /nix/store/5wmdx4n8a7qm3hk977120ap8n03n3fgp-crypto++-musl-static-aarch64-unknown-linux-musl-8.9.0/lib/libcryptopp.a(sosemanuk.o) is incompatible with elf_x86_64
          ld.lld: error: /nix/store/5wmdx4n8a7qm3hk977120ap8n03n3fgp-crypto++-musl-static-aarch64-unknown-linux-musl-8.9.0/lib/libcryptopp.a(speck.o) is incompatible with elf_x86_64
          ld.lld: error: /nix/store/5wmdx4n8a7qm3hk977120ap8n03n3fgp-crypto++-musl-static-aarch64-unknown-linux-musl-8.9.0/lib/libcryptopp.a(speck128_simd.o) is incompatible with elf_x86_64
          ld.lld: error: /nix/store/5wmdx4n8a7qm3hk977120ap8n03n3fgp-crypto++-musl-static-aarch64-unknown-linux-musl-8.9.0/lib/libcryptopp.a(square.o) is incompatible with elf_x86_64
          ld.lld: error: /nix/store/5wmdx4n8a7qm3hk977120ap8n03n3fgp-crypto++-musl-static-aarch64-unknown-linux-musl-8.9.0/lib/libcryptopp.a(squaretb.o) is incompatible with elf_x86_64
          ld.lld: error: /nix/store/5wmdx4n8a7qm3hk977120ap8n03n3fgp-crypto++-musl-static-aarch64-unknown-linux-musl-8.9.0/lib/libcryptopp.a(strciphr.o) is incompatible with elf_x86_64
          ld.lld: error: /nix/store/5wmdx4n8a7qm3hk977120ap8n03n3fgp-crypto++-musl-static-aarch64-unknown-linux-musl-8.9.0/lib/libcryptopp.a(tea.o) is incompatible with elf_x86_64
          ld.lld: error: /nix/store/5wmdx4n8a7qm3hk977120ap8n03n3fgp-crypto++-musl-static-aarch64-unknown-linux-musl-8.9.0/lib/libcryptopp.a(tftables.o) is incompatible with elf_x86_64
          ld.lld: error: /nix/store/5wmdx4n8a7qm3hk977120ap8n03n3fgp-crypto++-musl-static-aarch64-unknown-linux-musl-8.9.0/lib/libcryptopp.a(threefish.o) is incompatible with elf_x86_64
          ld.lld: error: /nix/store/5wmdx4n8a7qm3hk977120ap8n03n3fgp-crypto++-musl-static-aarch64-unknown-linux-musl-8.9.0/lib/libcryptopp.a(tiger.o) is incompatible with elf_x86_64
          ld.lld: error: /nix/store/5wmdx4n8a7qm3hk977120ap8n03n3fgp-crypto++-musl-static-aarch64-unknown-linux-musl-8.9.0/lib/libcryptopp.a(tigertab.o) is incompatible with elf_x86_64
          ld.lld: error: /nix/store/5wmdx4n8a7qm3hk977120ap8n03n3fgp-crypto++-musl-static-aarch64-unknown-linux-musl-8.9.0/lib/libcryptopp.a(ttmac.o) is incompatible with elf_x86_64
          ld.lld: error: /nix/store/5wmdx4n8a7qm3hk977120ap8n03n3fgp-crypto++-musl-static-aarch64-unknown-linux-musl-8.9.0/lib/libcryptopp.a(tweetnacl.o) is incompatible with elf_x86_64
          ld.lld: error: /nix/store/5wmdx4n8a7qm3hk977120ap8n03n3fgp-crypto++-musl-static-aarch64-unknown-linux-musl-8.9.0/lib/libcryptopp.a(twofish.o) is incompatible with elf_x86_64
          ld.lld: error: /nix/store/5wmdx4n8a7qm3hk977120ap8n03n3fgp-crypto++-musl-static-aarch64-unknown-linux-musl-8.9.0/lib/libcryptopp.a(vmac.o) is incompatible with elf_x86_64
          ld.lld: error: /nix/store/5wmdx4n8a7qm3hk977120ap8n03n3fgp-crypto++-musl-static-aarch64-unknown-linux-musl-8.9.0/lib/libcryptopp.a(wake.o) is incompatible with elf_x86_64
          ld.lld: error: /nix/store/5wmdx4n8a7qm3hk977120ap8n03n3fgp-crypto++-musl-static-aarch64-unknown-linux-musl-8.9.0/lib/libcryptopp.a(whrlpool.o) is incompatible with elf_x86_64
          ld.lld: error: /nix/store/5wmdx4n8a7qm3hk977120ap8n03n3fgp-crypto++-musl-static-aarch64-unknown-linux-musl-8.9.0/lib/libcryptopp.a(xed25519.o) is incompatible with elf_x86_64
          ld.lld: error: /nix/store/5wmdx4n8a7qm3hk977120ap8n03n3fgp-crypto++-musl-static-aarch64-unknown-linux-musl-8.9.0/lib/libcryptopp.a(xtr.o) is incompatible with elf_x86_64
          ld.lld: error: /nix/store/5wmdx4n8a7qm3hk977120ap8n03n3fgp-crypto++-musl-static-aarch64-unknown-linux-musl-8.9.0/lib/libcryptopp.a(xtrcrypt.o) is incompatible with elf_x86_64
          ld.lld: error: /nix/store/5wmdx4n8a7qm3hk977120ap8n03n3fgp-crypto++-musl-static-aarch64-unknown-linux-musl-8.9.0/lib/libcryptopp.a(xts.o) is incompatible with elf_x86_64
          ld.lld: error: /nix/store/5wmdx4n8a7qm3hk977120ap8n03n3fgp-crypto++-musl-static-aarch64-unknown-linux-musl-8.9.0/lib/libcryptopp.a(zdeflate.o) is incompatible with elf_x86_64
          ld.lld: error: /nix/store/5wmdx4n8a7qm3hk977120ap8n03n3fgp-crypto++-musl-static-aarch64-unknown-linux-musl-8.9.0/lib/libcryptopp.a(zinflate.o) is incompatible with elf_x86_64
          ld.lld: error: /nix/store/5wmdx4n8a7qm3hk977120ap8n03n3fgp-crypto++-musl-static-aarch64-unknown-linux-musl-8.9.0/lib/libcryptopp.a(zlib.o) is incompatible with elf_x86_64
          ld.lld: error: /nix/store/1b6v1n6vy1qd8q73rhb0lb7r5jid1hsp-openssl-musl-static-aarch64-unknown-linux-musl-3.6.0/lib/libssl.a(libssl-lib-bio_ssl.o) is incompatible with elf_x86_64
          ld.lld: error: /nix/store/1b6v1n6vy1qd8q73rhb0lb7r5jid1hsp-openssl-musl-static-aarch64-unknown-linux-musl-3.6.0/lib/libssl.a(libssl-lib-d1_lib.o) is incompatible with elf_x86_64
          ld.lld: error: /nix/store/1b6v1n6vy1qd8q73rhb0lb7r5jid1hsp-openssl-musl-static-aarch64-unknown-linux-musl-3.6.0/lib/libssl.a(libssl-lib-d1_msg.o) is incompatible with elf_x86_64
          ld.lld: error: /nix/store/1b6v1n6vy1qd8q73rhb0lb7r5jid1hsp-openssl-musl-static-aarch64-unknown-linux-musl-3.6.0/lib/libssl.a(libssl-lib-d1_srtp.o) is incompatible with elf_x86_64
          ld.lld: error: /nix/store/1b6v1n6vy1qd8q73rhb0lb7r5jid1hsp-openssl-musl-static-aarch64-unknown-linux-musl-3.6.0/lib/libssl.a(libssl-lib-methods.o) is incompatible with elf_x86_64
          ld.lld: error: /nix/store/1b6v1n6vy1qd8q73rhb0lb7r5jid1hsp-openssl-musl-static-aarch64-unknown-linux-musl-3.6.0/lib/libssl.a(libssl-lib-pqueue.o) is incompatible with elf_x86_64
          ld.lld: error: /nix/store/1b6v1n6vy1qd8q73rhb0lb7r5jid1hsp-openssl-musl-static-aarch64-unknown-linux-musl-3.6.0/lib/libssl.a(libssl-lib-priority_queue.o) is incompatible with elf_x86_64
          ld.lld: error: /nix/store/1b6v1n6vy1qd8q73rhb0lb7r5jid1hsp-openssl-musl-static-aarch64-unknown-linux-musl-3.6.0/lib/libssl.a(libssl-lib-s3_enc.o) is incompatible with elf_x86_64
          ld.lld: error: /nix/store/1b6v1n6vy1qd8q73rhb0lb7r5jid1hsp-openssl-musl-static-aarch64-unknown-linux-musl-3.6.0/lib/libssl.a(libssl-lib-s3_lib.o) is incompatible with elf_x86_64
          ld.lld: error: /nix/store/1b6v1n6vy1qd8q73rhb0lb7r5jid1hsp-openssl-musl-static-aarch64-unknown-linux-musl-3.6.0/lib/libssl.a(libssl-lib-s3_msg.o) is incompatible with elf_x86_64
          ld.lld: error: /nix/store/1b6v1n6vy1qd8q73rhb0lb7r5jid1hsp-openssl-musl-static-aarch64-unknown-linux-musl-3.6.0/lib/libssl.a(libssl-lib-ssl_asn1.o) is incompatible with elf_x86_64
          ld.lld: error: /nix/store/1b6v1n6vy1qd8q73rhb0lb7r5jid1hsp-openssl-musl-static-aarch64-unknown-linux-musl-3.6.0/lib/libssl.a(libssl-lib-ssl_cert.o) is incompatible with elf_x86_64
          ld.lld: error: /nix/store/1b6v1n6vy1qd8q73rhb0lb7r5jid1hsp-openssl-musl-static-aarch64-unknown-linux-musl-3.6.0/lib/libssl.a(libssl-lib-ssl_cert_comp.o) is incompatible with elf_x86_64
          ld.lld: error: /nix/store/1b6v1n6vy1qd8q73rhb0lb7r5jid1hsp-openssl-musl-static-aarch64-unknown-linux-musl-3.6.0/lib/libssl.a(libssl-lib-ssl_ciph.o) is incompatible with elf_x86_64
          ld.lld: error: /nix/store/1b6v1n6vy1qd8q73rhb0lb7r5jid1hsp-openssl-musl-static-aarch64-unknown-linux-musl-3.6.0/lib/libssl.a(libssl-lib-ssl_conf.o) is incompatible with elf_x86_64
          ld.lld: error: /nix/store/1b6v1n6vy1qd8q73rhb0lb7r5jid1hsp-openssl-musl-static-aarch64-unknown-linux-musl-3.6.0/lib/libssl.a(libssl-lib-ssl_err_legacy.o) is incompatible with elf_x86_64
          ld.lld: error: /nix/store/1b6v1n6vy1qd8q73rhb0lb7r5jid1hsp-openssl-musl-static-aarch64-unknown-linux-musl-3.6.0/lib/libssl.a(libssl-lib-ssl_init.o) is incompatible with elf_x86_64
          ld.lld: error: /nix/store/1b6v1n6vy1qd8q73rhb0lb7r5jid1hsp-openssl-musl-static-aarch64-unknown-linux-musl-3.6.0/lib/libssl.a(libssl-lib-ssl_lib.o) is incompatible with elf_x86_64
          ld.lld: error: /nix/store/1b6v1n6vy1qd8q73rhb0lb7r5jid1hsp-openssl-musl-static-aarch64-unknown-linux-musl-3.6.0/lib/libssl.a(libssl-lib-ssl_mcnf.o) is incompatible with elf_x86_64
          ld.lld: error: /nix/store/1b6v1n6vy1qd8q73rhb0lb7r5jid1hsp-openssl-musl-static-aarch64-unknown-linux-musl-3.6.0/lib/libssl.a(libssl-lib-ssl_rsa.o) is incompatible with elf_x86_64
          ld.lld: error: /nix/store/1b6v1n6vy1qd8q73rhb0lb7r5jid1hsp-openssl-musl-static-aarch64-unknown-linux-musl-3.6.0/lib/libssl.a(libssl-lib-ssl_rsa_legacy.o) is incompatible with elf_x86_64
          ld.lld: error: /nix/store/1b6v1n6vy1qd8q73rhb0lb7r5jid1hsp-openssl-musl-static-aarch64-unknown-linux-musl-3.6.0/lib/libssl.a(libssl-lib-ssl_sess.o) is incompatible with elf_x86_64
          ld.lld: error: /nix/store/1b6v1n6vy1qd8q73rhb0lb7r5jid1hsp-openssl-musl-static-aarch64-unknown-linux-musl-3.6.0/lib/libssl.a(libssl-lib-ssl_stat.o) is incompatible with elf_x86_64
          ld.lld: error: /nix/store/1b6v1n6vy1qd8q73rhb0lb7r5jid1hsp-openssl-musl-static-aarch64-unknown-linux-musl-3.6.0/lib/libssl.a(libssl-lib-ssl_txt.o) is incompatible with elf_x86_64
          ld.lld: error: /nix/store/1b6v1n6vy1qd8q73rhb0lb7r5jid1hsp-openssl-musl-static-aarch64-unknown-linux-musl-3.6.0/lib/libssl.a(libssl-lib-ssl_utst.o) is incompatible with elf_x86_64
          ld.lld: error: /nix/store/1b6v1n6vy1qd8q73rhb0lb7r5jid1hsp-openssl-musl-static-aarch64-unknown-linux-musl-3.6.0/lib/libssl.a(libssl-lib-t1_enc.o) is incompatible with elf_x86_64
          ld.lld: error: /nix/store/1b6v1n6vy1qd8q73rhb0lb7r5jid1hsp-openssl-musl-static-aarch64-unknown-linux-musl-3.6.0/lib/libssl.a(libssl-lib-t1_lib.o) is incompatible with elf_x86_64
          ld.lld: error: /nix/store/1b6v1n6vy1qd8q73rhb0lb7r5jid1hsp-openssl-musl-static-aarch64-unknown-linux-musl-3.6.0/lib/libssl.a(libssl-lib-t1_trce.o) is incompatible with elf_x86_64
          ld.lld: error: /nix/store/1b6v1n6vy1qd8q73rhb0lb7r5jid1hsp-openssl-musl-static-aarch64-unknown-linux-musl-3.6.0/lib/libssl.a(libssl-lib-tls13_enc.o) is incompatible with elf_x86_64
          ld.lld: error: /nix/store/1b6v1n6vy1qd8q73rhb0lb7r5jid1hsp-openssl-musl-static-aarch64-unknown-linux-musl-3.6.0/lib/libssl.a(libssl-lib-tls_depr.o) is incompatible with elf_x86_64
          ld.lld: error: /nix/store/1b6v1n6vy1qd8q73rhb0lb7r5jid1hsp-openssl-musl-static-aarch64-unknown-linux-musl-3.6.0/lib/libssl.a(libssl-lib-tls_srp.o) is incompatible with elf_x86_64
          ld.lld: error: /nix/store/1b6v1n6vy1qd8q73rhb0lb7r5jid1hsp-openssl-musl-static-aarch64-unknown-linux-musl-3.6.0/lib/libssl.a(libssl-lib-cc_newreno.o) is incompatible with elf_x86_64
          ld.lld: error: /nix/store/1b6v1n6vy1qd8q73rhb0lb7r5jid1hsp-openssl-musl-static-aarch64-unknown-linux-musl-3.6.0/lib/libssl.a(libssl-lib-json_enc.o) is incompatible with elf_x86_64
          ld.lld: error: /nix/store/1b6v1n6vy1qd8q73rhb0lb7r5jid1hsp-openssl-musl-static-aarch64-unknown-linux-musl-3.6.0/lib/libssl.a(libssl-lib-qlog.o) is incompatible with elf_x86_64
          ld.lld: error: /nix/store/1b6v1n6vy1qd8q73rhb0lb7r5jid1hsp-openssl-musl-static-aarch64-unknown-linux-musl-3.6.0/lib/libssl.a(libssl-lib-qlog_event_helpers.o) is incompatible with elf_x86_64
          ld.lld: error: /nix/store/1b6v1n6vy1qd8q73rhb0lb7r5jid1hsp-openssl-musl-static-aarch64-unknown-linux-musl-3.6.0/lib/libssl.a(libssl-lib-quic_ackm.o) is incompatible with elf_x86_64
          ld.lld: error: /nix/store/1b6v1n6vy1qd8q73rhb0lb7r5jid1hsp-openssl-musl-static-aarch64-unknown-linux-musl-3.6.0/lib/libssl.a(libssl-lib-quic_cfq.o) is incompatible with elf_x86_64
          ld.lld: error: /nix/store/1b6v1n6vy1qd8q73rhb0lb7r5jid1hsp-openssl-musl-static-aarch64-unknown-linux-musl-3.6.0/lib/libssl.a(libssl-lib-quic_channel.o) is incompatible with elf_x86_64
          ld.lld: error: /nix/store/1b6v1n6vy1qd8q73rhb0lb7r5jid1hsp-openssl-musl-static-aarch64-unknown-linux-musl-3.6.0/lib/libssl.a(libssl-lib-quic_demux.o) is incompatible with elf_x86_64
          ld.lld: error: /nix/store/1b6v1n6vy1qd8q73rhb0lb7r5jid1hsp-openssl-musl-static-aarch64-unknown-linux-musl-3.6.0/lib/libssl.a(libssl-lib-quic_engine.o) is incompatible with elf_x86_64
          ld.lld: error: /nix/store/1b6v1n6vy1qd8q73rhb0lb7r5jid1hsp-openssl-musl-static-aarch64-unknown-linux-musl-3.6.0/lib/libssl.a(libssl-lib-quic_fc.o) is incompatible with elf_x86_64
          ld.lld: error: /nix/store/1b6v1n6vy1qd8q73rhb0lb7r5jid1hsp-openssl-musl-static-aarch64-unknown-linux-musl-3.6.0/lib/libssl.a(libssl-lib-quic_fifd.o) is incompatible with elf_x86_64
          ld.lld: error: /nix/store/1b6v1n6vy1qd8q73rhb0lb7r5jid1hsp-openssl-musl-static-aarch64-unknown-linux-musl-3.6.0/lib/libssl.a(libssl-lib-quic_impl.o) is incompatible with elf_x86_64
          ld.lld: error: /nix/store/1b6v1n6vy1qd8q73rhb0lb7r5jid1hsp-openssl-musl-static-aarch64-unknown-linux-musl-3.6.0/lib/libssl.a(libssl-lib-quic_lcidm.o) is incompatible with elf_x86_64
          ld.lld: error: /nix/store/1b6v1n6vy1qd8q73rhb0lb7r5jid1hsp-openssl-musl-static-aarch64-unknown-linux-musl-3.6.0/lib/libssl.a(libssl-lib-quic_method.o) is incompatible with elf_x86_64
          ld.lld: error: /nix/store/1b6v1n6vy1qd8q73rhb0lb7r5jid1hsp-openssl-musl-static-aarch64-unknown-linux-musl-3.6.0/lib/libssl.a(libssl-lib-quic_obj.o) is incompatible with elf_x86_64
          ld.lld: error: /nix/store/1b6v1n6vy1qd8q73rhb0lb7r5jid1hsp-openssl-musl-static-aarch64-unknown-linux-musl-3.6.0/lib/libssl.a(libssl-lib-quic_port.o) is incompatible with elf_x86_64
          ld.lld: error: /nix/store/1b6v1n6vy1qd8q73rhb0lb7r5jid1hsp-openssl-musl-static-aarch64-unknown-linux-musl-3.6.0/lib/libssl.a(libssl-lib-quic_rcidm.o) is incompatible with elf_x86_64
          ld.lld: error: /nix/store/1b6v1n6vy1qd8q73rhb0lb7r5jid1hsp-openssl-musl-static-aarch64-unknown-linux-musl-3.6.0/lib/libssl.a(libssl-lib-quic_reactor.o) is incompatible with elf_x86_64
          ld.lld: error: /nix/store/1b6v1n6vy1qd8q73rhb0lb7r5jid1hsp-openssl-musl-static-aarch64-unknown-linux-musl-3.6.0/lib/libssl.a(libssl-lib-quic_reactor_wait_ctx.o) is incompatible with elf_x86_64
          ld.lld: error: /nix/store/1b6v1n6vy1qd8q73rhb0lb7r5jid1hsp-openssl-musl-static-aarch64-unknown-linux-musl-3.6.0/lib/libssl.a(libssl-lib-quic_record_rx.o) is incompatible with elf_x86_64
          ld.lld: error: /nix/store/1b6v1n6vy1qd8q73rhb0lb7r5jid1hsp-openssl-musl-static-aarch64-unknown-linux-musl-3.6.0/lib/libssl.a(libssl-lib-quic_record_shared.o) is incompatible with elf_x86_64
          ld.lld: error: /nix/store/1b6v1n6vy1qd8q73rhb0lb7r5jid1hsp-openssl-musl-static-aarch64-unknown-linux-musl-3.6.0/lib/libssl.a(libssl-lib-quic_record_tx.o) is incompatible with elf_x86_64
          ld.lld: error: /nix/store/1b6v1n6vy1qd8q73rhb0lb7r5jid1hsp-openssl-musl-static-aarch64-unknown-linux-musl-3.6.0/lib/libssl.a(libssl-lib-quic_record_util.o) is incompatible with elf_x86_64
          ld.lld: error: /nix/store/1b6v1n6vy1qd8q73rhb0lb7r5jid1hsp-openssl-musl-static-aarch64-unknown-linux-musl-3.6.0/lib/libssl.a(libssl-lib-quic_rstream.o) is incompatible with elf_x86_64
          ld.lld: error: /nix/store/1b6v1n6vy1qd8q73rhb0lb7r5jid1hsp-openssl-musl-static-aarch64-unknown-linux-musl-3.6.0/lib/libssl.a(libssl-lib-quic_rx_depack.o) is incompatible with elf_x86_64
          ld.lld: error: /nix/store/1b6v1n6vy1qd8q73rhb0lb7r5jid1hsp-openssl-musl-static-aarch64-unknown-linux-musl-3.6.0/lib/libssl.a(libssl-lib-quic_sf_list.o) is incompatible with elf_x86_64
          ld.lld: error: /nix/store/1b6v1n6vy1qd8q73rhb0lb7r5jid1hsp-openssl-musl-static-aarch64-unknown-linux-musl-3.6.0/lib/libssl.a(libssl-lib-quic_srt_gen.o) is incompatible with elf_x86_64
          ld.lld: error: /nix/store/1b6v1n6vy1qd8q73rhb0lb7r5jid1hsp-openssl-musl-static-aarch64-unknown-linux-musl-3.6.0/lib/libssl.a(libssl-lib-quic_srtm.o) is incompatible with elf_x86_64
          ld.lld: error: /nix/store/1b6v1n6vy1qd8q73rhb0lb7r5jid1hsp-openssl-musl-static-aarch64-unknown-linux-musl-3.6.0/lib/libssl.a(libssl-lib-quic_sstream.o) is incompatible with elf_x86_64
          ld.lld: error: /nix/store/1b6v1n6vy1qd8q73rhb0lb7r5jid1hsp-openssl-musl-static-aarch64-unknown-linux-musl-3.6.0/lib/libssl.a(libssl-lib-quic_statm.o) is incompatible with elf_x86_64
          ld.lld: error: /nix/store/1b6v1n6vy1qd8q73rhb0lb7r5jid1hsp-openssl-musl-static-aarch64-unknown-linux-musl-3.6.0/lib/libssl.a(libssl-lib-quic_stream_map.o) is incompatible with elf_x86_64
          ld.lld: error: /nix/store/1b6v1n6vy1qd8q73rhb0lb7r5jid1hsp-openssl-musl-static-aarch64-unknown-linux-musl-3.6.0/lib/libssl.a(libssl-lib-quic_thread_assist.o) is incompatible with elf_x86_64
          ld.lld: error: /nix/store/1b6v1n6vy1qd8q73rhb0lb7r5jid1hsp-openssl-musl-static-aarch64-unknown-linux-musl-3.6.0/lib/libssl.a(libssl-lib-quic_tls.o) is incompatible with elf_x86_64
          ld.lld: error: /nix/store/1b6v1n6vy1qd8q73rhb0lb7r5jid1hsp-openssl-musl-static-aarch64-unknown-linux-musl-3.6.0/lib/libssl.a(libssl-lib-quic_tls_api.o) is incompatible with elf_x86_64
          ld.lld: error: /nix/store/1b6v1n6vy1qd8q73rhb0lb7r5jid1hsp-openssl-musl-static-aarch64-unknown-linux-musl-3.6.0/lib/libssl.a(libssl-lib-quic_trace.o) is incompatible with elf_x86_64
          ld.lld: error: /nix/store/1b6v1n6vy1qd8q73rhb0lb7r5jid1hsp-openssl-musl-static-aarch64-unknown-linux-musl-3.6.0/lib/libssl.a(libssl-lib-quic_tserver.o) is incompatible with elf_x86_64
          ld.lld: error: /nix/store/1b6v1n6vy1qd8q73rhb0lb7r5jid1hsp-openssl-musl-static-aarch64-unknown-linux-musl-3.6.0/lib/libssl.a(libssl-lib-quic_txp.o) is incompatible with elf_x86_64
          ld.lld: error: /nix/store/1b6v1n6vy1qd8q73rhb0lb7r5jid1hsp-openssl-musl-static-aarch64-unknown-linux-musl-3.6.0/lib/libssl.a(libssl-lib-quic_txpim.o) is incompatible with elf_x86_64
          ld.lld: error: /nix/store/1b6v1n6vy1qd8q73rhb0lb7r5jid1hsp-openssl-musl-static-aarch64-unknown-linux-musl-3.6.0/lib/libssl.a(libssl-lib-quic_types.o) is incompatible with elf_x86_64
          ld.lld: error: /nix/store/1b6v1n6vy1qd8q73rhb0lb7r5jid1hsp-openssl-musl-static-aarch64-unknown-linux-musl-3.6.0/lib/libssl.a(libssl-lib-quic_wire.o) is incompatible with elf_x86_64
          ld.lld: error: /nix/store/1b6v1n6vy1qd8q73rhb0lb7r5jid1hsp-openssl-musl-static-aarch64-unknown-linux-musl-3.6.0/lib/libssl.a(libssl-lib-quic_wire_pkt.o) is incompatible with elf_x86_64
          ld.lld: error: /nix/store/1b6v1n6vy1qd8q73rhb0lb7r5jid1hsp-openssl-musl-static-aarch64-unknown-linux-musl-3.6.0/lib/libssl.a(libssl-lib-uint_set.o) is incompatible with elf_x86_64
          ld.lld: error: /nix/store/1b6v1n6vy1qd8q73rhb0lb7r5jid1hsp-openssl-musl-static-aarch64-unknown-linux-musl-3.6.0/lib/libssl.a(libssl-lib-rec_layer_d1.o) is incompatible with elf_x86_64
          ld.lld: error: /nix/store/1b6v1n6vy1qd8q73rhb0lb7r5jid1hsp-openssl-musl-static-aarch64-unknown-linux-musl-3.6.0/lib/libssl.a(libssl-lib-rec_layer_s3.o) is incompatible with elf_x86_64
          ld.lld: error: /nix/store/1b6v1n6vy1qd8q73rhb0lb7r5jid1hsp-openssl-musl-static-aarch64-unknown-linux-musl-3.6.0/lib/libssl.a(libssl-lib-dtls_meth.o) is incompatible with elf_x86_64
          ld.lld: error: /nix/store/1b6v1n6vy1qd8q73rhb0lb7r5jid1hsp-openssl-musl-static-aarch64-unknown-linux-musl-3.6.0/lib/libssl.a(libssl-lib-ktls_meth.o) is incompatible with elf_x86_64
          ld.lld: error: /nix/store/1b6v1n6vy1qd8q73rhb0lb7r5jid1hsp-openssl-musl-static-aarch64-unknown-linux-musl-3.6.0/lib/libssl.a(libssl-lib-ssl3_meth.o) is incompatible with elf_x86_64
          ld.lld: error: /nix/store/1b6v1n6vy1qd8q73rhb0lb7r5jid1hsp-openssl-musl-static-aarch64-unknown-linux-musl-3.6.0/lib/libssl.a(libssl-lib-tls13_meth.o) is incompatible with elf_x86_64
          ld.lld: error: /nix/store/1b6v1n6vy1qd8q73rhb0lb7r5jid1hsp-openssl-musl-static-aarch64-unknown-linux-musl-3.6.0/lib/libssl.a(libssl-lib-tls1_meth.o) is incompatible with elf_x86_64
          ld.lld: error: /nix/store/1b6v1n6vy1qd8q73rhb0lb7r5jid1hsp-openssl-musl-static-aarch64-unknown-linux-musl-3.6.0/lib/libssl.a(libssl-lib-tls_common.o) is incompatible with elf_x86_64
          ld.lld: error: /nix/store/1b6v1n6vy1qd8q73rhb0lb7r5jid1hsp-openssl-musl-static-aarch64-unknown-linux-musl-3.6.0/lib/libssl.a(libssl-lib-tls_multib.o) is incompatible with elf_x86_64
          ld.lld: error: /nix/store/1b6v1n6vy1qd8q73rhb0lb7r5jid1hsp-openssl-musl-static-aarch64-unknown-linux-musl-3.6.0/lib/libssl.a(libssl-lib-tlsany_meth.o) is incompatible with elf_x86_64
          ld.lld: error: /nix/store/1b6v1n6vy1qd8q73rhb0lb7r5jid1hsp-openssl-musl-static-aarch64-unknown-linux-musl-3.6.0/lib/libssl.a(libssl-lib-poll_builder.o) is incompatible with elf_x86_64
          ld.lld: error: /nix/store/1b6v1n6vy1qd8q73rhb0lb7r5jid1hsp-openssl-musl-static-aarch64-unknown-linux-musl-3.6.0/lib/libssl.a(libssl-lib-poll_immediate.o) is incompatible with elf_x86_64
          ld.lld: error: /nix/store/1b6v1n6vy1qd8q73rhb0lb7r5jid1hsp-openssl-musl-static-aarch64-unknown-linux-musl-3.6.0/lib/libssl.a(libssl-lib-rio_notifier.o) is incompatible with elf_x86_64
          ld.lld: error: /nix/store/1b6v1n6vy1qd8q73rhb0lb7r5jid1hsp-openssl-musl-static-aarch64-unknown-linux-musl-3.6.0/lib/libssl.a(libssl-lib-extensions.o) is incompatible with elf_x86_64
          ld.lld: error: /nix/store/1b6v1n6vy1qd8q73rhb0lb7r5jid1hsp-openssl-musl-static-aarch64-unknown-linux-musl-3.6.0/lib/libssl.a(libssl-lib-extensions_clnt.o) is incompatible with elf_x86_64
          ld.lld: error: /nix/store/1b6v1n6vy1qd8q73rhb0lb7r5jid1hsp-openssl-musl-static-aarch64-unknown-linux-musl-3.6.0/lib/libssl.a(libssl-lib-extensions_cust.o) is incompatible with elf_x86_64
          ld.lld: error: /nix/store/1b6v1n6vy1qd8q73rhb0lb7r5jid1hsp-openssl-musl-static-aarch64-unknown-linux-musl-3.6.0/lib/libssl.a(libssl-lib-extensions_srvr.o) is incompatible with elf_x86_64
          ld.lld: error: /nix/store/1b6v1n6vy1qd8q73rhb0lb7r5jid1hsp-openssl-musl-static-aarch64-unknown-linux-musl-3.6.0/lib/libssl.a(libssl-lib-statem.o) is incompatible with elf_x86_64
          ld.lld: error: /nix/store/1b6v1n6vy1qd8q73rhb0lb7r5jid1hsp-openssl-musl-static-aarch64-unknown-linux-musl-3.6.0/lib/libssl.a(libssl-lib-statem_clnt.o) is incompatible with elf_x86_64
          ld.lld: error: /nix/store/1b6v1n6vy1qd8q73rhb0lb7r5jid1hsp-openssl-musl-static-aarch64-unknown-linux-musl-3.6.0/lib/libssl.a(libssl-lib-statem_dtls.o) is incompatible with elf_x86_64
          ld.lld: error: /nix/store/1b6v1n6vy1qd8q73rhb0lb7r5jid1hsp-openssl-musl-static-aarch64-unknown-linux-musl-3.6.0/lib/libssl.a(libssl-lib-statem_lib.o) is incompatible with elf_x86_64
          ld.lld: error: /nix/store/1b6v1n6vy1qd8q73rhb0lb7r5jid1hsp-openssl-musl-static-aarch64-unknown-linux-musl-3.6.0/lib/libssl.a(libssl-lib-statem_srvr.o) is incompatible with elf_x86_64
          ld.lld: error: /nix/store/1b6v1n6vy1qd8q73rhb0lb7r5jid1hsp-openssl-musl-static-aarch64-unknown-linux-musl-3.6.0/lib/libcrypto.a(libcrypto-lib-aes_cbc.o) is incompatible with elf_x86_64
          ld.lld: error: /nix/store/1b6v1n6vy1qd8q73rhb0lb7r5jid1hsp-openssl-musl-static-aarch64-unknown-linux-musl-3.6.0/lib/libcrypto.a(libcrypto-lib-aes_cfb.o) is incompatible with elf_x86_64
          ld.lld: error: /nix/store/1b6v1n6vy1qd8q73rhb0lb7r5jid1hsp-openssl-musl-static-aarch64-unknown-linux-musl-3.6.0/lib/libcrypto.a(libcrypto-lib-aes_core.o) is incompatible with elf_x86_64
          ld.lld: error: /nix/store/1b6v1n6vy1qd8q73rhb0lb7r5jid1hsp-openssl-musl-static-aarch64-unknown-linux-musl-3.6.0/lib/libcrypto.a(libcrypto-lib-aes_ecb.o) is incompatible with elf_x86_64
          ld.lld: error: /nix/store/1b6v1n6vy1qd8q73rhb0lb7r5jid1hsp-openssl-musl-static-aarch64-unknown-linux-musl-3.6.0/lib/libcrypto.a(libcrypto-lib-aes_ige.o) is incompatible with elf_x86_64
          ld.lld: error: /nix/store/1b6v1n6vy1qd8q73rhb0lb7r5jid1hsp-openssl-musl-static-aarch64-unknown-linux-musl-3.6.0/lib/libcrypto.a(libcrypto-lib-aes_misc.o) is incompatible with elf_x86_64
          ld.lld: error: /nix/store/1b6v1n6vy1qd8q73rhb0lb7r5jid1hsp-openssl-musl-static-aarch64-unknown-linux-musl-3.6.0/lib/libcrypto.a(libcrypto-lib-aes_ofb.o) is incompatible with elf_x86_64
          ld.lld: error: /nix/store/1b6v1n6vy1qd8q73rhb0lb7r5jid1hsp-openssl-musl-static-aarch64-unknown-linux-musl-3.6.0/lib/libcrypto.a(libcrypto-lib-aes_wrap.o) is incompatible with elf_x86_64
          ld.lld: error: /nix/store/1b6v1n6vy1qd8q73rhb0lb7r5jid1hsp-openssl-musl-static-aarch64-unknown-linux-musl-3.6.0/lib/libcrypto.a(libcrypto-lib-aria.o) is incompatible with elf_x86_64
          ld.lld: error: /nix/store/1b6v1n6vy1qd8q73rhb0lb7r5jid1hsp-openssl-musl-static-aarch64-unknown-linux-musl-3.6.0/lib/libcrypto.a(libcrypto-lib-a_bitstr.o) is incompatible with elf_x86_64
          ld.lld: error: /nix/store/1b6v1n6vy1qd8q73rhb0lb7r5jid1hsp-openssl-musl-static-aarch64-unknown-linux-musl-3.6.0/lib/libcrypto.a(libcrypto-lib-a_d2i_fp.o) is incompatible with elf_x86_64
          ld.lld: error: /nix/store/1b6v1n6vy1qd8q73rhb0lb7r5jid1hsp-openssl-musl-static-aarch64-unknown-linux-musl-3.6.0/lib/libcrypto.a(libcrypto-lib-a_digest.o) is incompatible with elf_x86_64
          ld.lld: error: /nix/store/1b6v1n6vy1qd8q73rhb0lb7r5jid1hsp-openssl-musl-static-aarch64-unknown-linux-musl-3.6.0/lib/libcrypto.a(libcrypto-lib-a_dup.o) is incompatible with elf_x86_64
          ld.lld: error: /nix/store/1b6v1n6vy1qd8q73rhb0lb7r5jid1hsp-openssl-musl-static-aarch64-unknown-linux-musl-3.6.0/lib/libcrypto.a(libcrypto-lib-a_gentm.o) is incompatible with elf_x86_64
          ld.lld: error: /nix/store/1b6v1n6vy1qd8q73rhb0lb7r5jid1hsp-openssl-musl-static-aarch64-unknown-linux-musl-3.6.0/lib/libcrypto.a(libcrypto-lib-a_i2d_fp.o) is incompatible with elf_x86_64
          ld.lld: error: /nix/store/1b6v1n6vy1qd8q73rhb0lb7r5jid1hsp-openssl-musl-static-aarch64-unknown-linux-musl-3.6.0/lib/libcrypto.a(libcrypto-lib-a_int.o) is incompatible with elf_x86_64
          ld.lld: error: /nix/store/1b6v1n6vy1qd8q73rhb0lb7r5jid1hsp-openssl-musl-static-aarch64-unknown-linux-musl-3.6.0/lib/libcrypto.a(libcrypto-lib-a_mbstr.o) is incompatible with elf_x86_64
          ld.lld: error: /nix/store/1b6v1n6vy1qd8q73rhb0lb7r5jid1hsp-openssl-musl-static-aarch64-unknown-linux-musl-3.6.0/lib/libcrypto.a(libcrypto-lib-a_object.o) is incompatible with elf_x86_64
          ld.lld: error: /nix/store/1b6v1n6vy1qd8q73rhb0lb7r5jid1hsp-openssl-musl-static-aarch64-unknown-linux-musl-3.6.0/lib/libcrypto.a(libcrypto-lib-a_octet.o) is incompatible with elf_x86_64
          ld.lld: error: /nix/store/1b6v1n6vy1qd8q73rhb0lb7r5jid1hsp-openssl-musl-static-aarch64-unknown-linux-musl-3.6.0/lib/libcrypto.a(libcrypto-lib-a_print.o) is incompatible with elf_x86_64
          ld.lld: error: /nix/store/1b6v1n6vy1qd8q73rhb0lb7r5jid1hsp-openssl-musl-static-aarch64-unknown-linux-musl-3.6.0/lib/libcrypto.a(libcrypto-lib-a_sign.o) is incompatible with elf_x86_64
          ld.lld: error: /nix/store/1b6v1n6vy1qd8q73rhb0lb7r5jid1hsp-openssl-musl-static-aarch64-unknown-linux-musl-3.6.0/lib/libcrypto.a(libcrypto-lib-a_strex.o) is incompatible with elf_x86_64
          ld.lld: error: /nix/store/1b6v1n6vy1qd8q73rhb0lb7r5jid1hsp-openssl-musl-static-aarch64-unknown-linux-musl-3.6.0/lib/libcrypto.a(libcrypto-lib-a_strnid.o) is incompatible with elf_x86_64
          ld.lld: error: /nix/store/1b6v1n6vy1qd8q73rhb0lb7r5jid1hsp-openssl-musl-static-aarch64-unknown-linux-musl-3.6.0/lib/libcrypto.a(libcrypto-lib-a_time.o) is incompatible with elf_x86_64
          ld.lld: error: /nix/store/1b6v1n6vy1qd8q73rhb0lb7r5jid1hsp-openssl-musl-static-aarch64-unknown-linux-musl-3.6.0/lib/libcrypto.a(libcrypto-lib-a_type.o) is incompatible with elf_x86_64
          ld.lld: error: /nix/store/1b6v1n6vy1qd8q73rhb0lb7r5jid1hsp-openssl-musl-static-aarch64-unknown-linux-musl-3.6.0/lib/libcrypto.a(libcrypto-lib-a_utctm.o) is incompatible with elf_x86_64
          ld.lld: error: /nix/store/1b6v1n6vy1qd8q73rhb0lb7r5jid1hsp-openssl-musl-static-aarch64-unknown-linux-musl-3.6.0/lib/libcrypto.a(libcrypto-lib-a_utf8.o) is incompatible with elf_x86_64
          ld.lld: error: /nix/store/1b6v1n6vy1qd8q73rhb0lb7r5jid1hsp-openssl-musl-static-aarch64-unknown-linux-musl-3.6.0/lib/libcrypto.a(libcrypto-lib-a_verify.o) is incompatible with elf_x86_64
          ld.lld: error: /nix/store/1b6v1n6vy1qd8q73rhb0lb7r5jid1hsp-openssl-musl-static-aarch64-unknown-linux-musl-3.6.0/lib/libcrypto.a(libcrypto-lib-ameth_lib.o) is incompatible with elf_x86_64
          ld.lld: error: /nix/store/1b6v1n6vy1qd8q73rhb0lb7r5jid1hsp-openssl-musl-static-aarch64-unknown-linux-musl-3.6.0/lib/libcrypto.a(libcrypto-lib-asn1_err.o) is incompatible with elf_x86_64
          ld.lld: error: /nix/store/1b6v1n6vy1qd8q73rhb0lb7r5jid1hsp-openssl-musl-static-aarch64-unknown-linux-musl-3.6.0/lib/libcrypto.a(libcrypto-lib-asn1_gen.o) is incompatible with elf_x86_64
          ld.lld: error: /nix/store/1b6v1n6vy1qd8q73rhb0lb7r5jid1hsp-openssl-musl-static-aarch64-unknown-linux-musl-3.6.0/lib/libcrypto.a(libcrypto-lib-asn1_item_list.o) is incompatible with elf_x86_64
          ld.lld: error: /nix/store/1b6v1n6vy1qd8q73rhb0lb7r5jid1hsp-openssl-musl-static-aarch64-unknown-linux-musl-3.6.0/lib/libcrypto.a(libcrypto-lib-asn1_lib.o) is incompatible with elf_x86_64
          ld.lld: error: /nix/store/1b6v1n6vy1qd8q73rhb0lb7r5jid1hsp-openssl-musl-static-aarch64-unknown-linux-musl-3.6.0/lib/libcrypto.a(libcrypto-lib-asn1_parse.o) is incompatible with elf_x86_64
          ld.lld: error: /nix/store/1b6v1n6vy1qd8q73rhb0lb7r5jid1hsp-openssl-musl-static-aarch64-unknown-linux-musl-3.6.0/lib/libcrypto.a(libcrypto-lib-asn_mime.o) is incompatible with elf_x86_64
          ld.lld: error: /nix/store/1b6v1n6vy1qd8q73rhb0lb7r5jid1hsp-openssl-musl-static-aarch64-unknown-linux-musl-3.6.0/lib/libcrypto.a(libcrypto-lib-asn_moid.o) is incompatible with elf_x86_64
          ld.lld: error: /nix/store/1b6v1n6vy1qd8q73rhb0lb7r5jid1hsp-openssl-musl-static-aarch64-unknown-linux-musl-3.6.0/lib/libcrypto.a(libcrypto-lib-asn_mstbl.o) is incompatible with elf_x86_64
          ld.lld: error: /nix/store/1b6v1n6vy1qd8q73rhb0lb7r5jid1hsp-openssl-musl-static-aarch64-unknown-linux-musl-3.6.0/lib/libcrypto.a(libcrypto-lib-asn_pack.o) is incompatible with elf_x86_64
          ld.lld: error: /nix/store/1b6v1n6vy1qd8q73rhb0lb7r5jid1hsp-openssl-musl-static-aarch64-unknown-linux-musl-3.6.0/lib/libcrypto.a(libcrypto-lib-bio_asn1.o) is incompatible with elf_x86_64
          ld.lld: error: /nix/store/1b6v1n6vy1qd8q73rhb0lb7r5jid1hsp-openssl-musl-static-aarch64-unknown-linux-musl-3.6.0/lib/libcrypto.a(libcrypto-lib-bio_ndef.o) is incompatible with elf_x86_64
          ld.lld: error: /nix/store/1b6v1n6vy1qd8q73rhb0lb7r5jid1hsp-openssl-musl-static-aarch64-unknown-linux-musl-3.6.0/lib/libcrypto.a(libcrypto-lib-d2i_param.o) is incompatible with elf_x86_64
          ld.lld: error: /nix/store/1b6v1n6vy1qd8q73rhb0lb7r5jid1hsp-openssl-musl-static-aarch64-unknown-linux-musl-3.6.0/lib/libcrypto.a(libcrypto-lib-d2i_pr.o) is incompatible with elf_x86_64
          ld.lld: error: /nix/store/1b6v1n6vy1qd8q73rhb0lb7r5jid1hsp-openssl-musl-static-aarch64-unknown-linux-musl-3.6.0/lib/libcrypto.a(libcrypto-lib-d2i_pu.o) is incompatible with elf_x86_64
          ld.lld: error: /nix/store/1b6v1n6vy1qd8q73rhb0lb7r5jid1hsp-openssl-musl-static-aarch64-unknown-linux-musl-3.6.0/lib/libcrypto.a(libcrypto-lib-evp_asn1.o) is incompatible with elf_x86_64
          ld.lld: error: /nix/store/1b6v1n6vy1qd8q73rhb0lb7r5jid1hsp-openssl-musl-static-aarch64-unknown-linux-musl-3.6.0/lib/libcrypto.a(libcrypto-lib-f_int.o) is incompatible with elf_x86_64
          ld.lld: error: /nix/store/1b6v1n6vy1qd8q73rhb0lb7r5jid1hsp-openssl-musl-static-aarch64-unknown-linux-musl-3.6.0/lib/libcrypto.a(libcrypto-lib-f_string.o) is incompatible with elf_x86_64
          ld.lld: error: /nix/store/1b6v1n6vy1qd8q73rhb0lb7r5jid1hsp-openssl-musl-static-aarch64-unknown-linux-musl-3.6.0/lib/libcrypto.a(libcrypto-lib-i2d_evp.o) is incompatible with elf_x86_64
          ld.lld: error: /nix/store/1b6v1n6vy1qd8q73rhb0lb7r5jid1hsp-openssl-musl-static-aarch64-unknown-linux-musl-3.6.0/lib/libcrypto.a(libcrypto-lib-n_pkey.o) is incompatible with elf_x86_64
          ld.lld: error: /nix/store/1b6v1n6vy1qd8q73rhb0lb7r5jid1hsp-openssl-musl-static-aarch64-unknown-linux-musl-3.6.0/lib/libcrypto.a(libcrypto-lib-nsseq.o) is incompatible with elf_x86_64
          ld.lld: error: /nix/store/1b6v1n6vy1qd8q73rhb0lb7r5jid1hsp-openssl-musl-static-aarch64-unknown-linux-musl-3.6.0/lib/libcrypto.a(libcrypto-lib-p5_pbe.o) is incompatible with elf_x86_64
          ld.lld: error: /nix/store/1b6v1n6vy1qd8q73rhb0lb7r5jid1hsp-openssl-musl-static-aarch64-unknown-linux-musl-3.6.0/lib/libcrypto.a(libcrypto-lib-p5_pbev2.o) is incompatible with elf_x86_64
          ld.lld: error: /nix/store/1b6v1n6vy1qd8q73rhb0lb7r5jid1hsp-openssl-musl-static-aarch64-unknown-linux-musl-3.6.0/lib/libcrypto.a(libcrypto-lib-p5_scrypt.o) is incompatible with elf_x86_64
          ld.lld: error: /nix/store/1b6v1n6vy1qd8q73rhb0lb7r5jid1hsp-openssl-musl-static-aarch64-unknown-linux-musl-3.6.0/lib/libcrypto.a(libcrypto-lib-p8_pkey.o) is incompatible with elf_x86_64
          ld.lld: error: /nix/store/1b6v1n6vy1qd8q73rhb0lb7r5jid1hsp-openssl-musl-static-aarch64-unknown-linux-musl-3.6.0/lib/libcrypto.a(libcrypto-lib-t_bitst.o) is incompatible with elf_x86_64
          ld.lld: error: /nix/store/1b6v1n6vy1qd8q73rhb0lb7r5jid1hsp-openssl-musl-static-aarch64-unknown-linux-musl-3.6.0/lib/libcrypto.a(libcrypto-lib-t_pkey.o) is incompatible with elf_x86_64
          ld.lld: error: /nix/store/1b6v1n6vy1qd8q73rhb0lb7r5jid1hsp-openssl-musl-static-aarch64-unknown-linux-musl-3.6.0/lib/libcrypto.a(libcrypto-lib-t_spki.o) is incompatible with elf_x86_64
          ld.lld: error: /nix/store/1b6v1n6vy1qd8q73rhb0lb7r5jid1hsp-openssl-musl-static-aarch64-unknown-linux-musl-3.6.0/lib/libcrypto.a(libcrypto-lib-tasn_dec.o) is incompatible with elf_x86_64
          ld.lld: error: /nix/store/1b6v1n6vy1qd8q73rhb0lb7r5jid1hsp-openssl-musl-static-aarch64-unknown-linux-musl-3.6.0/lib/libcrypto.a(libcrypto-lib-tasn_enc.o) is incompatible with elf_x86_64
          ld.lld: error: /nix/store/1b6v1n6vy1qd8q73rhb0lb7r5jid1hsp-openssl-musl-static-aarch64-unknown-linux-musl-3.6.0/lib/libcrypto.a(libcrypto-lib-tasn_fre.o) is incompatible with elf_x86_64
          ld.lld: error: /nix/store/1b6v1n6vy1qd8q73rhb0lb7r5jid1hsp-openssl-musl-static-aarch64-unknown-linux-musl-3.6.0/lib/libcrypto.a(libcrypto-lib-tasn_new.o) is incompatible with elf_x86_64
          ld.lld: error: /nix/store/1b6v1n6vy1qd8q73rhb0lb7r5jid1hsp-openssl-musl-static-aarch64-unknown-linux-musl-3.6.0/lib/libcrypto.a(libcrypto-lib-tasn_prn.o) is incompatible with elf_x86_64
          ld.lld: error: /nix/store/1b6v1n6vy1qd8q73rhb0lb7r5jid1hsp-openssl-musl-static-aarch64-unknown-linux-musl-3.6.0/lib/libcrypto.a(libcrypto-lib-tasn_scn.o) is incompatible with elf_x86_64
          ld.lld: error: /nix/store/1b6v1n6vy1qd8q73rhb0lb7r5jid1hsp-openssl-musl-static-aarch64-unknown-linux-musl-3.6.0/lib/libcrypto.a(libcrypto-lib-tasn_typ.o) is incompatible with elf_x86_64
          ld.lld: error: /nix/store/1b6v1n6vy1qd8q73rhb0lb7r5jid1hsp-openssl-musl-static-aarch64-unknown-linux-musl-3.6.0/lib/libcrypto.a(libcrypto-lib-tasn_utl.o) is incompatible with elf_x86_64
          ld.lld: error: /nix/store/1b6v1n6vy1qd8q73rhb0lb7r5jid1hsp-openssl-musl-static-aarch64-unknown-linux-musl-3.6.0/lib/libcrypto.a(libcrypto-lib-x_algor.o) is incompatible with elf_x86_64
          ld.lld: error: /nix/store/1b6v1n6vy1qd8q73rhb0lb7r5jid1hsp-openssl-musl-static-aarch64-unknown-linux-musl-3.6.0/lib/libcrypto.a(libcrypto-lib-x_bignum.o) is incompatible with elf_x86_64
          ld.lld: error: /nix/store/1b6v1n6vy1qd8q73rhb0lb7r5jid1hsp-openssl-musl-static-aarch64-unknown-linux-musl-3.6.0/lib/libcrypto.a(libcrypto-lib-x_info.o) is incompatible with elf_x86_64
          ld.lld: error: /nix/store/1b6v1n6vy1qd8q73rhb0lb7r5jid1hsp-openssl-musl-static-aarch64-unknown-linux-musl-3.6.0/lib/libcrypto.a(libcrypto-lib-x_int64.o) is incompatible with elf_x86_64
          ld.lld: error: /nix/store/1b6v1n6vy1qd8q73rhb0lb7r5jid1hsp-openssl-musl-static-aarch64-unknown-linux-musl-3.6.0/lib/libcrypto.a(libcrypto-lib-x_long.o) is incompatible with elf_x86_64
          ld.lld: error: /nix/store/1b6v1n6vy1qd8q73rhb0lb7r5jid1hsp-openssl-musl-static-aarch64-unknown-linux-musl-3.6.0/lib/libcrypto.a(libcrypto-lib-x_pkey.o) is incompatible with elf_x86_64
          ld.lld: error: /nix/store/1b6v1n6vy1qd8q73rhb0lb7r5jid1hsp-openssl-musl-static-aarch64-unknown-linux-musl-3.6.0/lib/libcrypto.a(libcrypto-lib-x_sig.o) is incompatible with elf_x86_64
          ld.lld: error: /nix/store/1b6v1n6vy1qd8q73rhb0lb7r5jid1hsp-openssl-musl-static-aarch64-unknown-linux-musl-3.6.0/lib/libcrypto.a(libcrypto-lib-x_spki.o) is incompatible with elf_x86_64
          ld.lld: error: /nix/store/1b6v1n6vy1qd8q73rhb0lb7r5jid1hsp-openssl-musl-static-aarch64-unknown-linux-musl-3.6.0/lib/libcrypto.a(libcrypto-lib-x_val.o) is incompatible with elf_x86_64
          ld.lld: error: /nix/store/1b6v1n6vy1qd8q73rhb0lb7r5jid1hsp-openssl-musl-static-aarch64-unknown-linux-musl-3.6.0/lib/libcrypto.a(libcrypto-lib-async_null.o) is incompatible with elf_x86_64
          ld.lld: error: /nix/store/1b6v1n6vy1qd8q73rhb0lb7r5jid1hsp-openssl-musl-static-aarch64-unknown-linux-musl-3.6.0/lib/libcrypto.a(libcrypto-lib-async_posix.o) is incompatible with elf_x86_64
          ld.lld: error: /nix/store/1b6v1n6vy1qd8q73rhb0lb7r5jid1hsp-openssl-musl-static-aarch64-unknown-linux-musl-3.6.0/lib/libcrypto.a(libcrypto-lib-async_win.o) is incompatible with elf_x86_64
          ld.lld: error: /nix/store/1b6v1n6vy1qd8q73rhb0lb7r5jid1hsp-openssl-musl-static-aarch64-unknown-linux-musl-3.6.0/lib/libcrypto.a(libcrypto-lib-async.o) is incompatible with elf_x86_64
          ld.lld: error: /nix/store/1b6v1n6vy1qd8q73rhb0lb7r5jid1hsp-openssl-musl-static-aarch64-unknown-linux-musl-3.6.0/lib/libcrypto.a(libcrypto-lib-async_err.o) is incompatible with elf_x86_64
          ld.lld: error: /nix/store/1b6v1n6vy1qd8q73rhb0lb7r5jid1hsp-openssl-musl-static-aarch64-unknown-linux-musl-3.6.0/lib/libcrypto.a(libcrypto-lib-async_wait.o) is incompatible with elf_x86_64
          ld.lld: error: /nix/store/1b6v1n6vy1qd8q73rhb0lb7r5jid1hsp-openssl-musl-static-aarch64-unknown-linux-musl-3.6.0/lib/libcrypto.a(libcrypto-lib-bf_cfb64.o) is incompatible with elf_x86_64
          ld.lld: error: /nix/store/1b6v1n6vy1qd8q73rhb0lb7r5jid1hsp-openssl-musl-static-aarch64-unknown-linux-musl-3.6.0/lib/libcrypto.a(libcrypto-lib-bf_ecb.o) is incompatible with elf_x86_64
          ld.lld: error: /nix/store/1b6v1n6vy1qd8q73rhb0lb7r5jid1hsp-openssl-musl-static-aarch64-unknown-linux-musl-3.6.0/lib/libcrypto.a(libcrypto-lib-bf_enc.o) is incompatible with elf_x86_64
          ld.lld: error: /nix/store/1b6v1n6vy1qd8q73rhb0lb7r5jid1hsp-openssl-musl-static-aarch64-unknown-linux-musl-3.6.0/lib/libcrypto.a(libcrypto-lib-bf_ofb64.o) is incompatible with elf_x86_64
          ld.lld: error: /nix/store/1b6v1n6vy1qd8q73rhb0lb7r5jid1hsp-openssl-musl-static-aarch64-unknown-linux-musl-3.6.0/lib/libcrypto.a(libcrypto-lib-bf_skey.o) is incompatible with elf_x86_64
          ld.lld: error: /nix/store/1b6v1n6vy1qd8q73rhb0lb7r5jid1hsp-openssl-musl-static-aarch64-unknown-linux-musl-3.6.0/lib/libcrypto.a(libcrypto-lib-bf_buff.o) is incompatible with elf_x86_64
          ld.lld: error: /nix/store/1b6v1n6vy1qd8q73rhb0lb7r5jid1hsp-openssl-musl-static-aarch64-unknown-linux-musl-3.6.0/lib/libcrypto.a(libcrypto-lib-bf_lbuf.o) is incompatible with elf_x86_64
          ld.lld: error: /nix/store/1b6v1n6vy1qd8q73rhb0lb7r5jid1hsp-openssl-musl-static-aarch64-unknown-linux-musl-3.6.0/lib/libcrypto.a(libcrypto-lib-bf_nbio.o) is incompatible with elf_x86_64
          ld.lld: error: /nix/store/1b6v1n6vy1qd8q73rhb0lb7r5jid1hsp-openssl-musl-static-aarch64-unknown-linux-musl-3.6.0/lib/libcrypto.a(libcrypto-lib-bf_null.o) is incompatible with elf_x86_64
          ld.lld: error: /nix/store/1b6v1n6vy1qd8q73rhb0lb7r5jid1hsp-openssl-musl-static-aarch64-unknown-linux-musl-3.6.0/lib/libcrypto.a(libcrypto-lib-bf_prefix.o) is incompatible with elf_x86_64
          ld.lld: error: /nix/store/1b6v1n6vy1qd8q73rhb0lb7r5jid1hsp-openssl-musl-static-aarch64-unknown-linux-musl-3.6.0/lib/libcrypto.a(libcrypto-lib-bf_readbuff.o) is incompatible with elf_x86_64
          ld.lld: error: /nix/store/1b6v1n6vy1qd8q73rhb0lb7r5jid1hsp-openssl-musl-static-aarch64-unknown-linux-musl-3.6.0/lib/libcrypto.a(libcrypto-lib-bio_addr.o) is incompatible with elf_x86_64
          ld.lld: error: /nix/store/1b6v1n6vy1qd8q73rhb0lb7r5jid1hsp-openssl-musl-static-aarch64-unknown-linux-musl-3.6.0/lib/libcrypto.a(libcrypto-lib-bio_cb.o) is incompatible with elf_x86_64
          ld.lld: error: /nix/store/1b6v1n6vy1qd8q73rhb0lb7r5jid1hsp-openssl-musl-static-aarch64-unknown-linux-musl-3.6.0/lib/libcrypto.a(libcrypto-lib-bio_dump.o) is incompatible with elf_x86_64
          ld.lld: error: /nix/store/1b6v1n6vy1qd8q73rhb0lb7r5jid1hsp-openssl-musl-static-aarch64-unknown-linux-musl-3.6.0/lib/libcrypto.a(libcrypto-lib-bio_err.o) is incompatible with elf_x86_64
          ld.lld: error: /nix/store/1b6v1n6vy1qd8q73rhb0lb7r5jid1hsp-openssl-musl-static-aarch64-unknown-linux-musl-3.6.0/lib/libcrypto.a(libcrypto-lib-bio_lib.o) is incompatible with elf_x86_64
          ld.lld: error: /nix/store/1b6v1n6vy1qd8q73rhb0lb7r5jid1hsp-openssl-musl-static-aarch64-unknown-linux-musl-3.6.0/lib/libcrypto.a(libcrypto-lib-bio_meth.o) is incompatible with elf_x86_64
          ld.lld: error: /nix/store/1b6v1n6vy1qd8q73rhb0lb7r5jid1hsp-openssl-musl-static-aarch64-unknown-linux-musl-3.6.0/lib/libcrypto.a(libcrypto-lib-bio_print.o) is incompatible with elf_x86_64
          ld.lld: error: /nix/store/1b6v1n6vy1qd8q73rhb0lb7r5jid1hsp-openssl-musl-static-aarch64-unknown-linux-musl-3.6.0/lib/libcrypto.a(libcrypto-lib-bio_sock.o) is incompatible with elf_x86_64
          ld.lld: error: /nix/store/1b6v1n6vy1qd8q73rhb0lb7r5jid1hsp-openssl-musl-static-aarch64-unknown-linux-musl-3.6.0/lib/libcrypto.a(libcrypto-lib-bio_sock2.o) is incompatible with elf_x86_64
          ld.lld: error: /nix/store/1b6v1n6vy1qd8q73rhb0lb7r5jid1hsp-openssl-musl-static-aarch64-unknown-linux-musl-3.6.0/lib/libcrypto.a(libcrypto-lib-bss_acpt.o) is incompatible with elf_x86_64
          ld.lld: error: /nix/store/1b6v1n6vy1qd8q73rhb0lb7r5jid1hsp-openssl-musl-static-aarch64-unknown-linux-musl-3.6.0/lib/libcrypto.a(libcrypto-lib-bss_bio.o) is incompatible with elf_x86_64
          ld.lld: error: /nix/store/1b6v1n6vy1qd8q73rhb0lb7r5jid1hsp-openssl-musl-static-aarch64-unknown-linux-musl-3.6.0/lib/libcrypto.a(libcrypto-lib-bss_conn.o) is incompatible with elf_x86_64
          ld.lld: error: /nix/store/1b6v1n6vy1qd8q73rhb0lb7r5jid1hsp-openssl-musl-static-aarch64-unknown-linux-musl-3.6.0/lib/libcrypto.a(libcrypto-lib-bss_core.o) is incompatible with elf_x86_64
          ld.lld: error: /nix/store/1b6v1n6vy1qd8q73rhb0lb7r5jid1hsp-openssl-musl-static-aarch64-unknown-linux-musl-3.6.0/lib/libcrypto.a(libcrypto-lib-bss_dgram.o) is incompatible with elf_x86_64
          ld.lld: error: /nix/store/1b6v1n6vy1qd8q73rhb0lb7r5jid1hsp-openssl-musl-static-aarch64-unknown-linux-musl-3.6.0/lib/libcrypto.a(libcrypto-lib-bss_dgram_pair.o) is incompatible with elf_x86_64
          ld.lld: error: /nix/store/1b6v1n6vy1qd8q73rhb0lb7r5jid1hsp-openssl-musl-static-aarch64-unknown-linux-musl-3.6.0/lib/libcrypto.a(libcrypto-lib-bss_fd.o) is incompatible with elf_x86_64
          ld.lld: error: /nix/store/1b6v1n6vy1qd8q73rhb0lb7r5jid1hsp-openssl-musl-static-aarch64-unknown-linux-musl-3.6.0/lib/libcrypto.a(libcrypto-lib-bss_file.o) is incompatible with elf_x86_64
          ld.lld: error: /nix/store/1b6v1n6vy1qd8q73rhb0lb7r5jid1hsp-openssl-musl-static-aarch64-unknown-linux-musl-3.6.0/lib/libcrypto.a(libcrypto-lib-bss_log.o) is incompatible with elf_x86_64
          ld.lld: error: /nix/store/1b6v1n6vy1qd8q73rhb0lb7r5jid1hsp-openssl-musl-static-aarch64-unknown-linux-musl-3.6.0/lib/libcrypto.a(libcrypto-lib-bss_mem.o) is incompatible with elf_x86_64
          ld.lld: error: /nix/store/1b6v1n6vy1qd8q73rhb0lb7r5jid1hsp-openssl-musl-static-aarch64-unknown-linux-musl-3.6.0/lib/libcrypto.a(libcrypto-lib-bss_null.o) is incompatible with elf_x86_64
          ld.lld: error: /nix/store/1b6v1n6vy1qd8q73rhb0lb7r5jid1hsp-openssl-musl-static-aarch64-unknown-linux-musl-3.6.0/lib/libcrypto.a(libcrypto-lib-bss_sock.o) is incompatible with elf_x86_64
          ld.lld: error: /nix/store/1b6v1n6vy1qd8q73rhb0lb7r5jid1hsp-openssl-musl-static-aarch64-unknown-linux-musl-3.6.0/lib/libcrypto.a(libcrypto-lib-ossl_core_bio.o) is incompatible with elf_x86_64
          ld.lld: error: /nix/store/1b6v1n6vy1qd8q73rhb0lb7r5jid1hsp-openssl-musl-static-aarch64-unknown-linux-musl-3.6.0/lib/libcrypto.a(libcrypto-lib-bn_add.o) is incompatible with elf_x86_64
          ld.lld: error: /nix/store/1b6v1n6vy1qd8q73rhb0lb7r5jid1hsp-openssl-musl-static-aarch64-unknown-linux-musl-3.6.0/lib/libcrypto.a(libcrypto-lib-bn_asm.o) is incompatible with elf_x86_64
          ld.lld: error: /nix/store/1b6v1n6vy1qd8q73rhb0lb7r5jid1hsp-openssl-musl-static-aarch64-unknown-linux-musl-3.6.0/lib/libcrypto.a(libcrypto-lib-bn_blind.o) is incompatible with elf_x86_64
          ld.lld: error: /nix/store/1b6v1n6vy1qd8q73rhb0lb7r5jid1hsp-openssl-musl-static-aarch64-unknown-linux-musl-3.6.0/lib/libcrypto.a(libcrypto-lib-bn_const.o) is incompatible with elf_x86_64
          ld.lld: error: /nix/store/1b6v1n6vy1qd8q73rhb0lb7r5jid1hsp-openssl-musl-static-aarch64-unknown-linux-musl-3.6.0/lib/libcrypto.a(libcrypto-lib-bn_conv.o) is incompatible with elf_x86_64
          ld.lld: error: /nix/store/1b6v1n6vy1qd8q73rhb0lb7r5jid1hsp-openssl-musl-static-aarch64-unknown-linux-musl-3.6.0/lib/libcrypto.a(libcrypto-lib-bn_ctx.o) is incompatible with elf_x86_64
          ld.lld: error: /nix/store/1b6v1n6vy1qd8q73rhb0lb7r5jid1hsp-openssl-musl-static-aarch64-unknown-linux-musl-3.6.0/lib/libcrypto.a(libcrypto-lib-bn_depr.o) is incompatible with elf_x86_64
          ld.lld: error: /nix/store/1b6v1n6vy1qd8q73rhb0lb7r5jid1hsp-openssl-musl-static-aarch64-unknown-linux-musl-3.6.0/lib/libcrypto.a(libcrypto-lib-bn_dh.o) is incompatible with elf_x86_64
          ld.lld: error: /nix/store/1b6v1n6vy1qd8q73rhb0lb7r5jid1hsp-openssl-musl-static-aarch64-unknown-linux-musl-3.6.0/lib/libcrypto.a(libcrypto-lib-bn_div.o) is incompatible with elf_x86_64
          ld.lld: error: /nix/store/1b6v1n6vy1qd8q73rhb0lb7r5jid1hsp-openssl-musl-static-aarch64-unknown-linux-musl-3.6.0/lib/libcrypto.a(libcrypto-lib-bn_err.o) is incompatible with elf_x86_64
          ld.lld: error: /nix/store/1b6v1n6vy1qd8q73rhb0lb7r5jid1hsp-openssl-musl-static-aarch64-unknown-linux-musl-3.6.0/lib/libcrypto.a(libcrypto-lib-bn_exp.o) is incompatible with elf_x86_64
          ld.lld: error: /nix/store/1b6v1n6vy1qd8q73rhb0lb7r5jid1hsp-openssl-musl-static-aarch64-unknown-linux-musl-3.6.0/lib/libcrypto.a(libcrypto-lib-bn_exp2.o) is incompatible with elf_x86_64
          ld.lld: error: /nix/store/1b6v1n6vy1qd8q73rhb0lb7r5jid1hsp-openssl-musl-static-aarch64-unknown-linux-musl-3.6.0/lib/libcrypto.a(libcrypto-lib-bn_gcd.o) is incompatible with elf_x86_64
          ld.lld: error: /nix/store/1b6v1n6vy1qd8q73rhb0lb7r5jid1hsp-openssl-musl-static-aarch64-unknown-linux-musl-3.6.0/lib/libcrypto.a(libcrypto-lib-bn_gf2m.o) is incompatible with elf_x86_64
          ld.lld: error: /nix/store/1b6v1n6vy1qd8q73rhb0lb7r5jid1hsp-openssl-musl-static-aarch64-unknown-linux-musl-3.6.0/lib/libcrypto.a(libcrypto-lib-bn_intern.o) is incompatible with elf_x86_64
          ld.lld: error: /nix/store/1b6v1n6vy1qd8q73rhb0lb7r5jid1hsp-openssl-musl-static-aarch64-unknown-linux-musl-3.6.0/lib/libcrypto.a(libcrypto-lib-bn_kron.o) is incompatible with elf_x86_64
          ld.lld: error: /nix/store/1b6v1n6vy1qd8q73rhb0lb7r5jid1hsp-openssl-musl-static-aarch64-unknown-linux-musl-3.6.0/lib/libcrypto.a(libcrypto-lib-bn_lib.o) is incompatible with elf_x86_64
          ld.lld: error: /nix/store/1b6v1n6vy1qd8q73rhb0lb7r5jid1hsp-openssl-musl-static-aarch64-unknown-linux-musl-3.6.0/lib/libcrypto.a(libcrypto-lib-bn_mod.o) is incompatible with elf_x86_64
          ld.lld: error: /nix/store/1b6v1n6vy1qd8q73rhb0lb7r5jid1hsp-openssl-musl-static-aarch64-unknown-linux-musl-3.6.0/lib/libcrypto.a(libcrypto-lib-bn_mont.o) is incompatible with elf_x86_64
          ld.lld: error: /nix/store/1b6v1n6vy1qd8q73rhb0lb7r5jid1hsp-openssl-musl-static-aarch64-unknown-linux-musl-3.6.0/lib/libcrypto.a(libcrypto-lib-bn_mpi.o) is incompatible with elf_x86_64
          ld.lld: error: /nix/store/1b6v1n6vy1qd8q73rhb0lb7r5jid1hsp-openssl-musl-static-aarch64-unknown-linux-musl-3.6.0/lib/libcrypto.a(libcrypto-lib-bn_mul.o) is incompatible with elf_x86_64
          ld.lld: error: /nix/store/1b6v1n6vy1qd8q73rhb0lb7r5jid1hsp-openssl-musl-static-aarch64-unknown-linux-musl-3.6.0/lib/libcrypto.a(libcrypto-lib-bn_nist.o) is incompatible with elf_x86_64
          ld.lld: error: /nix/store/1b6v1n6vy1qd8q73rhb0lb7r5jid1hsp-openssl-musl-static-aarch64-unknown-linux-musl-3.6.0/lib/libcrypto.a(libcrypto-lib-bn_prime.o) is incompatible with elf_x86_64
          ld.lld: error: /nix/store/1b6v1n6vy1qd8q73rhb0lb7r5jid1hsp-openssl-musl-static-aarch64-unknown-linux-musl-3.6.0/lib/libcrypto.a(libcrypto-lib-bn_print.o) is incompatible with elf_x86_64
          ld.lld: error: /nix/store/1b6v1n6vy1qd8q73rhb0lb7r5jid1hsp-openssl-musl-static-aarch64-unknown-linux-musl-3.6.0/lib/libcrypto.a(libcrypto-lib-bn_rand.o) is incompatible with elf_x86_64
          ld.lld: error: /nix/store/1b6v1n6vy1qd8q73rhb0lb7r5jid1hsp-openssl-musl-static-aarch64-unknown-linux-musl-3.6.0/lib/libcrypto.a(libcrypto-lib-bn_recp.o) is incompatible with elf_x86_64
          ld.lld: error: /nix/store/1b6v1n6vy1qd8q73rhb0lb7r5jid1hsp-openssl-musl-static-aarch64-unknown-linux-musl-3.6.0/lib/libcrypto.a(libcrypto-lib-bn_rsa_fips186_4.o) is incompatible with elf_x86_64
          ld.lld: error: /nix/store/1b6v1n6vy1qd8q73rhb0lb7r5jid1hsp-openssl-musl-static-aarch64-unknown-linux-musl-3.6.0/lib/libcrypto.a(libcrypto-lib-bn_shift.o) is incompatible with elf_x86_64
          ld.lld: error: /nix/store/1b6v1n6vy1qd8q73rhb0lb7r5jid1hsp-openssl-musl-static-aarch64-unknown-linux-musl-3.6.0/lib/libcrypto.a(libcrypto-lib-bn_sqr.o) is incompatible with elf_x86_64
          ld.lld: error: /nix/store/1b6v1n6vy1qd8q73rhb0lb7r5jid1hsp-openssl-musl-static-aarch64-unknown-linux-musl-3.6.0/lib/libcrypto.a(libcrypto-lib-bn_sqrt.o) is incompatible with elf_x86_64
          ld.lld: error: /nix/store/1b6v1n6vy1qd8q73rhb0lb7r5jid1hsp-openssl-musl-static-aarch64-unknown-linux-musl-3.6.0/lib/libcrypto.a(libcrypto-lib-bn_srp.o) is incompatible with elf_x86_64
          ld.lld: error: /nix/store/1b6v1n6vy1qd8q73rhb0lb7r5jid1hsp-openssl-musl-static-aarch64-unknown-linux-musl-3.6.0/lib/libcrypto.a(libcrypto-lib-bn_word.o) is incompatible with elf_x86_64
          ld.lld: error: /nix/store/1b6v1n6vy1qd8q73rhb0lb7r5jid1hsp-openssl-musl-static-aarch64-unknown-linux-musl-3.6.0/lib/libcrypto.a(libcrypto-lib-bn_x931p.o) is incompatible with elf_x86_64
          ld.lld: error: /nix/store/1b6v1n6vy1qd8q73rhb0lb7r5jid1hsp-openssl-musl-static-aarch64-unknown-linux-musl-3.6.0/lib/libcrypto.a(libcrypto-lib-buf_err.o) is incompatible with elf_x86_64
          ld.lld: error: /nix/store/1b6v1n6vy1qd8q73rhb0lb7r5jid1hsp-openssl-musl-static-aarch64-unknown-linux-musl-3.6.0/lib/libcrypto.a(libcrypto-lib-buffer.o) is incompatible with elf_x86_64
          ld.lld: error: /nix/store/1b6v1n6vy1qd8q73rhb0lb7r5jid1hsp-openssl-musl-static-aarch64-unknown-linux-musl-3.6.0/lib/libcrypto.a(libcrypto-lib-camellia.o) is incompatible with elf_x86_64
          ld.lld: error: /nix/store/1b6v1n6vy1qd8q73rhb0lb7r5jid1hsp-openssl-musl-static-aarch64-unknown-linux-musl-3.6.0/lib/libcrypto.a(libcrypto-lib-cmll_cbc.o) is incompatible with elf_x86_64
          ld.lld: error: /nix/store/1b6v1n6vy1qd8q73rhb0lb7r5jid1hsp-openssl-musl-static-aarch64-unknown-linux-musl-3.6.0/lib/libcrypto.a(libcrypto-lib-cmll_cfb.o) is incompatible with elf_x86_64
          ld.lld: error: /nix/store/1b6v1n6vy1qd8q73rhb0lb7r5jid1hsp-openssl-musl-static-aarch64-unknown-linux-musl-3.6.0/lib/libcrypto.a(libcrypto-lib-cmll_ctr.o) is incompatible with elf_x86_64
          ld.lld: error: /nix/store/1b6v1n6vy1qd8q73rhb0lb7r5jid1hsp-openssl-musl-static-aarch64-unknown-linux-musl-3.6.0/lib/libcrypto.a(libcrypto-lib-cmll_ecb.o) is incompatible with elf_x86_64
          ld.lld: error: /nix/store/1b6v1n6vy1qd8q73rhb0lb7r5jid1hsp-openssl-musl-static-aarch64-unknown-linux-musl-3.6.0/lib/libcrypto.a(libcrypto-lib-cmll_misc.o) is incompatible with elf_x86_64
          ld.lld: error: /nix/store/1b6v1n6vy1qd8q73rhb0lb7r5jid1hsp-openssl-musl-static-aarch64-unknown-linux-musl-3.6.0/lib/libcrypto.a(libcrypto-lib-cmll_ofb.o) is incompatible with elf_x86_64
          ld.lld: error: /nix/store/1b6v1n6vy1qd8q73rhb0lb7r5jid1hsp-openssl-musl-static-aarch64-unknown-linux-musl-3.6.0/lib/libcrypto.a(libcrypto-lib-c_cfb64.o) is incompatible with elf_x86_64
          ld.lld: error: /nix/store/1b6v1n6vy1qd8q73rhb0lb7r5jid1hsp-openssl-musl-static-aarch64-unknown-linux-musl-3.6.0/lib/libcrypto.a(libcrypto-lib-c_ecb.o) is incompatible with elf_x86_64
          ld.lld: error: /nix/store/1b6v1n6vy1qd8q73rhb0lb7r5jid1hsp-openssl-musl-static-aarch64-unknown-linux-musl-3.6.0/lib/libcrypto.a(libcrypto-lib-c_enc.o) is incompatible with elf_x86_64
          ld.lld: error: /nix/store/1b6v1n6vy1qd8q73rhb0lb7r5jid1hsp-openssl-musl-static-aarch64-unknown-linux-musl-3.6.0/lib/libcrypto.a(libcrypto-lib-c_ofb64.o) is incompatible with elf_x86_64
          ld.lld: error: /nix/store/1b6v1n6vy1qd8q73rhb0lb7r5jid1hsp-openssl-musl-static-aarch64-unknown-linux-musl-3.6.0/lib/libcrypto.a(libcrypto-lib-c_skey.o) is incompatible with elf_x86_64
          ld.lld: error: /nix/store/1b6v1n6vy1qd8q73rhb0lb7r5jid1hsp-openssl-musl-static-aarch64-unknown-linux-musl-3.6.0/lib/libcrypto.a(libcrypto-lib-chacha_enc.o) is incompatible with elf_x86_64
          ld.lld: error: /nix/store/1b6v1n6vy1qd8q73rhb0lb7r5jid1hsp-openssl-musl-static-aarch64-unknown-linux-musl-3.6.0/lib/libcrypto.a(libcrypto-lib-cmac.o) is incompatible with elf_x86_64
          ld.lld: error: /nix/store/1b6v1n6vy1qd8q73rhb0lb7r5jid1hsp-openssl-musl-static-aarch64-unknown-linux-musl-3.6.0/lib/libcrypto.a(libcrypto-lib-cmp_asn.o) is incompatible with elf_x86_64
          ld.lld: error: /nix/store/1b6v1n6vy1qd8q73rhb0lb7r5jid1hsp-openssl-musl-static-aarch64-unknown-linux-musl-3.6.0/lib/libcrypto.a(libcrypto-lib-cmp_client.o) is incompatible with elf_x86_64
          ld.lld: error: /nix/store/1b6v1n6vy1qd8q73rhb0lb7r5jid1hsp-openssl-musl-static-aarch64-unknown-linux-musl-3.6.0/lib/libcrypto.a(libcrypto-lib-cmp_ctx.o) is incompatible with elf_x86_64
          ld.lld: error: /nix/store/1b6v1n6vy1qd8q73rhb0lb7r5jid1hsp-openssl-musl-static-aarch64-unknown-linux-musl-3.6.0/lib/libcrypto.a(libcrypto-lib-cmp_err.o) is incompatible with elf_x86_64
          ld.lld: error: /nix/store/1b6v1n6vy1qd8q73rhb0lb7r5jid1hsp-openssl-musl-static-aarch64-unknown-linux-musl-3.6.0/lib/libcrypto.a(libcrypto-lib-cmp_genm.o) is incompatible with elf_x86_64
          ld.lld: error: /nix/store/1b6v1n6vy1qd8q73rhb0lb7r5jid1hsp-openssl-musl-static-aarch64-unknown-linux-musl-3.6.0/lib/libcrypto.a(libcrypto-lib-cmp_hdr.o) is incompatible with elf_x86_64
          ld.lld: error: /nix/store/1b6v1n6vy1qd8q73rhb0lb7r5jid1hsp-openssl-musl-static-aarch64-unknown-linux-musl-3.6.0/lib/libcrypto.a(libcrypto-lib-cmp_http.o) is incompatible with elf_x86_64
          ld.lld: error: /nix/store/1b6v1n6vy1qd8q73rhb0lb7r5jid1hsp-openssl-musl-static-aarch64-unknown-linux-musl-3.6.0/lib/libcrypto.a(libcrypto-lib-cmp_msg.o) is incompatible with elf_x86_64
          ld.lld: error: /nix/store/1b6v1n6vy1qd8q73rhb0lb7r5jid1hsp-openssl-musl-static-aarch64-unknown-linux-musl-3.6.0/lib/libcrypto.a(libcrypto-lib-cmp_protect.o) is incompatible with elf_x86_64
          ld.lld: error: /nix/store/1b6v1n6vy1qd8q73rhb0lb7r5jid1hsp-openssl-musl-static-aarch64-unknown-linux-musl-3.6.0/lib/libcrypto.a(libcrypto-lib-cmp_server.o) is incompatible with elf_x86_64
          ld.lld: error: /nix/store/1b6v1n6vy1qd8q73rhb0lb7r5jid1hsp-openssl-musl-static-aarch64-unknown-linux-musl-3.6.0/lib/libcrypto.a(libcrypto-lib-cmp_status.o) is incompatible with elf_x86_64
          ld.lld: error: /nix/store/1b6v1n6vy1qd8q73rhb0lb7r5jid1hsp-openssl-musl-static-aarch64-unknown-linux-musl-3.6.0/lib/libcrypto.a(libcrypto-lib-cmp_util.o) is incompatible with elf_x86_64
          ld.lld: error: /nix/store/1b6v1n6vy1qd8q73rhb0lb7r5jid1hsp-openssl-musl-static-aarch64-unknown-linux-musl-3.6.0/lib/libcrypto.a(libcrypto-lib-cmp_vfy.o) is incompatible with elf_x86_64
          ld.lld: error: /nix/store/1b6v1n6vy1qd8q73rhb0lb7r5jid1hsp-openssl-musl-static-aarch64-unknown-linux-musl-3.6.0/lib/libcrypto.a(libcrypto-lib-cms_asn1.o) is incompatible with elf_x86_64
          ld.lld: error: /nix/store/1b6v1n6vy1qd8q73rhb0lb7r5jid1hsp-openssl-musl-static-aarch64-unknown-linux-musl-3.6.0/lib/libcrypto.a(libcrypto-lib-cms_att.o) is incompatible with elf_x86_64
          ld.lld: error: /nix/store/1b6v1n6vy1qd8q73rhb0lb7r5jid1hsp-openssl-musl-static-aarch64-unknown-linux-musl-3.6.0/lib/libcrypto.a(libcrypto-lib-cms_cd.o) is incompatible with elf_x86_64
          ld.lld: error: /nix/store/1b6v1n6vy1qd8q73rhb0lb7r5jid1hsp-openssl-musl-static-aarch64-unknown-linux-musl-3.6.0/lib/libcrypto.a(libcrypto-lib-cms_dd.o) is incompatible with elf_x86_64
          ld.lld: error: /nix/store/1b6v1n6vy1qd8q73rhb0lb7r5jid1hsp-openssl-musl-static-aarch64-unknown-linux-musl-3.6.0/lib/libcrypto.a(libcrypto-lib-cms_dh.o) is incompatible with elf_x86_64
          ld.lld: error: /nix/store/1b6v1n6vy1qd8q73rhb0lb7r5jid1hsp-openssl-musl-static-aarch64-unknown-linux-musl-3.6.0/lib/libcrypto.a(libcrypto-lib-cms_ec.o) is incompatible with elf_x86_64
          ld.lld: error: /nix/store/1b6v1n6vy1qd8q73rhb0lb7r5jid1hsp-openssl-musl-static-aarch64-unknown-linux-musl-3.6.0/lib/libcrypto.a(libcrypto-lib-cms_enc.o) is incompatible with elf_x86_64
          ld.lld: error: /nix/store/1b6v1n6vy1qd8q73rhb0lb7r5jid1hsp-openssl-musl-static-aarch64-unknown-linux-musl-3.6.0/lib/libcrypto.a(libcrypto-lib-cms_env.o) is incompatible with elf_x86_64
          ld.lld: error: /nix/store/1b6v1n6vy1qd8q73rhb0lb7r5jid1hsp-openssl-musl-static-aarch64-unknown-linux-musl-3.6.0/lib/libcrypto.a(libcrypto-lib-cms_err.o) is incompatible with elf_x86_64
          ld.lld: error: /nix/store/1b6v1n6vy1qd8q73rhb0lb7r5jid1hsp-openssl-musl-static-aarch64-unknown-linux-musl-3.6.0/lib/libcrypto.a(libcrypto-lib-cms_ess.o) is incompatible with elf_x86_64
          ld.lld: error: /nix/store/1b6v1n6vy1qd8q73rhb0lb7r5jid1hsp-openssl-musl-static-aarch64-unknown-linux-musl-3.6.0/lib/libcrypto.a(libcrypto-lib-cms_io.o) is incompatible with elf_x86_64
          ld.lld: error: /nix/store/1b6v1n6vy1qd8q73rhb0lb7r5jid1hsp-openssl-musl-static-aarch64-unknown-linux-musl-3.6.0/lib/libcrypto.a(libcrypto-lib-cms_kari.o) is incompatible with elf_x86_64
          ld.lld: error: /nix/store/1b6v1n6vy1qd8q73rhb0lb7r5jid1hsp-openssl-musl-static-aarch64-unknown-linux-musl-3.6.0/lib/libcrypto.a(libcrypto-lib-cms_kem.o) is incompatible with elf_x86_64
          ld.lld: error: /nix/store/1b6v1n6vy1qd8q73rhb0lb7r5jid1hsp-openssl-musl-static-aarch64-unknown-linux-musl-3.6.0/lib/libcrypto.a(libcrypto-lib-cms_kemri.o) is incompatible with elf_x86_64
          ld.lld: error: /nix/store/1b6v1n6vy1qd8q73rhb0lb7r5jid1hsp-openssl-musl-static-aarch64-unknown-linux-musl-3.6.0/lib/libcrypto.a(libcrypto-lib-cms_lib.o) is incompatible with elf_x86_64
          ld.lld: error: /nix/store/1b6v1n6vy1qd8q73rhb0lb7r5jid1hsp-openssl-musl-static-aarch64-unknown-linux-musl-3.6.0/lib/libcrypto.a(libcrypto-lib-cms_pwri.o) is incompatible with elf_x86_64
          ld.lld: error: /nix/store/1b6v1n6vy1qd8q73rhb0lb7r5jid1hsp-openssl-musl-static-aarch64-unknown-linux-musl-3.6.0/lib/libcrypto.a(libcrypto-lib-cms_rsa.o) is incompatible with elf_x86_64
          ld.lld: error: /nix/store/1b6v1n6vy1qd8q73rhb0lb7r5jid1hsp-openssl-musl-static-aarch64-unknown-linux-musl-3.6.0/lib/libcrypto.a(libcrypto-lib-cms_sd.o) is incompatible with elf_x86_64
          ld.lld: error: /nix/store/1b6v1n6vy1qd8q73rhb0lb7r5jid1hsp-openssl-musl-static-aarch64-unknown-linux-musl-3.6.0/lib/libcrypto.a(libcrypto-lib-cms_smime.o) is incompatible with elf_x86_64
          ld.lld: error: /nix/store/1b6v1n6vy1qd8q73rhb0lb7r5jid1hsp-openssl-musl-static-aarch64-unknown-linux-musl-3.6.0/lib/libcrypto.a(libcrypto-lib-c_brotli.o) is incompatible with elf_x86_64
          ld.lld: error: /nix/store/1b6v1n6vy1qd8q73rhb0lb7r5jid1hsp-openssl-musl-static-aarch64-unknown-linux-musl-3.6.0/lib/libcrypto.a(libcrypto-lib-c_zlib.o) is incompatible with elf_x86_64
          ld.lld: error: /nix/store/1b6v1n6vy1qd8q73rhb0lb7r5jid1hsp-openssl-musl-static-aarch64-unknown-linux-musl-3.6.0/lib/libcrypto.a(libcrypto-lib-c_zstd.o) is incompatible with elf_x86_64
          ld.lld: error: /nix/store/1b6v1n6vy1qd8q73rhb0lb7r5jid1hsp-openssl-musl-static-aarch64-unknown-linux-musl-3.6.0/lib/libcrypto.a(libcrypto-lib-comp_err.o) is incompatible with elf_x86_64
          ld.lld: error: /nix/store/1b6v1n6vy1qd8q73rhb0lb7r5jid1hsp-openssl-musl-static-aarch64-unknown-linux-musl-3.6.0/lib/libcrypto.a(libcrypto-lib-comp_lib.o) is incompatible with elf_x86_64
          ld.lld: error: /nix/store/1b6v1n6vy1qd8q73rhb0lb7r5jid1hsp-openssl-musl-static-aarch64-unknown-linux-musl-3.6.0/lib/libcrypto.a(libcrypto-lib-conf_api.o) is incompatible with elf_x86_64
          ld.lld: error: /nix/store/1b6v1n6vy1qd8q73rhb0lb7r5jid1hsp-openssl-musl-static-aarch64-unknown-linux-musl-3.6.0/lib/libcrypto.a(libcrypto-lib-conf_def.o) is incompatible with elf_x86_64
          ld.lld: error: /nix/store/1b6v1n6vy1qd8q73rhb0lb7r5jid1hsp-openssl-musl-static-aarch64-unknown-linux-musl-3.6.0/lib/libcrypto.a(libcrypto-lib-conf_err.o) is incompatible with elf_x86_64
          ld.lld: error: /nix/store/1b6v1n6vy1qd8q73rhb0lb7r5jid1hsp-openssl-musl-static-aarch64-unknown-linux-musl-3.6.0/lib/libcrypto.a(libcrypto-lib-conf_lib.o) is incompatible with elf_x86_64
          ld.lld: error: /nix/store/1b6v1n6vy1qd8q73rhb0lb7r5jid1hsp-openssl-musl-static-aarch64-unknown-linux-musl-3.6.0/lib/libcrypto.a(libcrypto-lib-conf_mall.o) is incompatible with elf_x86_64
          ld.lld: error: /nix/store/1b6v1n6vy1qd8q73rhb0lb7r5jid1hsp-openssl-musl-static-aarch64-unknown-linux-musl-3.6.0/lib/libcrypto.a(libcrypto-lib-conf_mod.o) is incompatible with elf_x86_64
          ld.lld: error: /nix/store/1b6v1n6vy1qd8q73rhb0lb7r5jid1hsp-openssl-musl-static-aarch64-unknown-linux-musl-3.6.0/lib/libcrypto.a(libcrypto-lib-conf_sap.o) is incompatible with elf_x86_64
          ld.lld: error: /nix/store/1b6v1n6vy1qd8q73rhb0lb7r5jid1hsp-openssl-musl-static-aarch64-unknown-linux-musl-3.6.0/lib/libcrypto.a(libcrypto-lib-conf_ssl.o) is incompatible with elf_x86_64
          ld.lld: error: /nix/store/1b6v1n6vy1qd8q73rhb0lb7r5jid1hsp-openssl-musl-static-aarch64-unknown-linux-musl-3.6.0/lib/libcrypto.a(libcrypto-lib-crmf_asn.o) is incompatible with elf_x86_64
          ld.lld: error: /nix/store/1b6v1n6vy1qd8q73rhb0lb7r5jid1hsp-openssl-musl-static-aarch64-unknown-linux-musl-3.6.0/lib/libcrypto.a(libcrypto-lib-crmf_err.o) is incompatible with elf_x86_64
          ld.lld: error: /nix/store/1b6v1n6vy1qd8q73rhb0lb7r5jid1hsp-openssl-musl-static-aarch64-unknown-linux-musl-3.6.0/lib/libcrypto.a(libcrypto-lib-crmf_lib.o) is incompatible with elf_x86_64
          ld.lld: error: /nix/store/1b6v1n6vy1qd8q73rhb0lb7r5jid1hsp-openssl-musl-static-aarch64-unknown-linux-musl-3.6.0/lib/libcrypto.a(libcrypto-lib-crmf_pbm.o) is incompatible with elf_x86_64
          ld.lld: error: /nix/store/1b6v1n6vy1qd8q73rhb0lb7r5jid1hsp-openssl-musl-static-aarch64-unknown-linux-musl-3.6.0/lib/libcrypto.a(libcrypto-lib-cbc_cksm.o) is incompatible with elf_x86_64
          ld.lld: error: /nix/store/1b6v1n6vy1qd8q73rhb0lb7r5jid1hsp-openssl-musl-static-aarch64-unknown-linux-musl-3.6.0/lib/libcrypto.a(libcrypto-lib-cbc_enc.o) is incompatible with elf_x86_64
          ld.lld: error: /nix/store/1b6v1n6vy1qd8q73rhb0lb7r5jid1hsp-openssl-musl-static-aarch64-unknown-linux-musl-3.6.0/lib/libcrypto.a(libcrypto-lib-cfb64ede.o) is incompatible with elf_x86_64
          ld.lld: error: /nix/store/1b6v1n6vy1qd8q73rhb0lb7r5jid1hsp-openssl-musl-static-aarch64-unknown-linux-musl-3.6.0/lib/libcrypto.a(libcrypto-lib-cfb64enc.o) is incompatible with elf_x86_64
          ld.lld: error: /nix/store/1b6v1n6vy1qd8q73rhb0lb7r5jid1hsp-openssl-musl-static-aarch64-unknown-linux-musl-3.6.0/lib/libcrypto.a(libcrypto-lib-cfb_enc.o) is incompatible with elf_x86_64
          ld.lld: error: /nix/store/1b6v1n6vy1qd8q73rhb0lb7r5jid1hsp-openssl-musl-static-aarch64-unknown-linux-musl-3.6.0/lib/libcrypto.a(libcrypto-lib-des_enc.o) is incompatible with elf_x86_64
          ld.lld: error: /nix/store/1b6v1n6vy1qd8q73rhb0lb7r5jid1hsp-openssl-musl-static-aarch64-unknown-linux-musl-3.6.0/lib/libcrypto.a(libcrypto-lib-ecb3_enc.o) is incompatible with elf_x86_64
          ld.lld: error: /nix/store/1b6v1n6vy1qd8q73rhb0lb7r5jid1hsp-openssl-musl-static-aarch64-unknown-linux-musl-3.6.0/lib/libcrypto.a(libcrypto-lib-ecb_enc.o) is incompatible with elf_x86_64
          ld.lld: error: /nix/store/1b6v1n6vy1qd8q73rhb0lb7r5jid1hsp-openssl-musl-static-aarch64-unknown-linux-musl-3.6.0/lib/libcrypto.a(libcrypto-lib-fcrypt.o) is incompatible with elf_x86_64
          ld.lld: error: /nix/store/1b6v1n6vy1qd8q73rhb0lb7r5jid1hsp-openssl-musl-static-aarch64-unknown-linux-musl-3.6.0/lib/libcrypto.a(libcrypto-lib-fcrypt_b.o) is incompatible with elf_x86_64
          ld.lld: error: /nix/store/1b6v1n6vy1qd8q73rhb0lb7r5jid1hsp-openssl-musl-static-aarch64-unknown-linux-musl-3.6.0/lib/libcrypto.a(libcrypto-lib-ofb64ede.o) is incompatible with elf_x86_64
          ld.lld: error: /nix/store/1b6v1n6vy1qd8q73rhb0lb7r5jid1hsp-openssl-musl-static-aarch64-unknown-linux-musl-3.6.0/lib/libcrypto.a(libcrypto-lib-ofb64enc.o) is incompatible with elf_x86_64
          ld.lld: error: /nix/store/1b6v1n6vy1qd8q73rhb0lb7r5jid1hsp-openssl-musl-static-aarch64-unknown-linux-musl-3.6.0/lib/libcrypto.a(libcrypto-lib-ofb_enc.o) is incompatible with elf_x86_64
          ld.lld: error: /nix/store/1b6v1n6vy1qd8q73rhb0lb7r5jid1hsp-openssl-musl-static-aarch64-unknown-linux-musl-3.6.0/lib/libcrypto.a(libcrypto-lib-pcbc_enc.o) is incompatible with elf_x86_64
          ld.lld: error: /nix/store/1b6v1n6vy1qd8q73rhb0lb7r5jid1hsp-openssl-musl-static-aarch64-unknown-linux-musl-3.6.0/lib/libcrypto.a(libcrypto-lib-qud_cksm.o) is incompatible with elf_x86_64
          ld.lld: error: /nix/store/1b6v1n6vy1qd8q73rhb0lb7r5jid1hsp-openssl-musl-static-aarch64-unknown-linux-musl-3.6.0/lib/libcrypto.a(libcrypto-lib-rand_key.o) is incompatible with elf_x86_64
          ld.lld: error: /nix/store/1b6v1n6vy1qd8q73rhb0lb7r5jid1hsp-openssl-musl-static-aarch64-unknown-linux-musl-3.6.0/lib/libcrypto.a(libcrypto-lib-set_key.o) is incompatible with elf_x86_64
          ld.lld: error: /nix/store/1b6v1n6vy1qd8q73rhb0lb7r5jid1hsp-openssl-musl-static-aarch64-unknown-linux-musl-3.6.0/lib/libcrypto.a(libcrypto-lib-str2key.o) is incompatible with elf_x86_64
          ld.lld: error: /nix/store/1b6v1n6vy1qd8q73rhb0lb7r5jid1hsp-openssl-musl-static-aarch64-unknown-linux-musl-3.6.0/lib/libcrypto.a(libcrypto-lib-xcbc_enc.o) is incompatible with elf_x86_64
          ld.lld: error: /nix/store/1b6v1n6vy1qd8q73rhb0lb7r5jid1hsp-openssl-musl-static-aarch64-unknown-linux-musl-3.6.0/lib/libcrypto.a(libcrypto-lib-dh_ameth.o) is incompatible with elf_x86_64
          ld.lld: error: /nix/store/1b6v1n6vy1qd8q73rhb0lb7r5jid1hsp-openssl-musl-static-aarch64-unknown-linux-musl-3.6.0/lib/libcrypto.a(libcrypto-lib-dh_asn1.o) is incompatible with elf_x86_64
          ld.lld: error: /nix/store/1b6v1n6vy1qd8q73rhb0lb7r5jid1hsp-openssl-musl-static-aarch64-unknown-linux-musl-3.6.0/lib/libcrypto.a(libcrypto-lib-dh_backend.o) is incompatible with elf_x86_64
          ld.lld: error: /nix/store/1b6v1n6vy1qd8q73rhb0lb7r5jid1hsp-openssl-musl-static-aarch64-unknown-linux-musl-3.6.0/lib/libcrypto.a(libcrypto-lib-dh_check.o) is incompatible with elf_x86_64
          ld.lld: error: /nix/store/1b6v1n6vy1qd8q73rhb0lb7r5jid1hsp-openssl-musl-static-aarch64-unknown-linux-musl-3.6.0/lib/libcrypto.a(libcrypto-lib-dh_depr.o) is incompatible with elf_x86_64
          ld.lld: error: /nix/store/1b6v1n6vy1qd8q73rhb0lb7r5jid1hsp-openssl-musl-static-aarch64-unknown-linux-musl-3.6.0/lib/libcrypto.a(libcrypto-lib-dh_err.o) is incompatible with elf_x86_64
          ld.lld: error: /nix/store/1b6v1n6vy1qd8q73rhb0lb7r5jid1hsp-openssl-musl-static-aarch64-unknown-linux-musl-3.6.0/lib/libcrypto.a(libcrypto-lib-dh_gen.o) is incompatible with elf_x86_64
          ld.lld: error: /nix/store/1b6v1n6vy1qd8q73rhb0lb7r5jid1hsp-openssl-musl-static-aarch64-unknown-linux-musl-3.6.0/lib/libcrypto.a(libcrypto-lib-dh_group_params.o) is incompatible with elf_x86_64
          ld.lld: error: /nix/store/1b6v1n6vy1qd8q73rhb0lb7r5jid1hsp-openssl-musl-static-aarch64-unknown-linux-musl-3.6.0/lib/libcrypto.a(libcrypto-lib-dh_kdf.o) is incompatible with elf_x86_64
          ld.lld: error: /nix/store/1b6v1n6vy1qd8q73rhb0lb7r5jid1hsp-openssl-musl-static-aarch64-unknown-linux-musl-3.6.0/lib/libcrypto.a(libcrypto-lib-dh_key.o) is incompatible with elf_x86_64
          ld.lld: error: /nix/store/1b6v1n6vy1qd8q73rhb0lb7r5jid1hsp-openssl-musl-static-aarch64-unknown-linux-musl-3.6.0/lib/libcrypto.a(libcrypto-lib-dh_lib.o) is incompatible with elf_x86_64
          ld.lld: error: /nix/store/1b6v1n6vy1qd8q73rhb0lb7r5jid1hsp-openssl-musl-static-aarch64-unknown-linux-musl-3.6.0/lib/libcrypto.a(libcrypto-lib-dh_meth.o) is incompatible with elf_x86_64
          ld.lld: error: /nix/store/1b6v1n6vy1qd8q73rhb0lb7r5jid1hsp-openssl-musl-static-aarch64-unknown-linux-musl-3.6.0/lib/libcrypto.a(libcrypto-lib-dh_pmeth.o) is incompatible with elf_x86_64
          ld.lld: error: /nix/store/1b6v1n6vy1qd8q73rhb0lb7r5jid1hsp-openssl-musl-static-aarch64-unknown-linux-musl-3.6.0/lib/libcrypto.a(libcrypto-lib-dh_prn.o) is incompatible with elf_x86_64
          ld.lld: error: /nix/store/1b6v1n6vy1qd8q73rhb0lb7r5jid1hsp-openssl-musl-static-aarch64-unknown-linux-musl-3.6.0/lib/libcrypto.a(libcrypto-lib-dh_rfc5114.o) is incompatible with elf_x86_64
          ld.lld: error: /nix/store/1b6v1n6vy1qd8q73rhb0lb7r5jid1hsp-openssl-musl-static-aarch64-unknown-linux-musl-3.6.0/lib/libcrypto.a(libcrypto-lib-dsa_ameth.o) is incompatible with elf_x86_64
          ld.lld: error: /nix/store/1b6v1n6vy1qd8q73rhb0lb7r5jid1hsp-openssl-musl-static-aarch64-unknown-linux-musl-3.6.0/lib/libcrypto.a(libcrypto-lib-dsa_asn1.o) is incompatible with elf_x86_64
          ld.lld: error: /nix/store/1b6v1n6vy1qd8q73rhb0lb7r5jid1hsp-openssl-musl-static-aarch64-unknown-linux-musl-3.6.0/lib/libcrypto.a(libcrypto-lib-dsa_backend.o) is incompatible with elf_x86_64
          ld.lld: error: /nix/store/1b6v1n6vy1qd8q73rhb0lb7r5jid1hsp-openssl-musl-static-aarch64-unknown-linux-musl-3.6.0/lib/libcrypto.a(libcrypto-lib-dsa_check.o) is incompatible with elf_x86_64
          ld.lld: error: /nix/store/1b6v1n6vy1qd8q73rhb0lb7r5jid1hsp-openssl-musl-static-aarch64-unknown-linux-musl-3.6.0/lib/libcrypto.a(libcrypto-lib-dsa_depr.o) is incompatible with elf_x86_64
          ld.lld: error: /nix/store/1b6v1n6vy1qd8q73rhb0lb7r5jid1hsp-openssl-musl-static-aarch64-unknown-linux-musl-3.6.0/lib/libcrypto.a(libcrypto-lib-dsa_err.o) is incompatible with elf_x86_64
          ld.lld: error: /nix/store/1b6v1n6vy1qd8q73rhb0lb7r5jid1hsp-openssl-musl-static-aarch64-unknown-linux-musl-3.6.0/lib/libcrypto.a(libcrypto-lib-dsa_gen.o) is incompatible with elf_x86_64
          ld.lld: error: /nix/store/1b6v1n6vy1qd8q73rhb0lb7r5jid1hsp-openssl-musl-static-aarch64-unknown-linux-musl-3.6.0/lib/libcrypto.a(libcrypto-lib-dsa_key.o) is incompatible with elf_x86_64
          ld.lld: error: /nix/store/1b6v1n6vy1qd8q73rhb0lb7r5jid1hsp-openssl-musl-static-aarch64-unknown-linux-musl-3.6.0/lib/libcrypto.a(libcrypto-lib-dsa_lib.o) is incompatible with elf_x86_64
          ld.lld: error: /nix/store/1b6v1n6vy1qd8q73rhb0lb7r5jid1hsp-openssl-musl-static-aarch64-unknown-linux-musl-3.6.0/lib/libcrypto.a(libcrypto-lib-dsa_meth.o) is incompatible with elf_x86_64
          ld.lld: error: /nix/store/1b6v1n6vy1qd8q73rhb0lb7r5jid1hsp-openssl-musl-static-aarch64-unknown-linux-musl-3.6.0/lib/libcrypto.a(libcrypto-lib-dsa_ossl.o) is incompatible with elf_x86_64
          ld.lld: error: /nix/store/1b6v1n6vy1qd8q73rhb0lb7r5jid1hsp-openssl-musl-static-aarch64-unknown-linux-musl-3.6.0/lib/libcrypto.a(libcrypto-lib-dsa_pmeth.o) is incompatible with elf_x86_64
          ld.lld: error: /nix/store/1b6v1n6vy1qd8q73rhb0lb7r5jid1hsp-openssl-musl-static-aarch64-unknown-linux-musl-3.6.0/lib/libcrypto.a(libcrypto-lib-dsa_prn.o) is incompatible with elf_x86_64
          ld.lld: error: /nix/store/1b6v1n6vy1qd8q73rhb0lb7r5jid1hsp-openssl-musl-static-aarch64-unknown-linux-musl-3.6.0/lib/libcrypto.a(libcrypto-lib-dsa_sign.o) is incompatible with elf_x86_64
          ld.lld: error: /nix/store/1b6v1n6vy1qd8q73rhb0lb7r5jid1hsp-openssl-musl-static-aarch64-unknown-linux-musl-3.6.0/lib/libcrypto.a(libcrypto-lib-dsa_vrf.o) is incompatible with elf_x86_64
          ld.lld: error: /nix/store/1b6v1n6vy1qd8q73rhb0lb7r5jid1hsp-openssl-musl-static-aarch64-unknown-linux-musl-3.6.0/lib/libcrypto.a(libcrypto-lib-dso_dl.o) is incompatible with elf_x86_64
          ld.lld: error: /nix/store/1b6v1n6vy1qd8q73rhb0lb7r5jid1hsp-openssl-musl-static-aarch64-unknown-linux-musl-3.6.0/lib/libcrypto.a(libcrypto-lib-dso_dlfcn.o) is incompatible with elf_x86_64
          ld.lld: error: /nix/store/1b6v1n6vy1qd8q73rhb0lb7r5jid1hsp-openssl-musl-static-aarch64-unknown-linux-musl-3.6.0/lib/libcrypto.a(libcrypto-lib-dso_err.o) is incompatible with elf_x86_64
          ld.lld: error: /nix/store/1b6v1n6vy1qd8q73rhb0lb7r5jid1hsp-openssl-musl-static-aarch64-unknown-linux-musl-3.6.0/lib/libcrypto.a(libcrypto-lib-dso_lib.o) is incompatible with elf_x86_64
          ld.lld: error: /nix/store/1b6v1n6vy1qd8q73rhb0lb7r5jid1hsp-openssl-musl-static-aarch64-unknown-linux-musl-3.6.0/lib/libcrypto.a(libcrypto-lib-dso_openssl.o) is incompatible with elf_x86_64
          ld.lld: error: /nix/store/1b6v1n6vy1qd8q73rhb0lb7r5jid1hsp-openssl-musl-static-aarch64-unknown-linux-musl-3.6.0/lib/libcrypto.a(libcrypto-lib-dso_vms.o) is incompatible with elf_x86_64
          ld.lld: error: /nix/store/1b6v1n6vy1qd8q73rhb0lb7r5jid1hsp-openssl-musl-static-aarch64-unknown-linux-musl-3.6.0/lib/libcrypto.a(libcrypto-lib-dso_win32.o) is incompatible with elf_x86_64
          ld.lld: error: /nix/store/1b6v1n6vy1qd8q73rhb0lb7r5jid1hsp-openssl-musl-static-aarch64-unknown-linux-musl-3.6.0/lib/libcrypto.a(libcrypto-lib-f_impl32.o) is incompatible with elf_x86_64
          ld.lld: error: /nix/store/1b6v1n6vy1qd8q73rhb0lb7r5jid1hsp-openssl-musl-static-aarch64-unknown-linux-musl-3.6.0/lib/libcrypto.a(libcrypto-lib-f_impl64.o) is incompatible with elf_x86_64
          ld.lld: error: /nix/store/1b6v1n6vy1qd8q73rhb0lb7r5jid1hsp-openssl-musl-static-aarch64-unknown-linux-musl-3.6.0/lib/libcrypto.a(libcrypto-lib-curve448.o) is incompatible with elf_x86_64
          ld.lld: error: /nix/store/1b6v1n6vy1qd8q73rhb0lb7r5jid1hsp-openssl-musl-static-aarch64-unknown-linux-musl-3.6.0/lib/libcrypto.a(libcrypto-lib-curve448_tables.o) is incompatible with elf_x86_64
          ld.lld: error: /nix/store/1b6v1n6vy1qd8q73rhb0lb7r5jid1hsp-openssl-musl-static-aarch64-unknown-linux-musl-3.6.0/lib/libcrypto.a(libcrypto-lib-eddsa.o) is incompatible with elf_x86_64
          ld.lld: error: /nix/store/1b6v1n6vy1qd8q73rhb0lb7r5jid1hsp-openssl-musl-static-aarch64-unknown-linux-musl-3.6.0/lib/libcrypto.a(libcrypto-lib-f_generic.o) is incompatible with elf_x86_64
          ld.lld: error: /nix/store/1b6v1n6vy1qd8q73rhb0lb7r5jid1hsp-openssl-musl-static-aarch64-unknown-linux-musl-3.6.0/lib/libcrypto.a(libcrypto-lib-scalar.o) is incompatible with elf_x86_64
          ld.lld: error: /nix/store/1b6v1n6vy1qd8q73rhb0lb7r5jid1hsp-openssl-musl-static-aarch64-unknown-linux-musl-3.6.0/lib/libcrypto.a(libcrypto-lib-curve25519.o) is incompatible with elf_x86_64
          ld.lld: error: /nix/store/1b6v1n6vy1qd8q73rhb0lb7r5jid1hsp-openssl-musl-static-aarch64-unknown-linux-musl-3.6.0/lib/libcrypto.a(libcrypto-lib-ec2_oct.o) is incompatible with elf_x86_64
          ld.lld: error: /nix/store/1b6v1n6vy1qd8q73rhb0lb7r5jid1hsp-openssl-musl-static-aarch64-unknown-linux-musl-3.6.0/lib/libcrypto.a(libcrypto-lib-ec2_smpl.o) is incompatible with elf_x86_64
          ld.lld: error: /nix/store/1b6v1n6vy1qd8q73rhb0lb7r5jid1hsp-openssl-musl-static-aarch64-unknown-linux-musl-3.6.0/lib/libcrypto.a(libcrypto-lib-ec_ameth.o) is incompatible with elf_x86_64
          ld.lld: error: /nix/store/1b6v1n6vy1qd8q73rhb0lb7r5jid1hsp-openssl-musl-static-aarch64-unknown-linux-musl-3.6.0/lib/libcrypto.a(libcrypto-lib-ec_asn1.o) is incompatible with elf_x86_64
          ld.lld: error: /nix/store/1b6v1n6vy1qd8q73rhb0lb7r5jid1hsp-openssl-musl-static-aarch64-unknown-linux-musl-3.6.0/lib/libcrypto.a(libcrypto-lib-ec_backend.o) is incompatible with elf_x86_64
          ld.lld: error: /nix/store/1b6v1n6vy1qd8q73rhb0lb7r5jid1hsp-openssl-musl-static-aarch64-unknown-linux-musl-3.6.0/lib/libcrypto.a(libcrypto-lib-ec_check.o) is incompatible with elf_x86_64
          ld.lld: error: /nix/store/1b6v1n6vy1qd8q73rhb0lb7r5jid1hsp-openssl-musl-static-aarch64-unknown-linux-musl-3.6.0/lib/libcrypto.a(libcrypto-lib-ec_curve.o) is incompatible with elf_x86_64
          ld.lld: error: /nix/store/1b6v1n6vy1qd8q73rhb0lb7r5jid1hsp-openssl-musl-static-aarch64-unknown-linux-musl-3.6.0/lib/libcrypto.a(libcrypto-lib-ec_cvt.o) is incompatible with elf_x86_64
          ld.lld: error: /nix/store/1b6v1n6vy1qd8q73rhb0lb7r5jid1hsp-openssl-musl-static-aarch64-unknown-linux-musl-3.6.0/lib/libcrypto.a(libcrypto-lib-ec_deprecated.o) is incompatible with elf_x86_64
          ld.lld: error: /nix/store/1b6v1n6vy1qd8q73rhb0lb7r5jid1hsp-openssl-musl-static-aarch64-unknown-linux-musl-3.6.0/lib/libcrypto.a(libcrypto-lib-ec_err.o) is incompatible with elf_x86_64
          ld.lld: error: /nix/store/1b6v1n6vy1qd8q73rhb0lb7r5jid1hsp-openssl-musl-static-aarch64-unknown-linux-musl-3.6.0/lib/libcrypto.a(libcrypto-lib-ec_key.o) is incompatible with elf_x86_64
          ld.lld: error: /nix/store/1b6v1n6vy1qd8q73rhb0lb7r5jid1hsp-openssl-musl-static-aarch64-unknown-linux-musl-3.6.0/lib/libcrypto.a(libcrypto-lib-ec_kmeth.o) is incompatible with elf_x86_64
          ld.lld: error: /nix/store/1b6v1n6vy1qd8q73rhb0lb7r5jid1hsp-openssl-musl-static-aarch64-unknown-linux-musl-3.6.0/lib/libcrypto.a(libcrypto-lib-ec_lib.o) is incompatible with elf_x86_64
          ld.lld: error: /nix/store/1b6v1n6vy1qd8q73rhb0lb7r5jid1hsp-openssl-musl-static-aarch64-unknown-linux-musl-3.6.0/lib/libcrypto.a(libcrypto-lib-ec_mult.o) is incompatible with elf_x86_64
          ld.lld: error: /nix/store/1b6v1n6vy1qd8q73rhb0lb7r5jid1hsp-openssl-musl-static-aarch64-unknown-linux-musl-3.6.0/lib/libcrypto.a(libcrypto-lib-ec_oct.o) is incompatible with elf_x86_64
          ld.lld: error: /nix/store/1b6v1n6vy1qd8q73rhb0lb7r5jid1hsp-openssl-musl-static-aarch64-unknown-linux-musl-3.6.0/lib/libcrypto.a(libcrypto-lib-ec_pmeth.o) is incompatible with elf_x86_64
          ld.lld: error: /nix/store/1b6v1n6vy1qd8q73rhb0lb7r5jid1hsp-openssl-musl-static-aarch64-unknown-linux-musl-3.6.0/lib/libcrypto.a(libcrypto-lib-ec_print.o) is incompatible with elf_x86_64
          ld.lld: error: /nix/store/1b6v1n6vy1qd8q73rhb0lb7r5jid1hsp-openssl-musl-static-aarch64-unknown-linux-musl-3.6.0/lib/libcrypto.a(libcrypto-lib-ecdh_kdf.o) is incompatible with elf_x86_64
          ld.lld: error: /nix/store/1b6v1n6vy1qd8q73rhb0lb7r5jid1hsp-openssl-musl-static-aarch64-unknown-linux-musl-3.6.0/lib/libcrypto.a(libcrypto-lib-ecdh_ossl.o) is incompatible with elf_x86_64
          ld.lld: error: /nix/store/1b6v1n6vy1qd8q73rhb0lb7r5jid1hsp-openssl-musl-static-aarch64-unknown-linux-musl-3.6.0/lib/libcrypto.a(libcrypto-lib-ecdsa_ossl.o) is incompatible with elf_x86_64
          ld.lld: error: /nix/store/1b6v1n6vy1qd8q73rhb0lb7r5jid1hsp-openssl-musl-static-aarch64-unknown-linux-musl-3.6.0/lib/libcrypto.a(libcrypto-lib-ecdsa_sign.o) is incompatible with elf_x86_64
          ld.lld: error: /nix/store/1b6v1n6vy1qd8q73rhb0lb7r5jid1hsp-openssl-musl-static-aarch64-unknown-linux-musl-3.6.0/lib/libcrypto.a(libcrypto-lib-ecdsa_vrf.o) is incompatible with elf_x86_64
          ld.lld: error: /nix/store/1b6v1n6vy1qd8q73rhb0lb7r5jid1hsp-openssl-musl-static-aarch64-unknown-linux-musl-3.6.0/lib/libcrypto.a(libcrypto-lib-eck_prn.o) is incompatible with elf_x86_64
          ld.lld: error: /nix/store/1b6v1n6vy1qd8q73rhb0lb7r5jid1hsp-openssl-musl-static-aarch64-unknown-linux-musl-3.6.0/lib/libcrypto.a(libcrypto-lib-ecp_mont.o) is incompatible with elf_x86_64
          ld.lld: error: /nix/store/1b6v1n6vy1qd8q73rhb0lb7r5jid1hsp-openssl-musl-static-aarch64-unknown-linux-musl-3.6.0/lib/libcrypto.a(libcrypto-lib-ecp_nist.o) is incompatible with elf_x86_64
          ld.lld: error: /nix/store/1b6v1n6vy1qd8q73rhb0lb7r5jid1hsp-openssl-musl-static-aarch64-unknown-linux-musl-3.6.0/lib/libcrypto.a(libcrypto-lib-ecp_oct.o) is incompatible with elf_x86_64
          ld.lld: error: /nix/store/1b6v1n6vy1qd8q73rhb0lb7r5jid1hsp-openssl-musl-static-aarch64-unknown-linux-musl-3.6.0/lib/libcrypto.a(libcrypto-lib-ecp_smpl.o) is incompatible with elf_x86_64
          ld.lld: error: /nix/store/1b6v1n6vy1qd8q73rhb0lb7r5jid1hsp-openssl-musl-static-aarch64-unknown-linux-musl-3.6.0/lib/libcrypto.a(libcrypto-lib-ecx_backend.o) is incompatible with elf_x86_64
          ld.lld: error: /nix/store/1b6v1n6vy1qd8q73rhb0lb7r5jid1hsp-openssl-musl-static-aarch64-unknown-linux-musl-3.6.0/lib/libcrypto.a(libcrypto-lib-ecx_key.o) is incompatible with elf_x86_64
          ld.lld: error: /nix/store/1b6v1n6vy1qd8q73rhb0lb7r5jid1hsp-openssl-musl-static-aarch64-unknown-linux-musl-3.6.0/lib/libcrypto.a(libcrypto-lib-ecx_meth.o) is incompatible with elf_x86_64
          ld.lld: error: /nix/store/1b6v1n6vy1qd8q73rhb0lb7r5jid1hsp-openssl-musl-static-aarch64-unknown-linux-musl-3.6.0/lib/libcrypto.a(libcrypto-lib-decoder_err.o) is incompatible with elf_x86_64
          ld.lld: error: /nix/store/1b6v1n6vy1qd8q73rhb0lb7r5jid1hsp-openssl-musl-static-aarch64-unknown-linux-musl-3.6.0/lib/libcrypto.a(libcrypto-lib-decoder_lib.o) is incompatible with elf_x86_64
          ld.lld: error: /nix/store/1b6v1n6vy1qd8q73rhb0lb7r5jid1hsp-openssl-musl-static-aarch64-unknown-linux-musl-3.6.0/lib/libcrypto.a(libcrypto-lib-decoder_meth.o) is incompatible with elf_x86_64
          ld.lld: error: /nix/store/1b6v1n6vy1qd8q73rhb0lb7r5jid1hsp-openssl-musl-static-aarch64-unknown-linux-musl-3.6.0/lib/libcrypto.a(libcrypto-lib-decoder_pkey.o) is incompatible with elf_x86_64
          ld.lld: error: /nix/store/1b6v1n6vy1qd8q73rhb0lb7r5jid1hsp-openssl-musl-static-aarch64-unknown-linux-musl-3.6.0/lib/libcrypto.a(libcrypto-lib-encoder_err.o) is incompatible with elf_x86_64
          ld.lld: error: /nix/store/1b6v1n6vy1qd8q73rhb0lb7r5jid1hsp-openssl-musl-static-aarch64-unknown-linux-musl-3.6.0/lib/libcrypto.a(libcrypto-lib-encoder_lib.o) is incompatible with elf_x86_64
          ld.lld: error: /nix/store/1b6v1n6vy1qd8q73rhb0lb7r5jid1hsp-openssl-musl-static-aarch64-unknown-linux-musl-3.6.0/lib/libcrypto.a(libcrypto-lib-encoder_meth.o) is incompatible with elf_x86_64
          ld.lld: error: /nix/store/1b6v1n6vy1qd8q73rhb0lb7r5jid1hsp-openssl-musl-static-aarch64-unknown-linux-musl-3.6.0/lib/libcrypto.a(libcrypto-lib-encoder_pkey.o) is incompatible with elf_x86_64
          ld.lld: error: /nix/store/1b6v1n6vy1qd8q73rhb0lb7r5jid1hsp-openssl-musl-static-aarch64-unknown-linux-musl-3.6.0/lib/libcrypto.a(libcrypto-lib-eng_all.o) is incompatible with elf_x86_64
          ld.lld: error: /nix/store/1b6v1n6vy1qd8q73rhb0lb7r5jid1hsp-openssl-musl-static-aarch64-unknown-linux-musl-3.6.0/lib/libcrypto.a(libcrypto-lib-eng_cnf.o) is incompatible with elf_x86_64
          ld.lld: error: /nix/store/1b6v1n6vy1qd8q73rhb0lb7r5jid1hsp-openssl-musl-static-aarch64-unknown-linux-musl-3.6.0/lib/libcrypto.a(libcrypto-lib-eng_ctrl.o) is incompatible with elf_x86_64
          ld.lld: error: /nix/store/1b6v1n6vy1qd8q73rhb0lb7r5jid1hsp-openssl-musl-static-aarch64-unknown-linux-musl-3.6.0/lib/libcrypto.a(libcrypto-lib-eng_dyn.o) is incompatible with elf_x86_64
          ld.lld: error: /nix/store/1b6v1n6vy1qd8q73rhb0lb7r5jid1hsp-openssl-musl-static-aarch64-unknown-linux-musl-3.6.0/lib/libcrypto.a(libcrypto-lib-eng_err.o) is incompatible with elf_x86_64
          ld.lld: error: /nix/store/1b6v1n6vy1qd8q73rhb0lb7r5jid1hsp-openssl-musl-static-aarch64-unknown-linux-musl-3.6.0/lib/libcrypto.a(libcrypto-lib-eng_fat.o) is incompatible with elf_x86_64
          ld.lld: error: /nix/store/1b6v1n6vy1qd8q73rhb0lb7r5jid1hsp-openssl-musl-static-aarch64-unknown-linux-musl-3.6.0/lib/libcrypto.a(libcrypto-lib-eng_init.o) is incompatible with elf_x86_64
          ld.lld: error: /nix/store/1b6v1n6vy1qd8q73rhb0lb7r5jid1hsp-openssl-musl-static-aarch64-unknown-linux-musl-3.6.0/lib/libcrypto.a(libcrypto-lib-eng_lib.o) is incompatible with elf_x86_64
          ld.lld: error: /nix/store/1b6v1n6vy1qd8q73rhb0lb7r5jid1hsp-openssl-musl-static-aarch64-unknown-linux-musl-3.6.0/lib/libcrypto.a(libcrypto-lib-eng_list.o) is incompatible with elf_x86_64
          ld.lld: error: /nix/store/1b6v1n6vy1qd8q73rhb0lb7r5jid1hsp-openssl-musl-static-aarch64-unknown-linux-musl-3.6.0/lib/libcrypto.a(libcrypto-lib-eng_openssl.o) is incompatible with elf_x86_64
          ld.lld: error: /nix/store/1b6v1n6vy1qd8q73rhb0lb7r5jid1hsp-openssl-musl-static-aarch64-unknown-linux-musl-3.6.0/lib/libcrypto.a(libcrypto-lib-eng_pkey.o) is incompatible with elf_x86_64
          ld.lld: error: /nix/store/1b6v1n6vy1qd8q73rhb0lb7r5jid1hsp-openssl-musl-static-aarch64-unknown-linux-musl-3.6.0/lib/libcrypto.a(libcrypto-lib-eng_rdrand.o) is incompatible with elf_x86_64
          ld.lld: error: /nix/store/1b6v1n6vy1qd8q73rhb0lb7r5jid1hsp-openssl-musl-static-aarch64-unknown-linux-musl-3.6.0/lib/libcrypto.a(libcrypto-lib-eng_table.o) is incompatible with elf_x86_64
          ld.lld: error: /nix/store/1b6v1n6vy1qd8q73rhb0lb7r5jid1hsp-openssl-musl-static-aarch64-unknown-linux-musl-3.6.0/lib/libcrypto.a(libcrypto-lib-tb_asnmth.o) is incompatible with elf_x86_64
          ld.lld: error: /nix/store/1b6v1n6vy1qd8q73rhb0lb7r5jid1hsp-openssl-musl-static-aarch64-unknown-linux-musl-3.6.0/lib/libcrypto.a(libcrypto-lib-tb_cipher.o) is incompatible with elf_x86_64
          ld.lld: error: /nix/store/1b6v1n6vy1qd8q73rhb0lb7r5jid1hsp-openssl-musl-static-aarch64-unknown-linux-musl-3.6.0/lib/libcrypto.a(libcrypto-lib-tb_dh.o) is incompatible with elf_x86_64
          ld.lld: error: /nix/store/1b6v1n6vy1qd8q73rhb0lb7r5jid1hsp-openssl-musl-static-aarch64-unknown-linux-musl-3.6.0/lib/libcrypto.a(libcrypto-lib-tb_digest.o) is incompatible with elf_x86_64
          ld.lld: error: /nix/store/1b6v1n6vy1qd8q73rhb0lb7r5jid1hsp-openssl-musl-static-aarch64-unknown-linux-musl-3.6.0/lib/libcrypto.a(libcrypto-lib-tb_dsa.o) is incompatible with elf_x86_64
          ld.lld: error: /nix/store/1b6v1n6vy1qd8q73rhb0lb7r5jid1hsp-openssl-musl-static-aarch64-unknown-linux-musl-3.6.0/lib/libcrypto.a(libcrypto-lib-tb_eckey.o) is incompatible with elf_x86_64
          ld.lld: error: /nix/store/1b6v1n6vy1qd8q73rhb0lb7r5jid1hsp-openssl-musl-static-aarch64-unknown-linux-musl-3.6.0/lib/libcrypto.a(libcrypto-lib-tb_pkmeth.o) is incompatible with elf_x86_64
          ld.lld: error: /nix/store/1b6v1n6vy1qd8q73rhb0lb7r5jid1hsp-openssl-musl-static-aarch64-unknown-linux-musl-3.6.0/lib/libcrypto.a(libcrypto-lib-tb_rand.o) is incompatible with elf_x86_64
          ld.lld: error: /nix/store/1b6v1n6vy1qd8q73rhb0lb7r5jid1hsp-openssl-musl-static-aarch64-unknown-linux-musl-3.6.0/lib/libcrypto.a(libcrypto-lib-tb_rsa.o) is incompatible with elf_x86_64
          ld.lld: error: /nix/store/1b6v1n6vy1qd8q73rhb0lb7r5jid1hsp-openssl-musl-static-aarch64-unknown-linux-musl-3.6.0/lib/libcrypto.a(libcrypto-lib-err.o) is incompatible with elf_x86_64
          ld.lld: error: /nix/store/1b6v1n6vy1qd8q73rhb0lb7r5jid1hsp-openssl-musl-static-aarch64-unknown-linux-musl-3.6.0/lib/libcrypto.a(libcrypto-lib-err_all.o) is incompatible with elf_x86_64
          ld.lld: error: /nix/store/1b6v1n6vy1qd8q73rhb0lb7r5jid1hsp-openssl-musl-static-aarch64-unknown-linux-musl-3.6.0/lib/libcrypto.a(libcrypto-lib-err_all_legacy.o) is incompatible with elf_x86_64
          ld.lld: error: /nix/store/1b6v1n6vy1qd8q73rhb0lb7r5jid1hsp-openssl-musl-static-aarch64-unknown-linux-musl-3.6.0/lib/libcrypto.a(libcrypto-lib-err_blocks.o) is incompatible with elf_x86_64
          ld.lld: error: /nix/store/1b6v1n6vy1qd8q73rhb0lb7r5jid1hsp-openssl-musl-static-aarch64-unknown-linux-musl-3.6.0/lib/libcrypto.a(libcrypto-lib-err_mark.o) is incompatible with elf_x86_64
          ld.lld: error: /nix/store/1b6v1n6vy1qd8q73rhb0lb7r5jid1hsp-openssl-musl-static-aarch64-unknown-linux-musl-3.6.0/lib/libcrypto.a(libcrypto-lib-err_prn.o) is incompatible with elf_x86_64
          ld.lld: error: /nix/store/1b6v1n6vy1qd8q73rhb0lb7r5jid1hsp-openssl-musl-static-aarch64-unknown-linux-musl-3.6.0/lib/libcrypto.a(libcrypto-lib-err_save.o) is incompatible with elf_x86_64
          ld.lld: error: /nix/store/1b6v1n6vy1qd8q73rhb0lb7r5jid1hsp-openssl-musl-static-aarch64-unknown-linux-musl-3.6.0/lib/libcrypto.a(libcrypto-lib-ess_asn1.o) is incompatible with elf_x86_64
          ld.lld: error: /nix/store/1b6v1n6vy1qd8q73rhb0lb7r5jid1hsp-openssl-musl-static-aarch64-unknown-linux-musl-3.6.0/lib/libcrypto.a(libcrypto-lib-ess_err.o) is incompatible with elf_x86_64
          ld.lld: error: /nix/store/1b6v1n6vy1qd8q73rhb0lb7r5jid1hsp-openssl-musl-static-aarch64-unknown-linux-musl-3.6.0/lib/libcrypto.a(libcrypto-lib-ess_lib.o) is incompatible with elf_x86_64
          ld.lld: error: /nix/store/1b6v1n6vy1qd8q73rhb0lb7r5jid1hsp-openssl-musl-static-aarch64-unknown-linux-musl-3.6.0/lib/libcrypto.a(libcrypto-lib-asymcipher.o) is incompatible with elf_x86_64
          ld.lld: error: /nix/store/1b6v1n6vy1qd8q73rhb0lb7r5jid1hsp-openssl-musl-static-aarch64-unknown-linux-musl-3.6.0/lib/libcrypto.a(libcrypto-lib-bio_b64.o) is incompatible with elf_x86_64
          ld.lld: error: /nix/store/1b6v1n6vy1qd8q73rhb0lb7r5jid1hsp-openssl-musl-static-aarch64-unknown-linux-musl-3.6.0/lib/libcrypto.a(libcrypto-lib-bio_enc.o) is incompatible with elf_x86_64
          ld.lld: error: /nix/store/1b6v1n6vy1qd8q73rhb0lb7r5jid1hsp-openssl-musl-static-aarch64-unknown-linux-musl-3.6.0/lib/libcrypto.a(libcrypto-lib-bio_md.o) is incompatible with elf_x86_64
          ld.lld: error: /nix/store/1b6v1n6vy1qd8q73rhb0lb7r5jid1hsp-openssl-musl-static-aarch64-unknown-linux-musl-3.6.0/lib/libcrypto.a(libcrypto-lib-bio_ok.o) is incompatible with elf_x86_64
          ld.lld: error: /nix/store/1b6v1n6vy1qd8q73rhb0lb7r5jid1hsp-openssl-musl-static-aarch64-unknown-linux-musl-3.6.0/lib/libcrypto.a(libcrypto-lib-c_allc.o) is incompatible with elf_x86_64
          ld.lld: error: /nix/store/1b6v1n6vy1qd8q73rhb0lb7r5jid1hsp-openssl-musl-static-aarch64-unknown-linux-musl-3.6.0/lib/libcrypto.a(libcrypto-lib-c_alld.o) is incompatible with elf_x86_64
          ld.lld: error: /nix/store/1b6v1n6vy1qd8q73rhb0lb7r5jid1hsp-openssl-musl-static-aarch64-unknown-linux-musl-3.6.0/lib/libcrypto.a(libcrypto-lib-cmeth_lib.o) is incompatible with elf_x86_64
          ld.lld: error: /nix/store/1b6v1n6vy1qd8q73rhb0lb7r5jid1hsp-openssl-musl-static-aarch64-unknown-linux-musl-3.6.0/lib/libcrypto.a(libcrypto-lib-ctrl_params_translate.o) is incompatible with elf_x86_64
          ld.lld: error: /nix/store/1b6v1n6vy1qd8q73rhb0lb7r5jid1hsp-openssl-musl-static-aarch64-unknown-linux-musl-3.6.0/lib/libcrypto.a(libcrypto-lib-dh_ctrl.o) is incompatible with elf_x86_64
          ld.lld: error: /nix/store/1b6v1n6vy1qd8q73rhb0lb7r5jid1hsp-openssl-musl-static-aarch64-unknown-linux-musl-3.6.0/lib/libcrypto.a(libcrypto-lib-dh_support.o) is incompatible with elf_x86_64
          ld.lld: error: /nix/store/1b6v1n6vy1qd8q73rhb0lb7r5jid1hsp-openssl-musl-static-aarch64-unknown-linux-musl-3.6.0/lib/libcrypto.a(libcrypto-lib-digest.o) is incompatible with elf_x86_64
          ld.lld: error: /nix/store/1b6v1n6vy1qd8q73rhb0lb7r5jid1hsp-openssl-musl-static-aarch64-unknown-linux-musl-3.6.0/lib/libcrypto.a(libcrypto-lib-dsa_ctrl.o) is incompatible with elf_x86_64
          ld.lld: error: /nix/store/1b6v1n6vy1qd8q73rhb0lb7r5jid1hsp-openssl-musl-static-aarch64-unknown-linux-musl-3.6.0/lib/libcrypto.a(libcrypto-lib-e_aes.o) is incompatible with elf_x86_64
          ld.lld: error: /nix/store/1b6v1n6vy1qd8q73rhb0lb7r5jid1hsp-openssl-musl-static-aarch64-unknown-linux-musl-3.6.0/lib/libcrypto.a(libcrypto-lib-e_aes_cbc_hmac_sha1.o) is incompatible with elf_x86_64
          ld.lld: error: /nix/store/1b6v1n6vy1qd8q73rhb0lb7r5jid1hsp-openssl-musl-static-aarch64-unknown-linux-musl-3.6.0/lib/libcrypto.a(libcrypto-lib-e_aes_cbc_hmac_sha256.o) is incompatible with elf_x86_64
          ld.lld: error: /nix/store/1b6v1n6vy1qd8q73rhb0lb7r5jid1hsp-openssl-musl-static-aarch64-unknown-linux-musl-3.6.0/lib/libcrypto.a(libcrypto-lib-e_aria.o) is incompatible with elf_x86_64
          ld.lld: error: /nix/store/1b6v1n6vy1qd8q73rhb0lb7r5jid1hsp-openssl-musl-static-aarch64-unknown-linux-musl-3.6.0/lib/libcrypto.a(libcrypto-lib-e_bf.o) is incompatible with elf_x86_64
          ld.lld: error: /nix/store/1b6v1n6vy1qd8q73rhb0lb7r5jid1hsp-openssl-musl-static-aarch64-unknown-linux-musl-3.6.0/lib/libcrypto.a(libcrypto-lib-e_camellia.o) is incompatible with elf_x86_64
          ld.lld: error: /nix/store/1b6v1n6vy1qd8q73rhb0lb7r5jid1hsp-openssl-musl-static-aarch64-unknown-linux-musl-3.6.0/lib/libcrypto.a(libcrypto-lib-e_cast.o) is incompatible with elf_x86_64
          ld.lld: error: /nix/store/1b6v1n6vy1qd8q73rhb0lb7r5jid1hsp-openssl-musl-static-aarch64-unknown-linux-musl-3.6.0/lib/libcrypto.a(libcrypto-lib-e_chacha20_poly1305.o) is incompatible with elf_x86_64
          ld.lld: error: /nix/store/1b6v1n6vy1qd8q73rhb0lb7r5jid1hsp-openssl-musl-static-aarch64-unknown-linux-musl-3.6.0/lib/libcrypto.a(libcrypto-lib-e_des.o) is incompatible with elf_x86_64
          ld.lld: error: /nix/store/1b6v1n6vy1qd8q73rhb0lb7r5jid1hsp-openssl-musl-static-aarch64-unknown-linux-musl-3.6.0/lib/libcrypto.a(libcrypto-lib-e_des3.o) is incompatible with elf_x86_64
          ld.lld: error: /nix/store/1b6v1n6vy1qd8q73rhb0lb7r5jid1hsp-openssl-musl-static-aarch64-unknown-linux-musl-3.6.0/lib/libcrypto.a(libcrypto-lib-e_idea.o) is incompatible with elf_x86_64
          ld.lld: error: /nix/store/1b6v1n6vy1qd8q73rhb0lb7r5jid1hsp-openssl-musl-static-aarch64-unknown-linux-musl-3.6.0/lib/libcrypto.a(libcrypto-lib-e_null.o) is incompatible with elf_x86_64
          ld.lld: error: /nix/store/1b6v1n6vy1qd8q73rhb0lb7r5jid1hsp-openssl-musl-static-aarch64-unknown-linux-musl-3.6.0/lib/libcrypto.a(libcrypto-lib-e_old.o) is incompatible with elf_x86_64
          ld.lld: error: /nix/store/1b6v1n6vy1qd8q73rhb0lb7r5jid1hsp-openssl-musl-static-aarch64-unknown-linux-musl-3.6.0/lib/libcrypto.a(libcrypto-lib-e_rc2.o) is incompatible with elf_x86_64
          ld.lld: error: /nix/store/1b6v1n6vy1qd8q73rhb0lb7r5jid1hsp-openssl-musl-static-aarch64-unknown-linux-musl-3.6.0/lib/libcrypto.a(libcrypto-lib-e_rc4.o) is incompatible with elf_x86_64
          ld.lld: error: /nix/store/1b6v1n6vy1qd8q73rhb0lb7r5jid1hsp-openssl-musl-static-aarch64-unknown-linux-musl-3.6.0/lib/libcrypto.a(libcrypto-lib-e_rc4_hmac_md5.o) is incompatible with elf_x86_64
          ld.lld: error: /nix/store/1b6v1n6vy1qd8q73rhb0lb7r5jid1hsp-openssl-musl-static-aarch64-unknown-linux-musl-3.6.0/lib/libcrypto.a(libcrypto-lib-e_rc5.o) is incompatible with elf_x86_64
          ld.lld: error: /nix/store/1b6v1n6vy1qd8q73rhb0lb7r5jid1hsp-openssl-musl-static-aarch64-unknown-linux-musl-3.6.0/lib/libcrypto.a(libcrypto-lib-e_seed.o) is incompatible with elf_x86_64
          ld.lld: error: /nix/store/1b6v1n6vy1qd8q73rhb0lb7r5jid1hsp-openssl-musl-static-aarch64-unknown-linux-musl-3.6.0/lib/libcrypto.a(libcrypto-lib-e_sm4.o) is incompatible with elf_x86_64
          ld.lld: error: /nix/store/1b6v1n6vy1qd8q73rhb0lb7r5jid1hsp-openssl-musl-static-aarch64-unknown-linux-musl-3.6.0/lib/libcrypto.a(libcrypto-lib-e_xcbc_d.o) is incompatible with elf_x86_64
          ld.lld: error: /nix/store/1b6v1n6vy1qd8q73rhb0lb7r5jid1hsp-openssl-musl-static-aarch64-unknown-linux-musl-3.6.0/lib/libcrypto.a(libcrypto-lib-ec_ctrl.o) is incompatible with elf_x86_64
          ld.lld: error: /nix/store/1b6v1n6vy1qd8q73rhb0lb7r5jid1hsp-openssl-musl-static-aarch64-unknown-linux-musl-3.6.0/lib/libcrypto.a(libcrypto-lib-ec_support.o) is incompatible with elf_x86_64
          ld.lld: error: /nix/store/1b6v1n6vy1qd8q73rhb0lb7r5jid1hsp-openssl-musl-static-aarch64-unknown-linux-musl-3.6.0/lib/libcrypto.a(libcrypto-lib-encode.o) is incompatible with elf_x86_64
          ld.lld: error: /nix/store/1b6v1n6vy1qd8q73rhb0lb7r5jid1hsp-openssl-musl-static-aarch64-unknown-linux-musl-3.6.0/lib/libcrypto.a(libcrypto-lib-evp_cnf.o) is incompatible with elf_x86_64
          ld.lld: error: /nix/store/1b6v1n6vy1qd8q73rhb0lb7r5jid1hsp-openssl-musl-static-aarch64-unknown-linux-musl-3.6.0/lib/libcrypto.a(libcrypto-lib-evp_enc.o) is incompatible with elf_x86_64
          ld.lld: error: /nix/store/1b6v1n6vy1qd8q73rhb0lb7r5jid1hsp-openssl-musl-static-aarch64-unknown-linux-musl-3.6.0/lib/libcrypto.a(libcrypto-lib-evp_err.o) is incompatible with elf_x86_64
          ld.lld: error: /nix/store/1b6v1n6vy1qd8q73rhb0lb7r5jid1hsp-openssl-musl-static-aarch64-unknown-linux-musl-3.6.0/lib/libcrypto.a(libcrypto-lib-evp_fetch.o) is incompatible with elf_x86_64
          ld.lld: error: /nix/store/1b6v1n6vy1qd8q73rhb0lb7r5jid1hsp-openssl-musl-static-aarch64-unknown-linux-musl-3.6.0/lib/libcrypto.a(libcrypto-lib-evp_key.o) is incompatible with elf_x86_64
          ld.lld: error: /nix/store/1b6v1n6vy1qd8q73rhb0lb7r5jid1hsp-openssl-musl-static-aarch64-unknown-linux-musl-3.6.0/lib/libcrypto.a(libcrypto-lib-evp_lib.o) is incompatible with elf_x86_64
          ld.lld: error: /nix/store/1b6v1n6vy1qd8q73rhb0lb7r5jid1hsp-openssl-musl-static-aarch64-unknown-linux-musl-3.6.0/lib/libcrypto.a(libcrypto-lib-evp_pbe.o) is incompatible with elf_x86_64
          ld.lld: error: /nix/store/1b6v1n6vy1qd8q73rhb0lb7r5jid1hsp-openssl-musl-static-aarch64-unknown-linux-musl-3.6.0/lib/libcrypto.a(libcrypto-lib-evp_pkey.o) is incompatible with elf_x86_64
          ld.lld: error: /nix/store/1b6v1n6vy1qd8q73rhb0lb7r5jid1hsp-openssl-musl-static-aarch64-unknown-linux-musl-3.6.0/lib/libcrypto.a(libcrypto-lib-evp_pkey_type.o) is incompatible with elf_x86_64
          ld.lld: error: /nix/store/1b6v1n6vy1qd8q73rhb0lb7r5jid1hsp-openssl-musl-static-aarch64-unknown-linux-musl-3.6.0/lib/libcrypto.a(libcrypto-lib-evp_rand.o) is incompatible with elf_x86_64
          ld.lld: error: /nix/store/1b6v1n6vy1qd8q73rhb0lb7r5jid1hsp-openssl-musl-static-aarch64-unknown-linux-musl-3.6.0/lib/libcrypto.a(libcrypto-lib-evp_utils.o) is incompatible with elf_x86_64
          ld.lld: error: /nix/store/1b6v1n6vy1qd8q73rhb0lb7r5jid1hsp-openssl-musl-static-aarch64-unknown-linux-musl-3.6.0/lib/libcrypto.a(libcrypto-lib-exchange.o) is incompatible with elf_x86_64
          ld.lld: error: /nix/store/1b6v1n6vy1qd8q73rhb0lb7r5jid1hsp-openssl-musl-static-aarch64-unknown-linux-musl-3.6.0/lib/libcrypto.a(libcrypto-lib-kdf_lib.o) is incompatible with elf_x86_64
          ld.lld: error: /nix/store/1b6v1n6vy1qd8q73rhb0lb7r5jid1hsp-openssl-musl-static-aarch64-unknown-linux-musl-3.6.0/lib/libcrypto.a(libcrypto-lib-kdf_meth.o) is incompatible with elf_x86_64
          ld.lld: error: /nix/store/1b6v1n6vy1qd8q73rhb0lb7r5jid1hsp-openssl-musl-static-aarch64-unknown-linux-musl-3.6.0/lib/libcrypto.a(libcrypto-lib-kem.o) is incompatible with elf_x86_64
          ld.lld: error: /nix/store/1b6v1n6vy1qd8q73rhb0lb7r5jid1hsp-openssl-musl-static-aarch64-unknown-linux-musl-3.6.0/lib/libcrypto.a(libcrypto-lib-keymgmt_lib.o) is incompatible with elf_x86_64
          ld.lld: error: /nix/store/1b6v1n6vy1qd8q73rhb0lb7r5jid1hsp-openssl-musl-static-aarch64-unknown-linux-musl-3.6.0/lib/libcrypto.a(libcrypto-lib-keymgmt_meth.o) is incompatible with elf_x86_64
          ld.lld: error: /nix/store/1b6v1n6vy1qd8q73rhb0lb7r5jid1hsp-openssl-musl-static-aarch64-unknown-linux-musl-3.6.0/lib/libcrypto.a(libcrypto-lib-legacy_blake2.o) is incompatible with elf_x86_64
          ld.lld: error: /nix/store/1b6v1n6vy1qd8q73rhb0lb7r5jid1hsp-openssl-musl-static-aarch64-unknown-linux-musl-3.6.0/lib/libcrypto.a(libcrypto-lib-legacy_md4.o) is incompatible with elf_x86_64
          ld.lld: error: /nix/store/1b6v1n6vy1qd8q73rhb0lb7r5jid1hsp-openssl-musl-static-aarch64-unknown-linux-musl-3.6.0/lib/libcrypto.a(libcrypto-lib-legacy_md5.o) is incompatible with elf_x86_64
          ld.lld: error: /nix/store/1b6v1n6vy1qd8q73rhb0lb7r5jid1hsp-openssl-musl-static-aarch64-unknown-linux-musl-3.6.0/lib/libcrypto.a(libcrypto-lib-legacy_md5_sha1.o) is incompatible with elf_x86_64
          ld.lld: error: /nix/store/1b6v1n6vy1qd8q73rhb0lb7r5jid1hsp-openssl-musl-static-aarch64-unknown-linux-musl-3.6.0/lib/libcrypto.a(libcrypto-lib-legacy_mdc2.o) is incompatible with elf_x86_64
          ld.lld: error: /nix/store/1b6v1n6vy1qd8q73rhb0lb7r5jid1hsp-openssl-musl-static-aarch64-unknown-linux-musl-3.6.0/lib/libcrypto.a(libcrypto-lib-legacy_ripemd.o) is incompatible with elf_x86_64
          ld.lld: error: /nix/store/1b6v1n6vy1qd8q73rhb0lb7r5jid1hsp-openssl-musl-static-aarch64-unknown-linux-musl-3.6.0/lib/libcrypto.a(libcrypto-lib-legacy_sha.o) is incompatible with elf_x86_64
          ld.lld: error: /nix/store/1b6v1n6vy1qd8q73rhb0lb7r5jid1hsp-openssl-musl-static-aarch64-unknown-linux-musl-3.6.0/lib/libcrypto.a(libcrypto-lib-legacy_wp.o) is incompatible with elf_x86_64
          ld.lld: error: /nix/store/1b6v1n6vy1qd8q73rhb0lb7r5jid1hsp-openssl-musl-static-aarch64-unknown-linux-musl-3.6.0/lib/libcrypto.a(libcrypto-lib-m_null.o) is incompatible with elf_x86_64
          ld.lld: error: /nix/store/1b6v1n6vy1qd8q73rhb0lb7r5jid1hsp-openssl-musl-static-aarch64-unknown-linux-musl-3.6.0/lib/libcrypto.a(libcrypto-lib-m_sigver.o) is incompatible with elf_x86_64
          ld.lld: error: /nix/store/1b6v1n6vy1qd8q73rhb0lb7r5jid1hsp-openssl-musl-static-aarch64-unknown-linux-musl-3.6.0/lib/libcrypto.a(libcrypto-lib-mac_lib.o) is incompatible with elf_x86_64
          ld.lld: error: /nix/store/1b6v1n6vy1qd8q73rhb0lb7r5jid1hsp-openssl-musl-static-aarch64-unknown-linux-musl-3.6.0/lib/libcrypto.a(libcrypto-lib-mac_meth.o) is incompatible with elf_x86_64
          ld.lld: error: /nix/store/1b6v1n6vy1qd8q73rhb0lb7r5jid1hsp-openssl-musl-static-aarch64-unknown-linux-musl-3.6.0/lib/libcrypto.a(libcrypto-lib-names.o) is incompatible with elf_x86_64
          ld.lld: error: /nix/store/1b6v1n6vy1qd8q73rhb0lb7r5jid1hsp-openssl-musl-static-aarch64-unknown-linux-musl-3.6.0/lib/libcrypto.a(libcrypto-lib-p5_crpt.o) is incompatible with elf_x86_64
          ld.lld: error: /nix/store/1b6v1n6vy1qd8q73rhb0lb7r5jid1hsp-openssl-musl-static-aarch64-unknown-linux-musl-3.6.0/lib/libcrypto.a(libcrypto-lib-p5_crpt2.o) is incompatible with elf_x86_64
          ld.lld: error: /nix/store/1b6v1n6vy1qd8q73rhb0lb7r5jid1hsp-openssl-musl-static-aarch64-unknown-linux-musl-3.6.0/lib/libcrypto.a(libcrypto-lib-p_dec.o) is incompatible with elf_x86_64
          ld.lld: error: /nix/store/1b6v1n6vy1qd8q73rhb0lb7r5jid1hsp-openssl-musl-static-aarch64-unknown-linux-musl-3.6.0/lib/libcrypto.a(libcrypto-lib-p_enc.o) is incompatible with elf_x86_64
          ld.lld: error: /nix/store/1b6v1n6vy1qd8q73rhb0lb7r5jid1hsp-openssl-musl-static-aarch64-unknown-linux-musl-3.6.0/lib/libcrypto.a(libcrypto-lib-p_legacy.o) is incompatible with elf_x86_64
          ld.lld: error: /nix/store/1b6v1n6vy1qd8q73rhb0lb7r5jid1hsp-openssl-musl-static-aarch64-unknown-linux-musl-3.6.0/lib/libcrypto.a(libcrypto-lib-p_lib.o) is incompatible with elf_x86_64
          ld.lld: error: /nix/store/1b6v1n6vy1qd8q73rhb0lb7r5jid1hsp-openssl-musl-static-aarch64-unknown-linux-musl-3.6.0/lib/libcrypto.a(libcrypto-lib-p_open.o) is incompatible with elf_x86_64
          ld.lld: error: /nix/store/1b6v1n6vy1qd8q73rhb0lb7r5jid1hsp-openssl-musl-static-aarch64-unknown-linux-musl-3.6.0/lib/libcrypto.a(libcrypto-lib-p_seal.o) is incompatible with elf_x86_64
          ld.lld: error: /nix/store/1b6v1n6vy1qd8q73rhb0lb7r5jid1hsp-openssl-musl-static-aarch64-unknown-linux-musl-3.6.0/lib/libcrypto.a(libcrypto-lib-p_sign.o) is incompatible with elf_x86_64
          ld.lld: error: /nix/store/1b6v1n6vy1qd8q73rhb0lb7r5jid1hsp-openssl-musl-static-aarch64-unknown-linux-musl-3.6.0/lib/libcrypto.a(libcrypto-lib-p_verify.o) is incompatible with elf_x86_64
          ld.lld: error: /nix/store/1b6v1n6vy1qd8q73rhb0lb7r5jid1hsp-openssl-musl-static-aarch64-unknown-linux-musl-3.6.0/lib/libcrypto.a(libcrypto-lib-pbe_scrypt.o) is incompatible with elf_x86_64
          ld.lld: error: /nix/store/1b6v1n6vy1qd8q73rhb0lb7r5jid1hsp-openssl-musl-static-aarch64-unknown-linux-musl-3.6.0/lib/libcrypto.a(libcrypto-lib-pmeth_check.o) is incompatible with elf_x86_64
          ld.lld: error: /nix/store/1b6v1n6vy1qd8q73rhb0lb7r5jid1hsp-openssl-musl-static-aarch64-unknown-linux-musl-3.6.0/lib/libcrypto.a(libcrypto-lib-pmeth_gn.o) is incompatible with elf_x86_64
          ld.lld: error: /nix/store/1b6v1n6vy1qd8q73rhb0lb7r5jid1hsp-openssl-musl-static-aarch64-unknown-linux-musl-3.6.0/lib/libcrypto.a(libcrypto-lib-pmeth_lib.o) is incompatible with elf_x86_64
          ld.lld: error: /nix/store/1b6v1n6vy1qd8q73rhb0lb7r5jid1hsp-openssl-musl-static-aarch64-unknown-linux-musl-3.6.0/lib/libcrypto.a(libcrypto-lib-s_lib.o) is incompatible with elf_x86_64
          ld.lld: error: /nix/store/1b6v1n6vy1qd8q73rhb0lb7r5jid1hsp-openssl-musl-static-aarch64-unknown-linux-musl-3.6.0/lib/libcrypto.a(libcrypto-lib-signature.o) is incompatible with elf_x86_64
          ld.lld: error: /nix/store/1b6v1n6vy1qd8q73rhb0lb7r5jid1hsp-openssl-musl-static-aarch64-unknown-linux-musl-3.6.0/lib/libcrypto.a(libcrypto-lib-skeymgmt_meth.o) is incompatible with elf_x86_64
          ld.lld: error: /nix/store/1b6v1n6vy1qd8q73rhb0lb7r5jid1hsp-openssl-musl-static-aarch64-unknown-linux-musl-3.6.0/lib/libcrypto.a(libcrypto-lib-ffc_backend.o) is incompatible with elf_x86_64
          ld.lld: error: /nix/store/1b6v1n6vy1qd8q73rhb0lb7r5jid1hsp-openssl-musl-static-aarch64-unknown-linux-musl-3.6.0/lib/libcrypto.a(libcrypto-lib-ffc_dh.o) is incompatible with elf_x86_64
          ld.lld: error: /nix/store/1b6v1n6vy1qd8q73rhb0lb7r5jid1hsp-openssl-musl-static-aarch64-unknown-linux-musl-3.6.0/lib/libcrypto.a(libcrypto-lib-ffc_key_generate.o) is incompatible with elf_x86_64
          ld.lld: error: /nix/store/1b6v1n6vy1qd8q73rhb0lb7r5jid1hsp-openssl-musl-static-aarch64-unknown-linux-musl-3.6.0/lib/libcrypto.a(libcrypto-lib-ffc_key_validate.o) is incompatible with elf_x86_64
          ld.lld: error: /nix/store/1b6v1n6vy1qd8q73rhb0lb7r5jid1hsp-openssl-musl-static-aarch64-unknown-linux-musl-3.6.0/lib/libcrypto.a(libcrypto-lib-ffc_params.o) is incompatible with elf_x86_64
          ld.lld: error: /nix/store/1b6v1n6vy1qd8q73rhb0lb7r5jid1hsp-openssl-musl-static-aarch64-unknown-linux-musl-3.6.0/lib/libcrypto.a(libcrypto-lib-ffc_params_generate.o) is incompatible with elf_x86_64
          ld.lld: error: /nix/store/1b6v1n6vy1qd8q73rhb0lb7r5jid1hsp-openssl-musl-static-aarch64-unknown-linux-musl-3.6.0/lib/libcrypto.a(libcrypto-lib-ffc_params_validate.o) is incompatible with elf_x86_64
          ld.lld: error: /nix/store/1b6v1n6vy1qd8q73rhb0lb7r5jid1hsp-openssl-musl-static-aarch64-unknown-linux-musl-3.6.0/lib/libcrypto.a(libcrypto-lib-hashfunc.o) is incompatible with elf_x86_64
          ld.lld: error: /nix/store/1b6v1n6vy1qd8q73rhb0lb7r5jid1hsp-openssl-musl-static-aarch64-unknown-linux-musl-3.6.0/lib/libcrypto.a(libcrypto-lib-hashtable.o) is incompatible with elf_x86_64
          ld.lld: error: /nix/store/1b6v1n6vy1qd8q73rhb0lb7r5jid1hsp-openssl-musl-static-aarch64-unknown-linux-musl-3.6.0/lib/libcrypto.a(libcrypto-lib-hmac.o) is incompatible with elf_x86_64
          ld.lld: error: /nix/store/1b6v1n6vy1qd8q73rhb0lb7r5jid1hsp-openssl-musl-static-aarch64-unknown-linux-musl-3.6.0/lib/libcrypto.a(libcrypto-lib-hpke.o) is incompatible with elf_x86_64
          ld.lld: error: /nix/store/1b6v1n6vy1qd8q73rhb0lb7r5jid1hsp-openssl-musl-static-aarch64-unknown-linux-musl-3.6.0/lib/libcrypto.a(libcrypto-lib-hpke_util.o) is incompatible with elf_x86_64
          ld.lld: error: /nix/store/1b6v1n6vy1qd8q73rhb0lb7r5jid1hsp-openssl-musl-static-aarch64-unknown-linux-musl-3.6.0/lib/libcrypto.a(libcrypto-lib-http_client.o) is incompatible with elf_x86_64
          ld.lld: error: /nix/store/1b6v1n6vy1qd8q73rhb0lb7r5jid1hsp-openssl-musl-static-aarch64-unknown-linux-musl-3.6.0/lib/libcrypto.a(libcrypto-lib-http_err.o) is incompatible with elf_x86_64
          ld.lld: error: /nix/store/1b6v1n6vy1qd8q73rhb0lb7r5jid1hsp-openssl-musl-static-aarch64-unknown-linux-musl-3.6.0/lib/libcrypto.a(libcrypto-lib-http_lib.o) is incompatible with elf_x86_64
          ld.lld: error: /nix/store/1b6v1n6vy1qd8q73rhb0lb7r5jid1hsp-openssl-musl-static-aarch64-unknown-linux-musl-3.6.0/lib/libcrypto.a(libcrypto-lib-i_cbc.o) is incompatible with elf_x86_64
          ld.lld: error: /nix/store/1b6v1n6vy1qd8q73rhb0lb7r5jid1hsp-openssl-musl-static-aarch64-unknown-linux-musl-3.6.0/lib/libcrypto.a(libcrypto-lib-i_cfb64.o) is incompatible with elf_x86_64
          ld.lld: error: /nix/store/1b6v1n6vy1qd8q73rhb0lb7r5jid1hsp-openssl-musl-static-aarch64-unknown-linux-musl-3.6.0/lib/libcrypto.a(libcrypto-lib-i_ecb.o) is incompatible with elf_x86_64
          ld.lld: error: /nix/store/1b6v1n6vy1qd8q73rhb0lb7r5jid1hsp-openssl-musl-static-aarch64-unknown-linux-musl-3.6.0/lib/libcrypto.a(libcrypto-lib-i_ofb64.o) is incompatible with elf_x86_64
          ld.lld: error: /nix/store/1b6v1n6vy1qd8q73rhb0lb7r5jid1hsp-openssl-musl-static-aarch64-unknown-linux-musl-3.6.0/lib/libcrypto.a(libcrypto-lib-i_skey.o) is incompatible with elf_x86_64
          ld.lld: error: /nix/store/1b6v1n6vy1qd8q73rhb0lb7r5jid1hsp-openssl-musl-static-aarch64-unknown-linux-musl-3.6.0/lib/libcrypto.a(libcrypto-lib-kdf_err.o) is incompatible with elf_x86_64
          ld.lld: error: /nix/store/1b6v1n6vy1qd8q73rhb0lb7r5jid1hsp-openssl-musl-static-aarch64-unknown-linux-musl-3.6.0/lib/libcrypto.a(libcrypto-lib-lh_stats.o) is incompatible with elf_x86_64
          ld.lld: error: /nix/store/1b6v1n6vy1qd8q73rhb0lb7r5jid1hsp-openssl-musl-static-aarch64-unknown-linux-musl-3.6.0/lib/libcrypto.a(libcrypto-lib-lhash.o) is incompatible with elf_x86_64
          ld.lld: error: /nix/store/1b6v1n6vy1qd8q73rhb0lb7r5jid1hsp-openssl-musl-static-aarch64-unknown-linux-musl-3.6.0/lib/libcrypto.a(libcrypto-lib-array_alloc.o) is incompatible with elf_x86_64
          ld.lld: error: /nix/store/1b6v1n6vy1qd8q73rhb0lb7r5jid1hsp-openssl-musl-static-aarch64-unknown-linux-musl-3.6.0/lib/libcrypto.a(libcrypto-lib-asn1_dsa.o) is incompatible with elf_x86_64
          ld.lld: error: /nix/store/1b6v1n6vy1qd8q73rhb0lb7r5jid1hsp-openssl-musl-static-aarch64-unknown-linux-musl-3.6.0/lib/libcrypto.a(libcrypto-lib-bsearch.o) is incompatible with elf_x86_64
          ld.lld: error: /nix/store/1b6v1n6vy1qd8q73rhb0lb7r5jid1hsp-openssl-musl-static-aarch64-unknown-linux-musl-3.6.0/lib/libcrypto.a(libcrypto-lib-comp_methods.o) is incompatible with elf_x86_64
          ld.lld: error: /nix/store/1b6v1n6vy1qd8q73rhb0lb7r5jid1hsp-openssl-musl-static-aarch64-unknown-linux-musl-3.6.0/lib/libcrypto.a(libcrypto-lib-context.o) is incompatible with elf_x86_64
          ld.lld: error: /nix/store/1b6v1n6vy1qd8q73rhb0lb7r5jid1hsp-openssl-musl-static-aarch64-unknown-linux-musl-3.6.0/lib/libcrypto.a(libcrypto-lib-core_algorithm.o) is incompatible with elf_x86_64
          ld.lld: error: /nix/store/1b6v1n6vy1qd8q73rhb0lb7r5jid1hsp-openssl-musl-static-aarch64-unknown-linux-musl-3.6.0/lib/libcrypto.a(libcrypto-lib-core_fetch.o) is incompatible with elf_x86_64
          ld.lld: error: /nix/store/1b6v1n6vy1qd8q73rhb0lb7r5jid1hsp-openssl-musl-static-aarch64-unknown-linux-musl-3.6.0/lib/libcrypto.a(libcrypto-lib-core_namemap.o) is incompatible with elf_x86_64
          ld.lld: error: /nix/store/1b6v1n6vy1qd8q73rhb0lb7r5jid1hsp-openssl-musl-static-aarch64-unknown-linux-musl-3.6.0/lib/libcrypto.a(libcrypto-lib-cpt_err.o) is incompatible with elf_x86_64
          ld.lld: error: /nix/store/1b6v1n6vy1qd8q73rhb0lb7r5jid1hsp-openssl-musl-static-aarch64-unknown-linux-musl-3.6.0/lib/libcrypto.a(libcrypto-lib-cpuid.o) is incompatible with elf_x86_64
          ld.lld: error: /nix/store/1b6v1n6vy1qd8q73rhb0lb7r5jid1hsp-openssl-musl-static-aarch64-unknown-linux-musl-3.6.0/lib/libcrypto.a(libcrypto-lib-cryptlib.o) is incompatible with elf_x86_64
          ld.lld: error: /nix/store/1b6v1n6vy1qd8q73rhb0lb7r5jid1hsp-openssl-musl-static-aarch64-unknown-linux-musl-3.6.0/lib/libcrypto.a(libcrypto-lib-ctype.o) is incompatible with elf_x86_64
          ld.lld: error: /nix/store/1b6v1n6vy1qd8q73rhb0lb7r5jid1hsp-openssl-musl-static-aarch64-unknown-linux-musl-3.6.0/lib/libcrypto.a(libcrypto-lib-cversion.o) is incompatible with elf_x86_64
          ld.lld: error: /nix/store/1b6v1n6vy1qd8q73rhb0lb7r5jid1hsp-openssl-musl-static-aarch64-unknown-linux-musl-3.6.0/lib/libcrypto.a(libcrypto-lib-defaults.o) is incompatible with elf_x86_64
          ld.lld: error: /nix/store/1b6v1n6vy1qd8q73rhb0lb7r5jid1hsp-openssl-musl-static-aarch64-unknown-linux-musl-3.6.0/lib/libcrypto.a(libcrypto-lib-der_writer.o) is incompatible with elf_x86_64
          ld.lld: error: /nix/store/1b6v1n6vy1qd8q73rhb0lb7r5jid1hsp-openssl-musl-static-aarch64-unknown-linux-musl-3.6.0/lib/libcrypto.a(libcrypto-lib-deterministic_nonce.o) is incompatible with elf_x86_64
          ld.lld: error: /nix/store/1b6v1n6vy1qd8q73rhb0lb7r5jid1hsp-openssl-musl-static-aarch64-unknown-linux-musl-3.6.0/lib/libcrypto.a(libcrypto-lib-ebcdic.o) is incompatible with elf_x86_64
          ld.lld: error: /nix/store/1b6v1n6vy1qd8q73rhb0lb7r5jid1hsp-openssl-musl-static-aarch64-unknown-linux-musl-3.6.0/lib/libcrypto.a(libcrypto-lib-ex_data.o) is incompatible with elf_x86_64
          ld.lld: error: /nix/store/1b6v1n6vy1qd8q73rhb0lb7r5jid1hsp-openssl-musl-static-aarch64-unknown-linux-musl-3.6.0/lib/libcrypto.a(libcrypto-lib-getenv.o) is incompatible with elf_x86_64
          ld.lld: error: /nix/store/1b6v1n6vy1qd8q73rhb0lb7r5jid1hsp-openssl-musl-static-aarch64-unknown-linux-musl-3.6.0/lib/libcrypto.a(libcrypto-lib-indicator_core.o) is incompatible with elf_x86_64
          ld.lld: error: /nix/store/1b6v1n6vy1qd8q73rhb0lb7r5jid1hsp-openssl-musl-static-aarch64-unknown-linux-musl-3.6.0/lib/libcrypto.a(libcrypto-lib-info.o) is incompatible with elf_x86_64
          ld.lld: error: /nix/store/1b6v1n6vy1qd8q73rhb0lb7r5jid1hsp-openssl-musl-static-aarch64-unknown-linux-musl-3.6.0/lib/libcrypto.a(libcrypto-lib-init.o) is incompatible with elf_x86_64
          ld.lld: error: /nix/store/1b6v1n6vy1qd8q73rhb0lb7r5jid1hsp-openssl-musl-static-aarch64-unknown-linux-musl-3.6.0/lib/libcrypto.a(libcrypto-lib-initthread.o) is incompatible with elf_x86_64
          ld.lld: error: /nix/store/1b6v1n6vy1qd8q73rhb0lb7r5jid1hsp-openssl-musl-static-aarch64-unknown-linux-musl-3.6.0/lib/libcrypto.a(libcrypto-lib-mem.o) is incompatible with elf_x86_64
          ld.lld: error: /nix/store/1b6v1n6vy1qd8q73rhb0lb7r5jid1hsp-openssl-musl-static-aarch64-unknown-linux-musl-3.6.0/lib/libcrypto.a(libcrypto-lib-mem_clr.o) is incompatible with elf_x86_64
          ld.lld: error: /nix/store/1b6v1n6vy1qd8q73rhb0lb7r5jid1hsp-openssl-musl-static-aarch64-unknown-linux-musl-3.6.0/lib/libcrypto.a(libcrypto-lib-mem_sec.o) is incompatible with elf_x86_64
          ld.lld: error: /nix/store/1b6v1n6vy1qd8q73rhb0lb7r5jid1hsp-openssl-musl-static-aarch64-unknown-linux-musl-3.6.0/lib/libcrypto.a(libcrypto-lib-o_dir.o) is incompatible with elf_x86_64
          ld.lld: error: /nix/store/1b6v1n6vy1qd8q73rhb0lb7r5jid1hsp-openssl-musl-static-aarch64-unknown-linux-musl-3.6.0/lib/libcrypto.a(libcrypto-lib-o_fopen.o) is incompatible with elf_x86_64
          ld.lld: error: /nix/store/1b6v1n6vy1qd8q73rhb0lb7r5jid1hsp-openssl-musl-static-aarch64-unknown-linux-musl-3.6.0/lib/libcrypto.a(libcrypto-lib-o_init.o) is incompatible with elf_x86_64
          ld.lld: error: /nix/store/1b6v1n6vy1qd8q73rhb0lb7r5jid1hsp-openssl-musl-static-aarch64-unknown-linux-musl-3.6.0/lib/libcrypto.a(libcrypto-lib-o_str.o) is incompatible with elf_x86_64
          ld.lld: error: /nix/store/1b6v1n6vy1qd8q73rhb0lb7r5jid1hsp-openssl-musl-static-aarch64-unknown-linux-musl-3.6.0/lib/libcrypto.a(libcrypto-lib-o_time.o) is incompatible with elf_x86_64
          ld.lld: error: /nix/store/1b6v1n6vy1qd8q73rhb0lb7r5jid1hsp-openssl-musl-static-aarch64-unknown-linux-musl-3.6.0/lib/libcrypto.a(libcrypto-lib-packet.o) is incompatible with elf_x86_64
          ld.lld: error: /nix/store/1b6v1n6vy1qd8q73rhb0lb7r5jid1hsp-openssl-musl-static-aarch64-unknown-linux-musl-3.6.0/lib/libcrypto.a(libcrypto-lib-param_build.o) is incompatible with elf_x86_64
          ld.lld: error: /nix/store/1b6v1n6vy1qd8q73rhb0lb7r5jid1hsp-openssl-musl-static-aarch64-unknown-linux-musl-3.6.0/lib/libcrypto.a(libcrypto-lib-param_build_set.o) is incompatible with elf_x86_64
          ld.lld: error: /nix/store/1b6v1n6vy1qd8q73rhb0lb7r5jid1hsp-openssl-musl-static-aarch64-unknown-linux-musl-3.6.0/lib/libcrypto.a(libcrypto-lib-params.o) is incompatible with elf_x86_64
          ld.lld: error: /nix/store/1b6v1n6vy1qd8q73rhb0lb7r5jid1hsp-openssl-musl-static-aarch64-unknown-linux-musl-3.6.0/lib/libcrypto.a(libcrypto-lib-params_dup.o) is incompatible with elf_x86_64
          ld.lld: error: /nix/store/1b6v1n6vy1qd8q73rhb0lb7r5jid1hsp-openssl-musl-static-aarch64-unknown-linux-musl-3.6.0/lib/libcrypto.a(libcrypto-lib-params_from_text.o) is incompatible with elf_x86_64
          ld.lld: error: /nix/store/1b6v1n6vy1qd8q73rhb0lb7r5jid1hsp-openssl-musl-static-aarch64-unknown-linux-musl-3.6.0/lib/libcrypto.a(libcrypto-lib-passphrase.o) is incompatible with elf_x86_64
          ld.lld: error: /nix/store/1b6v1n6vy1qd8q73rhb0lb7r5jid1hsp-openssl-musl-static-aarch64-unknown-linux-musl-3.6.0/lib/libcrypto.a(libcrypto-lib-provider.o) is incompatible with elf_x86_64
          ld.lld: error: /nix/store/1b6v1n6vy1qd8q73rhb0lb7r5jid1hsp-openssl-musl-static-aarch64-unknown-linux-musl-3.6.0/lib/libcrypto.a(libcrypto-lib-provider_child.o) is incompatible with elf_x86_64
          ld.lld: error: /nix/store/1b6v1n6vy1qd8q73rhb0lb7r5jid1hsp-openssl-musl-static-aarch64-unknown-linux-musl-3.6.0/lib/libcrypto.a(libcrypto-lib-provider_conf.o) is incompatible with elf_x86_64
          ld.lld: error: /nix/store/1b6v1n6vy1qd8q73rhb0lb7r5jid1hsp-openssl-musl-static-aarch64-unknown-linux-musl-3.6.0/lib/libcrypto.a(libcrypto-lib-provider_core.o) is incompatible with elf_x86_64
          ld.lld: error: /nix/store/1b6v1n6vy1qd8q73rhb0lb7r5jid1hsp-openssl-musl-static-aarch64-unknown-linux-musl-3.6.0/lib/libcrypto.a(libcrypto-lib-provider_predefined.o) is incompatible with elf_x86_64
          ld.lld: error: /nix/store/1b6v1n6vy1qd8q73rhb0lb7r5jid1hsp-openssl-musl-static-aarch64-unknown-linux-musl-3.6.0/lib/libcrypto.a(libcrypto-lib-punycode.o) is incompatible with elf_x86_64
          ld.lld: error: /nix/store/1b6v1n6vy1qd8q73rhb0lb7r5jid1hsp-openssl-musl-static-aarch64-unknown-linux-musl-3.6.0/lib/libcrypto.a(libcrypto-lib-quic_vlint.o) is incompatible with elf_x86_64
          ld.lld: error: /nix/store/1b6v1n6vy1qd8q73rhb0lb7r5jid1hsp-openssl-musl-static-aarch64-unknown-linux-musl-3.6.0/lib/libcrypto.a(libcrypto-lib-self_test_core.o) is incompatible with elf_x86_64
          ld.lld: error: /nix/store/1b6v1n6vy1qd8q73rhb0lb7r5jid1hsp-openssl-musl-static-aarch64-unknown-linux-musl-3.6.0/lib/libcrypto.a(libcrypto-lib-sleep.o) is incompatible with elf_x86_64
          ld.lld: error: /nix/store/1b6v1n6vy1qd8q73rhb0lb7r5jid1hsp-openssl-musl-static-aarch64-unknown-linux-musl-3.6.0/lib/libcrypto.a(libcrypto-lib-sparse_array.o) is incompatible with elf_x86_64
          ld.lld: error: /nix/store/1b6v1n6vy1qd8q73rhb0lb7r5jid1hsp-openssl-musl-static-aarch64-unknown-linux-musl-3.6.0/lib/libcrypto.a(libcrypto-lib-ssl_err.o) is incompatible with elf_x86_64
          ld.lld: error: /nix/store/1b6v1n6vy1qd8q73rhb0lb7r5jid1hsp-openssl-musl-static-aarch64-unknown-linux-musl-3.6.0/lib/libcrypto.a(libcrypto-lib-threads_common.o) is incompatible with elf_x86_64
          ld.lld: error: /nix/store/1b6v1n6vy1qd8q73rhb0lb7r5jid1hsp-openssl-musl-static-aarch64-unknown-linux-musl-3.6.0/lib/libcrypto.a(libcrypto-lib-threads_lib.o) is incompatible with elf_x86_64
          ld.lld: error: /nix/store/1b6v1n6vy1qd8q73rhb0lb7r5jid1hsp-openssl-musl-static-aarch64-unknown-linux-musl-3.6.0/lib/libcrypto.a(libcrypto-lib-threads_none.o) is incompatible with elf_x86_64
          ld.lld: error: /nix/store/1b6v1n6vy1qd8q73rhb0lb7r5jid1hsp-openssl-musl-static-aarch64-unknown-linux-musl-3.6.0/lib/libcrypto.a(libcrypto-lib-threads_pthread.o) is incompatible with elf_x86_64
          ld.lld: error: /nix/store/1b6v1n6vy1qd8q73rhb0lb7r5jid1hsp-openssl-musl-static-aarch64-unknown-linux-musl-3.6.0/lib/libcrypto.a(libcrypto-lib-threads_win.o) is incompatible with elf_x86_64
          ld.lld: error: /nix/store/1b6v1n6vy1qd8q73rhb0lb7r5jid1hsp-openssl-musl-static-aarch64-unknown-linux-musl-3.6.0/lib/libcrypto.a(libcrypto-lib-time.o) is incompatible with elf_x86_64
          ld.lld: error: /nix/store/1b6v1n6vy1qd8q73rhb0lb7r5jid1hsp-openssl-musl-static-aarch64-unknown-linux-musl-3.6.0/lib/libcrypto.a(libcrypto-lib-trace.o) is incompatible with elf_x86_64
          ld.lld: error: /nix/store/1b6v1n6vy1qd8q73rhb0lb7r5jid1hsp-openssl-musl-static-aarch64-unknown-linux-musl-3.6.0/lib/libcrypto.a(libcrypto-lib-uid.o) is incompatible with elf_x86_64
          ld.lld: error: /nix/store/1b6v1n6vy1qd8q73rhb0lb7r5jid1hsp-openssl-musl-static-aarch64-unknown-linux-musl-3.6.0/lib/libcrypto.a(libcrypto-lib-md4_dgst.o) is incompatible with elf_x86_64
          ld.lld: error: /nix/store/1b6v1n6vy1qd8q73rhb0lb7r5jid1hsp-openssl-musl-static-aarch64-unknown-linux-musl-3.6.0/lib/libcrypto.a(libcrypto-lib-md4_one.o) is incompatible with elf_x86_64
          ld.lld: error: /nix/store/1b6v1n6vy1qd8q73rhb0lb7r5jid1hsp-openssl-musl-static-aarch64-unknown-linux-musl-3.6.0/lib/libcrypto.a(libcrypto-lib-md5_dgst.o) is incompatible with elf_x86_64
          ld.lld: error: /nix/store/1b6v1n6vy1qd8q73rhb0lb7r5jid1hsp-openssl-musl-static-aarch64-unknown-linux-musl-3.6.0/lib/libcrypto.a(libcrypto-lib-md5_one.o) is incompatible with elf_x86_64
          ld.lld: error: /nix/store/1b6v1n6vy1qd8q73rhb0lb7r5jid1hsp-openssl-musl-static-aarch64-unknown-linux-musl-3.6.0/lib/libcrypto.a(libcrypto-lib-md5_sha1.o) is incompatible with elf_x86_64
          ld.lld: error: /nix/store/1b6v1n6vy1qd8q73rhb0lb7r5jid1hsp-openssl-musl-static-aarch64-unknown-linux-musl-3.6.0/lib/libcrypto.a(libcrypto-lib-mdc2_one.o) is incompatible with elf_x86_64
          ld.lld: error: /nix/store/1b6v1n6vy1qd8q73rhb0lb7r5jid1hsp-openssl-musl-static-aarch64-unknown-linux-musl-3.6.0/lib/libcrypto.a(libcrypto-lib-mdc2dgst.o) is incompatible with elf_x86_64
          ld.lld: error: /nix/store/1b6v1n6vy1qd8q73rhb0lb7r5jid1hsp-openssl-musl-static-aarch64-unknown-linux-musl-3.6.0/lib/libcrypto.a(libcrypto-lib-ml_dsa_encoders.o) is incompatible with elf_x86_64
          ld.lld: error: /nix/store/1b6v1n6vy1qd8q73rhb0lb7r5jid1hsp-openssl-musl-static-aarch64-unknown-linux-musl-3.6.0/lib/libcrypto.a(libcrypto-lib-ml_dsa_key.o) is incompatible with elf_x86_64
          ld.lld: error: /nix/store/1b6v1n6vy1qd8q73rhb0lb7r5jid1hsp-openssl-musl-static-aarch64-unknown-linux-musl-3.6.0/lib/libcrypto.a(libcrypto-lib-ml_dsa_key_compress.o) is incompatible with elf_x86_64
          ld.lld: error: /nix/store/1b6v1n6vy1qd8q73rhb0lb7r5jid1hsp-openssl-musl-static-aarch64-unknown-linux-musl-3.6.0/lib/libcrypto.a(libcrypto-lib-ml_dsa_matrix.o) is incompatible with elf_x86_64
          ld.lld: error: /nix/store/1b6v1n6vy1qd8q73rhb0lb7r5jid1hsp-openssl-musl-static-aarch64-unknown-linux-musl-3.6.0/lib/libcrypto.a(libcrypto-lib-ml_dsa_ntt.o) is incompatible with elf_x86_64
          ld.lld: error: /nix/store/1b6v1n6vy1qd8q73rhb0lb7r5jid1hsp-openssl-musl-static-aarch64-unknown-linux-musl-3.6.0/lib/libcrypto.a(libcrypto-lib-ml_dsa_params.o) is incompatible with elf_x86_64
          ld.lld: error: /nix/store/1b6v1n6vy1qd8q73rhb0lb7r5jid1hsp-openssl-musl-static-aarch64-unknown-linux-musl-3.6.0/lib/libcrypto.a(libcrypto-lib-ml_dsa_sample.o) is incompatible with elf_x86_64
          ld.lld: error: /nix/store/1b6v1n6vy1qd8q73rhb0lb7r5jid1hsp-openssl-musl-static-aarch64-unknown-linux-musl-3.6.0/lib/libcrypto.a(libcrypto-lib-ml_dsa_sign.o) is incompatible with elf_x86_64
          ld.lld: error: /nix/store/1b6v1n6vy1qd8q73rhb0lb7r5jid1hsp-openssl-musl-static-aarch64-unknown-linux-musl-3.6.0/lib/libcrypto.a(libcrypto-lib-ml_kem.o) is incompatible with elf_x86_64
          ld.lld: error: /nix/store/1b6v1n6vy1qd8q73rhb0lb7r5jid1hsp-openssl-musl-static-aarch64-unknown-linux-musl-3.6.0/lib/libcrypto.a(libcrypto-lib-cbc128.o) is incompatible with elf_x86_64
          ld.lld: error: /nix/store/1b6v1n6vy1qd8q73rhb0lb7r5jid1hsp-openssl-musl-static-aarch64-unknown-linux-musl-3.6.0/lib/libcrypto.a(libcrypto-lib-ccm128.o) is incompatible with elf_x86_64
          ld.lld: error: /nix/store/1b6v1n6vy1qd8q73rhb0lb7r5jid1hsp-openssl-musl-static-aarch64-unknown-linux-musl-3.6.0/lib/libcrypto.a(libcrypto-lib-cfb128.o) is incompatible with elf_x86_64
          ld.lld: error: /nix/store/1b6v1n6vy1qd8q73rhb0lb7r5jid1hsp-openssl-musl-static-aarch64-unknown-linux-musl-3.6.0/lib/libcrypto.a(libcrypto-lib-ctr128.o) is incompatible with elf_x86_64
          ld.lld: error: /nix/store/1b6v1n6vy1qd8q73rhb0lb7r5jid1hsp-openssl-musl-static-aarch64-unknown-linux-musl-3.6.0/lib/libcrypto.a(libcrypto-lib-cts128.o) is incompatible with elf_x86_64
          ld.lld: error: /nix/store/1b6v1n6vy1qd8q73rhb0lb7r5jid1hsp-openssl-musl-static-aarch64-unknown-linux-musl-3.6.0/lib/libcrypto.a(libcrypto-lib-gcm128.o) is incompatible with elf_x86_64
          ld.lld: error: /nix/store/1b6v1n6vy1qd8q73rhb0lb7r5jid1hsp-openssl-musl-static-aarch64-unknown-linux-musl-3.6.0/lib/libcrypto.a(libcrypto-lib-ocb128.o) is incompatible with elf_x86_64
          ld.lld: error: /nix/store/1b6v1n6vy1qd8q73rhb0lb7r5jid1hsp-openssl-musl-static-aarch64-unknown-linux-musl-3.6.0/lib/libcrypto.a(libcrypto-lib-ofb128.o) is incompatible with elf_x86_64
          ld.lld: error: /nix/store/1b6v1n6vy1qd8q73rhb0lb7r5jid1hsp-openssl-musl-static-aarch64-unknown-linux-musl-3.6.0/lib/libcrypto.a(libcrypto-lib-siv128.o) is incompatible with elf_x86_64
          ld.lld: error: /nix/store/1b6v1n6vy1qd8q73rhb0lb7r5jid1hsp-openssl-musl-static-aarch64-unknown-linux-musl-3.6.0/lib/libcrypto.a(libcrypto-lib-wrap128.o) is incompatible with elf_x86_64
          ld.lld: error: /nix/store/1b6v1n6vy1qd8q73rhb0lb7r5jid1hsp-openssl-musl-static-aarch64-unknown-linux-musl-3.6.0/lib/libcrypto.a(libcrypto-lib-xts128.o) is incompatible with elf_x86_64
          ld.lld: error: /nix/store/1b6v1n6vy1qd8q73rhb0lb7r5jid1hsp-openssl-musl-static-aarch64-unknown-linux-musl-3.6.0/lib/libcrypto.a(libcrypto-lib-xts128gb.o) is incompatible with elf_x86_64
          ld.lld: error: /nix/store/1b6v1n6vy1qd8q73rhb0lb7r5jid1hsp-openssl-musl-static-aarch64-unknown-linux-musl-3.6.0/lib/libcrypto.a(libcrypto-lib-o_names.o) is incompatible with elf_x86_64
          ld.lld: error: /nix/store/1b6v1n6vy1qd8q73rhb0lb7r5jid1hsp-openssl-musl-static-aarch64-unknown-linux-musl-3.6.0/lib/libcrypto.a(libcrypto-lib-obj_dat.o) is incompatible with elf_x86_64
          ld.lld: error: /nix/store/1b6v1n6vy1qd8q73rhb0lb7r5jid1hsp-openssl-musl-static-aarch64-unknown-linux-musl-3.6.0/lib/libcrypto.a(libcrypto-lib-obj_err.o) is incompatible with elf_x86_64
          ld.lld: error: /nix/store/1b6v1n6vy1qd8q73rhb0lb7r5jid1hsp-openssl-musl-static-aarch64-unknown-linux-musl-3.6.0/lib/libcrypto.a(libcrypto-lib-obj_lib.o) is incompatible with elf_x86_64
          ld.lld: error: /nix/store/1b6v1n6vy1qd8q73rhb0lb7r5jid1hsp-openssl-musl-static-aarch64-unknown-linux-musl-3.6.0/lib/libcrypto.a(libcrypto-lib-obj_xref.o) is incompatible with elf_x86_64
          ld.lld: error: /nix/store/1b6v1n6vy1qd8q73rhb0lb7r5jid1hsp-openssl-musl-static-aarch64-unknown-linux-musl-3.6.0/lib/libcrypto.a(libcrypto-lib-ocsp_asn.o) is incompatible with elf_x86_64
          ld.lld: error: /nix/store/1b6v1n6vy1qd8q73rhb0lb7r5jid1hsp-openssl-musl-static-aarch64-unknown-linux-musl-3.6.0/lib/libcrypto.a(libcrypto-lib-ocsp_cl.o) is incompatible with elf_x86_64
          ld.lld: error: /nix/store/1b6v1n6vy1qd8q73rhb0lb7r5jid1hsp-openssl-musl-static-aarch64-unknown-linux-musl-3.6.0/lib/libcrypto.a(libcrypto-lib-ocsp_err.o) is incompatible with elf_x86_64
          ld.lld: error: /nix/store/1b6v1n6vy1qd8q73rhb0lb7r5jid1hsp-openssl-musl-static-aarch64-unknown-linux-musl-3.6.0/lib/libcrypto.a(libcrypto-lib-ocsp_ext.o) is incompatible with elf_x86_64
          ld.lld: error: /nix/store/1b6v1n6vy1qd8q73rhb0lb7r5jid1hsp-openssl-musl-static-aarch64-unknown-linux-musl-3.6.0/lib/libcrypto.a(libcrypto-lib-ocsp_http.o) is incompatible with elf_x86_64
          ld.lld: error: /nix/store/1b6v1n6vy1qd8q73rhb0lb7r5jid1hsp-openssl-musl-static-aarch64-unknown-linux-musl-3.6.0/lib/libcrypto.a(libcrypto-lib-ocsp_lib.o) is incompatible with elf_x86_64
          ld.lld: error: /nix/store/1b6v1n6vy1qd8q73rhb0lb7r5jid1hsp-openssl-musl-static-aarch64-unknown-linux-musl-3.6.0/lib/libcrypto.a(libcrypto-lib-ocsp_prn.o) is incompatible with elf_x86_64
          ld.lld: error: /nix/store/1b6v1n6vy1qd8q73rhb0lb7r5jid1hsp-openssl-musl-static-aarch64-unknown-linux-musl-3.6.0/lib/libcrypto.a(libcrypto-lib-ocsp_srv.o) is incompatible with elf_x86_64
          ld.lld: error: /nix/store/1b6v1n6vy1qd8q73rhb0lb7r5jid1hsp-openssl-musl-static-aarch64-unknown-linux-musl-3.6.0/lib/libcrypto.a(libcrypto-lib-ocsp_vfy.o) is incompatible with elf_x86_64
          ld.lld: error: /nix/store/1b6v1n6vy1qd8q73rhb0lb7r5jid1hsp-openssl-musl-static-aarch64-unknown-linux-musl-3.6.0/lib/libcrypto.a(libcrypto-lib-v3_ocsp.o) is incompatible with elf_x86_64
          ld.lld: error: /nix/store/1b6v1n6vy1qd8q73rhb0lb7r5jid1hsp-openssl-musl-static-aarch64-unknown-linux-musl-3.6.0/lib/libcrypto.a(libcrypto-lib-pem_all.o) is incompatible with elf_x86_64
          ld.lld: error: /nix/store/1b6v1n6vy1qd8q73rhb0lb7r5jid1hsp-openssl-musl-static-aarch64-unknown-linux-musl-3.6.0/lib/libcrypto.a(libcrypto-lib-pem_err.o) is incompatible with elf_x86_64
          ld.lld: error: /nix/store/1b6v1n6vy1qd8q73rhb0lb7r5jid1hsp-openssl-musl-static-aarch64-unknown-linux-musl-3.6.0/lib/libcrypto.a(libcrypto-lib-pem_info.o) is incompatible with elf_x86_64
          ld.lld: error: /nix/store/1b6v1n6vy1qd8q73rhb0lb7r5jid1hsp-openssl-musl-static-aarch64-unknown-linux-musl-3.6.0/lib/libcrypto.a(libcrypto-lib-pem_lib.o) is incompatible with elf_x86_64
          ld.lld: error: /nix/store/1b6v1n6vy1qd8q73rhb0lb7r5jid1hsp-openssl-musl-static-aarch64-unknown-linux-musl-3.6.0/lib/libcrypto.a(libcrypto-lib-pem_oth.o) is incompatible with elf_x86_64
          ld.lld: error: /nix/store/1b6v1n6vy1qd8q73rhb0lb7r5jid1hsp-openssl-musl-static-aarch64-unknown-linux-musl-3.6.0/lib/libcrypto.a(libcrypto-lib-pem_pk8.o) is incompatible with elf_x86_64
          ld.lld: error: /nix/store/1b6v1n6vy1qd8q73rhb0lb7r5jid1hsp-openssl-musl-static-aarch64-unknown-linux-musl-3.6.0/lib/libcrypto.a(libcrypto-lib-pem_pkey.o) is incompatible with elf_x86_64
          ld.lld: error: /nix/store/1b6v1n6vy1qd8q73rhb0lb7r5jid1hsp-openssl-musl-static-aarch64-unknown-linux-musl-3.6.0/lib/libcrypto.a(libcrypto-lib-pem_sign.o) is incompatible with elf_x86_64
          ld.lld: error: /nix/store/1b6v1n6vy1qd8q73rhb0lb7r5jid1hsp-openssl-musl-static-aarch64-unknown-linux-musl-3.6.0/lib/libcrypto.a(libcrypto-lib-pem_x509.o) is incompatible with elf_x86_64
          ld.lld: error: /nix/store/1b6v1n6vy1qd8q73rhb0lb7r5jid1hsp-openssl-musl-static-aarch64-unknown-linux-musl-3.6.0/lib/libcrypto.a(libcrypto-lib-pem_xaux.o) is incompatible with elf_x86_64
          ld.lld: error: /nix/store/1b6v1n6vy1qd8q73rhb0lb7r5jid1hsp-openssl-musl-static-aarch64-unknown-linux-musl-3.6.0/lib/libcrypto.a(libcrypto-lib-pvkfmt.o) is incompatible with elf_x86_64
          ld.lld: error: /nix/store/1b6v1n6vy1qd8q73rhb0lb7r5jid1hsp-openssl-musl-static-aarch64-unknown-linux-musl-3.6.0/lib/libcrypto.a(libcrypto-lib-p12_add.o) is incompatible with elf_x86_64
          ld.lld: error: /nix/store/1b6v1n6vy1qd8q73rhb0lb7r5jid1hsp-openssl-musl-static-aarch64-unknown-linux-musl-3.6.0/lib/libcrypto.a(libcrypto-lib-p12_asn.o) is incompatible with elf_x86_64
          ld.lld: error: /nix/store/1b6v1n6vy1qd8q73rhb0lb7r5jid1hsp-openssl-musl-static-aarch64-unknown-linux-musl-3.6.0/lib/libcrypto.a(libcrypto-lib-p12_attr.o) is incompatible with elf_x86_64
          ld.lld: error: /nix/store/1b6v1n6vy1qd8q73rhb0lb7r5jid1hsp-openssl-musl-static-aarch64-unknown-linux-musl-3.6.0/lib/libcrypto.a(libcrypto-lib-p12_crpt.o) is incompatible with elf_x86_64
          ld.lld: error: /nix/store/1b6v1n6vy1qd8q73rhb0lb7r5jid1hsp-openssl-musl-static-aarch64-unknown-linux-musl-3.6.0/lib/libcrypto.a(libcrypto-lib-p12_crt.o) is incompatible with elf_x86_64
          ld.lld: error: /nix/store/1b6v1n6vy1qd8q73rhb0lb7r5jid1hsp-openssl-musl-static-aarch64-unknown-linux-musl-3.6.0/lib/libcrypto.a(libcrypto-lib-p12_decr.o) is incompatible with elf_x86_64
          ld.lld: error: /nix/store/1b6v1n6vy1qd8q73rhb0lb7r5jid1hsp-openssl-musl-static-aarch64-unknown-linux-musl-3.6.0/lib/libcrypto.a(libcrypto-lib-p12_init.o) is incompatible with elf_x86_64
          ld.lld: error: /nix/store/1b6v1n6vy1qd8q73rhb0lb7r5jid1hsp-openssl-musl-static-aarch64-unknown-linux-musl-3.6.0/lib/libcrypto.a(libcrypto-lib-p12_key.o) is incompatible with elf_x86_64
          ld.lld: error: /nix/store/1b6v1n6vy1qd8q73rhb0lb7r5jid1hsp-openssl-musl-static-aarch64-unknown-linux-musl-3.6.0/lib/libcrypto.a(libcrypto-lib-p12_kiss.o) is incompatible with elf_x86_64
          ld.lld: error: /nix/store/1b6v1n6vy1qd8q73rhb0lb7r5jid1hsp-openssl-musl-static-aarch64-unknown-linux-musl-3.6.0/lib/libcrypto.a(libcrypto-lib-p12_mutl.o) is incompatible with elf_x86_64
          ld.lld: error: /nix/store/1b6v1n6vy1qd8q73rhb0lb7r5jid1hsp-openssl-musl-static-aarch64-unknown-linux-musl-3.6.0/lib/libcrypto.a(libcrypto-lib-p12_npas.o) is incompatible with elf_x86_64
          ld.lld: error: /nix/store/1b6v1n6vy1qd8q73rhb0lb7r5jid1hsp-openssl-musl-static-aarch64-unknown-linux-musl-3.6.0/lib/libcrypto.a(libcrypto-lib-p12_p8d.o) is incompatible with elf_x86_64
          ld.lld: error: /nix/store/1b6v1n6vy1qd8q73rhb0lb7r5jid1hsp-openssl-musl-static-aarch64-unknown-linux-musl-3.6.0/lib/libcrypto.a(libcrypto-lib-p12_p8e.o) is incompatible with elf_x86_64
          ld.lld: error: /nix/store/1b6v1n6vy1qd8q73rhb0lb7r5jid1hsp-openssl-musl-static-aarch64-unknown-linux-musl-3.6.0/lib/libcrypto.a(libcrypto-lib-p12_sbag.o) is incompatible with elf_x86_64
          ld.lld: error: /nix/store/1b6v1n6vy1qd8q73rhb0lb7r5jid1hsp-openssl-musl-static-aarch64-unknown-linux-musl-3.6.0/lib/libcrypto.a(libcrypto-lib-p12_utl.o) is incompatible with elf_x86_64
          ld.lld: error: /nix/store/1b6v1n6vy1qd8q73rhb0lb7r5jid1hsp-openssl-musl-static-aarch64-unknown-linux-musl-3.6.0/lib/libcrypto.a(libcrypto-lib-pk12err.o) is incompatible with elf_x86_64
          ld.lld: error: /nix/store/1b6v1n6vy1qd8q73rhb0lb7r5jid1hsp-openssl-musl-static-aarch64-unknown-linux-musl-3.6.0/lib/libcrypto.a(libcrypto-lib-bio_pk7.o) is incompatible with elf_x86_64
          ld.lld: error: /nix/store/1b6v1n6vy1qd8q73rhb0lb7r5jid1hsp-openssl-musl-static-aarch64-unknown-linux-musl-3.6.0/lib/libcrypto.a(libcrypto-lib-pk7_asn1.o) is incompatible with elf_x86_64
          ld.lld: error: /nix/store/1b6v1n6vy1qd8q73rhb0lb7r5jid1hsp-openssl-musl-static-aarch64-unknown-linux-musl-3.6.0/lib/libcrypto.a(libcrypto-lib-pk7_attr.o) is incompatible with elf_x86_64
          ld.lld: error: /nix/store/1b6v1n6vy1qd8q73rhb0lb7r5jid1hsp-openssl-musl-static-aarch64-unknown-linux-musl-3.6.0/lib/libcrypto.a(libcrypto-lib-pk7_doit.o) is incompatible with elf_x86_64
          ld.lld: error: /nix/store/1b6v1n6vy1qd8q73rhb0lb7r5jid1hsp-openssl-musl-static-aarch64-unknown-linux-musl-3.6.0/lib/libcrypto.a(libcrypto-lib-pk7_lib.o) is incompatible with elf_x86_64
          ld.lld: error: /nix/store/1b6v1n6vy1qd8q73rhb0lb7r5jid1hsp-openssl-musl-static-aarch64-unknown-linux-musl-3.6.0/lib/libcrypto.a(libcrypto-lib-pk7_mime.o) is incompatible with elf_x86_64
          ld.lld: error: /nix/store/1b6v1n6vy1qd8q73rhb0lb7r5jid1hsp-openssl-musl-static-aarch64-unknown-linux-musl-3.6.0/lib/libcrypto.a(libcrypto-lib-pk7_smime.o) is incompatible with elf_x86_64
          ld.lld: error: /nix/store/1b6v1n6vy1qd8q73rhb0lb7r5jid1hsp-openssl-musl-static-aarch64-unknown-linux-musl-3.6.0/lib/libcrypto.a(libcrypto-lib-pkcs7err.o) is incompatible with elf_x86_64
          ld.lld: error: /nix/store/1b6v1n6vy1qd8q73rhb0lb7r5jid1hsp-openssl-musl-static-aarch64-unknown-linux-musl-3.6.0/lib/libcrypto.a(libcrypto-lib-poly1305.o) is incompatible with elf_x86_64
          ld.lld: error: /nix/store/1b6v1n6vy1qd8q73rhb0lb7r5jid1hsp-openssl-musl-static-aarch64-unknown-linux-musl-3.6.0/lib/libcrypto.a(libcrypto-lib-defn_cache.o) is incompatible with elf_x86_64
          ld.lld: error: /nix/store/1b6v1n6vy1qd8q73rhb0lb7r5jid1hsp-openssl-musl-static-aarch64-unknown-linux-musl-3.6.0/lib/libcrypto.a(libcrypto-lib-property.o) is incompatible with elf_x86_64
          ld.lld: error: /nix/store/1b6v1n6vy1qd8q73rhb0lb7r5jid1hsp-openssl-musl-static-aarch64-unknown-linux-musl-3.6.0/lib/libcrypto.a(libcrypto-lib-property_err.o) is incompatible with elf_x86_64
          ld.lld: error: /nix/store/1b6v1n6vy1qd8q73rhb0lb7r5jid1hsp-openssl-musl-static-aarch64-unknown-linux-musl-3.6.0/lib/libcrypto.a(libcrypto-lib-property_parse.o) is incompatible with elf_x86_64
          ld.lld: error: /nix/store/1b6v1n6vy1qd8q73rhb0lb7r5jid1hsp-openssl-musl-static-aarch64-unknown-linux-musl-3.6.0/lib/libcrypto.a(libcrypto-lib-property_query.o) is incompatible with elf_x86_64
          ld.lld: error: /nix/store/1b6v1n6vy1qd8q73rhb0lb7r5jid1hsp-openssl-musl-static-aarch64-unknown-linux-musl-3.6.0/lib/libcrypto.a(libcrypto-lib-property_string.o) is incompatible with elf_x86_64
          ld.lld: error: /nix/store/1b6v1n6vy1qd8q73rhb0lb7r5jid1hsp-openssl-musl-static-aarch64-unknown-linux-musl-3.6.0/lib/libcrypto.a(libcrypto-lib-prov_seed.o) is incompatible with elf_x86_64
          ld.lld: error: /nix/store/1b6v1n6vy1qd8q73rhb0lb7r5jid1hsp-openssl-musl-static-aarch64-unknown-linux-musl-3.6.0/lib/libcrypto.a(libcrypto-lib-rand_deprecated.o) is incompatible with elf_x86_64
          ld.lld: error: /nix/store/1b6v1n6vy1qd8q73rhb0lb7r5jid1hsp-openssl-musl-static-aarch64-unknown-linux-musl-3.6.0/lib/libcrypto.a(libcrypto-lib-rand_err.o) is incompatible with elf_x86_64
          ld.lld: error: /nix/store/1b6v1n6vy1qd8q73rhb0lb7r5jid1hsp-openssl-musl-static-aarch64-unknown-linux-musl-3.6.0/lib/libcrypto.a(libcrypto-lib-rand_lib.o) is incompatible with elf_x86_64
          ld.lld: error: /nix/store/1b6v1n6vy1qd8q73rhb0lb7r5jid1hsp-openssl-musl-static-aarch64-unknown-linux-musl-3.6.0/lib/libcrypto.a(libcrypto-lib-rand_meth.o) is incompatible with elf_x86_64
          ld.lld: error: /nix/store/1b6v1n6vy1qd8q73rhb0lb7r5jid1hsp-openssl-musl-static-aarch64-unknown-linux-musl-3.6.0/lib/libcrypto.a(libcrypto-lib-rand_pool.o) is incompatible with elf_x86_64
          ld.lld: error: /nix/store/1b6v1n6vy1qd8q73rhb0lb7r5jid1hsp-openssl-musl-static-aarch64-unknown-linux-musl-3.6.0/lib/libcrypto.a(libcrypto-lib-rand_uniform.o) is incompatible with elf_x86_64
          ld.lld: error: /nix/store/1b6v1n6vy1qd8q73rhb0lb7r5jid1hsp-openssl-musl-static-aarch64-unknown-linux-musl-3.6.0/lib/libcrypto.a(libcrypto-lib-randfile.o) is incompatible with elf_x86_64
          ld.lld: error: /nix/store/1b6v1n6vy1qd8q73rhb0lb7r5jid1hsp-openssl-musl-static-aarch64-unknown-linux-musl-3.6.0/lib/libcrypto.a(libcrypto-lib-rc2_cbc.o) is incompatible with elf_x86_64
          ld.lld: error: /nix/store/1b6v1n6vy1qd8q73rhb0lb7r5jid1hsp-openssl-musl-static-aarch64-unknown-linux-musl-3.6.0/lib/libcrypto.a(libcrypto-lib-rc2_ecb.o) is incompatible with elf_x86_64
          ld.lld: error: /nix/store/1b6v1n6vy1qd8q73rhb0lb7r5jid1hsp-openssl-musl-static-aarch64-unknown-linux-musl-3.6.0/lib/libcrypto.a(libcrypto-lib-rc2_skey.o) is incompatible with elf_x86_64
          ld.lld: error: /nix/store/1b6v1n6vy1qd8q73rhb0lb7r5jid1hsp-openssl-musl-static-aarch64-unknown-linux-musl-3.6.0/lib/libcrypto.a(libcrypto-lib-rc2cfb64.o) is incompatible with elf_x86_64
          ld.lld: error: /nix/store/1b6v1n6vy1qd8q73rhb0lb7r5jid1hsp-openssl-musl-static-aarch64-unknown-linux-musl-3.6.0/lib/libcrypto.a(libcrypto-lib-rc2ofb64.o) is incompatible with elf_x86_64
          ld.lld: error: /nix/store/1b6v1n6vy1qd8q73rhb0lb7r5jid1hsp-openssl-musl-static-aarch64-unknown-linux-musl-3.6.0/lib/libcrypto.a(libcrypto-lib-rc4_enc.o) is incompatible with elf_x86_64
          ld.lld: error: /nix/store/1b6v1n6vy1qd8q73rhb0lb7r5jid1hsp-openssl-musl-static-aarch64-unknown-linux-musl-3.6.0/lib/libcrypto.a(libcrypto-lib-rc4_skey.o) is incompatible with elf_x86_64
          ld.lld: error: /nix/store/1b6v1n6vy1qd8q73rhb0lb7r5jid1hsp-openssl-musl-static-aarch64-unknown-linux-musl-3.6.0/lib/libcrypto.a(libcrypto-lib-rmd_dgst.o) is incompatible with elf_x86_64
          ld.lld: error: /nix/store/1b6v1n6vy1qd8q73rhb0lb7r5jid1hsp-openssl-musl-static-aarch64-unknown-linux-musl-3.6.0/lib/libcrypto.a(libcrypto-lib-rmd_one.o) is incompatible with elf_x86_64
          ld.lld: error: /nix/store/1b6v1n6vy1qd8q73rhb0lb7r5jid1hsp-openssl-musl-static-aarch64-unknown-linux-musl-3.6.0/lib/libcrypto.a(libcrypto-lib-rsa_ameth.o) is incompatible with elf_x86_64
          ld.lld: error: /nix/store/1b6v1n6vy1qd8q73rhb0lb7r5jid1hsp-openssl-musl-static-aarch64-unknown-linux-musl-3.6.0/lib/libcrypto.a(libcrypto-lib-rsa_asn1.o) is incompatible with elf_x86_64
          ld.lld: error: /nix/store/1b6v1n6vy1qd8q73rhb0lb7r5jid1hsp-openssl-musl-static-aarch64-unknown-linux-musl-3.6.0/lib/libcrypto.a(libcrypto-lib-rsa_backend.o) is incompatible with elf_x86_64
          ld.lld: error: /nix/store/1b6v1n6vy1qd8q73rhb0lb7r5jid1hsp-openssl-musl-static-aarch64-unknown-linux-musl-3.6.0/lib/libcrypto.a(libcrypto-lib-rsa_chk.o) is incompatible with elf_x86_64
          ld.lld: error: /nix/store/1b6v1n6vy1qd8q73rhb0lb7r5jid1hsp-openssl-musl-static-aarch64-unknown-linux-musl-3.6.0/lib/libcrypto.a(libcrypto-lib-rsa_crpt.o) is incompatible with elf_x86_64
          ld.lld: error: /nix/store/1b6v1n6vy1qd8q73rhb0lb7r5jid1hsp-openssl-musl-static-aarch64-unknown-linux-musl-3.6.0/lib/libcrypto.a(libcrypto-lib-rsa_depr.o) is incompatible with elf_x86_64
          ld.lld: error: /nix/store/1b6v1n6vy1qd8q73rhb0lb7r5jid1hsp-openssl-musl-static-aarch64-unknown-linux-musl-3.6.0/lib/libcrypto.a(libcrypto-lib-rsa_err.o) is incompatible with elf_x86_64
          ld.lld: error: /nix/store/1b6v1n6vy1qd8q73rhb0lb7r5jid1hsp-openssl-musl-static-aarch64-unknown-linux-musl-3.6.0/lib/libcrypto.a(libcrypto-lib-rsa_gen.o) is incompatible with elf_x86_64
          ld.lld: error: /nix/store/1b6v1n6vy1qd8q73rhb0lb7r5jid1hsp-openssl-musl-static-aarch64-unknown-linux-musl-3.6.0/lib/libcrypto.a(libcrypto-lib-rsa_lib.o) is incompatible with elf_x86_64
          ld.lld: error: /nix/store/1b6v1n6vy1qd8q73rhb0lb7r5jid1hsp-openssl-musl-static-aarch64-unknown-linux-musl-3.6.0/lib/libcrypto.a(libcrypto-lib-rsa_meth.o) is incompatible with elf_x86_64
          ld.lld: error: /nix/store/1b6v1n6vy1qd8q73rhb0lb7r5jid1hsp-openssl-musl-static-aarch64-unknown-linux-musl-3.6.0/lib/libcrypto.a(libcrypto-lib-rsa_mp.o) is incompatible with elf_x86_64
          ld.lld: error: /nix/store/1b6v1n6vy1qd8q73rhb0lb7r5jid1hsp-openssl-musl-static-aarch64-unknown-linux-musl-3.6.0/lib/libcrypto.a(libcrypto-lib-rsa_mp_names.o) is incompatible with elf_x86_64
          ld.lld: error: /nix/store/1b6v1n6vy1qd8q73rhb0lb7r5jid1hsp-openssl-musl-static-aarch64-unknown-linux-musl-3.6.0/lib/libcrypto.a(libcrypto-lib-rsa_none.o) is incompatible with elf_x86_64
          ld.lld: error: /nix/store/1b6v1n6vy1qd8q73rhb0lb7r5jid1hsp-openssl-musl-static-aarch64-unknown-linux-musl-3.6.0/lib/libcrypto.a(libcrypto-lib-rsa_oaep.o) is incompatible with elf_x86_64
          ld.lld: error: /nix/store/1b6v1n6vy1qd8q73rhb0lb7r5jid1hsp-openssl-musl-static-aarch64-unknown-linux-musl-3.6.0/lib/libcrypto.a(libcrypto-lib-rsa_ossl.o) is incompatible with elf_x86_64
          ld.lld: error: /nix/store/1b6v1n6vy1qd8q73rhb0lb7r5jid1hsp-openssl-musl-static-aarch64-unknown-linux-musl-3.6.0/lib/libcrypto.a(libcrypto-lib-rsa_pk1.o) is incompatible with elf_x86_64
          ld.lld: error: /nix/store/1b6v1n6vy1qd8q73rhb0lb7r5jid1hsp-openssl-musl-static-aarch64-unknown-linux-musl-3.6.0/lib/libcrypto.a(libcrypto-lib-rsa_pmeth.o) is incompatible with elf_x86_64
          ld.lld: error: /nix/store/1b6v1n6vy1qd8q73rhb0lb7r5jid1hsp-openssl-musl-static-aarch64-unknown-linux-musl-3.6.0/lib/libcrypto.a(libcrypto-lib-rsa_prn.o) is incompatible with elf_x86_64
          ld.lld: error: /nix/store/1b6v1n6vy1qd8q73rhb0lb7r5jid1hsp-openssl-musl-static-aarch64-unknown-linux-musl-3.6.0/lib/libcrypto.a(libcrypto-lib-rsa_pss.o) is incompatible with elf_x86_64
          ld.lld: error: /nix/store/1b6v1n6vy1qd8q73rhb0lb7r5jid1hsp-openssl-musl-static-aarch64-unknown-linux-musl-3.6.0/lib/libcrypto.a(libcrypto-lib-rsa_saos.o) is incompatible with elf_x86_64
          ld.lld: error: /nix/store/1b6v1n6vy1qd8q73rhb0lb7r5jid1hsp-openssl-musl-static-aarch64-unknown-linux-musl-3.6.0/lib/libcrypto.a(libcrypto-lib-rsa_schemes.o) is incompatible with elf_x86_64
          ld.lld: error: /nix/store/1b6v1n6vy1qd8q73rhb0lb7r5jid1hsp-openssl-musl-static-aarch64-unknown-linux-musl-3.6.0/lib/libcrypto.a(libcrypto-lib-rsa_sign.o) is incompatible with elf_x86_64
          ld.lld: error: /nix/store/1b6v1n6vy1qd8q73rhb0lb7r5jid1hsp-openssl-musl-static-aarch64-unknown-linux-musl-3.6.0/lib/libcrypto.a(libcrypto-lib-rsa_sp800_56b_check.o) is incompatible with elf_x86_64
          ld.lld: error: /nix/store/1b6v1n6vy1qd8q73rhb0lb7r5jid1hsp-openssl-musl-static-aarch64-unknown-linux-musl-3.6.0/lib/libcrypto.a(libcrypto-lib-rsa_sp800_56b_gen.o) is incompatible with elf_x86_64
          ld.lld: error: /nix/store/1b6v1n6vy1qd8q73rhb0lb7r5jid1hsp-openssl-musl-static-aarch64-unknown-linux-musl-3.6.0/lib/libcrypto.a(libcrypto-lib-rsa_x931.o) is incompatible with elf_x86_64
          ld.lld: error: /nix/store/1b6v1n6vy1qd8q73rhb0lb7r5jid1hsp-openssl-musl-static-aarch64-unknown-linux-musl-3.6.0/lib/libcrypto.a(libcrypto-lib-rsa_x931g.o) is incompatible with elf_x86_64
          ld.lld: error: /nix/store/1b6v1n6vy1qd8q73rhb0lb7r5jid1hsp-openssl-musl-static-aarch64-unknown-linux-musl-3.6.0/lib/libcrypto.a(libcrypto-lib-seed.o) is incompatible with elf_x86_64
          ld.lld: error: /nix/store/1b6v1n6vy1qd8q73rhb0lb7r5jid1hsp-openssl-musl-static-aarch64-unknown-linux-musl-3.6.0/lib/libcrypto.a(libcrypto-lib-seed_cbc.o) is incompatible with elf_x86_64
          ld.lld: error: /nix/store/1b6v1n6vy1qd8q73rhb0lb7r5jid1hsp-openssl-musl-static-aarch64-unknown-linux-musl-3.6.0/lib/libcrypto.a(libcrypto-lib-seed_cfb.o) is incompatible with elf_x86_64
          ld.lld: error: /nix/store/1b6v1n6vy1qd8q73rhb0lb7r5jid1hsp-openssl-musl-static-aarch64-unknown-linux-musl-3.6.0/lib/libcrypto.a(libcrypto-lib-seed_ecb.o) is incompatible with elf_x86_64
          ld.lld: error: /nix/store/1b6v1n6vy1qd8q73rhb0lb7r5jid1hsp-openssl-musl-static-aarch64-unknown-linux-musl-3.6.0/lib/libcrypto.a(libcrypto-lib-seed_ofb.o) is incompatible with elf_x86_64
          ld.lld: error: /nix/store/1b6v1n6vy1qd8q73rhb0lb7r5jid1hsp-openssl-musl-static-aarch64-unknown-linux-musl-3.6.0/lib/libcrypto.a(libcrypto-lib-keccak1600.o) is incompatible with elf_x86_64
          ld.lld: error: /nix/store/1b6v1n6vy1qd8q73rhb0lb7r5jid1hsp-openssl-musl-static-aarch64-unknown-linux-musl-3.6.0/lib/libcrypto.a(libcrypto-lib-sha1_one.o) is incompatible with elf_x86_64
          ld.lld: error: /nix/store/1b6v1n6vy1qd8q73rhb0lb7r5jid1hsp-openssl-musl-static-aarch64-unknown-linux-musl-3.6.0/lib/libcrypto.a(libcrypto-lib-sha1dgst.o) is incompatible with elf_x86_64
          ld.lld: error: /nix/store/1b6v1n6vy1qd8q73rhb0lb7r5jid1hsp-openssl-musl-static-aarch64-unknown-linux-musl-3.6.0/lib/libcrypto.a(libcrypto-lib-sha256.o) is incompatible with elf_x86_64
          ld.lld: error: /nix/store/1b6v1n6vy1qd8q73rhb0lb7r5jid1hsp-openssl-musl-static-aarch64-unknown-linux-musl-3.6.0/lib/libcrypto.a(libcrypto-lib-sha3.o) is incompatible with elf_x86_64
          ld.lld: error: /nix/store/1b6v1n6vy1qd8q73rhb0lb7r5jid1hsp-openssl-musl-static-aarch64-unknown-linux-musl-3.6.0/lib/libcrypto.a(libcrypto-lib-sha512.o) is incompatible with elf_x86_64
          ld.lld: error: /nix/store/1b6v1n6vy1qd8q73rhb0lb7r5jid1hsp-openssl-musl-static-aarch64-unknown-linux-musl-3.6.0/lib/libcrypto.a(libcrypto-lib-siphash.o) is incompatible with elf_x86_64
          ld.lld: error: /nix/store/1b6v1n6vy1qd8q73rhb0lb7r5jid1hsp-openssl-musl-static-aarch64-unknown-linux-musl-3.6.0/lib/libcrypto.a(libcrypto-lib-slh_adrs.o) is incompatible with elf_x86_64
          ld.lld: error: /nix/store/1b6v1n6vy1qd8q73rhb0lb7r5jid1hsp-openssl-musl-static-aarch64-unknown-linux-musl-3.6.0/lib/libcrypto.a(libcrypto-lib-slh_dsa.o) is incompatible with elf_x86_64
          ld.lld: error: /nix/store/1b6v1n6vy1qd8q73rhb0lb7r5jid1hsp-openssl-musl-static-aarch64-unknown-linux-musl-3.6.0/lib/libcrypto.a(libcrypto-lib-slh_dsa_hash_ctx.o) is incompatible with elf_x86_64
          ld.lld: error: /nix/store/1b6v1n6vy1qd8q73rhb0lb7r5jid1hsp-openssl-musl-static-aarch64-unknown-linux-musl-3.6.0/lib/libcrypto.a(libcrypto-lib-slh_dsa_key.o) is incompatible with elf_x86_64
          ld.lld: error: /nix/store/1b6v1n6vy1qd8q73rhb0lb7r5jid1hsp-openssl-musl-static-aarch64-unknown-linux-musl-3.6.0/lib/libcrypto.a(libcrypto-lib-slh_fors.o) is incompatible with elf_x86_64
          ld.lld: error: /nix/store/1b6v1n6vy1qd8q73rhb0lb7r5jid1hsp-openssl-musl-static-aarch64-unknown-linux-musl-3.6.0/lib/libcrypto.a(libcrypto-lib-slh_hash.o) is incompatible with elf_x86_64
          ld.lld: error: /nix/store/1b6v1n6vy1qd8q73rhb0lb7r5jid1hsp-openssl-musl-static-aarch64-unknown-linux-musl-3.6.0/lib/libcrypto.a(libcrypto-lib-slh_hypertree.o) is incompatible with elf_x86_64
          ld.lld: error: /nix/store/1b6v1n6vy1qd8q73rhb0lb7r5jid1hsp-openssl-musl-static-aarch64-unknown-linux-musl-3.6.0/lib/libcrypto.a(libcrypto-lib-slh_params.o) is incompatible with elf_x86_64
          ld.lld: error: /nix/store/1b6v1n6vy1qd8q73rhb0lb7r5jid1hsp-openssl-musl-static-aarch64-unknown-linux-musl-3.6.0/lib/libcrypto.a(libcrypto-lib-slh_wots.o) is incompatible with elf_x86_64
          ld.lld: error: /nix/store/1b6v1n6vy1qd8q73rhb0lb7r5jid1hsp-openssl-musl-static-aarch64-unknown-linux-musl-3.6.0/lib/libcrypto.a(libcrypto-lib-slh_xmss.o) is incompatible with elf_x86_64
          ld.lld: error: /nix/store/1b6v1n6vy1qd8q73rhb0lb7r5jid1hsp-openssl-musl-static-aarch64-unknown-linux-musl-3.6.0/lib/libcrypto.a(libcrypto-lib-sm2_crypt.o) is incompatible with elf_x86_64
          ld.lld: error: /nix/store/1b6v1n6vy1qd8q73rhb0lb7r5jid1hsp-openssl-musl-static-aarch64-unknown-linux-musl-3.6.0/lib/libcrypto.a(libcrypto-lib-sm2_err.o) is incompatible with elf_x86_64
          ld.lld: error: /nix/store/1b6v1n6vy1qd8q73rhb0lb7r5jid1hsp-openssl-musl-static-aarch64-unknown-linux-musl-3.6.0/lib/libcrypto.a(libcrypto-lib-sm2_key.o) is incompatible with elf_x86_64
          ld.lld: error: /nix/store/1b6v1n6vy1qd8q73rhb0lb7r5jid1hsp-openssl-musl-static-aarch64-unknown-linux-musl-3.6.0/lib/libcrypto.a(libcrypto-lib-sm2_sign.o) is incompatible with elf_x86_64
          ld.lld: error: /nix/store/1b6v1n6vy1qd8q73rhb0lb7r5jid1hsp-openssl-musl-static-aarch64-unknown-linux-musl-3.6.0/lib/libcrypto.a(libcrypto-lib-legacy_sm3.o) is incompatible with elf_x86_64
          ld.lld: error: /nix/store/1b6v1n6vy1qd8q73rhb0lb7r5jid1hsp-openssl-musl-static-aarch64-unknown-linux-musl-3.6.0/lib/libcrypto.a(libcrypto-lib-sm3.o) is incompatible with elf_x86_64
          ld.lld: error: /nix/store/1b6v1n6vy1qd8q73rhb0lb7r5jid1hsp-openssl-musl-static-aarch64-unknown-linux-musl-3.6.0/lib/libcrypto.a(libcrypto-lib-sm4.o) is incompatible with elf_x86_64
          ld.lld: error: /nix/store/1b6v1n6vy1qd8q73rhb0lb7r5jid1hsp-openssl-musl-static-aarch64-unknown-linux-musl-3.6.0/lib/libcrypto.a(libcrypto-lib-srp_lib.o) is incompatible with elf_x86_64
          ld.lld: error: /nix/store/1b6v1n6vy1qd8q73rhb0lb7r5jid1hsp-openssl-musl-static-aarch64-unknown-linux-musl-3.6.0/lib/libcrypto.a(libcrypto-lib-srp_vfy.o) is incompatible with elf_x86_64
          ld.lld: error: /nix/store/1b6v1n6vy1qd8q73rhb0lb7r5jid1hsp-openssl-musl-static-aarch64-unknown-linux-musl-3.6.0/lib/libcrypto.a(libcrypto-lib-stack.o) is incompatible with elf_x86_64
          ld.lld: error: /nix/store/1b6v1n6vy1qd8q73rhb0lb7r5jid1hsp-openssl-musl-static-aarch64-unknown-linux-musl-3.6.0/lib/libcrypto.a(libcrypto-lib-store_err.o) is incompatible with elf_x86_64
          ld.lld: error: /nix/store/1b6v1n6vy1qd8q73rhb0lb7r5jid1hsp-openssl-musl-static-aarch64-unknown-linux-musl-3.6.0/lib/libcrypto.a(libcrypto-lib-store_init.o) is incompatible with elf_x86_64
          ld.lld: error: /nix/store/1b6v1n6vy1qd8q73rhb0lb7r5jid1hsp-openssl-musl-static-aarch64-unknown-linux-musl-3.6.0/lib/libcrypto.a(libcrypto-lib-store_lib.o) is incompatible with elf_x86_64
          ld.lld: error: /nix/store/1b6v1n6vy1qd8q73rhb0lb7r5jid1hsp-openssl-musl-static-aarch64-unknown-linux-musl-3.6.0/lib/libcrypto.a(libcrypto-lib-store_meth.o) is incompatible with elf_x86_64
          ld.lld: error: /nix/store/1b6v1n6vy1qd8q73rhb0lb7r5jid1hsp-openssl-musl-static-aarch64-unknown-linux-musl-3.6.0/lib/libcrypto.a(libcrypto-lib-store_register.o) is incompatible with elf_x86_64
          ld.lld: error: /nix/store/1b6v1n6vy1qd8q73rhb0lb7r5jid1hsp-openssl-musl-static-aarch64-unknown-linux-musl-3.6.0/lib/libcrypto.a(libcrypto-lib-store_result.o) is incompatible with elf_x86_64
          ld.lld: error: /nix/store/1b6v1n6vy1qd8q73rhb0lb7r5jid1hsp-openssl-musl-static-aarch64-unknown-linux-musl-3.6.0/lib/libcrypto.a(libcrypto-lib-store_strings.o) is incompatible with elf_x86_64
          ld.lld: error: /nix/store/1b6v1n6vy1qd8q73rhb0lb7r5jid1hsp-openssl-musl-static-aarch64-unknown-linux-musl-3.6.0/lib/libcrypto.a(libcrypto-lib-thread_none.o) is incompatible with elf_x86_64
          ld.lld: error: /nix/store/1b6v1n6vy1qd8q73rhb0lb7r5jid1hsp-openssl-musl-static-aarch64-unknown-linux-musl-3.6.0/lib/libcrypto.a(libcrypto-lib-thread_posix.o) is incompatible with elf_x86_64
          ld.lld: error: /nix/store/1b6v1n6vy1qd8q73rhb0lb7r5jid1hsp-openssl-musl-static-aarch64-unknown-linux-musl-3.6.0/lib/libcrypto.a(libcrypto-lib-thread_win.o) is incompatible with elf_x86_64
          ld.lld: error: /nix/store/1b6v1n6vy1qd8q73rhb0lb7r5jid1hsp-openssl-musl-static-aarch64-unknown-linux-musl-3.6.0/lib/libcrypto.a(libcrypto-lib-api.o) is incompatible with elf_x86_64
          ld.lld: error: /nix/store/1b6v1n6vy1qd8q73rhb0lb7r5jid1hsp-openssl-musl-static-aarch64-unknown-linux-musl-3.6.0/lib/libcrypto.a(libcrypto-lib-arch.o) is incompatible with elf_x86_64
          ld.lld: error: /nix/store/1b6v1n6vy1qd8q73rhb0lb7r5jid1hsp-openssl-musl-static-aarch64-unknown-linux-musl-3.6.0/lib/libcrypto.a(libcrypto-lib-internal.o) is incompatible with elf_x86_64
          ld.lld: error: /nix/store/1b6v1n6vy1qd8q73rhb0lb7r5jid1hsp-openssl-musl-static-aarch64-unknown-linux-musl-3.6.0/lib/libcrypto.a(libcrypto-lib-ts_asn1.o) is incompatible with elf_x86_64
          ld.lld: error: /nix/store/1b6v1n6vy1qd8q73rhb0lb7r5jid1hsp-openssl-musl-static-aarch64-unknown-linux-musl-3.6.0/lib/libcrypto.a(libcrypto-lib-ts_conf.o) is incompatible with elf_x86_64
          ld.lld: error: /nix/store/1b6v1n6vy1qd8q73rhb0lb7r5jid1hsp-openssl-musl-static-aarch64-unknown-linux-musl-3.6.0/lib/libcrypto.a(libcrypto-lib-ts_err.o) is incompatible with elf_x86_64
          ld.lld: error: /nix/store/1b6v1n6vy1qd8q73rhb0lb7r5jid1hsp-openssl-musl-static-aarch64-unknown-linux-musl-3.6.0/lib/libcrypto.a(libcrypto-lib-ts_lib.o) is incompatible with elf_x86_64
          ld.lld: error: /nix/store/1b6v1n6vy1qd8q73rhb0lb7r5jid1hsp-openssl-musl-static-aarch64-unknown-linux-musl-3.6.0/lib/libcrypto.a(libcrypto-lib-ts_req_print.o) is incompatible with elf_x86_64
          ld.lld: error: /nix/store/1b6v1n6vy1qd8q73rhb0lb7r5jid1hsp-openssl-musl-static-aarch64-unknown-linux-musl-3.6.0/lib/libcrypto.a(libcrypto-lib-ts_req_utils.o) is incompatible with elf_x86_64
          ld.lld: error: /nix/store/1b6v1n6vy1qd8q73rhb0lb7r5jid1hsp-openssl-musl-static-aarch64-unknown-linux-musl-3.6.0/lib/libcrypto.a(libcrypto-lib-ts_rsp_print.o) is incompatible with elf_x86_64
          ld.lld: error: /nix/store/1b6v1n6vy1qd8q73rhb0lb7r5jid1hsp-openssl-musl-static-aarch64-unknown-linux-musl-3.6.0/lib/libcrypto.a(libcrypto-lib-ts_rsp_sign.o) is incompatible with elf_x86_64
          ld.lld: error: /nix/store/1b6v1n6vy1qd8q73rhb0lb7r5jid1hsp-openssl-musl-static-aarch64-unknown-linux-musl-3.6.0/lib/libcrypto.a(libcrypto-lib-ts_rsp_utils.o) is incompatible with elf_x86_64
          ld.lld: error: /nix/store/1b6v1n6vy1qd8q73rhb0lb7r5jid1hsp-openssl-musl-static-aarch64-unknown-linux-musl-3.6.0/lib/libcrypto.a(libcrypto-lib-ts_rsp_verify.o) is incompatible with elf_x86_64
          ld.lld: error: /nix/store/1b6v1n6vy1qd8q73rhb0lb7r5jid1hsp-openssl-musl-static-aarch64-unknown-linux-musl-3.6.0/lib/libcrypto.a(libcrypto-lib-ts_verify_ctx.o) is incompatible with elf_x86_64
          ld.lld: error: /nix/store/1b6v1n6vy1qd8q73rhb0lb7r5jid1hsp-openssl-musl-static-aarch64-unknown-linux-musl-3.6.0/lib/libcrypto.a(libcrypto-lib-txt_db.o) is incompatible with elf_x86_64
          ld.lld: error: /nix/store/1b6v1n6vy1qd8q73rhb0lb7r5jid1hsp-openssl-musl-static-aarch64-unknown-linux-musl-3.6.0/lib/libcrypto.a(libcrypto-lib-ui_err.o) is incompatible with elf_x86_64
          ld.lld: error: /nix/store/1b6v1n6vy1qd8q73rhb0lb7r5jid1hsp-openssl-musl-static-aarch64-unknown-linux-musl-3.6.0/lib/libcrypto.a(libcrypto-lib-ui_lib.o) is incompatible with elf_x86_64
          ld.lld: error: /nix/store/1b6v1n6vy1qd8q73rhb0lb7r5jid1hsp-openssl-musl-static-aarch64-unknown-linux-musl-3.6.0/lib/libcrypto.a(libcrypto-lib-ui_null.o) is incompatible with elf_x86_64
          ld.lld: error: /nix/store/1b6v1n6vy1qd8q73rhb0lb7r5jid1hsp-openssl-musl-static-aarch64-unknown-linux-musl-3.6.0/lib/libcrypto.a(libcrypto-lib-ui_openssl.o) is incompatible with elf_x86_64
          ld.lld: error: /nix/store/1b6v1n6vy1qd8q73rhb0lb7r5jid1hsp-openssl-musl-static-aarch64-unknown-linux-musl-3.6.0/lib/libcrypto.a(libcrypto-lib-ui_util.o) is incompatible with elf_x86_64
          ld.lld: error: /nix/store/1b6v1n6vy1qd8q73rhb0lb7r5jid1hsp-openssl-musl-static-aarch64-unknown-linux-musl-3.6.0/lib/libcrypto.a(libcrypto-lib-wp_block.o) is incompatible with elf_x86_64
          ld.lld: error: /nix/store/1b6v1n6vy1qd8q73rhb0lb7r5jid1hsp-openssl-musl-static-aarch64-unknown-linux-musl-3.6.0/lib/libcrypto.a(libcrypto-lib-wp_dgst.o) is incompatible with elf_x86_64
          ld.lld: error: /nix/store/1b6v1n6vy1qd8q73rhb0lb7r5jid1hsp-openssl-musl-static-aarch64-unknown-linux-musl-3.6.0/lib/libcrypto.a(libcrypto-lib-by_dir.o) is incompatible with elf_x86_64
          ld.lld: error: /nix/store/1b6v1n6vy1qd8q73rhb0lb7r5jid1hsp-openssl-musl-static-aarch64-unknown-linux-musl-3.6.0/lib/libcrypto.a(libcrypto-lib-by_file.o) is incompatible with elf_x86_64
          ld.lld: error: /nix/store/1b6v1n6vy1qd8q73rhb0lb7r5jid1hsp-openssl-musl-static-aarch64-unknown-linux-musl-3.6.0/lib/libcrypto.a(libcrypto-lib-by_store.o) is incompatible with elf_x86_64
          ld.lld: error: /nix/store/1b6v1n6vy1qd8q73rhb0lb7r5jid1hsp-openssl-musl-static-aarch64-unknown-linux-musl-3.6.0/lib/libcrypto.a(libcrypto-lib-pcy_cache.o) is incompatible with elf_x86_64
          ld.lld: error: /nix/store/1b6v1n6vy1qd8q73rhb0lb7r5jid1hsp-openssl-musl-static-aarch64-unknown-linux-musl-3.6.0/lib/libcrypto.a(libcrypto-lib-pcy_data.o) is incompatible with elf_x86_64
          ld.lld: error: /nix/store/1b6v1n6vy1qd8q73rhb0lb7r5jid1hsp-openssl-musl-static-aarch64-unknown-linux-musl-3.6.0/lib/libcrypto.a(libcrypto-lib-pcy_lib.o) is incompatible with elf_x86_64
          ld.lld: error: /nix/store/1b6v1n6vy1qd8q73rhb0lb7r5jid1hsp-openssl-musl-static-aarch64-unknown-linux-musl-3.6.0/lib/libcrypto.a(libcrypto-lib-pcy_map.o) is incompatible with elf_x86_64
          ld.lld: error: /nix/store/1b6v1n6vy1qd8q73rhb0lb7r5jid1hsp-openssl-musl-static-aarch64-unknown-linux-musl-3.6.0/lib/libcrypto.a(libcrypto-lib-pcy_node.o) is incompatible with elf_x86_64
          ld.lld: error: /nix/store/1b6v1n6vy1qd8q73rhb0lb7r5jid1hsp-openssl-musl-static-aarch64-unknown-linux-musl-3.6.0/lib/libcrypto.a(libcrypto-lib-pcy_tree.o) is incompatible with elf_x86_64
          ld.lld: error: /nix/store/1b6v1n6vy1qd8q73rhb0lb7r5jid1hsp-openssl-musl-static-aarch64-unknown-linux-musl-3.6.0/lib/libcrypto.a(libcrypto-lib-t_acert.o) is incompatible with elf_x86_64
          ld.lld: error: /nix/store/1b6v1n6vy1qd8q73rhb0lb7r5jid1hsp-openssl-musl-static-aarch64-unknown-linux-musl-3.6.0/lib/libcrypto.a(libcrypto-lib-t_crl.o) is incompatible with elf_x86_64
          ld.lld: error: /nix/store/1b6v1n6vy1qd8q73rhb0lb7r5jid1hsp-openssl-musl-static-aarch64-unknown-linux-musl-3.6.0/lib/libcrypto.a(libcrypto-lib-t_req.o) is incompatible with elf_x86_64
          ld.lld: error: /nix/store/1b6v1n6vy1qd8q73rhb0lb7r5jid1hsp-openssl-musl-static-aarch64-unknown-linux-musl-3.6.0/lib/libcrypto.a(libcrypto-lib-t_x509.o) is incompatible with elf_x86_64
          ld.lld: error: /nix/store/1b6v1n6vy1qd8q73rhb0lb7r5jid1hsp-openssl-musl-static-aarch64-unknown-linux-musl-3.6.0/lib/libcrypto.a(libcrypto-lib-v3_aaa.o) is incompatible with elf_x86_64
          ld.lld: error: /nix/store/1b6v1n6vy1qd8q73rhb0lb7r5jid1hsp-openssl-musl-static-aarch64-unknown-linux-musl-3.6.0/lib/libcrypto.a(libcrypto-lib-v3_ac_tgt.o) is incompatible with elf_x86_64
          ld.lld: error: /nix/store/1b6v1n6vy1qd8q73rhb0lb7r5jid1hsp-openssl-musl-static-aarch64-unknown-linux-musl-3.6.0/lib/libcrypto.a(libcrypto-lib-v3_addr.o) is incompatible with elf_x86_64
          ld.lld: error: /nix/store/1b6v1n6vy1qd8q73rhb0lb7r5jid1hsp-openssl-musl-static-aarch64-unknown-linux-musl-3.6.0/lib/libcrypto.a(libcrypto-lib-v3_admis.o) is incompatible with elf_x86_64
          ld.lld: error: /nix/store/1b6v1n6vy1qd8q73rhb0lb7r5jid1hsp-openssl-musl-static-aarch64-unknown-linux-musl-3.6.0/lib/libcrypto.a(libcrypto-lib-v3_akeya.o) is incompatible with elf_x86_64
          ld.lld: error: /nix/store/1b6v1n6vy1qd8q73rhb0lb7r5jid1hsp-openssl-musl-static-aarch64-unknown-linux-musl-3.6.0/lib/libcrypto.a(libcrypto-lib-v3_akid.o) is incompatible with elf_x86_64
          ld.lld: error: /nix/store/1b6v1n6vy1qd8q73rhb0lb7r5jid1hsp-openssl-musl-static-aarch64-unknown-linux-musl-3.6.0/lib/libcrypto.a(libcrypto-lib-v3_asid.o) is incompatible with elf_x86_64
          ld.lld: error: /nix/store/1b6v1n6vy1qd8q73rhb0lb7r5jid1hsp-openssl-musl-static-aarch64-unknown-linux-musl-3.6.0/lib/libcrypto.a(libcrypto-lib-v3_attrdesc.o) is incompatible with elf_x86_64
          ld.lld: error: /nix/store/1b6v1n6vy1qd8q73rhb0lb7r5jid1hsp-openssl-musl-static-aarch64-unknown-linux-musl-3.6.0/lib/libcrypto.a(libcrypto-lib-v3_attrmap.o) is incompatible with elf_x86_64
          ld.lld: error: /nix/store/1b6v1n6vy1qd8q73rhb0lb7r5jid1hsp-openssl-musl-static-aarch64-unknown-linux-musl-3.6.0/lib/libcrypto.a(libcrypto-lib-v3_audit_id.o) is incompatible with elf_x86_64
          ld.lld: error: /nix/store/1b6v1n6vy1qd8q73rhb0lb7r5jid1hsp-openssl-musl-static-aarch64-unknown-linux-musl-3.6.0/lib/libcrypto.a(libcrypto-lib-v3_authattid.o) is incompatible with elf_x86_64
          ld.lld: error: /nix/store/1b6v1n6vy1qd8q73rhb0lb7r5jid1hsp-openssl-musl-static-aarch64-unknown-linux-musl-3.6.0/lib/libcrypto.a(libcrypto-lib-v3_battcons.o) is incompatible with elf_x86_64
          ld.lld: error: /nix/store/1b6v1n6vy1qd8q73rhb0lb7r5jid1hsp-openssl-musl-static-aarch64-unknown-linux-musl-3.6.0/lib/libcrypto.a(libcrypto-lib-v3_bcons.o) is incompatible with elf_x86_64
          ld.lld: error: /nix/store/1b6v1n6vy1qd8q73rhb0lb7r5jid1hsp-openssl-musl-static-aarch64-unknown-linux-musl-3.6.0/lib/libcrypto.a(libcrypto-lib-v3_bitst.o) is incompatible with elf_x86_64
          ld.lld: error: /nix/store/1b6v1n6vy1qd8q73rhb0lb7r5jid1hsp-openssl-musl-static-aarch64-unknown-linux-musl-3.6.0/lib/libcrypto.a(libcrypto-lib-v3_conf.o) is incompatible with elf_x86_64
          ld.lld: error: /nix/store/1b6v1n6vy1qd8q73rhb0lb7r5jid1hsp-openssl-musl-static-aarch64-unknown-linux-musl-3.6.0/lib/libcrypto.a(libcrypto-lib-v3_cpols.o) is incompatible with elf_x86_64
          ld.lld: error: /nix/store/1b6v1n6vy1qd8q73rhb0lb7r5jid1hsp-openssl-musl-static-aarch64-unknown-linux-musl-3.6.0/lib/libcrypto.a(libcrypto-lib-v3_crld.o) is incompatible with elf_x86_64
          ld.lld: error: /nix/store/1b6v1n6vy1qd8q73rhb0lb7r5jid1hsp-openssl-musl-static-aarch64-unknown-linux-musl-3.6.0/lib/libcrypto.a(libcrypto-lib-v3_enum.o) is incompatible with elf_x86_64
          ld.lld: error: /nix/store/1b6v1n6vy1qd8q73rhb0lb7r5jid1hsp-openssl-musl-static-aarch64-unknown-linux-musl-3.6.0/lib/libcrypto.a(libcrypto-lib-v3_extku.o) is incompatible with elf_x86_64
          ld.lld: error: /nix/store/1b6v1n6vy1qd8q73rhb0lb7r5jid1hsp-openssl-musl-static-aarch64-unknown-linux-musl-3.6.0/lib/libcrypto.a(libcrypto-lib-v3_genn.o) is incompatible with elf_x86_64
          ld.lld: error: /nix/store/1b6v1n6vy1qd8q73rhb0lb7r5jid1hsp-openssl-musl-static-aarch64-unknown-linux-musl-3.6.0/lib/libcrypto.a(libcrypto-lib-v3_group_ac.o) is incompatible with elf_x86_64
          ld.lld: error: /nix/store/1b6v1n6vy1qd8q73rhb0lb7r5jid1hsp-openssl-musl-static-aarch64-unknown-linux-musl-3.6.0/lib/libcrypto.a(libcrypto-lib-v3_ia5.o) is incompatible with elf_x86_64
          ld.lld: error: /nix/store/1b6v1n6vy1qd8q73rhb0lb7r5jid1hsp-openssl-musl-static-aarch64-unknown-linux-musl-3.6.0/lib/libcrypto.a(libcrypto-lib-v3_ind_iss.o) is incompatible with elf_x86_64
          ld.lld: error: /nix/store/1b6v1n6vy1qd8q73rhb0lb7r5jid1hsp-openssl-musl-static-aarch64-unknown-linux-musl-3.6.0/lib/libcrypto.a(libcrypto-lib-v3_info.o) is incompatible with elf_x86_64
          ld.lld: error: /nix/store/1b6v1n6vy1qd8q73rhb0lb7r5jid1hsp-openssl-musl-static-aarch64-unknown-linux-musl-3.6.0/lib/libcrypto.a(libcrypto-lib-v3_int.o) is incompatible with elf_x86_64
          ld.lld: error: /nix/store/1b6v1n6vy1qd8q73rhb0lb7r5jid1hsp-openssl-musl-static-aarch64-unknown-linux-musl-3.6.0/lib/libcrypto.a(libcrypto-lib-v3_iobo.o) is incompatible with elf_x86_64
          ld.lld: error: /nix/store/1b6v1n6vy1qd8q73rhb0lb7r5jid1hsp-openssl-musl-static-aarch64-unknown-linux-musl-3.6.0/lib/libcrypto.a(libcrypto-lib-v3_ist.o) is incompatible with elf_x86_64
          ld.lld: error: /nix/store/1b6v1n6vy1qd8q73rhb0lb7r5jid1hsp-openssl-musl-static-aarch64-unknown-linux-musl-3.6.0/lib/libcrypto.a(libcrypto-lib-v3_lib.o) is incompatible with elf_x86_64
          ld.lld: error: /nix/store/1b6v1n6vy1qd8q73rhb0lb7r5jid1hsp-openssl-musl-static-aarch64-unknown-linux-musl-3.6.0/lib/libcrypto.a(libcrypto-lib-v3_ncons.o) is incompatible with elf_x86_64
          ld.lld: error: /nix/store/1b6v1n6vy1qd8q73rhb0lb7r5jid1hsp-openssl-musl-static-aarch64-unknown-linux-musl-3.6.0/lib/libcrypto.a(libcrypto-lib-v3_no_ass.o) is incompatible with elf_x86_64
          ld.lld: error: /nix/store/1b6v1n6vy1qd8q73rhb0lb7r5jid1hsp-openssl-musl-static-aarch64-unknown-linux-musl-3.6.0/lib/libcrypto.a(libcrypto-lib-v3_no_rev_avail.o) is incompatible with elf_x86_64
          ld.lld: error: /nix/store/1b6v1n6vy1qd8q73rhb0lb7r5jid1hsp-openssl-musl-static-aarch64-unknown-linux-musl-3.6.0/lib/libcrypto.a(libcrypto-lib-v3_pci.o) is incompatible with elf_x86_64
          ld.lld: error: /nix/store/1b6v1n6vy1qd8q73rhb0lb7r5jid1hsp-openssl-musl-static-aarch64-unknown-linux-musl-3.6.0/lib/libcrypto.a(libcrypto-lib-v3_pcia.o) is incompatible with elf_x86_64
          ld.lld: error: /nix/store/1b6v1n6vy1qd8q73rhb0lb7r5jid1hsp-openssl-musl-static-aarch64-unknown-linux-musl-3.6.0/lib/libcrypto.a(libcrypto-lib-v3_pcons.o) is incompatible with elf_x86_64
          ld.lld: error: /nix/store/1b6v1n6vy1qd8q73rhb0lb7r5jid1hsp-openssl-musl-static-aarch64-unknown-linux-musl-3.6.0/lib/libcrypto.a(libcrypto-lib-v3_pku.o) is incompatible with elf_x86_64
          ld.lld: error: /nix/store/1b6v1n6vy1qd8q73rhb0lb7r5jid1hsp-openssl-musl-static-aarch64-unknown-linux-musl-3.6.0/lib/libcrypto.a(libcrypto-lib-v3_pmaps.o) is incompatible with elf_x86_64
          ld.lld: error: /nix/store/1b6v1n6vy1qd8q73rhb0lb7r5jid1hsp-openssl-musl-static-aarch64-unknown-linux-musl-3.6.0/lib/libcrypto.a(libcrypto-lib-v3_prn.o) is incompatible with elf_x86_64
          ld.lld: error: /nix/store/1b6v1n6vy1qd8q73rhb0lb7r5jid1hsp-openssl-musl-static-aarch64-unknown-linux-musl-3.6.0/lib/libcrypto.a(libcrypto-lib-v3_purp.o) is incompatible with elf_x86_64
          ld.lld: error: /nix/store/1b6v1n6vy1qd8q73rhb0lb7r5jid1hsp-openssl-musl-static-aarch64-unknown-linux-musl-3.6.0/lib/libcrypto.a(libcrypto-lib-v3_rolespec.o) is incompatible with elf_x86_64
          ld.lld: error: /nix/store/1b6v1n6vy1qd8q73rhb0lb7r5jid1hsp-openssl-musl-static-aarch64-unknown-linux-musl-3.6.0/lib/libcrypto.a(libcrypto-lib-v3_san.o) is incompatible with elf_x86_64
          ld.lld: error: /nix/store/1b6v1n6vy1qd8q73rhb0lb7r5jid1hsp-openssl-musl-static-aarch64-unknown-linux-musl-3.6.0/lib/libcrypto.a(libcrypto-lib-v3_sda.o) is incompatible with elf_x86_64
          ld.lld: error: /nix/store/1b6v1n6vy1qd8q73rhb0lb7r5jid1hsp-openssl-musl-static-aarch64-unknown-linux-musl-3.6.0/lib/libcrypto.a(libcrypto-lib-v3_single_use.o) is incompatible with elf_x86_64
          ld.lld: error: /nix/store/1b6v1n6vy1qd8q73rhb0lb7r5jid1hsp-openssl-musl-static-aarch64-unknown-linux-musl-3.6.0/lib/libcrypto.a(libcrypto-lib-v3_skid.o) is incompatible with elf_x86_64
          ld.lld: error: /nix/store/1b6v1n6vy1qd8q73rhb0lb7r5jid1hsp-openssl-musl-static-aarch64-unknown-linux-musl-3.6.0/lib/libcrypto.a(libcrypto-lib-v3_soa_id.o) is incompatible with elf_x86_64
          ld.lld: error: /nix/store/1b6v1n6vy1qd8q73rhb0lb7r5jid1hsp-openssl-musl-static-aarch64-unknown-linux-musl-3.6.0/lib/libcrypto.a(libcrypto-lib-v3_sxnet.o) is incompatible with elf_x86_64
          ld.lld: error: /nix/store/1b6v1n6vy1qd8q73rhb0lb7r5jid1hsp-openssl-musl-static-aarch64-unknown-linux-musl-3.6.0/lib/libcrypto.a(libcrypto-lib-v3_timespec.o) is incompatible with elf_x86_64
          ld.lld: error: /nix/store/1b6v1n6vy1qd8q73rhb0lb7r5jid1hsp-openssl-musl-static-aarch64-unknown-linux-musl-3.6.0/lib/libcrypto.a(libcrypto-lib-v3_tlsf.o) is incompatible with elf_x86_64
          ld.lld: error: /nix/store/1b6v1n6vy1qd8q73rhb0lb7r5jid1hsp-openssl-musl-static-aarch64-unknown-linux-musl-3.6.0/lib/libcrypto.a(libcrypto-lib-v3_usernotice.o) is incompatible with elf_x86_64
          ld.lld: error: /nix/store/1b6v1n6vy1qd8q73rhb0lb7r5jid1hsp-openssl-musl-static-aarch64-unknown-linux-musl-3.6.0/lib/libcrypto.a(libcrypto-lib-v3_utf8.o) is incompatible with elf_x86_64
          ld.lld: error: /nix/store/1b6v1n6vy1qd8q73rhb0lb7r5jid1hsp-openssl-musl-static-aarch64-unknown-linux-musl-3.6.0/lib/libcrypto.a(libcrypto-lib-v3_utl.o) is incompatible with elf_x86_64
          ld.lld: error: /nix/store/1b6v1n6vy1qd8q73rhb0lb7r5jid1hsp-openssl-musl-static-aarch64-unknown-linux-musl-3.6.0/lib/libcrypto.a(libcrypto-lib-v3err.o) is incompatible with elf_x86_64
          ld.lld: error: /nix/store/1b6v1n6vy1qd8q73rhb0lb7r5jid1hsp-openssl-musl-static-aarch64-unknown-linux-musl-3.6.0/lib/libcrypto.a(libcrypto-lib-x509_acert.o) is incompatible with elf_x86_64
          ld.lld: error: /nix/store/1b6v1n6vy1qd8q73rhb0lb7r5jid1hsp-openssl-musl-static-aarch64-unknown-linux-musl-3.6.0/lib/libcrypto.a(libcrypto-lib-x509_att.o) is incompatible with elf_x86_64
          ld.lld: error: /nix/store/1b6v1n6vy1qd8q73rhb0lb7r5jid1hsp-openssl-musl-static-aarch64-unknown-linux-musl-3.6.0/lib/libcrypto.a(libcrypto-lib-x509_cmp.o) is incompatible with elf_x86_64
          ld.lld: error: /nix/store/1b6v1n6vy1qd8q73rhb0lb7r5jid1hsp-openssl-musl-static-aarch64-unknown-linux-musl-3.6.0/lib/libcrypto.a(libcrypto-lib-x509_d2.o) is incompatible with elf_x86_64
          ld.lld: error: /nix/store/1b6v1n6vy1qd8q73rhb0lb7r5jid1hsp-openssl-musl-static-aarch64-unknown-linux-musl-3.6.0/lib/libcrypto.a(libcrypto-lib-x509_def.o) is incompatible with elf_x86_64
          ld.lld: error: /nix/store/1b6v1n6vy1qd8q73rhb0lb7r5jid1hsp-openssl-musl-static-aarch64-unknown-linux-musl-3.6.0/lib/libcrypto.a(libcrypto-lib-x509_err.o) is incompatible with elf_x86_64
          ld.lld: error: /nix/store/1b6v1n6vy1qd8q73rhb0lb7r5jid1hsp-openssl-musl-static-aarch64-unknown-linux-musl-3.6.0/lib/libcrypto.a(libcrypto-lib-x509_ext.o) is incompatible with elf_x86_64
          ld.lld: error: /nix/store/1b6v1n6vy1qd8q73rhb0lb7r5jid1hsp-openssl-musl-static-aarch64-unknown-linux-musl-3.6.0/lib/libcrypto.a(libcrypto-lib-x509_lu.o) is incompatible with elf_x86_64
          ld.lld: error: /nix/store/1b6v1n6vy1qd8q73rhb0lb7r5jid1hsp-openssl-musl-static-aarch64-unknown-linux-musl-3.6.0/lib/libcrypto.a(libcrypto-lib-x509_meth.o) is incompatible with elf_x86_64
          ld.lld: error: /nix/store/1b6v1n6vy1qd8q73rhb0lb7r5jid1hsp-openssl-musl-static-aarch64-unknown-linux-musl-3.6.0/lib/libcrypto.a(libcrypto-lib-x509_obj.o) is incompatible with elf_x86_64
          ld.lld: error: /nix/store/1b6v1n6vy1qd8q73rhb0lb7r5jid1hsp-openssl-musl-static-aarch64-unknown-linux-musl-3.6.0/lib/libcrypto.a(libcrypto-lib-x509_r2x.o) is incompatible with elf_x86_64
          ld.lld: error: /nix/store/1b6v1n6vy1qd8q73rhb0lb7r5jid1hsp-openssl-musl-static-aarch64-unknown-linux-musl-3.6.0/lib/libcrypto.a(libcrypto-lib-x509_req.o) is incompatible with elf_x86_64
          ld.lld: error: /nix/store/1b6v1n6vy1qd8q73rhb0lb7r5jid1hsp-openssl-musl-static-aarch64-unknown-linux-musl-3.6.0/lib/libcrypto.a(libcrypto-lib-x509_set.o) is incompatible with elf_x86_64
          ld.lld: error: /nix/store/1b6v1n6vy1qd8q73rhb0lb7r5jid1hsp-openssl-musl-static-aarch64-unknown-linux-musl-3.6.0/lib/libcrypto.a(libcrypto-lib-x509_trust.o) is incompatible with elf_x86_64
          ld.lld: error: /nix/store/1b6v1n6vy1qd8q73rhb0lb7r5jid1hsp-openssl-musl-static-aarch64-unknown-linux-musl-3.6.0/lib/libcrypto.a(libcrypto-lib-x509_txt.o) is incompatible with elf_x86_64
          ld.lld: error: /nix/store/1b6v1n6vy1qd8q73rhb0lb7r5jid1hsp-openssl-musl-static-aarch64-unknown-linux-musl-3.6.0/lib/libcrypto.a(libcrypto-lib-x509_v3.o) is incompatible with elf_x86_64
          ld.lld: error: /nix/store/1b6v1n6vy1qd8q73rhb0lb7r5jid1hsp-openssl-musl-static-aarch64-unknown-linux-musl-3.6.0/lib/libcrypto.a(libcrypto-lib-x509_vfy.o) is incompatible with elf_x86_64
          ld.lld: error: /nix/store/1b6v1n6vy1qd8q73rhb0lb7r5jid1hsp-openssl-musl-static-aarch64-unknown-linux-musl-3.6.0/lib/libcrypto.a(libcrypto-lib-x509_vpm.o) is incompatible with elf_x86_64
          ld.lld: error: /nix/store/1b6v1n6vy1qd8q73rhb0lb7r5jid1hsp-openssl-musl-static-aarch64-unknown-linux-musl-3.6.0/lib/libcrypto.a(libcrypto-lib-x509aset.o) is incompatible with elf_x86_64
          ld.lld: error: /nix/store/1b6v1n6vy1qd8q73rhb0lb7r5jid1hsp-openssl-musl-static-aarch64-unknown-linux-musl-3.6.0/lib/libcrypto.a(libcrypto-lib-x509cset.o) is incompatible with elf_x86_64
          ld.lld: error: /nix/store/1b6v1n6vy1qd8q73rhb0lb7r5jid1hsp-openssl-musl-static-aarch64-unknown-linux-musl-3.6.0/lib/libcrypto.a(libcrypto-lib-x509name.o) is incompatible with elf_x86_64
          ld.lld: error: /nix/store/1b6v1n6vy1qd8q73rhb0lb7r5jid1hsp-openssl-musl-static-aarch64-unknown-linux-musl-3.6.0/lib/libcrypto.a(libcrypto-lib-x509rset.o) is incompatible with elf_x86_64
          ld.lld: error: /nix/store/1b6v1n6vy1qd8q73rhb0lb7r5jid1hsp-openssl-musl-static-aarch64-unknown-linux-musl-3.6.0/lib/libcrypto.a(libcrypto-lib-x509spki.o) is incompatible with elf_x86_64
          ld.lld: error: /nix/store/1b6v1n6vy1qd8q73rhb0lb7r5jid1hsp-openssl-musl-static-aarch64-unknown-linux-musl-3.6.0/lib/libcrypto.a(libcrypto-lib-x509type.o) is incompatible with elf_x86_64
          ld.lld: error: /nix/store/1b6v1n6vy1qd8q73rhb0lb7r5jid1hsp-openssl-musl-static-aarch64-unknown-linux-musl-3.6.0/lib/libcrypto.a(libcrypto-lib-x_all.o) is incompatible with elf_x86_64
          ld.lld: error: /nix/store/1b6v1n6vy1qd8q73rhb0lb7r5jid1hsp-openssl-musl-static-aarch64-unknown-linux-musl-3.6.0/lib/libcrypto.a(libcrypto-lib-x_attrib.o) is incompatible with elf_x86_64
          ld.lld: error: /nix/store/1b6v1n6vy1qd8q73rhb0lb7r5jid1hsp-openssl-musl-static-aarch64-unknown-linux-musl-3.6.0/lib/libcrypto.a(libcrypto-lib-x_crl.o) is incompatible with elf_x86_64
          ld.lld: error: /nix/store/1b6v1n6vy1qd8q73rhb0lb7r5jid1hsp-openssl-musl-static-aarch64-unknown-linux-musl-3.6.0/lib/libcrypto.a(libcrypto-lib-x_exten.o) is incompatible with elf_x86_64
          ld.lld: error: /nix/store/1b6v1n6vy1qd8q73rhb0lb7r5jid1hsp-openssl-musl-static-aarch64-unknown-linux-musl-3.6.0/lib/libcrypto.a(libcrypto-lib-x_ietfatt.o) is incompatible with elf_x86_64
          ld.lld: error: /nix/store/1b6v1n6vy1qd8q73rhb0lb7r5jid1hsp-openssl-musl-static-aarch64-unknown-linux-musl-3.6.0/lib/libcrypto.a(libcrypto-lib-x_name.o) is incompatible with elf_x86_64
          ld.lld: error: /nix/store/1b6v1n6vy1qd8q73rhb0lb7r5jid1hsp-openssl-musl-static-aarch64-unknown-linux-musl-3.6.0/lib/libcrypto.a(libcrypto-lib-x_pubkey.o) is incompatible with elf_x86_64
          ld.lld: error: /nix/store/1b6v1n6vy1qd8q73rhb0lb7r5jid1hsp-openssl-musl-static-aarch64-unknown-linux-musl-3.6.0/lib/libcrypto.a(libcrypto-lib-x_req.o) is incompatible with elf_x86_64
          ld.lld: error: /nix/store/1b6v1n6vy1qd8q73rhb0lb7r5jid1hsp-openssl-musl-static-aarch64-unknown-linux-musl-3.6.0/lib/libcrypto.a(libcrypto-lib-x_x509.o) is incompatible with elf_x86_64
          ld.lld: error: /nix/store/1b6v1n6vy1qd8q73rhb0lb7r5jid1hsp-openssl-musl-static-aarch64-unknown-linux-musl-3.6.0/lib/libcrypto.a(libcrypto-lib-x_x509a.o) is incompatible with elf_x86_64
          ld.lld: error: /nix/store/1b6v1n6vy1qd8q73rhb0lb7r5jid1hsp-openssl-musl-static-aarch64-unknown-linux-musl-3.6.0/lib/libcrypto.a(libcrypto-lib-e_capi.o) is incompatible with elf_x86_64
          ld.lld: error: /nix/store/1b6v1n6vy1qd8q73rhb0lb7r5jid1hsp-openssl-musl-static-aarch64-unknown-linux-musl-3.6.0/lib/libcrypto.a(libcrypto-lib-e_padlock.o) is incompatible with elf_x86_64
          ld.lld: error: /nix/store/1b6v1n6vy1qd8q73rhb0lb7r5jid1hsp-openssl-musl-static-aarch64-unknown-linux-musl-3.6.0/lib/libcrypto.a(libcrypto-lib-baseprov.o) is incompatible with elf_x86_64
          ld.lld: error: /nix/store/1b6v1n6vy1qd8q73rhb0lb7r5jid1hsp-openssl-musl-static-aarch64-unknown-linux-musl-3.6.0/lib/libcrypto.a(libcrypto-lib-defltprov.o) is incompatible with elf_x86_64
          ld.lld: error: /nix/store/1b6v1n6vy1qd8q73rhb0lb7r5jid1hsp-openssl-musl-static-aarch64-unknown-linux-musl-3.6.0/lib/libcrypto.a(libcrypto-lib-legacyprov.o) is incompatible with elf_x86_64
          ld.lld: error: /nix/store/1b6v1n6vy1qd8q73rhb0lb7r5jid1hsp-openssl-musl-static-aarch64-unknown-linux-musl-3.6.0/lib/libcrypto.a(libcrypto-lib-nullprov.o) is incompatible with elf_x86_64
          ld.lld: error: /nix/store/1b6v1n6vy1qd8q73rhb0lb7r5jid1hsp-openssl-musl-static-aarch64-unknown-linux-musl-3.6.0/lib/libcrypto.a(libcrypto-lib-prov_running.o) is incompatible with elf_x86_64
          ld.lld: error: /nix/store/1b6v1n6vy1qd8q73rhb0lb7r5jid1hsp-openssl-musl-static-aarch64-unknown-linux-musl-3.6.0/lib/libcrypto.a(libdefault-lib-der_rsa_sig.o) is incompatible with elf_x86_64
          ld.lld: error: /nix/store/1b6v1n6vy1qd8q73rhb0lb7r5jid1hsp-openssl-musl-static-aarch64-unknown-linux-musl-3.6.0/lib/libcrypto.a(libdefault-lib-der_sm2_gen.o) is incompatible with elf_x86_64
          ld.lld: error: /nix/store/1b6v1n6vy1qd8q73rhb0lb7r5jid1hsp-openssl-musl-static-aarch64-unknown-linux-musl-3.6.0/lib/libcrypto.a(libdefault-lib-der_sm2_key.o) is incompatible with elf_x86_64
          ld.lld: error: /nix/store/1b6v1n6vy1qd8q73rhb0lb7r5jid1hsp-openssl-musl-static-aarch64-unknown-linux-musl-3.6.0/lib/libcrypto.a(libdefault-lib-der_sm2_sig.o) is incompatible with elf_x86_64
          ld.lld: error: /nix/store/1b6v1n6vy1qd8q73rhb0lb7r5jid1hsp-openssl-musl-static-aarch64-unknown-linux-musl-3.6.0/lib/libcrypto.a(libdefault-lib-bio_prov.o) is incompatible with elf_x86_64
          ld.lld: error: /nix/store/1b6v1n6vy1qd8q73rhb0lb7r5jid1hsp-openssl-musl-static-aarch64-unknown-linux-musl-3.6.0/lib/libcrypto.a(libdefault-lib-capabilities.o) is incompatible with elf_x86_64
          ld.lld: error: /nix/store/1b6v1n6vy1qd8q73rhb0lb7r5jid1hsp-openssl-musl-static-aarch64-unknown-linux-musl-3.6.0/lib/libcrypto.a(libdefault-lib-digest_to_nid.o) is incompatible with elf_x86_64
          ld.lld: error: /nix/store/1b6v1n6vy1qd8q73rhb0lb7r5jid1hsp-openssl-musl-static-aarch64-unknown-linux-musl-3.6.0/lib/libcrypto.a(libdefault-lib-provider_seeding.o) is incompatible with elf_x86_64
          ld.lld: error: /nix/store/1b6v1n6vy1qd8q73rhb0lb7r5jid1hsp-openssl-musl-static-aarch64-unknown-linux-musl-3.6.0/lib/libcrypto.a(libdefault-lib-provider_util.o) is incompatible with elf_x86_64
          ld.lld: error: /nix/store/1b6v1n6vy1qd8q73rhb0lb7r5jid1hsp-openssl-musl-static-aarch64-unknown-linux-musl-3.6.0/lib/libcrypto.a(libdefault-lib-securitycheck.o) is incompatible with elf_x86_64
          ld.lld: error: /nix/store/1b6v1n6vy1qd8q73rhb0lb7r5jid1hsp-openssl-musl-static-aarch64-unknown-linux-musl-3.6.0/lib/libcrypto.a(libdefault-lib-securitycheck_default.o) is incompatible with elf_x86_64
          ld.lld: error: /nix/store/1b6v1n6vy1qd8q73rhb0lb7r5jid1hsp-openssl-musl-static-aarch64-unknown-linux-musl-3.6.0/lib/libcrypto.a(libdefault-lib-rsa_enc.o) is incompatible with elf_x86_64
          ld.lld: error: /nix/store/1b6v1n6vy1qd8q73rhb0lb7r5jid1hsp-openssl-musl-static-aarch64-unknown-linux-musl-3.6.0/lib/libcrypto.a(libdefault-lib-sm2_enc.o) is incompatible with elf_x86_64
          ld.lld: error: /nix/store/1b6v1n6vy1qd8q73rhb0lb7r5jid1hsp-openssl-musl-static-aarch64-unknown-linux-musl-3.6.0/lib/libcrypto.a(libdefault-lib-cipher_aes.o) is incompatible with elf_x86_64
          ld.lld: error: /nix/store/1b6v1n6vy1qd8q73rhb0lb7r5jid1hsp-openssl-musl-static-aarch64-unknown-linux-musl-3.6.0/lib/libcrypto.a(libdefault-lib-cipher_aes_cbc_hmac_sha.o) is incompatible with elf_x86_64
          ld.lld: error: /nix/store/1b6v1n6vy1qd8q73rhb0lb7r5jid1hsp-openssl-musl-static-aarch64-unknown-linux-musl-3.6.0/lib/libcrypto.a(libdefault-lib-cipher_aes_cbc_hmac_sha1_etm_hw.o) is incompatible with elf_x86_64
          ld.lld: error: /nix/store/1b6v1n6vy1qd8q73rhb0lb7r5jid1hsp-openssl-musl-static-aarch64-unknown-linux-musl-3.6.0/lib/libcrypto.a(libdefault-lib-cipher_aes_cbc_hmac_sha1_hw.o) is incompatible with elf_x86_64
          ld.lld: error: /nix/store/1b6v1n6vy1qd8q73rhb0lb7r5jid1hsp-openssl-musl-static-aarch64-unknown-linux-musl-3.6.0/lib/libcrypto.a(libdefault-lib-cipher_aes_cbc_hmac_sha256_etm_hw.o) is incompatible with elf_x86_64
          ld.lld: error: /nix/store/1b6v1n6vy1qd8q73rhb0lb7r5jid1hsp-openssl-musl-static-aarch64-unknown-linux-musl-3.6.0/lib/libcrypto.a(libdefault-lib-cipher_aes_cbc_hmac_sha256_hw.o) is incompatible with elf_x86_64
          ld.lld: error: /nix/store/1b6v1n6vy1qd8q73rhb0lb7r5jid1hsp-openssl-musl-static-aarch64-unknown-linux-musl-3.6.0/lib/libcrypto.a(libdefault-lib-cipher_aes_cbc_hmac_sha512_etm_hw.o) is incompatible with elf_x86_64
          ld.lld: error: /nix/store/1b6v1n6vy1qd8q73rhb0lb7r5jid1hsp-openssl-musl-static-aarch64-unknown-linux-musl-3.6.0/lib/libcrypto.a(libdefault-lib-cipher_aes_cbc_hmac_sha_etm.o) is incompatible with elf_x86_64
          ld.lld: error: /nix/store/1b6v1n6vy1qd8q73rhb0lb7r5jid1hsp-openssl-musl-static-aarch64-unknown-linux-musl-3.6.0/lib/libcrypto.a(libdefault-lib-cipher_aes_ccm.o) is incompatible with elf_x86_64
          ld.lld: error: /nix/store/1b6v1n6vy1qd8q73rhb0lb7r5jid1hsp-openssl-musl-static-aarch64-unknown-linux-musl-3.6.0/lib/libcrypto.a(libdefault-lib-cipher_aes_ccm_hw.o) is incompatible with elf_x86_64
          ld.lld: error: /nix/store/1b6v1n6vy1qd8q73rhb0lb7r5jid1hsp-openssl-musl-static-aarch64-unknown-linux-musl-3.6.0/lib/libcrypto.a(libdefault-lib-cipher_aes_cfb_hw.o) is incompatible with elf_x86_64
          ld.lld: error: /nix/store/1b6v1n6vy1qd8q73rhb0lb7r5jid1hsp-openssl-musl-static-aarch64-unknown-linux-musl-3.6.0/lib/libcrypto.a(libdefault-lib-cipher_aes_gcm.o) is incompatible with elf_x86_64
          ld.lld: error: /nix/store/1b6v1n6vy1qd8q73rhb0lb7r5jid1hsp-openssl-musl-static-aarch64-unknown-linux-musl-3.6.0/lib/libcrypto.a(libdefault-lib-cipher_aes_gcm_hw.o) is incompatible with elf_x86_64
          ld.lld: error: /nix/store/1b6v1n6vy1qd8q73rhb0lb7r5jid1hsp-openssl-musl-static-aarch64-unknown-linux-musl-3.6.0/lib/libcrypto.a(libdefault-lib-cipher_aes_gcm_siv.o) is incompatible with elf_x86_64
          ld.lld: error: /nix/store/1b6v1n6vy1qd8q73rhb0lb7r5jid1hsp-openssl-musl-static-aarch64-unknown-linux-musl-3.6.0/lib/libcrypto.a(libdefault-lib-cipher_aes_gcm_siv_hw.o) is incompatible with elf_x86_64
          ld.lld: error: /nix/store/1b6v1n6vy1qd8q73rhb0lb7r5jid1hsp-openssl-musl-static-aarch64-unknown-linux-musl-3.6.0/lib/libcrypto.a(libdefault-lib-cipher_aes_gcm_siv_polyval.o) is incompatible with elf_x86_64
          ld.lld: error: /nix/store/1b6v1n6vy1qd8q73rhb0lb7r5jid1hsp-openssl-musl-static-aarch64-unknown-linux-musl-3.6.0/lib/libcrypto.a(libdefault-lib-cipher_aes_hw.o) is incompatible with elf_x86_64
          ld.lld: error: /nix/store/1b6v1n6vy1qd8q73rhb0lb7r5jid1hsp-openssl-musl-static-aarch64-unknown-linux-musl-3.6.0/lib/libcrypto.a(libdefault-lib-cipher_aes_ocb.o) is incompatible with elf_x86_64
          ld.lld: error: /nix/store/1b6v1n6vy1qd8q73rhb0lb7r5jid1hsp-openssl-musl-static-aarch64-unknown-linux-musl-3.6.0/lib/libcrypto.a(libdefault-lib-cipher_aes_ocb_hw.o) is incompatible with elf_x86_64
          ld.lld: error: /nix/store/1b6v1n6vy1qd8q73rhb0lb7r5jid1hsp-openssl-musl-static-aarch64-unknown-linux-musl-3.6.0/lib/libcrypto.a(libdefault-lib-cipher_aes_siv.o) is incompatible with elf_x86_64
          ld.lld: error: /nix/store/1b6v1n6vy1qd8q73rhb0lb7r5jid1hsp-openssl-musl-static-aarch64-unknown-linux-musl-3.6.0/lib/libcrypto.a(libdefault-lib-cipher_aes_siv_hw.o) is incompatible with elf_x86_64
          ld.lld: error: /nix/store/1b6v1n6vy1qd8q73rhb0lb7r5jid1hsp-openssl-musl-static-aarch64-unknown-linux-musl-3.6.0/lib/libcrypto.a(libdefault-lib-cipher_aes_wrp.o) is incompatible with elf_x86_64
          ld.lld: error: /nix/store/1b6v1n6vy1qd8q73rhb0lb7r5jid1hsp-openssl-musl-static-aarch64-unknown-linux-musl-3.6.0/lib/libcrypto.a(libdefault-lib-cipher_aes_xts.o) is incompatible with elf_x86_64
          ld.lld: error: /nix/store/1b6v1n6vy1qd8q73rhb0lb7r5jid1hsp-openssl-musl-static-aarch64-unknown-linux-musl-3.6.0/lib/libcrypto.a(libdefault-lib-cipher_aes_xts_fips.o) is incompatible with elf_x86_64
          ld.lld: error: /nix/store/1b6v1n6vy1qd8q73rhb0lb7r5jid1hsp-openssl-musl-static-aarch64-unknown-linux-musl-3.6.0/lib/libcrypto.a(libdefault-lib-cipher_aes_xts_hw.o) is incompatible with elf_x86_64
          ld.lld: error: /nix/store/1b6v1n6vy1qd8q73rhb0lb7r5jid1hsp-openssl-musl-static-aarch64-unknown-linux-musl-3.6.0/lib/libcrypto.a(libdefault-lib-cipher_aria.o) is incompatible with elf_x86_64
          ld.lld: error: /nix/store/1b6v1n6vy1qd8q73rhb0lb7r5jid1hsp-openssl-musl-static-aarch64-unknown-linux-musl-3.6.0/lib/libcrypto.a(libdefault-lib-cipher_aria_ccm.o) is incompatible with elf_x86_64
          ld.lld: error: /nix/store/1b6v1n6vy1qd8q73rhb0lb7r5jid1hsp-openssl-musl-static-aarch64-unknown-linux-musl-3.6.0/lib/libcrypto.a(libdefault-lib-cipher_aria_ccm_hw.o) is incompatible with elf_x86_64
          ld.lld: error: /nix/store/1b6v1n6vy1qd8q73rhb0lb7r5jid1hsp-openssl-musl-static-aarch64-unknown-linux-musl-3.6.0/lib/libcrypto.a(libdefault-lib-cipher_aria_gcm.o) is incompatible with elf_x86_64
          ld.lld: error: /nix/store/1b6v1n6vy1qd8q73rhb0lb7r5jid1hsp-openssl-musl-static-aarch64-unknown-linux-musl-3.6.0/lib/libcrypto.a(libdefault-lib-cipher_aria_gcm_hw.o) is incompatible with elf_x86_64
          ld.lld: error: /nix/store/1b6v1n6vy1qd8q73rhb0lb7r5jid1hsp-openssl-musl-static-aarch64-unknown-linux-musl-3.6.0/lib/libcrypto.a(libdefault-lib-cipher_aria_hw.o) is incompatible with elf_x86_64
          ld.lld: error: /nix/store/1b6v1n6vy1qd8q73rhb0lb7r5jid1hsp-openssl-musl-static-aarch64-unknown-linux-musl-3.6.0/lib/libcrypto.a(libdefault-lib-cipher_camellia.o) is incompatible with elf_x86_64
          ld.lld: error: /nix/store/1b6v1n6vy1qd8q73rhb0lb7r5jid1hsp-openssl-musl-static-aarch64-unknown-linux-musl-3.6.0/lib/libcrypto.a(libdefault-lib-cipher_camellia_hw.o) is incompatible with elf_x86_64
          ld.lld: error: /nix/store/1b6v1n6vy1qd8q73rhb0lb7r5jid1hsp-openssl-musl-static-aarch64-unknown-linux-musl-3.6.0/lib/libcrypto.a(libdefault-lib-cipher_chacha20.o) is incompatible with elf_x86_64
          ld.lld: error: /nix/store/1b6v1n6vy1qd8q73rhb0lb7r5jid1hsp-openssl-musl-static-aarch64-unknown-linux-musl-3.6.0/lib/libcrypto.a(libdefault-lib-cipher_chacha20_hw.o) is incompatible with elf_x86_64
          ld.lld: error: /nix/store/1b6v1n6vy1qd8q73rhb0lb7r5jid1hsp-openssl-musl-static-aarch64-unknown-linux-musl-3.6.0/lib/libcrypto.a(libdefault-lib-cipher_chacha20_poly1305.o) is incompatible with elf_x86_64
          ld.lld: error: /nix/store/1b6v1n6vy1qd8q73rhb0lb7r5jid1hsp-openssl-musl-static-aarch64-unknown-linux-musl-3.6.0/lib/libcrypto.a(libdefault-lib-cipher_chacha20_poly1305_hw.o) is incompatible with elf_x86_64
          ld.lld: error: /nix/store/1b6v1n6vy1qd8q73rhb0lb7r5jid1hsp-openssl-musl-static-aarch64-unknown-linux-musl-3.6.0/lib/libcrypto.a(libdefault-lib-cipher_cts.o) is incompatible with elf_x86_64
          ld.lld: error: /nix/store/1b6v1n6vy1qd8q73rhb0lb7r5jid1hsp-openssl-musl-static-aarch64-unknown-linux-musl-3.6.0/lib/libcrypto.a(libdefault-lib-cipher_null.o) is incompatible with elf_x86_64
          ld.lld: error: /nix/store/1b6v1n6vy1qd8q73rhb0lb7r5jid1hsp-openssl-musl-static-aarch64-unknown-linux-musl-3.6.0/lib/libcrypto.a(libdefault-lib-cipher_sm4.o) is incompatible with elf_x86_64
          ld.lld: error: /nix/store/1b6v1n6vy1qd8q73rhb0lb7r5jid1hsp-openssl-musl-static-aarch64-unknown-linux-musl-3.6.0/lib/libcrypto.a(libdefault-lib-cipher_sm4_ccm.o) is incompatible with elf_x86_64
          ld.lld: error: /nix/store/1b6v1n6vy1qd8q73rhb0lb7r5jid1hsp-openssl-musl-static-aarch64-unknown-linux-musl-3.6.0/lib/libcrypto.a(libdefault-lib-cipher_sm4_ccm_hw.o) is incompatible with elf_x86_64
          ld.lld: error: /nix/store/1b6v1n6vy1qd8q73rhb0lb7r5jid1hsp-openssl-musl-static-aarch64-unknown-linux-musl-3.6.0/lib/libcrypto.a(libdefault-lib-cipher_sm4_gcm.o) is incompatible with elf_x86_64
          ld.lld: error: /nix/store/1b6v1n6vy1qd8q73rhb0lb7r5jid1hsp-openssl-musl-static-aarch64-unknown-linux-musl-3.6.0/lib/libcrypto.a(libdefault-lib-cipher_sm4_gcm_hw.o) is incompatible with elf_x86_64
          ld.lld: error: /nix/store/1b6v1n6vy1qd8q73rhb0lb7r5jid1hsp-openssl-musl-static-aarch64-unknown-linux-musl-3.6.0/lib/libcrypto.a(libdefault-lib-cipher_sm4_hw.o) is incompatible with elf_x86_64
          ld.lld: error: /nix/store/1b6v1n6vy1qd8q73rhb0lb7r5jid1hsp-openssl-musl-static-aarch64-unknown-linux-musl-3.6.0/lib/libcrypto.a(libdefault-lib-cipher_sm4_xts.o) is incompatible with elf_x86_64
          ld.lld: error: /nix/store/1b6v1n6vy1qd8q73rhb0lb7r5jid1hsp-openssl-musl-static-aarch64-unknown-linux-musl-3.6.0/lib/libcrypto.a(libdefault-lib-cipher_sm4_xts_hw.o) is incompatible with elf_x86_64
          ld.lld: error: /nix/store/1b6v1n6vy1qd8q73rhb0lb7r5jid1hsp-openssl-musl-static-aarch64-unknown-linux-musl-3.6.0/lib/libcrypto.a(libdefault-lib-cipher_tdes.o) is incompatible with elf_x86_64
          ld.lld: error: /nix/store/1b6v1n6vy1qd8q73rhb0lb7r5jid1hsp-openssl-musl-static-aarch64-unknown-linux-musl-3.6.0/lib/libcrypto.a(libdefault-lib-cipher_tdes_common.o) is incompatible with elf_x86_64
          ld.lld: error: /nix/store/1b6v1n6vy1qd8q73rhb0lb7r5jid1hsp-openssl-musl-static-aarch64-unknown-linux-musl-3.6.0/lib/libcrypto.a(libdefault-lib-cipher_tdes_default.o) is incompatible with elf_x86_64
          ld.lld: error: /nix/store/1b6v1n6vy1qd8q73rhb0lb7r5jid1hsp-openssl-musl-static-aarch64-unknown-linux-musl-3.6.0/lib/libcrypto.a(libdefault-lib-cipher_tdes_default_hw.o) is incompatible with elf_x86_64
          ld.lld: error: /nix/store/1b6v1n6vy1qd8q73rhb0lb7r5jid1hsp-openssl-musl-static-aarch64-unknown-linux-musl-3.6.0/lib/libcrypto.a(libdefault-lib-cipher_tdes_hw.o) is incompatible with elf_x86_64
          ld.lld: error: /nix/store/1b6v1n6vy1qd8q73rhb0lb7r5jid1hsp-openssl-musl-static-aarch64-unknown-linux-musl-3.6.0/lib/libcrypto.a(libdefault-lib-cipher_tdes_wrap.o) is incompatible with elf_x86_64
          ld.lld: error: /nix/store/1b6v1n6vy1qd8q73rhb0lb7r5jid1hsp-openssl-musl-static-aarch64-unknown-linux-musl-3.6.0/lib/libcrypto.a(libdefault-lib-cipher_tdes_wrap_hw.o) is incompatible with elf_x86_64
          ld.lld: error: /nix/store/1b6v1n6vy1qd8q73rhb0lb7r5jid1hsp-openssl-musl-static-aarch64-unknown-linux-musl-3.6.0/lib/libcrypto.a(libdefault-lib-blake2_prov.o) is incompatible with elf_x86_64
          ld.lld: error: /nix/store/1b6v1n6vy1qd8q73rhb0lb7r5jid1hsp-openssl-musl-static-aarch64-unknown-linux-musl-3.6.0/lib/libcrypto.a(libdefault-lib-blake2b_prov.o) is incompatible with elf_x86_64
          ld.lld: error: /nix/store/1b6v1n6vy1qd8q73rhb0lb7r5jid1hsp-openssl-musl-static-aarch64-unknown-linux-musl-3.6.0/lib/libcrypto.a(libdefault-lib-blake2s_prov.o) is incompatible with elf_x86_64
          ld.lld: error: /nix/store/1b6v1n6vy1qd8q73rhb0lb7r5jid1hsp-openssl-musl-static-aarch64-unknown-linux-musl-3.6.0/lib/libcrypto.a(libdefault-lib-md5_prov.o) is incompatible with elf_x86_64
          ld.lld: error: /nix/store/1b6v1n6vy1qd8q73rhb0lb7r5jid1hsp-openssl-musl-static-aarch64-unknown-linux-musl-3.6.0/lib/libcrypto.a(libdefault-lib-md5_sha1_prov.o) is incompatible with elf_x86_64
          ld.lld: error: /nix/store/1b6v1n6vy1qd8q73rhb0lb7r5jid1hsp-openssl-musl-static-aarch64-unknown-linux-musl-3.6.0/lib/libcrypto.a(libdefault-lib-null_prov.o) is incompatible with elf_x86_64
          ld.lld: error: /nix/store/1b6v1n6vy1qd8q73rhb0lb7r5jid1hsp-openssl-musl-static-aarch64-unknown-linux-musl-3.6.0/lib/libcrypto.a(libdefault-lib-ripemd_prov.o) is incompatible with elf_x86_64
          ld.lld: error: /nix/store/1b6v1n6vy1qd8q73rhb0lb7r5jid1hsp-openssl-musl-static-aarch64-unknown-linux-musl-3.6.0/lib/libcrypto.a(libdefault-lib-sha2_prov.o) is incompatible with elf_x86_64
          ld.lld: error: /nix/store/1b6v1n6vy1qd8q73rhb0lb7r5jid1hsp-openssl-musl-static-aarch64-unknown-linux-musl-3.6.0/lib/libcrypto.a(libdefault-lib-sha3_prov.o) is incompatible with elf_x86_64
          ld.lld: error: /nix/store/1b6v1n6vy1qd8q73rhb0lb7r5jid1hsp-openssl-musl-static-aarch64-unknown-linux-musl-3.6.0/lib/libcrypto.a(libdefault-lib-sm3_prov.o) is incompatible with elf_x86_64
          ld.lld: error: /nix/store/1b6v1n6vy1qd8q73rhb0lb7r5jid1hsp-openssl-musl-static-aarch64-unknown-linux-musl-3.6.0/lib/libcrypto.a(libdefault-lib-decode_der2key.o) is incompatible with elf_x86_64
          ld.lld: error: /nix/store/1b6v1n6vy1qd8q73rhb0lb7r5jid1hsp-openssl-musl-static-aarch64-unknown-linux-musl-3.6.0/lib/libcrypto.a(libdefault-lib-decode_epki2pki.o) is incompatible with elf_x86_64
          ld.lld: error: /nix/store/1b6v1n6vy1qd8q73rhb0lb7r5jid1hsp-openssl-musl-static-aarch64-unknown-linux-musl-3.6.0/lib/libcrypto.a(libdefault-lib-decode_msblob2key.o) is incompatible with elf_x86_64
          ld.lld: error: /nix/store/1b6v1n6vy1qd8q73rhb0lb7r5jid1hsp-openssl-musl-static-aarch64-unknown-linux-musl-3.6.0/lib/libcrypto.a(libdefault-lib-decode_pem2der.o) is incompatible with elf_x86_64
          ld.lld: error: /nix/store/1b6v1n6vy1qd8q73rhb0lb7r5jid1hsp-openssl-musl-static-aarch64-unknown-linux-musl-3.6.0/lib/libcrypto.a(libdefault-lib-decode_pvk2key.o) is incompatible with elf_x86_64
          ld.lld: error: /nix/store/1b6v1n6vy1qd8q73rhb0lb7r5jid1hsp-openssl-musl-static-aarch64-unknown-linux-musl-3.6.0/lib/libcrypto.a(libdefault-lib-decode_spki2typespki.o) is incompatible with elf_x86_64
          ld.lld: error: /nix/store/1b6v1n6vy1qd8q73rhb0lb7r5jid1hsp-openssl-musl-static-aarch64-unknown-linux-musl-3.6.0/lib/libcrypto.a(libdefault-lib-encode_key2any.o) is incompatible with elf_x86_64
          ld.lld: error: /nix/store/1b6v1n6vy1qd8q73rhb0lb7r5jid1hsp-openssl-musl-static-aarch64-unknown-linux-musl-3.6.0/lib/libcrypto.a(libdefault-lib-encode_key2blob.o) is incompatible with elf_x86_64
          ld.lld: error: /nix/store/1b6v1n6vy1qd8q73rhb0lb7r5jid1hsp-openssl-musl-static-aarch64-unknown-linux-musl-3.6.0/lib/libcrypto.a(libdefault-lib-encode_key2ms.o) is incompatible with elf_x86_64
          ld.lld: error: /nix/store/1b6v1n6vy1qd8q73rhb0lb7r5jid1hsp-openssl-musl-static-aarch64-unknown-linux-musl-3.6.0/lib/libcrypto.a(libdefault-lib-encode_key2text.o) is incompatible with elf_x86_64
          ld.lld: error: /nix/store/1b6v1n6vy1qd8q73rhb0lb7r5jid1hsp-openssl-musl-static-aarch64-unknown-linux-musl-3.6.0/lib/libcrypto.a(libdefault-lib-endecoder_common.o) is incompatible with elf_x86_64
          ld.lld: error: /nix/store/1b6v1n6vy1qd8q73rhb0lb7r5jid1hsp-openssl-musl-static-aarch64-unknown-linux-musl-3.6.0/lib/libcrypto.a(libdefault-lib-ml_common_codecs.o) is incompatible with elf_x86_64
          ld.lld: error: /nix/store/1b6v1n6vy1qd8q73rhb0lb7r5jid1hsp-openssl-musl-static-aarch64-unknown-linux-musl-3.6.0/lib/libcrypto.a(libdefault-lib-ml_dsa_codecs.o) is incompatible with elf_x86_64
          ld.lld: error: /nix/store/1b6v1n6vy1qd8q73rhb0lb7r5jid1hsp-openssl-musl-static-aarch64-unknown-linux-musl-3.6.0/lib/libcrypto.a(libdefault-lib-ml_kem_codecs.o) is incompatible with elf_x86_64
          ld.lld: error: /nix/store/1b6v1n6vy1qd8q73rhb0lb7r5jid1hsp-openssl-musl-static-aarch64-unknown-linux-musl-3.6.0/lib/libcrypto.a(libdefault-lib-dh_exch.o) is incompatible with elf_x86_64
          ld.lld: error: /nix/store/1b6v1n6vy1qd8q73rhb0lb7r5jid1hsp-openssl-musl-static-aarch64-unknown-linux-musl-3.6.0/lib/libcrypto.a(libdefault-lib-ecdh_exch.o) is incompatible with elf_x86_64
          ld.lld: error: /nix/store/1b6v1n6vy1qd8q73rhb0lb7r5jid1hsp-openssl-musl-static-aarch64-unknown-linux-musl-3.6.0/lib/libcrypto.a(libdefault-lib-ecx_exch.o) is incompatible with elf_x86_64
          ld.lld: error: /nix/store/1b6v1n6vy1qd8q73rhb0lb7r5jid1hsp-openssl-musl-static-aarch64-unknown-linux-musl-3.6.0/lib/libcrypto.a(libdefault-lib-kdf_exch.o) is incompatible with elf_x86_64
          ld.lld: error: /nix/store/1b6v1n6vy1qd8q73rhb0lb7r5jid1hsp-openssl-musl-static-aarch64-unknown-linux-musl-3.6.0/lib/libcrypto.a(libdefault-lib-argon2.o) is incompatible with elf_x86_64
          ld.lld: error: /nix/store/1b6v1n6vy1qd8q73rhb0lb7r5jid1hsp-openssl-musl-static-aarch64-unknown-linux-musl-3.6.0/lib/libcrypto.a(libdefault-lib-hkdf.o) is incompatible with elf_x86_64
          ld.lld: error: /nix/store/1b6v1n6vy1qd8q73rhb0lb7r5jid1hsp-openssl-musl-static-aarch64-unknown-linux-musl-3.6.0/lib/libcrypto.a(libdefault-lib-hmacdrbg_kdf.o) is incompatible with elf_x86_64
          ld.lld: error: /nix/store/1b6v1n6vy1qd8q73rhb0lb7r5jid1hsp-openssl-musl-static-aarch64-unknown-linux-musl-3.6.0/lib/libcrypto.a(libdefault-lib-kbkdf.o) is incompatible with elf_x86_64
          ld.lld: error: /nix/store/1b6v1n6vy1qd8q73rhb0lb7r5jid1hsp-openssl-musl-static-aarch64-unknown-linux-musl-3.6.0/lib/libcrypto.a(libdefault-lib-krb5kdf.o) is incompatible with elf_x86_64
          ld.lld: error: /nix/store/1b6v1n6vy1qd8q73rhb0lb7r5jid1hsp-openssl-musl-static-aarch64-unknown-linux-musl-3.6.0/lib/libcrypto.a(libdefault-lib-pbkdf2.o) is incompatible with elf_x86_64
          ld.lld: error: /nix/store/1b6v1n6vy1qd8q73rhb0lb7r5jid1hsp-openssl-musl-static-aarch64-unknown-linux-musl-3.6.0/lib/libcrypto.a(libdefault-lib-pkcs12kdf.o) is incompatible with elf_x86_64
          ld.lld: error: /nix/store/1b6v1n6vy1qd8q73rhb0lb7r5jid1hsp-openssl-musl-static-aarch64-unknown-linux-musl-3.6.0/lib/libcrypto.a(libdefault-lib-scrypt.o) is incompatible with elf_x86_64
          ld.lld: error: /nix/store/1b6v1n6vy1qd8q73rhb0lb7r5jid1hsp-openssl-musl-static-aarch64-unknown-linux-musl-3.6.0/lib/libcrypto.a(libdefault-lib-sshkdf.o) is incompatible with elf_x86_64
          ld.lld: error: /nix/store/1b6v1n6vy1qd8q73rhb0lb7r5jid1hsp-openssl-musl-static-aarch64-unknown-linux-musl-3.6.0/lib/libcrypto.a(libdefault-lib-sskdf.o) is incompatible with elf_x86_64
          ld.lld: error: /nix/store/1b6v1n6vy1qd8q73rhb0lb7r5jid1hsp-openssl-musl-static-aarch64-unknown-linux-musl-3.6.0/lib/libcrypto.a(libdefault-lib-tls1_prf.o) is incompatible with elf_x86_64
          ld.lld: error: /nix/store/1b6v1n6vy1qd8q73rhb0lb7r5jid1hsp-openssl-musl-static-aarch64-unknown-linux-musl-3.6.0/lib/libcrypto.a(libdefault-lib-x942kdf.o) is incompatible with elf_x86_64
          ld.lld: error: /nix/store/1b6v1n6vy1qd8q73rhb0lb7r5jid1hsp-openssl-musl-static-aarch64-unknown-linux-musl-3.6.0/lib/libcrypto.a(libdefault-lib-ec_kem.o) is incompatible with elf_x86_64
          ld.lld: error: /nix/store/1b6v1n6vy1qd8q73rhb0lb7r5jid1hsp-openssl-musl-static-aarch64-unknown-linux-musl-3.6.0/lib/libcrypto.a(libdefault-lib-ecx_kem.o) is incompatible with elf_x86_64
          ld.lld: error: /nix/store/1b6v1n6vy1qd8q73rhb0lb7r5jid1hsp-openssl-musl-static-aarch64-unknown-linux-musl-3.6.0/lib/libcrypto.a(libdefault-lib-kem_util.o) is incompatible with elf_x86_64
          ld.lld: error: /nix/store/1b6v1n6vy1qd8q73rhb0lb7r5jid1hsp-openssl-musl-static-aarch64-unknown-linux-musl-3.6.0/lib/libcrypto.a(libdefault-lib-ml_kem_kem.o) is incompatible with elf_x86_64
          ld.lld: error: /nix/store/1b6v1n6vy1qd8q73rhb0lb7r5jid1hsp-openssl-musl-static-aarch64-unknown-linux-musl-3.6.0/lib/libcrypto.a(libdefault-lib-mlx_kem.o) is incompatible with elf_x86_64
          ld.lld: error: /nix/store/1b6v1n6vy1qd8q73rhb0lb7r5jid1hsp-openssl-musl-static-aarch64-unknown-linux-musl-3.6.0/lib/libcrypto.a(libdefault-lib-rsa_kem.o) is incompatible with elf_x86_64
          ld.lld: error: /nix/store/1b6v1n6vy1qd8q73rhb0lb7r5jid1hsp-openssl-musl-static-aarch64-unknown-linux-musl-3.6.0/lib/libcrypto.a(libdefault-lib-dh_kmgmt.o) is incompatible with elf_x86_64
          ld.lld: error: /nix/store/1b6v1n6vy1qd8q73rhb0lb7r5jid1hsp-openssl-musl-static-aarch64-unknown-linux-musl-3.6.0/lib/libcrypto.a(libdefault-lib-dsa_kmgmt.o) is incompatible with elf_x86_64
          ld.lld: error: /nix/store/1b6v1n6vy1qd8q73rhb0lb7r5jid1hsp-openssl-musl-static-aarch64-unknown-linux-musl-3.6.0/lib/libcrypto.a(libdefault-lib-ec_kmgmt.o) is incompatible with elf_x86_64
          ld.lld: error: /nix/store/1b6v1n6vy1qd8q73rhb0lb7r5jid1hsp-openssl-musl-static-aarch64-unknown-linux-musl-3.6.0/lib/libcrypto.a(libdefault-lib-ecx_kmgmt.o) is incompatible with elf_x86_64
          ld.lld: error: /nix/store/1b6v1n6vy1qd8q73rhb0lb7r5jid1hsp-openssl-musl-static-aarch64-unknown-linux-musl-3.6.0/lib/libcrypto.a(libdefault-lib-kdf_legacy_kmgmt.o) is incompatible with elf_x86_64
          ld.lld: error: /nix/store/1b6v1n6vy1qd8q73rhb0lb7r5jid1hsp-openssl-musl-static-aarch64-unknown-linux-musl-3.6.0/lib/libcrypto.a(libdefault-lib-mac_legacy_kmgmt.o) is incompatible with elf_x86_64
          ld.lld: error: /nix/store/1b6v1n6vy1qd8q73rhb0lb7r5jid1hsp-openssl-musl-static-aarch64-unknown-linux-musl-3.6.0/lib/libcrypto.a(libdefault-lib-ml_dsa_kmgmt.o) is incompatible with elf_x86_64
          ld.lld: error: /nix/store/1b6v1n6vy1qd8q73rhb0lb7r5jid1hsp-openssl-musl-static-aarch64-unknown-linux-musl-3.6.0/lib/libcrypto.a(libdefault-lib-ml_kem_kmgmt.o) is incompatible with elf_x86_64
          ld.lld: error: /nix/store/1b6v1n6vy1qd8q73rhb0lb7r5jid1hsp-openssl-musl-static-aarch64-unknown-linux-musl-3.6.0/lib/libcrypto.a(libdefault-lib-mlx_kmgmt.o) is incompatible with elf_x86_64
          ld.lld: error: /nix/store/1b6v1n6vy1qd8q73rhb0lb7r5jid1hsp-openssl-musl-static-aarch64-unknown-linux-musl-3.6.0/lib/libcrypto.a(libdefault-lib-rsa_kmgmt.o) is incompatible with elf_x86_64
          ld.lld: error: /nix/store/1b6v1n6vy1qd8q73rhb0lb7r5jid1hsp-openssl-musl-static-aarch64-unknown-linux-musl-3.6.0/lib/libcrypto.a(libdefault-lib-slh_dsa_kmgmt.o) is incompatible with elf_x86_64
          ld.lld: error: /nix/store/1b6v1n6vy1qd8q73rhb0lb7r5jid1hsp-openssl-musl-static-aarch64-unknown-linux-musl-3.6.0/lib/libcrypto.a(libdefault-lib-blake2b_mac.o) is incompatible with elf_x86_64
          ld.lld: error: /nix/store/1b6v1n6vy1qd8q73rhb0lb7r5jid1hsp-openssl-musl-static-aarch64-unknown-linux-musl-3.6.0/lib/libcrypto.a(libdefault-lib-blake2s_mac.o) is incompatible with elf_x86_64
          ld.lld: error: /nix/store/1b6v1n6vy1qd8q73rhb0lb7r5jid1hsp-openssl-musl-static-aarch64-unknown-linux-musl-3.6.0/lib/libcrypto.a(libdefault-lib-cmac_prov.o) is incompatible with elf_x86_64
          ld.lld: error: /nix/store/1b6v1n6vy1qd8q73rhb0lb7r5jid1hsp-openssl-musl-static-aarch64-unknown-linux-musl-3.6.0/lib/libcrypto.a(libdefault-lib-gmac_prov.o) is incompatible with elf_x86_64
          ld.lld: error: /nix/store/1b6v1n6vy1qd8q73rhb0lb7r5jid1hsp-openssl-musl-static-aarch64-unknown-linux-musl-3.6.0/lib/libcrypto.a(libdefault-lib-hmac_prov.o) is incompatible with elf_x86_64
          ld.lld: error: /nix/store/1b6v1n6vy1qd8q73rhb0lb7r5jid1hsp-openssl-musl-static-aarch64-unknown-linux-musl-3.6.0/lib/libcrypto.a(libdefault-lib-kmac_prov.o) is incompatible with elf_x86_64
          ld.lld: error: /nix/store/1b6v1n6vy1qd8q73rhb0lb7r5jid1hsp-openssl-musl-static-aarch64-unknown-linux-musl-3.6.0/lib/libcrypto.a(libdefault-lib-poly1305_prov.o) is incompatible with elf_x86_64
          ld.lld: error: /nix/store/1b6v1n6vy1qd8q73rhb0lb7r5jid1hsp-openssl-musl-static-aarch64-unknown-linux-musl-3.6.0/lib/libcrypto.a(libdefault-lib-siphash_prov.o) is incompatible with elf_x86_64
          ld.lld: error: /nix/store/1b6v1n6vy1qd8q73rhb0lb7r5jid1hsp-openssl-musl-static-aarch64-unknown-linux-musl-3.6.0/lib/libcrypto.a(libdefault-lib-drbg.o) is incompatible with elf_x86_64
          ld.lld: error: /nix/store/1b6v1n6vy1qd8q73rhb0lb7r5jid1hsp-openssl-musl-static-aarch64-unknown-linux-musl-3.6.0/lib/libcrypto.a(libdefault-lib-drbg_ctr.o) is incompatible with elf_x86_64
          ld.lld: error: /nix/store/1b6v1n6vy1qd8q73rhb0lb7r5jid1hsp-openssl-musl-static-aarch64-unknown-linux-musl-3.6.0/lib/libcrypto.a(libdefault-lib-drbg_hash.o) is incompatible with elf_x86_64
          ld.lld: error: /nix/store/1b6v1n6vy1qd8q73rhb0lb7r5jid1hsp-openssl-musl-static-aarch64-unknown-linux-musl-3.6.0/lib/libcrypto.a(libdefault-lib-drbg_hmac.o) is incompatible with elf_x86_64
          ld.lld: error: /nix/store/1b6v1n6vy1qd8q73rhb0lb7r5jid1hsp-openssl-musl-static-aarch64-unknown-linux-musl-3.6.0/lib/libcrypto.a(libdefault-lib-seed_src.o) is incompatible with elf_x86_64
          ld.lld: error: /nix/store/1b6v1n6vy1qd8q73rhb0lb7r5jid1hsp-openssl-musl-static-aarch64-unknown-linux-musl-3.6.0/lib/libcrypto.a(libdefault-lib-seed_src_jitter.o) is incompatible with elf_x86_64
          ld.lld: error: /nix/store/1b6v1n6vy1qd8q73rhb0lb7r5jid1hsp-openssl-musl-static-aarch64-unknown-linux-musl-3.6.0/lib/libcrypto.a(libdefault-lib-test_rng.o) is incompatible with elf_x86_64
          ld.lld: error: /nix/store/1b6v1n6vy1qd8q73rhb0lb7r5jid1hsp-openssl-musl-static-aarch64-unknown-linux-musl-3.6.0/lib/libcrypto.a(libdefault-lib-rand_cpu_x86.o) is incompatible with elf_x86_64
          ld.lld: error: /nix/store/1b6v1n6vy1qd8q73rhb0lb7r5jid1hsp-openssl-musl-static-aarch64-unknown-linux-musl-3.6.0/lib/libcrypto.a(libdefault-lib-rand_tsc.o) is incompatible with elf_x86_64
          ld.lld: error: /nix/store/1b6v1n6vy1qd8q73rhb0lb7r5jid1hsp-openssl-musl-static-aarch64-unknown-linux-musl-3.6.0/lib/libcrypto.a(libdefault-lib-rand_unix.o) is incompatible with elf_x86_64
          ld.lld: error: /nix/store/1b6v1n6vy1qd8q73rhb0lb7r5jid1hsp-openssl-musl-static-aarch64-unknown-linux-musl-3.6.0/lib/libcrypto.a(libdefault-lib-rand_win.o) is incompatible with elf_x86_64
          ld.lld: error: /nix/store/1b6v1n6vy1qd8q73rhb0lb7r5jid1hsp-openssl-musl-static-aarch64-unknown-linux-musl-3.6.0/lib/libcrypto.a(libdefault-lib-dsa_sig.o) is incompatible with elf_x86_64
          ld.lld: error: /nix/store/1b6v1n6vy1qd8q73rhb0lb7r5jid1hsp-openssl-musl-static-aarch64-unknown-linux-musl-3.6.0/lib/libcrypto.a(libdefault-lib-ecdsa_sig.o) is incompatible with elf_x86_64
          ld.lld: error: /nix/store/1b6v1n6vy1qd8q73rhb0lb7r5jid1hsp-openssl-musl-static-aarch64-unknown-linux-musl-3.6.0/lib/libcrypto.a(libdefault-lib-eddsa_sig.o) is incompatible with elf_x86_64
          ld.lld: error: /nix/store/1b6v1n6vy1qd8q73rhb0lb7r5jid1hsp-openssl-musl-static-aarch64-unknown-linux-musl-3.6.0/lib/libcrypto.a(libdefault-lib-mac_legacy_sig.o) is incompatible with elf_x86_64
          ld.lld: error: /nix/store/1b6v1n6vy1qd8q73rhb0lb7r5jid1hsp-openssl-musl-static-aarch64-unknown-linux-musl-3.6.0/lib/libcrypto.a(libdefault-lib-ml_dsa_sig.o) is incompatible with elf_x86_64
          ld.lld: error: /nix/store/1b6v1n6vy1qd8q73rhb0lb7r5jid1hsp-openssl-musl-static-aarch64-unknown-linux-musl-3.6.0/lib/libcrypto.a(libdefault-lib-rsa_sig.o) is incompatible with elf_x86_64
          ld.lld: error: /nix/store/1b6v1n6vy1qd8q73rhb0lb7r5jid1hsp-openssl-musl-static-aarch64-unknown-linux-musl-3.6.0/lib/libcrypto.a(libdefault-lib-slh_dsa_sig.o) is incompatible with elf_x86_64
          ld.lld: error: /nix/store/1b6v1n6vy1qd8q73rhb0lb7r5jid1hsp-openssl-musl-static-aarch64-unknown-linux-musl-3.6.0/lib/libcrypto.a(libdefault-lib-sm2_sig.o) is incompatible with elf_x86_64
          ld.lld: error: /nix/store/1b6v1n6vy1qd8q73rhb0lb7r5jid1hsp-openssl-musl-static-aarch64-unknown-linux-musl-3.6.0/lib/libcrypto.a(libdefault-lib-aes_skmgmt.o) is incompatible with elf_x86_64
          ld.lld: error: /nix/store/1b6v1n6vy1qd8q73rhb0lb7r5jid1hsp-openssl-musl-static-aarch64-unknown-linux-musl-3.6.0/lib/libcrypto.a(libdefault-lib-generic.o) is incompatible with elf_x86_64
          ld.lld: error: /nix/store/1b6v1n6vy1qd8q73rhb0lb7r5jid1hsp-openssl-musl-static-aarch64-unknown-linux-musl-3.6.0/lib/libcrypto.a(libdefault-lib-file_store.o) is incompatible with elf_x86_64
          ld.lld: error: /nix/store/1b6v1n6vy1qd8q73rhb0lb7r5jid1hsp-openssl-musl-static-aarch64-unknown-linux-musl-3.6.0/lib/libcrypto.a(libdefault-lib-file_store_any2obj.o) is incompatible with elf_x86_64
          ld.lld: error: /nix/store/1b6v1n6vy1qd8q73rhb0lb7r5jid1hsp-openssl-musl-static-aarch64-unknown-linux-musl-3.6.0/lib/libcrypto.a(libdefault-lib-ssl3_cbc.o) is incompatible with elf_x86_64
          ld.lld: error: /nix/store/1b6v1n6vy1qd8q73rhb0lb7r5jid1hsp-openssl-musl-static-aarch64-unknown-linux-musl-3.6.0/lib/libcrypto.a(liblegacy-lib-cipher_blowfish.o) is incompatible with elf_x86_64
          ld.lld: error: /nix/store/1b6v1n6vy1qd8q73rhb0lb7r5jid1hsp-openssl-musl-static-aarch64-unknown-linux-musl-3.6.0/lib/libcrypto.a(liblegacy-lib-cipher_blowfish_hw.o) is incompatible with elf_x86_64
          ld.lld: error: /nix/store/1b6v1n6vy1qd8q73rhb0lb7r5jid1hsp-openssl-musl-static-aarch64-unknown-linux-musl-3.6.0/lib/libcrypto.a(liblegacy-lib-cipher_cast5.o) is incompatible with elf_x86_64
          ld.lld: error: /nix/store/1b6v1n6vy1qd8q73rhb0lb7r5jid1hsp-openssl-musl-static-aarch64-unknown-linux-musl-3.6.0/lib/libcrypto.a(liblegacy-lib-cipher_cast5_hw.o) is incompatible with elf_x86_64
          ld.lld: error: /nix/store/1b6v1n6vy1qd8q73rhb0lb7r5jid1hsp-openssl-musl-static-aarch64-unknown-linux-musl-3.6.0/lib/libcrypto.a(liblegacy-lib-cipher_des.o) is incompatible with elf_x86_64
          ld.lld: error: /nix/store/1b6v1n6vy1qd8q73rhb0lb7r5jid1hsp-openssl-musl-static-aarch64-unknown-linux-musl-3.6.0/lib/libcrypto.a(liblegacy-lib-cipher_des_hw.o) is incompatible with elf_x86_64
          ld.lld: error: /nix/store/1b6v1n6vy1qd8q73rhb0lb7r5jid1hsp-openssl-musl-static-aarch64-unknown-linux-musl-3.6.0/lib/libcrypto.a(liblegacy-lib-cipher_desx.o) is incompatible with elf_x86_64
          ld.lld: error: /nix/store/1b6v1n6vy1qd8q73rhb0lb7r5jid1hsp-openssl-musl-static-aarch64-unknown-linux-musl-3.6.0/lib/libcrypto.a(liblegacy-lib-cipher_desx_hw.o) is incompatible with elf_x86_64
          ld.lld: error: /nix/store/1b6v1n6vy1qd8q73rhb0lb7r5jid1hsp-openssl-musl-static-aarch64-unknown-linux-musl-3.6.0/lib/libcrypto.a(liblegacy-lib-cipher_idea.o) is incompatible with elf_x86_64
          ld.lld: error: /nix/store/1b6v1n6vy1qd8q73rhb0lb7r5jid1hsp-openssl-musl-static-aarch64-unknown-linux-musl-3.6.0/lib/libcrypto.a(liblegacy-lib-cipher_idea_hw.o) is incompatible with elf_x86_64
          ld.lld: error: /nix/store/1b6v1n6vy1qd8q73rhb0lb7r5jid1hsp-openssl-musl-static-aarch64-unknown-linux-musl-3.6.0/lib/libcrypto.a(liblegacy-lib-cipher_rc2.o) is incompatible with elf_x86_64
          ld.lld: error: /nix/store/1b6v1n6vy1qd8q73rhb0lb7r5jid1hsp-openssl-musl-static-aarch64-unknown-linux-musl-3.6.0/lib/libcrypto.a(liblegacy-lib-cipher_rc2_hw.o) is incompatible with elf_x86_64
          ld.lld: error: /nix/store/1b6v1n6vy1qd8q73rhb0lb7r5jid1hsp-openssl-musl-static-aarch64-unknown-linux-musl-3.6.0/lib/libcrypto.a(liblegacy-lib-cipher_rc4.o) is incompatible with elf_x86_64
          ld.lld: error: /nix/store/1b6v1n6vy1qd8q73rhb0lb7r5jid1hsp-openssl-musl-static-aarch64-unknown-linux-musl-3.6.0/lib/libcrypto.a(liblegacy-lib-cipher_rc4_hmac_md5.o) is incompatible with elf_x86_64
          ld.lld: error: /nix/store/1b6v1n6vy1qd8q73rhb0lb7r5jid1hsp-openssl-musl-static-aarch64-unknown-linux-musl-3.6.0/lib/libcrypto.a(liblegacy-lib-cipher_rc4_hmac_md5_hw.o) is incompatible with elf_x86_64
          ld.lld: error: /nix/store/1b6v1n6vy1qd8q73rhb0lb7r5jid1hsp-openssl-musl-static-aarch64-unknown-linux-musl-3.6.0/lib/libcrypto.a(liblegacy-lib-cipher_rc4_hw.o) is incompatible with elf_x86_64
          ld.lld: error: /nix/store/1b6v1n6vy1qd8q73rhb0lb7r5jid1hsp-openssl-musl-static-aarch64-unknown-linux-musl-3.6.0/lib/libcrypto.a(liblegacy-lib-cipher_seed.o) is incompatible with elf_x86_64
          ld.lld: error: /nix/store/1b6v1n6vy1qd8q73rhb0lb7r5jid1hsp-openssl-musl-static-aarch64-unknown-linux-musl-3.6.0/lib/libcrypto.a(liblegacy-lib-cipher_seed_hw.o) is incompatible with elf_x86_64
          ld.lld: error: /nix/store/1b6v1n6vy1qd8q73rhb0lb7r5jid1hsp-openssl-musl-static-aarch64-unknown-linux-musl-3.6.0/lib/libcrypto.a(liblegacy-lib-md4_prov.o) is incompatible with elf_x86_64
          ld.lld: error: /nix/store/1b6v1n6vy1qd8q73rhb0lb7r5jid1hsp-openssl-musl-static-aarch64-unknown-linux-musl-3.6.0/lib/libcrypto.a(liblegacy-lib-mdc2_prov.o) is incompatible with elf_x86_64
          ld.lld: error: /nix/store/1b6v1n6vy1qd8q73rhb0lb7r5jid1hsp-openssl-musl-static-aarch64-unknown-linux-musl-3.6.0/lib/libcrypto.a(liblegacy-lib-wp_prov.o) is incompatible with elf_x86_64
          ld.lld: error: /nix/store/1b6v1n6vy1qd8q73rhb0lb7r5jid1hsp-openssl-musl-static-aarch64-unknown-linux-musl-3.6.0/lib/libcrypto.a(liblegacy-lib-pbkdf1.o) is incompatible with elf_x86_64
          ld.lld: error: /nix/store/1b6v1n6vy1qd8q73rhb0lb7r5jid1hsp-openssl-musl-static-aarch64-unknown-linux-musl-3.6.0/lib/libcrypto.a(liblegacy-lib-pvkkdf.o) is incompatible with elf_x86_64
          ld.lld: error: /nix/store/1b6v1n6vy1qd8q73rhb0lb7r5jid1hsp-openssl-musl-static-aarch64-unknown-linux-musl-3.6.0/lib/libcrypto.a(libcommon-lib-der_digests_gen.o) is incompatible with elf_x86_64
          ld.lld: error: /nix/store/1b6v1n6vy1qd8q73rhb0lb7r5jid1hsp-openssl-musl-static-aarch64-unknown-linux-musl-3.6.0/lib/libcrypto.a(libcommon-lib-der_dsa_gen.o) is incompatible with elf_x86_64
          ld.lld: error: /nix/store/1b6v1n6vy1qd8q73rhb0lb7r5jid1hsp-openssl-musl-static-aarch64-unknown-linux-musl-3.6.0/lib/libcrypto.a(libcommon-lib-der_dsa_key.o) is incompatible with elf_x86_64
          ld.lld: error: /nix/store/1b6v1n6vy1qd8q73rhb0lb7r5jid1hsp-openssl-musl-static-aarch64-unknown-linux-musl-3.6.0/lib/libcrypto.a(libcommon-lib-der_dsa_sig.o) is incompatible with elf_x86_64
          ld.lld: error: /nix/store/1b6v1n6vy1qd8q73rhb0lb7r5jid1hsp-openssl-musl-static-aarch64-unknown-linux-musl-3.6.0/lib/libcrypto.a(libcommon-lib-der_ec_gen.o) is incompatible with elf_x86_64
          ld.lld: error: /nix/store/1b6v1n6vy1qd8q73rhb0lb7r5jid1hsp-openssl-musl-static-aarch64-unknown-linux-musl-3.6.0/lib/libcrypto.a(libcommon-lib-der_ec_key.o) is incompatible with elf_x86_64
          ld.lld: error: /nix/store/1b6v1n6vy1qd8q73rhb0lb7r5jid1hsp-openssl-musl-static-aarch64-unknown-linux-musl-3.6.0/lib/libcrypto.a(libcommon-lib-der_ec_sig.o) is incompatible with elf_x86_64
          ld.lld: error: /nix/store/1b6v1n6vy1qd8q73rhb0lb7r5jid1hsp-openssl-musl-static-aarch64-unknown-linux-musl-3.6.0/lib/libcrypto.a(libcommon-lib-der_ecx_gen.o) is incompatible with elf_x86_64
          ld.lld: error: /nix/store/1b6v1n6vy1qd8q73rhb0lb7r5jid1hsp-openssl-musl-static-aarch64-unknown-linux-musl-3.6.0/lib/libcrypto.a(libcommon-lib-der_ecx_key.o) is incompatible with elf_x86_64
          ld.lld: error: /nix/store/1b6v1n6vy1qd8q73rhb0lb7r5jid1hsp-openssl-musl-static-aarch64-unknown-linux-musl-3.6.0/lib/libcrypto.a(libcommon-lib-der_hkdf_gen.o) is incompatible with elf_x86_64
          ld.lld: error: /nix/store/1b6v1n6vy1qd8q73rhb0lb7r5jid1hsp-openssl-musl-static-aarch64-unknown-linux-musl-3.6.0/lib/libcrypto.a(libcommon-lib-der_ml_dsa_gen.o) is incompatible with elf_x86_64
          ld.lld: error: /nix/store/1b6v1n6vy1qd8q73rhb0lb7r5jid1hsp-openssl-musl-static-aarch64-unknown-linux-musl-3.6.0/lib/libcrypto.a(libcommon-lib-der_ml_dsa_key.o) is incompatible with elf_x86_64
          ld.lld: error: /nix/store/1b6v1n6vy1qd8q73rhb0lb7r5jid1hsp-openssl-musl-static-aarch64-unknown-linux-musl-3.6.0/lib/libcrypto.a(libcommon-lib-der_rsa_gen.o) is incompatible with elf_x86_64
          ld.lld: error: /nix/store/1b6v1n6vy1qd8q73rhb0lb7r5jid1hsp-openssl-musl-static-aarch64-unknown-linux-musl-3.6.0/lib/libcrypto.a(libcommon-lib-der_rsa_key.o) is incompatible with elf_x86_64
          ld.lld: error: /nix/store/1b6v1n6vy1qd8q73rhb0lb7r5jid1hsp-openssl-musl-static-aarch64-unknown-linux-musl-3.6.0/lib/libcrypto.a(libcommon-lib-der_slh_dsa_gen.o) is incompatible with elf_x86_64
          ld.lld: error: /nix/store/1b6v1n6vy1qd8q73rhb0lb7r5jid1hsp-openssl-musl-static-aarch64-unknown-linux-musl-3.6.0/lib/libcrypto.a(libcommon-lib-der_slh_dsa_key.o) is incompatible with elf_x86_64
          ld.lld: error: /nix/store/1b6v1n6vy1qd8q73rhb0lb7r5jid1hsp-openssl-musl-static-aarch64-unknown-linux-musl-3.6.0/lib/libcrypto.a(libcommon-lib-der_wrap_gen.o) is incompatible with elf_x86_64
          ld.lld: error: /nix/store/1b6v1n6vy1qd8q73rhb0lb7r5jid1hsp-openssl-musl-static-aarch64-unknown-linux-musl-3.6.0/lib/libcrypto.a(libcommon-lib-provider_ctx.o) is incompatible with elf_x86_64
          ld.lld: error: /nix/store/1b6v1n6vy1qd8q73rhb0lb7r5jid1hsp-openssl-musl-static-aarch64-unknown-linux-musl-3.6.0/lib/libcrypto.a(libcommon-lib-provider_err.o) is incompatible with elf_x86_64
          ld.lld: error: /nix/store/1b6v1n6vy1qd8q73rhb0lb7r5jid1hsp-openssl-musl-static-aarch64-unknown-linux-musl-3.6.0/lib/libcrypto.a(libcommon-lib-ciphercommon.o) is incompatible with elf_x86_64
          ld.lld: error: /nix/store/1b6v1n6vy1qd8q73rhb0lb7r5jid1hsp-openssl-musl-static-aarch64-unknown-linux-musl-3.6.0/lib/libcrypto.a(libcommon-lib-ciphercommon_block.o) is incompatible with elf_x86_64
          ld.lld: error: /nix/store/1b6v1n6vy1qd8q73rhb0lb7r5jid1hsp-openssl-musl-static-aarch64-unknown-linux-musl-3.6.0/lib/libcrypto.a(libcommon-lib-ciphercommon_ccm.o) is incompatible with elf_x86_64
          ld.lld: error: /nix/store/1b6v1n6vy1qd8q73rhb0lb7r5jid1hsp-openssl-musl-static-aarch64-unknown-linux-musl-3.6.0/lib/libcrypto.a(libcommon-lib-ciphercommon_ccm_hw.o) is incompatible with elf_x86_64
          ld.lld: error: /nix/store/1b6v1n6vy1qd8q73rhb0lb7r5jid1hsp-openssl-musl-static-aarch64-unknown-linux-musl-3.6.0/lib/libcrypto.a(libcommon-lib-ciphercommon_gcm.o) is incompatible with elf_x86_64
          ld.lld: error: /nix/store/1b6v1n6vy1qd8q73rhb0lb7r5jid1hsp-openssl-musl-static-aarch64-unknown-linux-musl-3.6.0/lib/libcrypto.a(libcommon-lib-ciphercommon_gcm_hw.o) is incompatible with elf_x86_64
          ld.lld: error: /nix/store/1b6v1n6vy1qd8q73rhb0lb7r5jid1hsp-openssl-musl-static-aarch64-unknown-linux-musl-3.6.0/lib/libcrypto.a(libcommon-lib-ciphercommon_hw.o) is incompatible with elf_x86_64
          ld.lld: error: /nix/store/1b6v1n6vy1qd8q73rhb0lb7r5jid1hsp-openssl-musl-static-aarch64-unknown-linux-musl-3.6.0/lib/libcrypto.a(libcommon-lib-digestcommon.o) is incompatible with elf_x86_64
          ld.lld: error: /nix/store/1b6v1n6vy1qd8q73rhb0lb7r5jid1hsp-openssl-musl-static-aarch64-unknown-linux-musl-3.6.0/lib/libcrypto.a(libcommon-lib-tls_pad.o) is incompatible with elf_x86_64
          ld.lld: error: /nix/store/j1qcnia1wpybr12jnxpby1l03xr5f5md-xz-musl-static-aarch64-unknown-linux-musl-5.8.1/lib/liblzma.a(liblzma_la-tuklib_physmem.o) is incompatible with elf_x86_64
          ld.lld: error: /nix/store/j1qcnia1wpybr12jnxpby1l03xr5f5md-xz-musl-static-aarch64-unknown-linux-musl-5.8.1/lib/liblzma.a(liblzma_la-tuklib_cpucores.o) is incompatible with elf_x86_64
          ld.lld: error: /nix/store/j1qcnia1wpybr12jnxpby1l03xr5f5md-xz-musl-static-aarch64-unknown-linux-musl-5.8.1/lib/liblzma.a(liblzma_la-common.o) is incompatible with elf_x86_64
          ld.lld: error: /nix/store/j1qcnia1wpybr12jnxpby1l03xr5f5md-xz-musl-static-aarch64-unknown-linux-musl-5.8.1/lib/liblzma.a(liblzma_la-block_util.o) is incompatible with elf_x86_64
          ld.lld: error: /nix/store/j1qcnia1wpybr12jnxpby1l03xr5f5md-xz-musl-static-aarch64-unknown-linux-musl-5.8.1/lib/liblzma.a(liblzma_la-easy_preset.o) is incompatible with elf_x86_64
          ld.lld: error: /nix/store/j1qcnia1wpybr12jnxpby1l03xr5f5md-xz-musl-static-aarch64-unknown-linux-musl-5.8.1/lib/liblzma.a(liblzma_la-filter_common.o) is incompatible with elf_x86_64
          ld.lld: error: /nix/store/j1qcnia1wpybr12jnxpby1l03xr5f5md-xz-musl-static-aarch64-unknown-linux-musl-5.8.1/lib/liblzma.a(liblzma_la-hardware_physmem.o) is incompatible with elf_x86_64
          ld.lld: error: /nix/store/j1qcnia1wpybr12jnxpby1l03xr5f5md-xz-musl-static-aarch64-unknown-linux-musl-5.8.1/lib/liblzma.a(liblzma_la-index.o) is incompatible with elf_x86_64
          ld.lld: error: /nix/store/j1qcnia1wpybr12jnxpby1l03xr5f5md-xz-musl-static-aarch64-unknown-linux-musl-5.8.1/lib/liblzma.a(liblzma_la-stream_flags_common.o) is incompatible with elf_x86_64
          ld.lld: error: /nix/store/j1qcnia1wpybr12jnxpby1l03xr5f5md-xz-musl-static-aarch64-unknown-linux-musl-5.8.1/lib/liblzma.a(liblzma_la-string_conversion.o) is incompatible with elf_x86_64
          ld.lld: error: /nix/store/j1qcnia1wpybr12jnxpby1l03xr5f5md-xz-musl-static-aarch64-unknown-linux-musl-5.8.1/lib/liblzma.a(liblzma_la-vli_size.o) is incompatible with elf_x86_64
          ld.lld: error: /nix/store/j1qcnia1wpybr12jnxpby1l03xr5f5md-xz-musl-static-aarch64-unknown-linux-musl-5.8.1/lib/liblzma.a(liblzma_la-hardware_cputhreads.o) is incompatible with elf_x86_64
          ld.lld: error: /nix/store/j1qcnia1wpybr12jnxpby1l03xr5f5md-xz-musl-static-aarch64-unknown-linux-musl-5.8.1/lib/liblzma.a(liblzma_la-outqueue.o) is incompatible with elf_x86_64
          ld.lld: error: /nix/store/j1qcnia1wpybr12jnxpby1l03xr5f5md-xz-musl-static-aarch64-unknown-linux-musl-5.8.1/lib/liblzma.a(liblzma_la-alone_encoder.o) is incompatible with elf_x86_64
          ld.lld: error: /nix/store/j1qcnia1wpybr12jnxpby1l03xr5f5md-xz-musl-static-aarch64-unknown-linux-musl-5.8.1/lib/liblzma.a(liblzma_la-block_buffer_encoder.o) is incompatible with elf_x86_64
          ld.lld: error: /nix/store/j1qcnia1wpybr12jnxpby1l03xr5f5md-xz-musl-static-aarch64-unknown-linux-musl-5.8.1/lib/liblzma.a(liblzma_la-block_encoder.o) is incompatible with elf_x86_64
          ld.lld: error: /nix/store/j1qcnia1wpybr12jnxpby1l03xr5f5md-xz-musl-static-aarch64-unknown-linux-musl-5.8.1/lib/liblzma.a(liblzma_la-block_header_encoder.o) is incompatible with elf_x86_64
          ld.lld: error: /nix/store/j1qcnia1wpybr12jnxpby1l03xr5f5md-xz-musl-static-aarch64-unknown-linux-musl-5.8.1/lib/liblzma.a(liblzma_la-easy_buffer_encoder.o) is incompatible with elf_x86_64
          ld.lld: error: /nix/store/j1qcnia1wpybr12jnxpby1l03xr5f5md-xz-musl-static-aarch64-unknown-linux-musl-5.8.1/lib/liblzma.a(liblzma_la-easy_encoder.o) is incompatible with elf_x86_64
          ld.lld: error: /nix/store/j1qcnia1wpybr12jnxpby1l03xr5f5md-xz-musl-static-aarch64-unknown-linux-musl-5.8.1/lib/liblzma.a(liblzma_la-easy_encoder_memusage.o) is incompatible with elf_x86_64
          ld.lld: error: /nix/store/j1qcnia1wpybr12jnxpby1l03xr5f5md-xz-musl-static-aarch64-unknown-linux-musl-5.8.1/lib/liblzma.a(liblzma_la-filter_buffer_encoder.o) is incompatible with elf_x86_64
          ld.lld: error: /nix/store/j1qcnia1wpybr12jnxpby1l03xr5f5md-xz-musl-static-aarch64-unknown-linux-musl-5.8.1/lib/liblzma.a(liblzma_la-filter_encoder.o) is incompatible with elf_x86_64
          ld.lld: error: /nix/store/j1qcnia1wpybr12jnxpby1l03xr5f5md-xz-musl-static-aarch64-unknown-linux-musl-5.8.1/lib/liblzma.a(liblzma_la-filter_flags_encoder.o) is incompatible with elf_x86_64
          ld.lld: error: /nix/store/j1qcnia1wpybr12jnxpby1l03xr5f5md-xz-musl-static-aarch64-unknown-linux-musl-5.8.1/lib/liblzma.a(liblzma_la-index_encoder.o) is incompatible with elf_x86_64
          ld.lld: error: /nix/store/j1qcnia1wpybr12jnxpby1l03xr5f5md-xz-musl-static-aarch64-unknown-linux-musl-5.8.1/lib/liblzma.a(liblzma_la-stream_buffer_encoder.o) is incompatible with elf_x86_64
          ld.lld: error: /nix/store/j1qcnia1wpybr12jnxpby1l03xr5f5md-xz-musl-static-aarch64-unknown-linux-musl-5.8.1/lib/liblzma.a(liblzma_la-stream_encoder.o) is incompatible with elf_x86_64
          ld.lld: error: /nix/store/j1qcnia1wpybr12jnxpby1l03xr5f5md-xz-musl-static-aarch64-unknown-linux-musl-5.8.1/lib/liblzma.a(liblzma_la-stream_flags_encoder.o) is incompatible with elf_x86_64
          ld.lld: error: /nix/store/j1qcnia1wpybr12jnxpby1l03xr5f5md-xz-musl-static-aarch64-unknown-linux-musl-5.8.1/lib/liblzma.a(liblzma_la-vli_encoder.o) is incompatible with elf_x86_64
          ld.lld: error: /nix/store/j1qcnia1wpybr12jnxpby1l03xr5f5md-xz-musl-static-aarch64-unknown-linux-musl-5.8.1/lib/liblzma.a(liblzma_la-stream_encoder_mt.o) is incompatible with elf_x86_64
          ld.lld: error: /nix/store/j1qcnia1wpybr12jnxpby1l03xr5f5md-xz-musl-static-aarch64-unknown-linux-musl-5.8.1/lib/liblzma.a(liblzma_la-microlzma_encoder.o) is incompatible with elf_x86_64
          ld.lld: error: /nix/store/j1qcnia1wpybr12jnxpby1l03xr5f5md-xz-musl-static-aarch64-unknown-linux-musl-5.8.1/lib/liblzma.a(liblzma_la-alone_decoder.o) is incompatible with elf_x86_64
          ld.lld: error: /nix/store/j1qcnia1wpybr12jnxpby1l03xr5f5md-xz-musl-static-aarch64-unknown-linux-musl-5.8.1/lib/liblzma.a(liblzma_la-auto_decoder.o) is incompatible with elf_x86_64
          ld.lld: error: /nix/store/j1qcnia1wpybr12jnxpby1l03xr5f5md-xz-musl-static-aarch64-unknown-linux-musl-5.8.1/lib/liblzma.a(liblzma_la-block_buffer_decoder.o) is incompatible with elf_x86_64
          ld.lld: error: /nix/store/j1qcnia1wpybr12jnxpby1l03xr5f5md-xz-musl-static-aarch64-unknown-linux-musl-5.8.1/lib/liblzma.a(liblzma_la-block_decoder.o) is incompatible with elf_x86_64
          ld.lld: error: /nix/store/j1qcnia1wpybr12jnxpby1l03xr5f5md-xz-musl-static-aarch64-unknown-linux-musl-5.8.1/lib/liblzma.a(liblzma_la-block_header_decoder.o) is incompatible with elf_x86_64
          ld.lld: error: /nix/store/j1qcnia1wpybr12jnxpby1l03xr5f5md-xz-musl-static-aarch64-unknown-linux-musl-5.8.1/lib/liblzma.a(liblzma_la-easy_decoder_memusage.o) is incompatible with elf_x86_64
          ld.lld: error: /nix/store/j1qcnia1wpybr12jnxpby1l03xr5f5md-xz-musl-static-aarch64-unknown-linux-musl-5.8.1/lib/liblzma.a(liblzma_la-file_info.o) is incompatible with elf_x86_64
          ld.lld: error: /nix/store/j1qcnia1wpybr12jnxpby1l03xr5f5md-xz-musl-static-aarch64-unknown-linux-musl-5.8.1/lib/liblzma.a(liblzma_la-filter_buffer_decoder.o) is incompatible with elf_x86_64
          ld.lld: error: /nix/store/j1qcnia1wpybr12jnxpby1l03xr5f5md-xz-musl-static-aarch64-unknown-linux-musl-5.8.1/lib/liblzma.a(liblzma_la-filter_decoder.o) is incompatible with elf_x86_64
          ld.lld: error: /nix/store/j1qcnia1wpybr12jnxpby1l03xr5f5md-xz-musl-static-aarch64-unknown-linux-musl-5.8.1/lib/liblzma.a(liblzma_la-filter_flags_decoder.o) is incompatible with elf_x86_64
          ld.lld: error: /nix/store/j1qcnia1wpybr12jnxpby1l03xr5f5md-xz-musl-static-aarch64-unknown-linux-musl-5.8.1/lib/liblzma.a(liblzma_la-index_decoder.o) is incompatible with elf_x86_64
          ld.lld: error: /nix/store/j1qcnia1wpybr12jnxpby1l03xr5f5md-xz-musl-static-aarch64-unknown-linux-musl-5.8.1/lib/liblzma.a(liblzma_la-index_hash.o) is incompatible with elf_x86_64
          ld.lld: error: /nix/store/j1qcnia1wpybr12jnxpby1l03xr5f5md-xz-musl-static-aarch64-unknown-linux-musl-5.8.1/lib/liblzma.a(liblzma_la-stream_buffer_decoder.o) is incompatible with elf_x86_64
          ld.lld: error: /nix/store/j1qcnia1wpybr12jnxpby1l03xr5f5md-xz-musl-static-aarch64-unknown-linux-musl-5.8.1/lib/liblzma.a(liblzma_la-stream_decoder.o) is incompatible with elf_x86_64
          ld.lld: error: /nix/store/j1qcnia1wpybr12jnxpby1l03xr5f5md-xz-musl-static-aarch64-unknown-linux-musl-5.8.1/lib/liblzma.a(liblzma_la-stream_flags_decoder.o) is incompatible with elf_x86_64
          ld.lld: error: /nix/store/j1qcnia1wpybr12jnxpby1l03xr5f5md-xz-musl-static-aarch64-unknown-linux-musl-5.8.1/lib/liblzma.a(liblzma_la-vli_decoder.o) is incompatible with elf_x86_64
          ld.lld: error: /nix/store/j1qcnia1wpybr12jnxpby1l03xr5f5md-xz-musl-static-aarch64-unknown-linux-musl-5.8.1/lib/liblzma.a(liblzma_la-stream_decoder_mt.o) is incompatible with elf_x86_64
          ld.lld: error: /nix/store/j1qcnia1wpybr12jnxpby1l03xr5f5md-xz-musl-static-aarch64-unknown-linux-musl-5.8.1/lib/liblzma.a(liblzma_la-microlzma_decoder.o) is incompatible with elf_x86_64
          ld.lld: error: /nix/store/j1qcnia1wpybr12jnxpby1l03xr5f5md-xz-musl-static-aarch64-unknown-linux-musl-5.8.1/lib/liblzma.a(liblzma_la-lzip_decoder.o) is incompatible with elf_x86_64
          ld.lld: error: /nix/store/j1qcnia1wpybr12jnxpby1l03xr5f5md-xz-musl-static-aarch64-unknown-linux-musl-5.8.1/lib/liblzma.a(liblzma_la-check.o) is incompatible with elf_x86_64
          ld.lld: error: /nix/store/j1qcnia1wpybr12jnxpby1l03xr5f5md-xz-musl-static-aarch64-unknown-linux-musl-5.8.1/lib/liblzma.a(liblzma_la-crc32_fast.o) is incompatible with elf_x86_64
          ld.lld: error: /nix/store/j1qcnia1wpybr12jnxpby1l03xr5f5md-xz-musl-static-aarch64-unknown-linux-musl-5.8.1/lib/liblzma.a(liblzma_la-crc64_fast.o) is incompatible with elf_x86_64
          ld.lld: error: /nix/store/j1qcnia1wpybr12jnxpby1l03xr5f5md-xz-musl-static-aarch64-unknown-linux-musl-5.8.1/lib/liblzma.a(liblzma_la-sha256.o) is incompatible with elf_x86_64
          ld.lld: error: /nix/store/j1qcnia1wpybr12jnxpby1l03xr5f5md-xz-musl-static-aarch64-unknown-linux-musl-5.8.1/lib/liblzma.a(liblzma_la-lz_encoder.o) is incompatible with elf_x86_64
          ld.lld: error: /nix/store/j1qcnia1wpybr12jnxpby1l03xr5f5md-xz-musl-static-aarch64-unknown-linux-musl-5.8.1/lib/liblzma.a(liblzma_la-lz_encoder_mf.o) is incompatible with elf_x86_64
          ld.lld: error: /nix/store/j1qcnia1wpybr12jnxpby1l03xr5f5md-xz-musl-static-aarch64-unknown-linux-musl-5.8.1/lib/liblzma.a(liblzma_la-lz_decoder.o) is incompatible with elf_x86_64
          ld.lld: error: /nix/store/j1qcnia1wpybr12jnxpby1l03xr5f5md-xz-musl-static-aarch64-unknown-linux-musl-5.8.1/lib/liblzma.a(liblzma_la-lzma_encoder_presets.o) is incompatible with elf_x86_64
          ld.lld: error: /nix/store/j1qcnia1wpybr12jnxpby1l03xr5f5md-xz-musl-static-aarch64-unknown-linux-musl-5.8.1/lib/liblzma.a(liblzma_la-lzma_encoder.o) is incompatible with elf_x86_64
          ld.lld: error: /nix/store/j1qcnia1wpybr12jnxpby1l03xr5f5md-xz-musl-static-aarch64-unknown-linux-musl-5.8.1/lib/liblzma.a(liblzma_la-lzma_encoder_optimum_fast.o) is incompatible with elf_x86_64
          ld.lld: error: /nix/store/j1qcnia1wpybr12jnxpby1l03xr5f5md-xz-musl-static-aarch64-unknown-linux-musl-5.8.1/lib/liblzma.a(liblzma_la-lzma_encoder_optimum_normal.o) is incompatible with elf_x86_64
          ld.lld: error: /nix/store/j1qcnia1wpybr12jnxpby1l03xr5f5md-xz-musl-static-aarch64-unknown-linux-musl-5.8.1/lib/liblzma.a(liblzma_la-fastpos_table.o) is incompatible with elf_x86_64
          ld.lld: error: /nix/store/j1qcnia1wpybr12jnxpby1l03xr5f5md-xz-musl-static-aarch64-unknown-linux-musl-5.8.1/lib/liblzma.a(liblzma_la-lzma_decoder.o) is incompatible with elf_x86_64
          ld.lld: error: /nix/store/j1qcnia1wpybr12jnxpby1l03xr5f5md-xz-musl-static-aarch64-unknown-linux-musl-5.8.1/lib/liblzma.a(liblzma_la-lzma2_encoder.o) is incompatible with elf_x86_64
          ld.lld: error: /nix/store/j1qcnia1wpybr12jnxpby1l03xr5f5md-xz-musl-static-aarch64-unknown-linux-musl-5.8.1/lib/liblzma.a(liblzma_la-lzma2_decoder.o) is incompatible with elf_x86_64
          ld.lld: error: /nix/store/j1qcnia1wpybr12jnxpby1l03xr5f5md-xz-musl-static-aarch64-unknown-linux-musl-5.8.1/lib/liblzma.a(liblzma_la-price_table.o) is incompatible with elf_x86_64
          ld.lld: error: /nix/store/j1qcnia1wpybr12jnxpby1l03xr5f5md-xz-musl-static-aarch64-unknown-linux-musl-5.8.1/lib/liblzma.a(liblzma_la-delta_common.o) is incompatible with elf_x86_64
          ld.lld: error: /nix/store/j1qcnia1wpybr12jnxpby1l03xr5f5md-xz-musl-static-aarch64-unknown-linux-musl-5.8.1/lib/liblzma.a(liblzma_la-delta_encoder.o) is incompatible with elf_x86_64
          ld.lld: error: /nix/store/j1qcnia1wpybr12jnxpby1l03xr5f5md-xz-musl-static-aarch64-unknown-linux-musl-5.8.1/lib/liblzma.a(liblzma_la-delta_decoder.o) is incompatible with elf_x86_64
          ld.lld: error: /nix/store/j1qcnia1wpybr12jnxpby1l03xr5f5md-xz-musl-static-aarch64-unknown-linux-musl-5.8.1/lib/liblzma.a(liblzma_la-simple_coder.o) is incompatible with elf_x86_64
          ld.lld: error: /nix/store/j1qcnia1wpybr12jnxpby1l03xr5f5md-xz-musl-static-aarch64-unknown-linux-musl-5.8.1/lib/liblzma.a(liblzma_la-simple_encoder.o) is incompatible with elf_x86_64
          ld.lld: error: /nix/store/j1qcnia1wpybr12jnxpby1l03xr5f5md-xz-musl-static-aarch64-unknown-linux-musl-5.8.1/lib/liblzma.a(liblzma_la-simple_decoder.o) is incompatible with elf_x86_64
          ld.lld: error: /nix/store/j1qcnia1wpybr12jnxpby1l03xr5f5md-xz-musl-static-aarch64-unknown-linux-musl-5.8.1/lib/liblzma.a(liblzma_la-x86.o) is incompatible with elf_x86_64
          ld.lld: error: /nix/store/j1qcnia1wpybr12jnxpby1l03xr5f5md-xz-musl-static-aarch64-unknown-linux-musl-5.8.1/lib/liblzma.a(liblzma_la-powerpc.o) is incompatible with elf_x86_64
          ld.lld: error: /nix/store/j1qcnia1wpybr12jnxpby1l03xr5f5md-xz-musl-static-aarch64-unknown-linux-musl-5.8.1/lib/liblzma.a(liblzma_la-ia64.o) is incompatible with elf_x86_64
          ld.lld: error: /nix/store/j1qcnia1wpybr12jnxpby1l03xr5f5md-xz-musl-static-aarch64-unknown-linux-musl-5.8.1/lib/liblzma.a(liblzma_la-arm.o) is incompatible with elf_x86_64
          ld.lld: error: /nix/store/j1qcnia1wpybr12jnxpby1l03xr5f5md-xz-musl-static-aarch64-unknown-linux-musl-5.8.1/lib/liblzma.a(liblzma_la-armthumb.o) is incompatible with elf_x86_64
          ld.lld: error: /nix/store/j1qcnia1wpybr12jnxpby1l03xr5f5md-xz-musl-static-aarch64-unknown-linux-musl-5.8.1/lib/liblzma.a(liblzma_la-arm64.o) is incompatible with elf_x86_64
          ld.lld: error: /nix/store/j1qcnia1wpybr12jnxpby1l03xr5f5md-xz-musl-static-aarch64-unknown-linux-musl-5.8.1/lib/liblzma.a(liblzma_la-sparc.o) is incompatible with elf_x86_64
          ld.lld: error: /nix/store/j1qcnia1wpybr12jnxpby1l03xr5f5md-xz-musl-static-aarch64-unknown-linux-musl-5.8.1/lib/liblzma.a(liblzma_la-riscv.o) is incompatible with elf_x86_64
          ld.lld: error: /nix/store/88r9qqllx666any6n19c2s0pkk682ndl-lz4-musl-static-aarch64-unknown-linux-musl-1.10.0-lib/lib/liblz4.a(lz4.c.o) is incompatible with elf_x86_64
          ld.lld: error: /nix/store/88r9qqllx666any6n19c2s0pkk682ndl-lz4-musl-static-aarch64-unknown-linux-musl-1.10.0-lib/lib/liblz4.a(lz4file.c.o) is incompatible with elf_x86_64
          ld.lld: error: /nix/store/88r9qqllx666any6n19c2s0pkk682ndl-lz4-musl-static-aarch64-unknown-linux-musl-1.10.0-lib/lib/liblz4.a(lz4frame.c.o) is incompatible with elf_x86_64
          ld.lld: error: /nix/store/88r9qqllx666any6n19c2s0pkk682ndl-lz4-musl-static-aarch64-unknown-linux-musl-1.10.0-lib/lib/liblz4.a(lz4hc.c.o) is incompatible with elf_x86_64
          ld.lld: error: /nix/store/88r9qqllx666any6n19c2s0pkk682ndl-lz4-musl-static-aarch64-unknown-linux-musl-1.10.0-lib/lib/liblz4.a(xxhash.c.o) is incompatible with elf_x86_64
          ld.lld: error: /nix/store/0acpvq1nm0019harfnz57r8walapwzgw-libgeotiff-musl-static-aarch64-unknown-linux-musl-1.7.4/lib/libgeotiff.a(cpl_serv.c.o) is incompatible with elf_x86_64
          ld.lld: error: /nix/store/0acpvq1nm0019harfnz57r8walapwzgw-libgeotiff-musl-static-aarch64-unknown-linux-musl-1.7.4/lib/libgeotiff.a(geo_extra.c.o) is incompatible with elf_x86_64
          ld.lld: error: /nix/store/0acpvq1nm0019harfnz57r8walapwzgw-libgeotiff-musl-static-aarch64-unknown-linux-musl-1.7.4/lib/libgeotiff.a(geo_free.c.o) is incompatible with elf_x86_64
          ld.lld: error: /nix/store/0acpvq1nm0019harfnz57r8walapwzgw-libgeotiff-musl-static-aarch64-unknown-linux-musl-1.7.4/lib/libgeotiff.a(geo_get.c.o) is incompatible with elf_x86_64
          ld.lld: error: /nix/store/0acpvq1nm0019harfnz57r8walapwzgw-libgeotiff-musl-static-aarch64-unknown-linux-musl-1.7.4/lib/libgeotiff.a(geo_names.c.o) is incompatible with elf_x86_64
          ld.lld: error: /nix/store/0acpvq1nm0019harfnz57r8walapwzgw-libgeotiff-musl-static-aarch64-unknown-linux-musl-1.7.4/lib/libgeotiff.a(geo_new.c.o) is incompatible with elf_x86_64
          ld.lld: error: /nix/store/0acpvq1nm0019harfnz57r8walapwzgw-libgeotiff-musl-static-aarch64-unknown-linux-musl-1.7.4/lib/libgeotiff.a(geo_normalize.c.o) is incompatible with elf_x86_64
          ld.lld: error: /nix/store/0acpvq1nm0019harfnz57r8walapwzgw-libgeotiff-musl-static-aarch64-unknown-linux-musl-1.7.4/lib/libgeotiff.a(geo_print.c.o) is incompatible with elf_x86_64
          ld.lld: error: /nix/store/0acpvq1nm0019harfnz57r8walapwzgw-libgeotiff-musl-static-aarch64-unknown-linux-musl-1.7.4/lib/libgeotiff.a(geo_set.c.o) is incompatible with elf_x86_64
          ld.lld: error: /nix/store/0acpvq1nm0019harfnz57r8walapwzgw-libgeotiff-musl-static-aarch64-unknown-linux-musl-1.7.4/lib/libgeotiff.a(geo_simpletags.c.o) is incompatible with elf_x86_64
          ld.lld: error: /nix/store/0acpvq1nm0019harfnz57r8walapwzgw-libgeotiff-musl-static-aarch64-unknown-linux-musl-1.7.4/lib/libgeotiff.a(geo_tiffp.c.o) is incompatible with elf_x86_64
          ld.lld: error: /nix/store/0acpvq1nm0019harfnz57r8walapwzgw-libgeotiff-musl-static-aarch64-unknown-linux-musl-1.7.4/lib/libgeotiff.a(geo_trans.c.o) is incompatible with elf_x86_64
          ld.lld: error: /nix/store/0acpvq1nm0019harfnz57r8walapwzgw-libgeotiff-musl-static-aarch64-unknown-linux-musl-1.7.4/lib/libgeotiff.a(geo_write.c.o) is incompatible with elf_x86_64
          ld.lld: error: /nix/store/0acpvq1nm0019harfnz57r8walapwzgw-libgeotiff-musl-static-aarch64-unknown-linux-musl-1.7.4/lib/libgeotiff.a(geotiff_proj4.c.o) is incompatible with elf_x86_64
          ld.lld: error: /nix/store/0acpvq1nm0019harfnz57r8walapwzgw-libgeotiff-musl-static-aarch64-unknown-linux-musl-1.7.4/lib/libgeotiff.a(xtiff.c.o) is incompatible with elf_x86_64
          ld.lld: error: /nix/store/g4ggbfrps2jdqnavabnn54rkk3icmm8k-libtiff-musl-static-aarch64-unknown-linux-musl-4.7.1/lib/libtiff.a(tif_aux.c.o) is incompatible with elf_x86_64
          ld.lld: error: /nix/store/g4ggbfrps2jdqnavabnn54rkk3icmm8k-libtiff-musl-static-aarch64-unknown-linux-musl-4.7.1/lib/libtiff.a(tif_close.c.o) is incompatible with elf_x86_64
          ld.lld: error: /nix/store/g4ggbfrps2jdqnavabnn54rkk3icmm8k-libtiff-musl-static-aarch64-unknown-linux-musl-4.7.1/lib/libtiff.a(tif_codec.c.o) is incompatible with elf_x86_64
          ld.lld: error: /nix/store/g4ggbfrps2jdqnavabnn54rkk3icmm8k-libtiff-musl-static-aarch64-unknown-linux-musl-4.7.1/lib/libtiff.a(tif_color.c.o) is incompatible with elf_x86_64
          ld.lld: error: /nix/store/g4ggbfrps2jdqnavabnn54rkk3icmm8k-libtiff-musl-static-aarch64-unknown-linux-musl-4.7.1/lib/libtiff.a(tif_compress.c.o) is incompatible with elf_x86_64
          ld.lld: error: /nix/store/g4ggbfrps2jdqnavabnn54rkk3icmm8k-libtiff-musl-static-aarch64-unknown-linux-musl-4.7.1/lib/libtiff.a(tif_dir.c.o) is incompatible with elf_x86_64
          ld.lld: error: /nix/store/g4ggbfrps2jdqnavabnn54rkk3icmm8k-libtiff-musl-static-aarch64-unknown-linux-musl-4.7.1/lib/libtiff.a(tif_dirinfo.c.o) is incompatible with elf_x86_64
          ld.lld: error: /nix/store/g4ggbfrps2jdqnavabnn54rkk3icmm8k-libtiff-musl-static-aarch64-unknown-linux-musl-4.7.1/lib/libtiff.a(tif_dirread.c.o) is incompatible with elf_x86_64
          ld.lld: error: /nix/store/g4ggbfrps2jdqnavabnn54rkk3icmm8k-libtiff-musl-static-aarch64-unknown-linux-musl-4.7.1/lib/libtiff.a(tif_dirwrite.c.o) is incompatible with elf_x86_64
          ld.lld: error: /nix/store/g4ggbfrps2jdqnavabnn54rkk3icmm8k-libtiff-musl-static-aarch64-unknown-linux-musl-4.7.1/lib/libtiff.a(tif_dumpmode.c.o) is incompatible with elf_x86_64
          ld.lld: error: /nix/store/g4ggbfrps2jdqnavabnn54rkk3icmm8k-libtiff-musl-static-aarch64-unknown-linux-musl-4.7.1/lib/libtiff.a(tif_error.c.o) is incompatible with elf_x86_64
          ld.lld: error: /nix/store/g4ggbfrps2jdqnavabnn54rkk3icmm8k-libtiff-musl-static-aarch64-unknown-linux-musl-4.7.1/lib/libtiff.a(tif_extension.c.o) is incompatible with elf_x86_64
          ld.lld: error: /nix/store/g4ggbfrps2jdqnavabnn54rkk3icmm8k-libtiff-musl-static-aarch64-unknown-linux-musl-4.7.1/lib/libtiff.a(tif_fax3.c.o) is incompatible with elf_x86_64
          ld.lld: error: /nix/store/g4ggbfrps2jdqnavabnn54rkk3icmm8k-libtiff-musl-static-aarch64-unknown-linux-musl-4.7.1/lib/libtiff.a(tif_fax3sm.c.o) is incompatible with elf_x86_64
          ld.lld: error: /nix/store/g4ggbfrps2jdqnavabnn54rkk3icmm8k-libtiff-musl-static-aarch64-unknown-linux-musl-4.7.1/lib/libtiff.a(tif_flush.c.o) is incompatible with elf_x86_64
          ld.lld: error: /nix/store/g4ggbfrps2jdqnavabnn54rkk3icmm8k-libtiff-musl-static-aarch64-unknown-linux-musl-4.7.1/lib/libtiff.a(tif_getimage.c.o) is incompatible with elf_x86_64
          ld.lld: error: /nix/store/g4ggbfrps2jdqnavabnn54rkk3icmm8k-libtiff-musl-static-aarch64-unknown-linux-musl-4.7.1/lib/libtiff.a(tif_hash_set.c.o) is incompatible with elf_x86_64
          ld.lld: error: /nix/store/g4ggbfrps2jdqnavabnn54rkk3icmm8k-libtiff-musl-static-aarch64-unknown-linux-musl-4.7.1/lib/libtiff.a(tif_jbig.c.o) is incompatible with elf_x86_64
          ld.lld: error: /nix/store/g4ggbfrps2jdqnavabnn54rkk3icmm8k-libtiff-musl-static-aarch64-unknown-linux-musl-4.7.1/lib/libtiff.a(tif_jpeg.c.o) is incompatible with elf_x86_64
          ld.lld: error: /nix/store/g4ggbfrps2jdqnavabnn54rkk3icmm8k-libtiff-musl-static-aarch64-unknown-linux-musl-4.7.1/lib/libtiff.a(tif_jpeg_12.c.o) is incompatible with elf_x86_64
          ld.lld: error: /nix/store/g4ggbfrps2jdqnavabnn54rkk3icmm8k-libtiff-musl-static-aarch64-unknown-linux-musl-4.7.1/lib/libtiff.a(tif_lerc.c.o) is incompatible with elf_x86_64
          ld.lld: error: /nix/store/g4ggbfrps2jdqnavabnn54rkk3icmm8k-libtiff-musl-static-aarch64-unknown-linux-musl-4.7.1/lib/libtiff.a(tif_luv.c.o) is incompatible with elf_x86_64
          ld.lld: error: /nix/store/g4ggbfrps2jdqnavabnn54rkk3icmm8k-libtiff-musl-static-aarch64-unknown-linux-musl-4.7.1/lib/libtiff.a(tif_lzma.c.o) is incompatible with elf_x86_64
          ld.lld: error: /nix/store/g4ggbfrps2jdqnavabnn54rkk3icmm8k-libtiff-musl-static-aarch64-unknown-linux-musl-4.7.1/lib/libtiff.a(tif_lzw.c.o) is incompatible with elf_x86_64
          ld.lld: error: /nix/store/g4ggbfrps2jdqnavabnn54rkk3icmm8k-libtiff-musl-static-aarch64-unknown-linux-musl-4.7.1/lib/libtiff.a(tif_next.c.o) is incompatible with elf_x86_64
          ld.lld: error: /nix/store/g4ggbfrps2jdqnavabnn54rkk3icmm8k-libtiff-musl-static-aarch64-unknown-linux-musl-4.7.1/lib/libtiff.a(tif_ojpeg.c.o) is incompatible with elf_x86_64
          ld.lld: error: /nix/store/g4ggbfrps2jdqnavabnn54rkk3icmm8k-libtiff-musl-static-aarch64-unknown-linux-musl-4.7.1/lib/libtiff.a(tif_open.c.o) is incompatible with elf_x86_64
          ld.lld: error: /nix/store/g4ggbfrps2jdqnavabnn54rkk3icmm8k-libtiff-musl-static-aarch64-unknown-linux-musl-4.7.1/lib/libtiff.a(tif_packbits.c.o) is incompatible with elf_x86_64
          ld.lld: error: /nix/store/g4ggbfrps2jdqnavabnn54rkk3icmm8k-libtiff-musl-static-aarch64-unknown-linux-musl-4.7.1/lib/libtiff.a(tif_pixarlog.c.o) is incompatible with elf_x86_64
          ld.lld: error: /nix/store/g4ggbfrps2jdqnavabnn54rkk3icmm8k-libtiff-musl-static-aarch64-unknown-linux-musl-4.7.1/lib/libtiff.a(tif_predict.c.o) is incompatible with elf_x86_64
          ld.lld: error: /nix/store/g4ggbfrps2jdqnavabnn54rkk3icmm8k-libtiff-musl-static-aarch64-unknown-linux-musl-4.7.1/lib/libtiff.a(tif_print.c.o) is incompatible with elf_x86_64
          ld.lld: error: /nix/store/g4ggbfrps2jdqnavabnn54rkk3icmm8k-libtiff-musl-static-aarch64-unknown-linux-musl-4.7.1/lib/libtiff.a(tif_read.c.o) is incompatible with elf_x86_64
          ld.lld: error: /nix/store/g4ggbfrps2jdqnavabnn54rkk3icmm8k-libtiff-musl-static-aarch64-unknown-linux-musl-4.7.1/lib/libtiff.a(tif_strip.c.o) is incompatible with elf_x86_64
          ld.lld: error: /nix/store/g4ggbfrps2jdqnavabnn54rkk3icmm8k-libtiff-musl-static-aarch64-unknown-linux-musl-4.7.1/lib/libtiff.a(tif_swab.c.o) is incompatible with elf_x86_64
          ld.lld: error: /nix/store/g4ggbfrps2jdqnavabnn54rkk3icmm8k-libtiff-musl-static-aarch64-unknown-linux-musl-4.7.1/lib/libtiff.a(tif_thunder.c.o) is incompatible with elf_x86_64
          ld.lld: error: /nix/store/g4ggbfrps2jdqnavabnn54rkk3icmm8k-libtiff-musl-static-aarch64-unknown-linux-musl-4.7.1/lib/libtiff.a(tif_tile.c.o) is incompatible with elf_x86_64
          ld.lld: error: /nix/store/g4ggbfrps2jdqnavabnn54rkk3icmm8k-libtiff-musl-static-aarch64-unknown-linux-musl-4.7.1/lib/libtiff.a(tif_version.c.o) is incompatible with elf_x86_64
          ld.lld: error: /nix/store/g4ggbfrps2jdqnavabnn54rkk3icmm8k-libtiff-musl-static-aarch64-unknown-linux-musl-4.7.1/lib/libtiff.a(tif_warning.c.o) is incompatible with elf_x86_64
          ld.lld: error: /nix/store/g4ggbfrps2jdqnavabnn54rkk3icmm8k-libtiff-musl-static-aarch64-unknown-linux-musl-4.7.1/lib/libtiff.a(tif_webp.c.o) is incompatible with elf_x86_64
          ld.lld: error: /nix/store/g4ggbfrps2jdqnavabnn54rkk3icmm8k-libtiff-musl-static-aarch64-unknown-linux-musl-4.7.1/lib/libtiff.a(tif_write.c.o) is incompatible with elf_x86_64
          ld.lld: error: /nix/store/g4ggbfrps2jdqnavabnn54rkk3icmm8k-libtiff-musl-static-aarch64-unknown-linux-musl-4.7.1/lib/libtiff.a(tif_zip.c.o) is incompatible with elf_x86_64
          ld.lld: error: /nix/store/g4ggbfrps2jdqnavabnn54rkk3icmm8k-libtiff-musl-static-aarch64-unknown-linux-musl-4.7.1/lib/libtiff.a(tif_zstd.c.o) is incompatible with elf_x86_64
          ld.lld: error: /nix/store/g4ggbfrps2jdqnavabnn54rkk3icmm8k-libtiff-musl-static-aarch64-unknown-linux-musl-4.7.1/lib/libtiff.a(tif_unix.c.o) is incompatible with elf_x86_64
          ld.lld: error: /nix/store/b83f98s429c9zizw751zn7zykybgg9z2-libdeflate-musl-static-aarch64-unknown-linux-musl-1.25/lib/libdeflate.a(cpu_features.c.o) is incompatible with elf_x86_64
          ld.lld: error: /nix/store/b83f98s429c9zizw751zn7zykybgg9z2-libdeflate-musl-static-aarch64-unknown-linux-musl-1.25/lib/libdeflate.a(utils.c.o) is incompatible with elf_x86_64
          ld.lld: error: /nix/store/b83f98s429c9zizw751zn7zykybgg9z2-libdeflate-musl-static-aarch64-unknown-linux-musl-1.25/lib/libdeflate.a(cpu_features.c.o) is incompatible with elf_x86_64
          ld.lld: error: /nix/store/b83f98s429c9zizw751zn7zykybgg9z2-libdeflate-musl-static-aarch64-unknown-linux-musl-1.25/lib/libdeflate.a(deflate_compress.c.o) is incompatible with elf_x86_64
          ld.lld: error: /nix/store/b83f98s429c9zizw751zn7zykybgg9z2-libdeflate-musl-static-aarch64-unknown-linux-musl-1.25/lib/libdeflate.a(deflate_decompress.c.o) is incompatible with elf_x86_64
          ld.lld: error: /nix/store/b83f98s429c9zizw751zn7zykybgg9z2-libdeflate-musl-static-aarch64-unknown-linux-musl-1.25/lib/libdeflate.a(adler32.c.o) is incompatible with elf_x86_64
          ld.lld: error: /nix/store/b83f98s429c9zizw751zn7zykybgg9z2-libdeflate-musl-static-aarch64-unknown-linux-musl-1.25/lib/libdeflate.a(zlib_compress.c.o) is incompatible with elf_x86_64
          ld.lld: error: /nix/store/b83f98s429c9zizw751zn7zykybgg9z2-libdeflate-musl-static-aarch64-unknown-linux-musl-1.25/lib/libdeflate.a(zlib_decompress.c.o) is incompatible with elf_x86_64
          ld.lld: error: /nix/store/b83f98s429c9zizw751zn7zykybgg9z2-libdeflate-musl-static-aarch64-unknown-linux-musl-1.25/lib/libdeflate.a(crc32.c.o) is incompatible with elf_x86_64
          ld.lld: error: /nix/store/b83f98s429c9zizw751zn7zykybgg9z2-libdeflate-musl-static-aarch64-unknown-linux-musl-1.25/lib/libdeflate.a(gzip_compress.c.o) is incompatible with elf_x86_64
          ld.lld: error: /nix/store/b83f98s429c9zizw751zn7zykybgg9z2-libdeflate-musl-static-aarch64-unknown-linux-musl-1.25/lib/libdeflate.a(gzip_decompress.c.o) is incompatible with elf_x86_64
          ld.lld: error: /nix/store/lgrh550dakz5rm9i85i6rnccvfwx14ia-lerc-musl-static-aarch64-unknown-linux-musl-4.0.0/lib/libLerc.a(BitMask.cpp.o) is incompatible with elf_x86_64
          ld.lld: error: /nix/store/lgrh550dakz5rm9i85i6rnccvfwx14ia-lerc-musl-static-aarch64-unknown-linux-musl-4.0.0/lib/libLerc.a(BitStuffer2.cpp.o) is incompatible with elf_x86_64
          ld.lld: error: /nix/store/lgrh550dakz5rm9i85i6rnccvfwx14ia-lerc-musl-static-aarch64-unknown-linux-musl-4.0.0/lib/libLerc.a(Huffman.cpp.o) is incompatible with elf_x86_64
          ld.lld: error: /nix/store/lgrh550dakz5rm9i85i6rnccvfwx14ia-lerc-musl-static-aarch64-unknown-linux-musl-4.0.0/lib/libLerc.a(Lerc.cpp.o) is incompatible with elf_x86_64
          ld.lld: error: /nix/store/lgrh550dakz5rm9i85i6rnccvfwx14ia-lerc-musl-static-aarch64-unknown-linux-musl-4.0.0/lib/libLerc.a(BitStuffer.cpp.o) is incompatible with elf_x86_64
          ld.lld: error: /nix/store/lgrh550dakz5rm9i85i6rnccvfwx14ia-lerc-musl-static-aarch64-unknown-linux-musl-4.0.0/lib/libLerc.a(CntZImage.cpp.o) is incompatible with elf_x86_64
          ld.lld: error: /nix/store/lgrh550dakz5rm9i85i6rnccvfwx14ia-lerc-musl-static-aarch64-unknown-linux-musl-4.0.0/lib/libLerc.a(Lerc2.cpp.o) is incompatible with elf_x86_64
          ld.lld: error: /nix/store/lgrh550dakz5rm9i85i6rnccvfwx14ia-lerc-musl-static-aarch64-unknown-linux-musl-4.0.0/lib/libLerc.a(Lerc_c_api_impl.cpp.o) is incompatible with elf_x86_64
          ld.lld: error: /nix/store/lgrh550dakz5rm9i85i6rnccvfwx14ia-lerc-musl-static-aarch64-unknown-linux-musl-4.0.0/lib/libLerc.a(RLE.cpp.o) is incompatible with elf_x86_64
          ld.lld: error: /nix/store/lgrh550dakz5rm9i85i6rnccvfwx14ia-lerc-musl-static-aarch64-unknown-linux-musl-4.0.0/lib/libLerc.a(fpl_Compression.cpp.o) is incompatible with elf_x86_64
          ld.lld: error: /nix/store/lgrh550dakz5rm9i85i6rnccvfwx14ia-lerc-musl-static-aarch64-unknown-linux-musl-4.0.0/lib/libLerc.a(fpl_EsriHuffman.cpp.o) is incompatible with elf_x86_64
          ld.lld: error: /nix/store/lgrh550dakz5rm9i85i6rnccvfwx14ia-lerc-musl-static-aarch64-unknown-linux-musl-4.0.0/lib/libLerc.a(fpl_Lerc2Ext.cpp.o) is incompatible with elf_x86_64
          ld.lld: error: /nix/store/lgrh550dakz5rm9i85i6rnccvfwx14ia-lerc-musl-static-aarch64-unknown-linux-musl-4.0.0/lib/libLerc.a(fpl_Predictor.cpp.o) is incompatible with elf_x86_64
          ld.lld: error: /nix/store/lgrh550dakz5rm9i85i6rnccvfwx14ia-lerc-musl-static-aarch64-unknown-linux-musl-4.0.0/lib/libLerc.a(fpl_UnitTypes.cpp.o) is incompatible with elf_x86_64
          ld.lld: error: /nix/store/wpg5hlz1kkwdwpbjwpbirrw5qnhsi6ha-zstd-musl-static-aarch64-unknown-linux-musl-1.5.7/lib/libzstd.a(debug.c.o) is incompatible with elf_x86_64
          ld.lld: error: /nix/store/wpg5hlz1kkwdwpbjwpbirrw5qnhsi6ha-zstd-musl-static-aarch64-unknown-linux-musl-1.5.7/lib/libzstd.a(entropy_common.c.o) is incompatible with elf_x86_64
          ld.lld: error: /nix/store/wpg5hlz1kkwdwpbjwpbirrw5qnhsi6ha-zstd-musl-static-aarch64-unknown-linux-musl-1.5.7/lib/libzstd.a(error_private.c.o) is incompatible with elf_x86_64
          ld.lld: error: /nix/store/wpg5hlz1kkwdwpbjwpbirrw5qnhsi6ha-zstd-musl-static-aarch64-unknown-linux-musl-1.5.7/lib/libzstd.a(fse_decompress.c.o) is incompatible with elf_x86_64
          ld.lld: error: /nix/store/wpg5hlz1kkwdwpbjwpbirrw5qnhsi6ha-zstd-musl-static-aarch64-unknown-linux-musl-1.5.7/lib/libzstd.a(pool.c.o) is incompatible with elf_x86_64
          ld.lld: error: /nix/store/wpg5hlz1kkwdwpbjwpbirrw5qnhsi6ha-zstd-musl-static-aarch64-unknown-linux-musl-1.5.7/lib/libzstd.a(threading.c.o) is incompatible with elf_x86_64
          ld.lld: error: /nix/store/wpg5hlz1kkwdwpbjwpbirrw5qnhsi6ha-zstd-musl-static-aarch64-unknown-linux-musl-1.5.7/lib/libzstd.a(xxhash.c.o) is incompatible with elf_x86_64
          ld.lld: error: /nix/store/wpg5hlz1kkwdwpbjwpbirrw5qnhsi6ha-zstd-musl-static-aarch64-unknown-linux-musl-1.5.7/lib/libzstd.a(zstd_common.c.o) is incompatible with elf_x86_64
          ld.lld: error: /nix/store/wpg5hlz1kkwdwpbjwpbirrw5qnhsi6ha-zstd-musl-static-aarch64-unknown-linux-musl-1.5.7/lib/libzstd.a(fse_compress.c.o) is incompatible with elf_x86_64
          ld.lld: error: /nix/store/wpg5hlz1kkwdwpbjwpbirrw5qnhsi6ha-zstd-musl-static-aarch64-unknown-linux-musl-1.5.7/lib/libzstd.a(hist.c.o) is incompatible with elf_x86_64
          ld.lld: error: /nix/store/wpg5hlz1kkwdwpbjwpbirrw5qnhsi6ha-zstd-musl-static-aarch64-unknown-linux-musl-1.5.7/lib/libzstd.a(huf_compress.c.o) is incompatible with elf_x86_64
          ld.lld: error: /nix/store/wpg5hlz1kkwdwpbjwpbirrw5qnhsi6ha-zstd-musl-static-aarch64-unknown-linux-musl-1.5.7/lib/libzstd.a(zstd_compress.c.o) is incompatible with elf_x86_64
          ld.lld: error: /nix/store/wpg5hlz1kkwdwpbjwpbirrw5qnhsi6ha-zstd-musl-static-aarch64-unknown-linux-musl-1.5.7/lib/libzstd.a(zstd_compress_literals.c.o) is incompatible with elf_x86_64
          ld.lld: error: /nix/store/wpg5hlz1kkwdwpbjwpbirrw5qnhsi6ha-zstd-musl-static-aarch64-unknown-linux-musl-1.5.7/lib/libzstd.a(zstd_compress_sequences.c.o) is incompatible with elf_x86_64
          ld.lld: error: /nix/store/wpg5hlz1kkwdwpbjwpbirrw5qnhsi6ha-zstd-musl-static-aarch64-unknown-linux-musl-1.5.7/lib/libzstd.a(zstd_compress_superblock.c.o) is incompatible with elf_x86_64
          ld.lld: error: /nix/store/wpg5hlz1kkwdwpbjwpbirrw5qnhsi6ha-zstd-musl-static-aarch64-unknown-linux-musl-1.5.7/lib/libzstd.a(zstd_double_fast.c.o) is incompatible with elf_x86_64
          ld.lld: error: /nix/store/wpg5hlz1kkwdwpbjwpbirrw5qnhsi6ha-zstd-musl-static-aarch64-unknown-linux-musl-1.5.7/lib/libzstd.a(zstd_fast.c.o) is incompatible with elf_x86_64
          ld.lld: error: /nix/store/wpg5hlz1kkwdwpbjwpbirrw5qnhsi6ha-zstd-musl-static-aarch64-unknown-linux-musl-1.5.7/lib/libzstd.a(zstd_lazy.c.o) is incompatible with elf_x86_64
          ld.lld: error: /nix/store/wpg5hlz1kkwdwpbjwpbirrw5qnhsi6ha-zstd-musl-static-aarch64-unknown-linux-musl-1.5.7/lib/libzstd.a(zstd_ldm.c.o) is incompatible with elf_x86_64
          ld.lld: error: /nix/store/wpg5hlz1kkwdwpbjwpbirrw5qnhsi6ha-zstd-musl-static-aarch64-unknown-linux-musl-1.5.7/lib/libzstd.a(zstd_opt.c.o) is incompatible with elf_x86_64
          ld.lld: error: /nix/store/wpg5hlz1kkwdwpbjwpbirrw5qnhsi6ha-zstd-musl-static-aarch64-unknown-linux-musl-1.5.7/lib/libzstd.a(zstd_preSplit.c.o) is incompatible with elf_x86_64
          ld.lld: error: /nix/store/wpg5hlz1kkwdwpbjwpbirrw5qnhsi6ha-zstd-musl-static-aarch64-unknown-linux-musl-1.5.7/lib/libzstd.a(zstdmt_compress.c.o) is incompatible with elf_x86_64
          ld.lld: error: /nix/store/wpg5hlz1kkwdwpbjwpbirrw5qnhsi6ha-zstd-musl-static-aarch64-unknown-linux-musl-1.5.7/lib/libzstd.a(huf_decompress.c.o) is incompatible with elf_x86_64
          ld.lld: error: /nix/store/wpg5hlz1kkwdwpbjwpbirrw5qnhsi6ha-zstd-musl-static-aarch64-unknown-linux-musl-1.5.7/lib/libzstd.a(zstd_ddict.c.o) is incompatible with elf_x86_64
          ld.lld: error: /nix/store/wpg5hlz1kkwdwpbjwpbirrw5qnhsi6ha-zstd-musl-static-aarch64-unknown-linux-musl-1.5.7/lib/libzstd.a(zstd_decompress.c.o) is incompatible with elf_x86_64
          ld.lld: error: /nix/store/wpg5hlz1kkwdwpbjwpbirrw5qnhsi6ha-zstd-musl-static-aarch64-unknown-linux-musl-1.5.7/lib/libzstd.a(zstd_decompress_block.c.o) is incompatible with elf_x86_64
          ld.lld: error: /nix/store/wpg5hlz1kkwdwpbjwpbirrw5qnhsi6ha-zstd-musl-static-aarch64-unknown-linux-musl-1.5.7/lib/libzstd.a(cover.c.o) is incompatible with elf_x86_64
          ld.lld: error: /nix/store/wpg5hlz1kkwdwpbjwpbirrw5qnhsi6ha-zstd-musl-static-aarch64-unknown-linux-musl-1.5.7/lib/libzstd.a(divsufsort.c.o) is incompatible with elf_x86_64
          ld.lld: error: /nix/store/wpg5hlz1kkwdwpbjwpbirrw5qnhsi6ha-zstd-musl-static-aarch64-unknown-linux-musl-1.5.7/lib/libzstd.a(fastcover.c.o) is incompatible with elf_x86_64
          ld.lld: error: /nix/store/wpg5hlz1kkwdwpbjwpbirrw5qnhsi6ha-zstd-musl-static-aarch64-unknown-linux-musl-1.5.7/lib/libzstd.a(zdict.c.o) is incompatible with elf_x86_64
          ld.lld: error: /nix/store/wpg5hlz1kkwdwpbjwpbirrw5qnhsi6ha-zstd-musl-static-aarch64-unknown-linux-musl-1.5.7/lib/libzstd.a(zstd_v01.c.o) is incompatible with elf_x86_64
          ld.lld: error: /nix/store/wpg5hlz1kkwdwpbjwpbirrw5qnhsi6ha-zstd-musl-static-aarch64-unknown-linux-musl-1.5.7/lib/libzstd.a(zstd_v02.c.o) is incompatible with elf_x86_64
          ld.lld: error: /nix/store/wpg5hlz1kkwdwpbjwpbirrw5qnhsi6ha-zstd-musl-static-aarch64-unknown-linux-musl-1.5.7/lib/libzstd.a(zstd_v03.c.o) is incompatible with elf_x86_64
          ld.lld: error: /nix/store/wpg5hlz1kkwdwpbjwpbirrw5qnhsi6ha-zstd-musl-static-aarch64-unknown-linux-musl-1.5.7/lib/libzstd.a(zstd_v04.c.o) is incompatible with elf_x86_64
          ld.lld: error: /nix/store/wpg5hlz1kkwdwpbjwpbirrw5qnhsi6ha-zstd-musl-static-aarch64-unknown-linux-musl-1.5.7/lib/libzstd.a(zstd_v05.c.o) is incompatible with elf_x86_64
          ld.lld: error: /nix/store/wpg5hlz1kkwdwpbjwpbirrw5qnhsi6ha-zstd-musl-static-aarch64-unknown-linux-musl-1.5.7/lib/libzstd.a(zstd_v06.c.o) is incompatible with elf_x86_64
          ld.lld: error: /nix/store/wpg5hlz1kkwdwpbjwpbirrw5qnhsi6ha-zstd-musl-static-aarch64-unknown-linux-musl-1.5.7/lib/libzstd.a(zstd_v07.c.o) is incompatible with elf_x86_64
          ld.lld: error: /nix/store/lmjp52vnvccs19cvwaw28mshdn49d6a7-netcdf-musl-static-aarch64-unknown-linux-musl-4.9.3/lib/libnetcdf.a(nc_initialize.c.o) is incompatible with elf_x86_64
          ld.lld: error: /nix/store/lmjp52vnvccs19cvwaw28mshdn49d6a7-netcdf-musl-static-aarch64-unknown-linux-musl-4.9.3/lib/libnetcdf.a(v1hpg.c.o) is incompatible with elf_x86_64
          ld.lld: error: /nix/store/lmjp52vnvccs19cvwaw28mshdn49d6a7-netcdf-musl-static-aarch64-unknown-linux-musl-4.9.3/lib/libnetcdf.a(putget.c.o) is incompatible with elf_x86_64
          ld.lld: error: /nix/store/lmjp52vnvccs19cvwaw28mshdn49d6a7-netcdf-musl-static-aarch64-unknown-linux-musl-4.9.3/lib/libnetcdf.a(attr.c.o) is incompatible with elf_x86_64
          ld.lld: error: /nix/store/lmjp52vnvccs19cvwaw28mshdn49d6a7-netcdf-musl-static-aarch64-unknown-linux-musl-4.9.3/lib/libnetcdf.a(nc3dispatch.c.o) is incompatible with elf_x86_64
          ld.lld: error: /nix/store/lmjp52vnvccs19cvwaw28mshdn49d6a7-netcdf-musl-static-aarch64-unknown-linux-musl-4.9.3/lib/libnetcdf.a(nc3internal.c.o) is incompatible with elf_x86_64
          ld.lld: error: /nix/store/lmjp52vnvccs19cvwaw28mshdn49d6a7-netcdf-musl-static-aarch64-unknown-linux-musl-4.9.3/lib/libnetcdf.a(var.c.o) is incompatible with elf_x86_64
          ld.lld: error: /nix/store/lmjp52vnvccs19cvwaw28mshdn49d6a7-netcdf-musl-static-aarch64-unknown-linux-musl-4.9.3/lib/libnetcdf.a(dim.c.o) is incompatible with elf_x86_64
          ld.lld: error: /nix/store/lmjp52vnvccs19cvwaw28mshdn49d6a7-netcdf-musl-static-aarch64-unknown-linux-musl-4.9.3/lib/libnetcdf.a(ncx.c.o) is incompatible with elf_x86_64
          ld.lld: error: /nix/store/lmjp52vnvccs19cvwaw28mshdn49d6a7-netcdf-musl-static-aarch64-unknown-linux-musl-4.9.3/lib/libnetcdf.a(lookup3.c.o) is incompatible with elf_x86_64
          ld.lld: error: /nix/store/lmjp52vnvccs19cvwaw28mshdn49d6a7-netcdf-musl-static-aarch64-unknown-linux-musl-4.9.3/lib/libnetcdf.a(ncio.c.o) is incompatible with elf_x86_64
          ld.lld: error: /nix/store/lmjp52vnvccs19cvwaw28mshdn49d6a7-netcdf-musl-static-aarch64-unknown-linux-musl-4.9.3/lib/libnetcdf.a(memio.c.o) is incompatible with elf_x86_64
          ld.lld: error: /nix/store/lmjp52vnvccs19cvwaw28mshdn49d6a7-netcdf-musl-static-aarch64-unknown-linux-musl-4.9.3/lib/libnetcdf.a(mmapio.c.o) is incompatible with elf_x86_64
          ld.lld: error: /nix/store/lmjp52vnvccs19cvwaw28mshdn49d6a7-netcdf-musl-static-aarch64-unknown-linux-musl-4.9.3/lib/libnetcdf.a(posixio.c.o) is incompatible with elf_x86_64
          ld.lld: error: /nix/store/lmjp52vnvccs19cvwaw28mshdn49d6a7-netcdf-musl-static-aarch64-unknown-linux-musl-4.9.3/lib/libnetcdf.a(dcopy.c.o) is incompatible with elf_x86_64
          ld.lld: error: /nix/store/lmjp52vnvccs19cvwaw28mshdn49d6a7-netcdf-musl-static-aarch64-unknown-linux-musl-4.9.3/lib/libnetcdf.a(dfile.c.o) is incompatible with elf_x86_64
          ld.lld: error: /nix/store/lmjp52vnvccs19cvwaw28mshdn49d6a7-netcdf-musl-static-aarch64-unknown-linux-musl-4.9.3/lib/libnetcdf.a(ddim.c.o) is incompatible with elf_x86_64
          ld.lld: error: /nix/store/lmjp52vnvccs19cvwaw28mshdn49d6a7-netcdf-musl-static-aarch64-unknown-linux-musl-4.9.3/lib/libnetcdf.a(datt.c.o) is incompatible with elf_x86_64
          ld.lld: error: /nix/store/lmjp52vnvccs19cvwaw28mshdn49d6a7-netcdf-musl-static-aarch64-unknown-linux-musl-4.9.3/lib/libnetcdf.a(dattinq.c.o) is incompatible with elf_x86_64
          ld.lld: error: /nix/store/lmjp52vnvccs19cvwaw28mshdn49d6a7-netcdf-musl-static-aarch64-unknown-linux-musl-4.9.3/lib/libnetcdf.a(dattput.c.o) is incompatible with elf_x86_64
          ld.lld: error: /nix/store/lmjp52vnvccs19cvwaw28mshdn49d6a7-netcdf-musl-static-aarch64-unknown-linux-musl-4.9.3/lib/libnetcdf.a(dattget.c.o) is incompatible with elf_x86_64
          ld.lld: error: /nix/store/lmjp52vnvccs19cvwaw28mshdn49d6a7-netcdf-musl-static-aarch64-unknown-linux-musl-4.9.3/lib/libnetcdf.a(derror.c.o) is incompatible with elf_x86_64
          ld.lld: error: /nix/store/lmjp52vnvccs19cvwaw28mshdn49d6a7-netcdf-musl-static-aarch64-unknown-linux-musl-4.9.3/lib/libnetcdf.a(dvar.c.o) is incompatible with elf_x86_64
          ld.lld: error: /nix/store/lmjp52vnvccs19cvwaw28mshdn49d6a7-netcdf-musl-static-aarch64-unknown-linux-musl-4.9.3/lib/libnetcdf.a(dvarget.c.o) is incompatible with elf_x86_64
          ld.lld: error: /nix/store/lmjp52vnvccs19cvwaw28mshdn49d6a7-netcdf-musl-static-aarch64-unknown-linux-musl-4.9.3/lib/libnetcdf.a(dvarput.c.o) is incompatible with elf_x86_64
          ld.lld: error: /nix/store/lmjp52vnvccs19cvwaw28mshdn49d6a7-netcdf-musl-static-aarch64-unknown-linux-musl-4.9.3/lib/libnetcdf.a(dvarinq.c.o) is incompatible with elf_x86_64
          ld.lld: error: /nix/store/lmjp52vnvccs19cvwaw28mshdn49d6a7-netcdf-musl-static-aarch64-unknown-linux-musl-4.9.3/lib/libnetcdf.a(ddispatch.c.o) is incompatible with elf_x86_64
          ld.lld: error: /nix/store/lmjp52vnvccs19cvwaw28mshdn49d6a7-netcdf-musl-static-aarch64-unknown-linux-musl-4.9.3/lib/libnetcdf.a(nclog.c.o) is incompatible with elf_x86_64
          ld.lld: error: /nix/store/lmjp52vnvccs19cvwaw28mshdn49d6a7-netcdf-musl-static-aarch64-unknown-linux-musl-4.9.3/lib/libnetcdf.a(dstring.c.o) is incompatible with elf_x86_64
          ld.lld: error: /nix/store/lmjp52vnvccs19cvwaw28mshdn49d6a7-netcdf-musl-static-aarch64-unknown-linux-musl-4.9.3/lib/libnetcdf.a(dutf8.c.o) is incompatible with elf_x86_64
          ld.lld: error: /nix/store/lmjp52vnvccs19cvwaw28mshdn49d6a7-netcdf-musl-static-aarch64-unknown-linux-musl-4.9.3/lib/libnetcdf.a(dinternal.c.o) is incompatible with elf_x86_64
          ld.lld: error: /nix/store/lmjp52vnvccs19cvwaw28mshdn49d6a7-netcdf-musl-static-aarch64-unknown-linux-musl-4.9.3/lib/libnetcdf.a(doffsets.c.o) is incompatible with elf_x86_64
          ld.lld: error: /nix/store/lmjp52vnvccs19cvwaw28mshdn49d6a7-netcdf-musl-static-aarch64-unknown-linux-musl-4.9.3/lib/libnetcdf.a(ncuri.c.o) is incompatible with elf_x86_64
          ld.lld: error: /nix/store/lmjp52vnvccs19cvwaw28mshdn49d6a7-netcdf-musl-static-aarch64-unknown-linux-musl-4.9.3/lib/libnetcdf.a(nclist.c.o) is incompatible with elf_x86_64
          ld.lld: error: /nix/store/lmjp52vnvccs19cvwaw28mshdn49d6a7-netcdf-musl-static-aarch64-unknown-linux-musl-4.9.3/lib/libnetcdf.a(ncbytes.c.o) is incompatible with elf_x86_64
          ld.lld: error: /nix/store/lmjp52vnvccs19cvwaw28mshdn49d6a7-netcdf-musl-static-aarch64-unknown-linux-musl-4.9.3/lib/libnetcdf.a(nchashmap.c.o) is incompatible with elf_x86_64
          ld.lld: error: /nix/store/lmjp52vnvccs19cvwaw28mshdn49d6a7-netcdf-musl-static-aarch64-unknown-linux-musl-4.9.3/lib/libnetcdf.a(nctime.c.o) is incompatible with elf_x86_64
          ld.lld: error: /nix/store/lmjp52vnvccs19cvwaw28mshdn49d6a7-netcdf-musl-static-aarch64-unknown-linux-musl-4.9.3/lib/libnetcdf.a(nc.c.o) is incompatible with elf_x86_64
          ld.lld: error: /nix/store/lmjp52vnvccs19cvwaw28mshdn49d6a7-netcdf-musl-static-aarch64-unknown-linux-musl-4.9.3/lib/libnetcdf.a(nclistmgr.c.o) is incompatible with elf_x86_64
          ld.lld: error: /nix/store/lmjp52vnvccs19cvwaw28mshdn49d6a7-netcdf-musl-static-aarch64-unknown-linux-musl-4.9.3/lib/libnetcdf.a(utf8proc.c.o) is incompatible with elf_x86_64
          ld.lld: error: /nix/store/lmjp52vnvccs19cvwaw28mshdn49d6a7-netcdf-musl-static-aarch64-unknown-linux-musl-4.9.3/lib/libnetcdf.a(dpathmgr.c.o) is incompatible with elf_x86_64
          ld.lld: error: /nix/store/lmjp52vnvccs19cvwaw28mshdn49d6a7-netcdf-musl-static-aarch64-unknown-linux-musl-4.9.3/lib/libnetcdf.a(dutil.c.o) is incompatible with elf_x86_64
          ld.lld: error: /nix/store/lmjp52vnvccs19cvwaw28mshdn49d6a7-netcdf-musl-static-aarch64-unknown-linux-musl-4.9.3/lib/libnetcdf.a(drc.c.o) is incompatible with elf_x86_64
          ld.lld: error: /nix/store/lmjp52vnvccs19cvwaw28mshdn49d6a7-netcdf-musl-static-aarch64-unknown-linux-musl-4.9.3/lib/libnetcdf.a(dauth.c.o) is incompatible with elf_x86_64
          ld.lld: error: /nix/store/lmjp52vnvccs19cvwaw28mshdn49d6a7-netcdf-musl-static-aarch64-unknown-linux-musl-4.9.3/lib/libnetcdf.a(dreadonly.c.o) is incompatible with elf_x86_64
          ld.lld: error: /nix/store/lmjp52vnvccs19cvwaw28mshdn49d6a7-netcdf-musl-static-aarch64-unknown-linux-musl-4.9.3/lib/libnetcdf.a(dnotnc4.c.o) is incompatible with elf_x86_64
          ld.lld: error: /nix/store/lmjp52vnvccs19cvwaw28mshdn49d6a7-netcdf-musl-static-aarch64-unknown-linux-musl-4.9.3/lib/libnetcdf.a(dnotnc3.c.o) is incompatible with elf_x86_64
          ld.lld: error: /nix/store/lmjp52vnvccs19cvwaw28mshdn49d6a7-netcdf-musl-static-aarch64-unknown-linux-musl-4.9.3/lib/libnetcdf.a(dinfermodel.c.o) is incompatible with elf_x86_64
          ld.lld: error: /nix/store/lmjp52vnvccs19cvwaw28mshdn49d6a7-netcdf-musl-static-aarch64-unknown-linux-musl-4.9.3/lib/libnetcdf.a(daux.c.o) is incompatible with elf_x86_64
          ld.lld: error: /nix/store/lmjp52vnvccs19cvwaw28mshdn49d6a7-netcdf-musl-static-aarch64-unknown-linux-musl-4.9.3/lib/libnetcdf.a(dinstance.c.o) is incompatible with elf_x86_64
          ld.lld: error: /nix/store/lmjp52vnvccs19cvwaw28mshdn49d6a7-netcdf-musl-static-aarch64-unknown-linux-musl-4.9.3/lib/libnetcdf.a(dinstance_intern.c.o) is incompatible with elf_x86_64
          ld.lld: error: /nix/store/lmjp52vnvccs19cvwaw28mshdn49d6a7-netcdf-musl-static-aarch64-unknown-linux-musl-4.9.3/lib/libnetcdf.a(dcrc32.c.o) is incompatible with elf_x86_64
          ld.lld: error: /nix/store/lmjp52vnvccs19cvwaw28mshdn49d6a7-netcdf-musl-static-aarch64-unknown-linux-musl-4.9.3/lib/libnetcdf.a(dcrc64.c.o) is incompatible with elf_x86_64
          ld.lld: error: /nix/store/lmjp52vnvccs19cvwaw28mshdn49d6a7-netcdf-musl-static-aarch64-unknown-linux-musl-4.9.3/lib/libnetcdf.a(ncexhash.c.o) is incompatible with elf_x86_64
          ld.lld: error: /nix/store/lmjp52vnvccs19cvwaw28mshdn49d6a7-netcdf-musl-static-aarch64-unknown-linux-musl-4.9.3/lib/libnetcdf.a(ncxcache.c.o) is incompatible with elf_x86_64
          ld.lld: error: /nix/store/lmjp52vnvccs19cvwaw28mshdn49d6a7-netcdf-musl-static-aarch64-unknown-linux-musl-4.9.3/lib/libnetcdf.a(ncjson.c.o) is incompatible with elf_x86_64
          ld.lld: error: /nix/store/lmjp52vnvccs19cvwaw28mshdn49d6a7-netcdf-musl-static-aarch64-unknown-linux-musl-4.9.3/lib/libnetcdf.a(ds3util.c.o) is incompatible with elf_x86_64
          ld.lld: error: /nix/store/lmjp52vnvccs19cvwaw28mshdn49d6a7-netcdf-musl-static-aarch64-unknown-linux-musl-4.9.3/lib/libnetcdf.a(dparallel.c.o) is incompatible with elf_x86_64
          ld.lld: error: /nix/store/lmjp52vnvccs19cvwaw28mshdn49d6a7-netcdf-musl-static-aarch64-unknown-linux-musl-4.9.3/lib/libnetcdf.a(dmissing.c.o) is incompatible with elf_x86_64
          ld.lld: error: /nix/store/lmjp52vnvccs19cvwaw28mshdn49d6a7-netcdf-musl-static-aarch64-unknown-linux-musl-4.9.3/lib/libnetcdf.a(ncproplist.c.o) is incompatible with elf_x86_64
          ld.lld: error: /nix/store/lmjp52vnvccs19cvwaw28mshdn49d6a7-netcdf-musl-static-aarch64-unknown-linux-musl-4.9.3/lib/libnetcdf.a(dgroup.c.o) is incompatible with elf_x86_64
          ld.lld: error: /nix/store/lmjp52vnvccs19cvwaw28mshdn49d6a7-netcdf-musl-static-aarch64-unknown-linux-musl-4.9.3/lib/libnetcdf.a(dvlen.c.o) is incompatible with elf_x86_64
          ld.lld: error: /nix/store/lmjp52vnvccs19cvwaw28mshdn49d6a7-netcdf-musl-static-aarch64-unknown-linux-musl-4.9.3/lib/libnetcdf.a(dcompound.c.o) is incompatible with elf_x86_64
          ld.lld: error: /nix/store/lmjp52vnvccs19cvwaw28mshdn49d6a7-netcdf-musl-static-aarch64-unknown-linux-musl-4.9.3/lib/libnetcdf.a(dtype.c.o) is incompatible with elf_x86_64
          ld.lld: error: /nix/store/lmjp52vnvccs19cvwaw28mshdn49d6a7-netcdf-musl-static-aarch64-unknown-linux-musl-4.9.3/lib/libnetcdf.a(denum.c.o) is incompatible with elf_x86_64
          ld.lld: error: /nix/store/lmjp52vnvccs19cvwaw28mshdn49d6a7-netcdf-musl-static-aarch64-unknown-linux-musl-4.9.3/lib/libnetcdf.a(dopaque.c.o) is incompatible with elf_x86_64
          ld.lld: error: /nix/store/lmjp52vnvccs19cvwaw28mshdn49d6a7-netcdf-musl-static-aarch64-unknown-linux-musl-4.9.3/lib/libnetcdf.a(dfilter.c.o) is incompatible with elf_x86_64
          ld.lld: error: /nix/store/lmjp52vnvccs19cvwaw28mshdn49d6a7-netcdf-musl-static-aarch64-unknown-linux-musl-4.9.3/lib/libnetcdf.a(dplugins.c.o) is incompatible with elf_x86_64
          ld.lld: error: /nix/store/lmjp52vnvccs19cvwaw28mshdn49d6a7-netcdf-musl-static-aarch64-unknown-linux-musl-4.9.3/lib/libnetcdf.a(dv2i.c.o) is incompatible with elf_x86_64
          ld.lld: error: /nix/store/lmjp52vnvccs19cvwaw28mshdn49d6a7-netcdf-musl-static-aarch64-unknown-linux-musl-4.9.3/lib/libnetcdf.a(nc4dispatch.c.o) is incompatible with elf_x86_64
          ld.lld: error: /nix/store/lmjp52vnvccs19cvwaw28mshdn49d6a7-netcdf-musl-static-aarch64-unknown-linux-musl-4.9.3/lib/libnetcdf.a(nc4attr.c.o) is incompatible with elf_x86_64
          ld.lld: error: /nix/store/lmjp52vnvccs19cvwaw28mshdn49d6a7-netcdf-musl-static-aarch64-unknown-linux-musl-4.9.3/lib/libnetcdf.a(nc4dim.c.o) is incompatible with elf_x86_64
          ld.lld: error: /nix/store/lmjp52vnvccs19cvwaw28mshdn49d6a7-netcdf-musl-static-aarch64-unknown-linux-musl-4.9.3/lib/libnetcdf.a(nc4grp.c.o) is incompatible with elf_x86_64
          ld.lld: error: /nix/store/lmjp52vnvccs19cvwaw28mshdn49d6a7-netcdf-musl-static-aarch64-unknown-linux-musl-4.9.3/lib/libnetcdf.a(nc4internal.c.o) is incompatible with elf_x86_64
          ld.lld: error: /nix/store/lmjp52vnvccs19cvwaw28mshdn49d6a7-netcdf-musl-static-aarch64-unknown-linux-musl-4.9.3/lib/libnetcdf.a(nc4type.c.o) is incompatible with elf_x86_64
          ld.lld: error: /nix/store/lmjp52vnvccs19cvwaw28mshdn49d6a7-netcdf-musl-static-aarch64-unknown-linux-musl-4.9.3/lib/libnetcdf.a(nc4var.c.o) is incompatible with elf_x86_64
          ld.lld: error: /nix/store/lmjp52vnvccs19cvwaw28mshdn49d6a7-netcdf-musl-static-aarch64-unknown-linux-musl-4.9.3/lib/libnetcdf.a(ncfunc.c.o) is incompatible with elf_x86_64
          ld.lld: error: /nix/store/lmjp52vnvccs19cvwaw28mshdn49d6a7-netcdf-musl-static-aarch64-unknown-linux-musl-4.9.3/lib/libnetcdf.a(ncindex.c.o) is incompatible with elf_x86_64
          ld.lld: error: /nix/store/lmjp52vnvccs19cvwaw28mshdn49d6a7-netcdf-musl-static-aarch64-unknown-linux-musl-4.9.3/lib/libnetcdf.a(nc4cache.c.o) is incompatible with elf_x86_64
          ld.lld: error: /nix/store/lmjp52vnvccs19cvwaw28mshdn49d6a7-netcdf-musl-static-aarch64-unknown-linux-musl-4.9.3/lib/libnetcdf.a(nc4hdf.c.o) is incompatible with elf_x86_64
          ld.lld: error: /nix/store/lmjp52vnvccs19cvwaw28mshdn49d6a7-netcdf-musl-static-aarch64-unknown-linux-musl-4.9.3/lib/libnetcdf.a(nc4info.c.o) is incompatible with elf_x86_64
          ld.lld: error: /nix/store/lmjp52vnvccs19cvwaw28mshdn49d6a7-netcdf-musl-static-aarch64-unknown-linux-musl-4.9.3/lib/libnetcdf.a(hdf5file.c.o) is incompatible with elf_x86_64
          ld.lld: error: /nix/store/lmjp52vnvccs19cvwaw28mshdn49d6a7-netcdf-musl-static-aarch64-unknown-linux-musl-4.9.3/lib/libnetcdf.a(hdf5attr.c.o) is incompatible with elf_x86_64
          ld.lld: error: /nix/store/lmjp52vnvccs19cvwaw28mshdn49d6a7-netcdf-musl-static-aarch64-unknown-linux-musl-4.9.3/lib/libnetcdf.a(hdf5dim.c.o) is incompatible with elf_x86_64
          ld.lld: error: /nix/store/lmjp52vnvccs19cvwaw28mshdn49d6a7-netcdf-musl-static-aarch64-unknown-linux-musl-4.9.3/lib/libnetcdf.a(hdf5grp.c.o) is incompatible with elf_x86_64
          ld.lld: error: /nix/store/lmjp52vnvccs19cvwaw28mshdn49d6a7-netcdf-musl-static-aarch64-unknown-linux-musl-4.9.3/lib/libnetcdf.a(hdf5type.c.o) is incompatible with elf_x86_64
          ld.lld: error: /nix/store/lmjp52vnvccs19cvwaw28mshdn49d6a7-netcdf-musl-static-aarch64-unknown-linux-musl-4.9.3/lib/libnetcdf.a(hdf5internal.c.o) is incompatible with elf_x86_64
          ld.lld: error: /nix/store/lmjp52vnvccs19cvwaw28mshdn49d6a7-netcdf-musl-static-aarch64-unknown-linux-musl-4.9.3/lib/libnetcdf.a(hdf5create.c.o) is incompatible with elf_x86_64
          ld.lld: error: /nix/store/lmjp52vnvccs19cvwaw28mshdn49d6a7-netcdf-musl-static-aarch64-unknown-linux-musl-4.9.3/lib/libnetcdf.a(hdf5open.c.o) is incompatible with elf_x86_64
          ld.lld: error: /nix/store/lmjp52vnvccs19cvwaw28mshdn49d6a7-netcdf-musl-static-aarch64-unknown-linux-musl-4.9.3/lib/libnetcdf.a(hdf5var.c.o) is incompatible with elf_x86_64
          ld.lld: error: /nix/store/lmjp52vnvccs19cvwaw28mshdn49d6a7-netcdf-musl-static-aarch64-unknown-linux-musl-4.9.3/lib/libnetcdf.a(nc4mem.c.o) is incompatible with elf_x86_64
          ld.lld: error: /nix/store/lmjp52vnvccs19cvwaw28mshdn49d6a7-netcdf-musl-static-aarch64-unknown-linux-musl-4.9.3/lib/libnetcdf.a(nc4memcb.c.o) is incompatible with elf_x86_64
          ld.lld: error: /nix/store/lmjp52vnvccs19cvwaw28mshdn49d6a7-netcdf-musl-static-aarch64-unknown-linux-musl-4.9.3/lib/libnetcdf.a(hdf5dispatch.c.o) is incompatible with elf_x86_64
          ld.lld: error: /nix/store/lmjp52vnvccs19cvwaw28mshdn49d6a7-netcdf-musl-static-aarch64-unknown-linux-musl-4.9.3/lib/libnetcdf.a(hdf5filter.c.o) is incompatible with elf_x86_64
          ld.lld: error: /nix/store/lmjp52vnvccs19cvwaw28mshdn49d6a7-netcdf-musl-static-aarch64-unknown-linux-musl-4.9.3/lib/libnetcdf.a(hdf5plugins.c.o) is incompatible with elf_x86_64
          ld.lld: error: /nix/store/lmjp52vnvccs19cvwaw28mshdn49d6a7-netcdf-musl-static-aarch64-unknown-linux-musl-4.9.3/lib/libnetcdf.a(hdf5set_format_compatibility.c.o) is incompatible with elf_x86_64
          ld.lld: error: /nix/store/lmjp52vnvccs19cvwaw28mshdn49d6a7-netcdf-musl-static-aarch64-unknown-linux-musl-4.9.3/lib/libnetcdf.a(hdf5debug.c.o) is incompatible with elf_x86_64
          ld.lld: error: /nix/store/ys2fwriaz9kai112z3byhjchlr6wlh4d-hdf5-musl-static-aarch64-unknown-linux-musl-1.14.6/lib/libhdf5_hl.a(H5DO.c.o) is incompatible with elf_x86_64
          ld.lld: error: /nix/store/ys2fwriaz9kai112z3byhjchlr6wlh4d-hdf5-musl-static-aarch64-unknown-linux-musl-1.14.6/lib/libhdf5_hl.a(H5DS.c.o) is incompatible with elf_x86_64
          ld.lld: error: /nix/store/ys2fwriaz9kai112z3byhjchlr6wlh4d-hdf5-musl-static-aarch64-unknown-linux-musl-1.14.6/lib/libhdf5_hl.a(H5IM.c.o) is incompatible with elf_x86_64
          ld.lld: error: /nix/store/ys2fwriaz9kai112z3byhjchlr6wlh4d-hdf5-musl-static-aarch64-unknown-linux-musl-1.14.6/lib/libhdf5_hl.a(H5LT.c.o) is incompatible with elf_x86_64
          ld.lld: error: /nix/store/ys2fwriaz9kai112z3byhjchlr6wlh4d-hdf5-musl-static-aarch64-unknown-linux-musl-1.14.6/lib/libhdf5_hl.a(H5LTanalyze.c.o) is incompatible with elf_x86_64
          ld.lld: error: /nix/store/ys2fwriaz9kai112z3byhjchlr6wlh4d-hdf5-musl-static-aarch64-unknown-linux-musl-1.14.6/lib/libhdf5_hl.a(H5LTparse.c.o) is incompatible with elf_x86_64
          ld.lld: error: /nix/store/ys2fwriaz9kai112z3byhjchlr6wlh4d-hdf5-musl-static-aarch64-unknown-linux-musl-1.14.6/lib/libhdf5_hl.a(H5PT.c.o) is incompatible with elf_x86_64
          ld.lld: error: /nix/store/ys2fwriaz9kai112z3byhjchlr6wlh4d-hdf5-musl-static-aarch64-unknown-linux-musl-1.14.6/lib/libhdf5_hl.a(H5TB.c.o) is incompatible with elf_x86_64
          ld.lld: error: /nix/store/ys2fwriaz9kai112z3byhjchlr6wlh4d-hdf5-musl-static-aarch64-unknown-linux-musl-1.14.6/lib/libhdf5_hl.a(H5LD.c.o) is incompatible with elf_x86_64
          ld.lld: error: /nix/store/ys2fwriaz9kai112z3byhjchlr6wlh4d-hdf5-musl-static-aarch64-unknown-linux-musl-1.14.6/lib/libhdf5.a(H5.c.o) is incompatible with elf_x86_64
          ld.lld: error: /nix/store/ys2fwriaz9kai112z3byhjchlr6wlh4d-hdf5-musl-static-aarch64-unknown-linux-musl-1.14.6/lib/libhdf5.a(H5build_settings.c.o) is incompatible with elf_x86_64
          ld.lld: error: /nix/store/ys2fwriaz9kai112z3byhjchlr6wlh4d-hdf5-musl-static-aarch64-unknown-linux-musl-1.14.6/lib/libhdf5.a(H5checksum.c.o) is incompatible with elf_x86_64
          ld.lld: error: /nix/store/ys2fwriaz9kai112z3byhjchlr6wlh4d-hdf5-musl-static-aarch64-unknown-linux-musl-1.14.6/lib/libhdf5.a(H5dbg.c.o) is incompatible with elf_x86_64
          ld.lld: error: /nix/store/ys2fwriaz9kai112z3byhjchlr6wlh4d-hdf5-musl-static-aarch64-unknown-linux-musl-1.14.6/lib/libhdf5.a(H5mpi.c.o) is incompatible with elf_x86_64
          ld.lld: error: /nix/store/ys2fwriaz9kai112z3byhjchlr6wlh4d-hdf5-musl-static-aarch64-unknown-linux-musl-1.14.6/lib/libhdf5.a(H5system.c.o) is incompatible with elf_x86_64
          ld.lld: error: /nix/store/ys2fwriaz9kai112z3byhjchlr6wlh4d-hdf5-musl-static-aarch64-unknown-linux-musl-1.14.6/lib/libhdf5.a(H5timer.c.o) is incompatible with elf_x86_64
          ld.lld: error: /nix/store/ys2fwriaz9kai112z3byhjchlr6wlh4d-hdf5-musl-static-aarch64-unknown-linux-musl-1.14.6/lib/libhdf5.a(H5trace.c.o) is incompatible with elf_x86_64
          ld.lld: error: /nix/store/ys2fwriaz9kai112z3byhjchlr6wlh4d-hdf5-musl-static-aarch64-unknown-linux-musl-1.14.6/lib/libhdf5.a(H5A.c.o) is incompatible with elf_x86_64
          ld.lld: error: /nix/store/ys2fwriaz9kai112z3byhjchlr6wlh4d-hdf5-musl-static-aarch64-unknown-linux-musl-1.14.6/lib/libhdf5.a(H5Abtree2.c.o) is incompatible with elf_x86_64
          ld.lld: error: /nix/store/ys2fwriaz9kai112z3byhjchlr6wlh4d-hdf5-musl-static-aarch64-unknown-linux-musl-1.14.6/lib/libhdf5.a(H5Adense.c.o) is incompatible with elf_x86_64
          ld.lld: error: /nix/store/ys2fwriaz9kai112z3byhjchlr6wlh4d-hdf5-musl-static-aarch64-unknown-linux-musl-1.14.6/lib/libhdf5.a(H5Adeprec.c.o) is incompatible with elf_x86_64
          ld.lld: error: /nix/store/ys2fwriaz9kai112z3byhjchlr6wlh4d-hdf5-musl-static-aarch64-unknown-linux-musl-1.14.6/lib/libhdf5.a(H5Aint.c.o) is incompatible with elf_x86_64
          ld.lld: error: /nix/store/ys2fwriaz9kai112z3byhjchlr6wlh4d-hdf5-musl-static-aarch64-unknown-linux-musl-1.14.6/lib/libhdf5.a(H5Atest.c.o) is incompatible with elf_x86_64
          ld.lld: error: /nix/store/ys2fwriaz9kai112z3byhjchlr6wlh4d-hdf5-musl-static-aarch64-unknown-linux-musl-1.14.6/lib/libhdf5.a(H5AC.c.o) is incompatible with elf_x86_64
          ld.lld: error: /nix/store/ys2fwriaz9kai112z3byhjchlr6wlh4d-hdf5-musl-static-aarch64-unknown-linux-musl-1.14.6/lib/libhdf5.a(H5ACdbg.c.o) is incompatible with elf_x86_64
          ld.lld: error: /nix/store/ys2fwriaz9kai112z3byhjchlr6wlh4d-hdf5-musl-static-aarch64-unknown-linux-musl-1.14.6/lib/libhdf5.a(H5ACmpio.c.o) is incompatible with elf_x86_64
          ld.lld: error: /nix/store/ys2fwriaz9kai112z3byhjchlr6wlh4d-hdf5-musl-static-aarch64-unknown-linux-musl-1.14.6/lib/libhdf5.a(H5ACproxy_entry.c.o) is incompatible with elf_x86_64
          ld.lld: error: /nix/store/ys2fwriaz9kai112z3byhjchlr6wlh4d-hdf5-musl-static-aarch64-unknown-linux-musl-1.14.6/lib/libhdf5.a(H5B.c.o) is incompatible with elf_x86_64
          ld.lld: error: /nix/store/ys2fwriaz9kai112z3byhjchlr6wlh4d-hdf5-musl-static-aarch64-unknown-linux-musl-1.14.6/lib/libhdf5.a(H5Bcache.c.o) is incompatible with elf_x86_64
          ld.lld: error: /nix/store/ys2fwriaz9kai112z3byhjchlr6wlh4d-hdf5-musl-static-aarch64-unknown-linux-musl-1.14.6/lib/libhdf5.a(H5Bdbg.c.o) is incompatible with elf_x86_64
          ld.lld: error: /nix/store/ys2fwriaz9kai112z3byhjchlr6wlh4d-hdf5-musl-static-aarch64-unknown-linux-musl-1.14.6/lib/libhdf5.a(H5B2.c.o) is incompatible with elf_x86_64
          ld.lld: error: /nix/store/ys2fwriaz9kai112z3byhjchlr6wlh4d-hdf5-musl-static-aarch64-unknown-linux-musl-1.14.6/lib/libhdf5.a(H5B2cache.c.o) is incompatible with elf_x86_64
          ld.lld: error: /nix/store/ys2fwriaz9kai112z3byhjchlr6wlh4d-hdf5-musl-static-aarch64-unknown-linux-musl-1.14.6/lib/libhdf5.a(H5B2dbg.c.o) is incompatible with elf_x86_64
          ld.lld: error: /nix/store/ys2fwriaz9kai112z3byhjchlr6wlh4d-hdf5-musl-static-aarch64-unknown-linux-musl-1.14.6/lib/libhdf5.a(H5B2hdr.c.o) is incompatible with elf_x86_64
          ld.lld: error: /nix/store/ys2fwriaz9kai112z3byhjchlr6wlh4d-hdf5-musl-static-aarch64-unknown-linux-musl-1.14.6/lib/libhdf5.a(H5B2int.c.o) is incompatible with elf_x86_64
          ld.lld: error: /nix/store/ys2fwriaz9kai112z3byhjchlr6wlh4d-hdf5-musl-static-aarch64-unknown-linux-musl-1.14.6/lib/libhdf5.a(H5B2internal.c.o) is incompatible with elf_x86_64
          ld.lld: error: /nix/store/ys2fwriaz9kai112z3byhjchlr6wlh4d-hdf5-musl-static-aarch64-unknown-linux-musl-1.14.6/lib/libhdf5.a(H5B2leaf.c.o) is incompatible with elf_x86_64
          ld.lld: error: /nix/store/ys2fwriaz9kai112z3byhjchlr6wlh4d-hdf5-musl-static-aarch64-unknown-linux-musl-1.14.6/lib/libhdf5.a(H5B2stat.c.o) is incompatible with elf_x86_64
          ld.lld: error: /nix/store/ys2fwriaz9kai112z3byhjchlr6wlh4d-hdf5-musl-static-aarch64-unknown-linux-musl-1.14.6/lib/libhdf5.a(H5B2test.c.o) is incompatible with elf_x86_64
          ld.lld: error: /nix/store/ys2fwriaz9kai112z3byhjchlr6wlh4d-hdf5-musl-static-aarch64-unknown-linux-musl-1.14.6/lib/libhdf5.a(H5C.c.o) is incompatible with elf_x86_64
          ld.lld: error: /nix/store/ys2fwriaz9kai112z3byhjchlr6wlh4d-hdf5-musl-static-aarch64-unknown-linux-musl-1.14.6/lib/libhdf5.a(H5Cdbg.c.o) is incompatible with elf_x86_64
          ld.lld: error: /nix/store/ys2fwriaz9kai112z3byhjchlr6wlh4d-hdf5-musl-static-aarch64-unknown-linux-musl-1.14.6/lib/libhdf5.a(H5Centry.c.o) is incompatible with elf_x86_64
          ld.lld: error: /nix/store/ys2fwriaz9kai112z3byhjchlr6wlh4d-hdf5-musl-static-aarch64-unknown-linux-musl-1.14.6/lib/libhdf5.a(H5Cepoch.c.o) is incompatible with elf_x86_64
          ld.lld: error: /nix/store/ys2fwriaz9kai112z3byhjchlr6wlh4d-hdf5-musl-static-aarch64-unknown-linux-musl-1.14.6/lib/libhdf5.a(H5Cimage.c.o) is incompatible with elf_x86_64
          ld.lld: error: /nix/store/ys2fwriaz9kai112z3byhjchlr6wlh4d-hdf5-musl-static-aarch64-unknown-linux-musl-1.14.6/lib/libhdf5.a(H5Cint.c.o) is incompatible with elf_x86_64
          ld.lld: error: /nix/store/ys2fwriaz9kai112z3byhjchlr6wlh4d-hdf5-musl-static-aarch64-unknown-linux-musl-1.14.6/lib/libhdf5.a(H5Clog.c.o) is incompatible with elf_x86_64
          ld.lld: error: /nix/store/ys2fwriaz9kai112z3byhjchlr6wlh4d-hdf5-musl-static-aarch64-unknown-linux-musl-1.14.6/lib/libhdf5.a(H5Clog_json.c.o) is incompatible with elf_x86_64
          ld.lld: error: /nix/store/ys2fwriaz9kai112z3byhjchlr6wlh4d-hdf5-musl-static-aarch64-unknown-linux-musl-1.14.6/lib/libhdf5.a(H5Clog_trace.c.o) is incompatible with elf_x86_64
          ld.lld: error: /nix/store/ys2fwriaz9kai112z3byhjchlr6wlh4d-hdf5-musl-static-aarch64-unknown-linux-musl-1.14.6/lib/libhdf5.a(H5Cmpio.c.o) is incompatible with elf_x86_64
          ld.lld: error: /nix/store/ys2fwriaz9kai112z3byhjchlr6wlh4d-hdf5-musl-static-aarch64-unknown-linux-musl-1.14.6/lib/libhdf5.a(H5Cprefetched.c.o) is incompatible with elf_x86_64
          ld.lld: error: /nix/store/ys2fwriaz9kai112z3byhjchlr6wlh4d-hdf5-musl-static-aarch64-unknown-linux-musl-1.14.6/lib/libhdf5.a(H5Cquery.c.o) is incompatible with elf_x86_64
          ld.lld: error: /nix/store/ys2fwriaz9kai112z3byhjchlr6wlh4d-hdf5-musl-static-aarch64-unknown-linux-musl-1.14.6/lib/libhdf5.a(H5Ctag.c.o) is incompatible with elf_x86_64
          ld.lld: error: /nix/store/ys2fwriaz9kai112z3byhjchlr6wlh4d-hdf5-musl-static-aarch64-unknown-linux-musl-1.14.6/lib/libhdf5.a(H5Ctest.c.o) is incompatible with elf_x86_64
          ld.lld: error: /nix/store/ys2fwriaz9kai112z3byhjchlr6wlh4d-hdf5-musl-static-aarch64-unknown-linux-musl-1.14.6/lib/libhdf5.a(H5CX.c.o) is incompatible with elf_x86_64
          ld.lld: error: /nix/store/ys2fwriaz9kai112z3byhjchlr6wlh4d-hdf5-musl-static-aarch64-unknown-linux-musl-1.14.6/lib/libhdf5.a(H5D.c.o) is incompatible with elf_x86_64
          ld.lld: error: /nix/store/ys2fwriaz9kai112z3byhjchlr6wlh4d-hdf5-musl-static-aarch64-unknown-linux-musl-1.14.6/lib/libhdf5.a(H5Dbtree.c.o) is incompatible with elf_x86_64
          ld.lld: error: /nix/store/ys2fwriaz9kai112z3byhjchlr6wlh4d-hdf5-musl-static-aarch64-unknown-linux-musl-1.14.6/lib/libhdf5.a(H5Dbtree2.c.o) is incompatible with elf_x86_64
          ld.lld: error: /nix/store/ys2fwriaz9kai112z3byhjchlr6wlh4d-hdf5-musl-static-aarch64-unknown-linux-musl-1.14.6/lib/libhdf5.a(H5Dchunk.c.o) is incompatible with elf_x86_64
          ld.lld: error: /nix/store/ys2fwriaz9kai112z3byhjchlr6wlh4d-hdf5-musl-static-aarch64-unknown-linux-musl-1.14.6/lib/libhdf5.a(H5Dcompact.c.o) is incompatible with elf_x86_64
          ld.lld: error: /nix/store/ys2fwriaz9kai112z3byhjchlr6wlh4d-hdf5-musl-static-aarch64-unknown-linux-musl-1.14.6/lib/libhdf5.a(H5Dcontig.c.o) is incompatible with elf_x86_64
          ld.lld: error: /nix/store/ys2fwriaz9kai112z3byhjchlr6wlh4d-hdf5-musl-static-aarch64-unknown-linux-musl-1.14.6/lib/libhdf5.a(H5Ddbg.c.o) is incompatible with elf_x86_64
          ld.lld: error: /nix/store/ys2fwriaz9kai112z3byhjchlr6wlh4d-hdf5-musl-static-aarch64-unknown-linux-musl-1.14.6/lib/libhdf5.a(H5Ddeprec.c.o) is incompatible with elf_x86_64
          ld.lld: error: /nix/store/ys2fwriaz9kai112z3byhjchlr6wlh4d-hdf5-musl-static-aarch64-unknown-linux-musl-1.14.6/lib/libhdf5.a(H5Dearray.c.o) is incompatible with elf_x86_64
          ld.lld: error: /nix/store/ys2fwriaz9kai112z3byhjchlr6wlh4d-hdf5-musl-static-aarch64-unknown-linux-musl-1.14.6/lib/libhdf5.a(H5Defl.c.o) is incompatible with elf_x86_64
          ld.lld: error: /nix/store/ys2fwriaz9kai112z3byhjchlr6wlh4d-hdf5-musl-static-aarch64-unknown-linux-musl-1.14.6/lib/libhdf5.a(H5Dfarray.c.o) is incompatible with elf_x86_64
          ld.lld: error: /nix/store/ys2fwriaz9kai112z3byhjchlr6wlh4d-hdf5-musl-static-aarch64-unknown-linux-musl-1.14.6/lib/libhdf5.a(H5Dfill.c.o) is incompatible with elf_x86_64
          ld.lld: error: /nix/store/ys2fwriaz9kai112z3byhjchlr6wlh4d-hdf5-musl-static-aarch64-unknown-linux-musl-1.14.6/lib/libhdf5.a(H5Dint.c.o) is incompatible with elf_x86_64
          ld.lld: error: /nix/store/ys2fwriaz9kai112z3byhjchlr6wlh4d-hdf5-musl-static-aarch64-unknown-linux-musl-1.14.6/lib/libhdf5.a(H5Dio.c.o) is incompatible with elf_x86_64
          ld.lld: error: /nix/store/ys2fwriaz9kai112z3byhjchlr6wlh4d-hdf5-musl-static-aarch64-unknown-linux-musl-1.14.6/lib/libhdf5.a(H5Dlayout.c.o) is incompatible with elf_x86_64
          ld.lld: error: /nix/store/ys2fwriaz9kai112z3byhjchlr6wlh4d-hdf5-musl-static-aarch64-unknown-linux-musl-1.14.6/lib/libhdf5.a(H5Dmpio.c.o) is incompatible with elf_x86_64
          ld.lld: error: /nix/store/ys2fwriaz9kai112z3byhjchlr6wlh4d-hdf5-musl-static-aarch64-unknown-linux-musl-1.14.6/lib/libhdf5.a(H5Dnone.c.o) is incompatible with elf_x86_64
          ld.lld: error: /nix/store/ys2fwriaz9kai112z3byhjchlr6wlh4d-hdf5-musl-static-aarch64-unknown-linux-musl-1.14.6/lib/libhdf5.a(H5Doh.c.o) is incompatible with elf_x86_64
          ld.lld: error: /nix/store/ys2fwriaz9kai112z3byhjchlr6wlh4d-hdf5-musl-static-aarch64-unknown-linux-musl-1.14.6/lib/libhdf5.a(H5Dscatgath.c.o) is incompatible with elf_x86_64
          ld.lld: error: /nix/store/ys2fwriaz9kai112z3byhjchlr6wlh4d-hdf5-musl-static-aarch64-unknown-linux-musl-1.14.6/lib/libhdf5.a(H5Dselect.c.o) is incompatible with elf_x86_64
          ld.lld: error: /nix/store/ys2fwriaz9kai112z3byhjchlr6wlh4d-hdf5-musl-static-aarch64-unknown-linux-musl-1.14.6/lib/libhdf5.a(H5Dsingle.c.o) is incompatible with elf_x86_64
          ld.lld: error: /nix/store/ys2fwriaz9kai112z3byhjchlr6wlh4d-hdf5-musl-static-aarch64-unknown-linux-musl-1.14.6/lib/libhdf5.a(H5Dtest.c.o) is incompatible with elf_x86_64
          ld.lld: error: /nix/store/ys2fwriaz9kai112z3byhjchlr6wlh4d-hdf5-musl-static-aarch64-unknown-linux-musl-1.14.6/lib/libhdf5.a(H5Dvirtual.c.o) is incompatible with elf_x86_64
          ld.lld: error: /nix/store/ys2fwriaz9kai112z3byhjchlr6wlh4d-hdf5-musl-static-aarch64-unknown-linux-musl-1.14.6/lib/libhdf5.a(H5E.c.o) is incompatible with elf_x86_64
          ld.lld: error: /nix/store/ys2fwriaz9kai112z3byhjchlr6wlh4d-hdf5-musl-static-aarch64-unknown-linux-musl-1.14.6/lib/libhdf5.a(H5Edeprec.c.o) is incompatible with elf_x86_64
          ld.lld: error: /nix/store/ys2fwriaz9kai112z3byhjchlr6wlh4d-hdf5-musl-static-aarch64-unknown-linux-musl-1.14.6/lib/libhdf5.a(H5Eint.c.o) is incompatible with elf_x86_64
          ld.lld: error: /nix/store/ys2fwriaz9kai112z3byhjchlr6wlh4d-hdf5-musl-static-aarch64-unknown-linux-musl-1.14.6/lib/libhdf5.a(H5EA.c.o) is incompatible with elf_x86_64
          ld.lld: error: /nix/store/ys2fwriaz9kai112z3byhjchlr6wlh4d-hdf5-musl-static-aarch64-unknown-linux-musl-1.14.6/lib/libhdf5.a(H5EAcache.c.o) is incompatible with elf_x86_64
          ld.lld: error: /nix/store/ys2fwriaz9kai112z3byhjchlr6wlh4d-hdf5-musl-static-aarch64-unknown-linux-musl-1.14.6/lib/libhdf5.a(H5EAdbg.c.o) is incompatible with elf_x86_64
          ld.lld: error: /nix/store/ys2fwriaz9kai112z3byhjchlr6wlh4d-hdf5-musl-static-aarch64-unknown-linux-musl-1.14.6/lib/libhdf5.a(H5EAdblkpage.c.o) is incompatible with elf_x86_64
          ld.lld: error: /nix/store/ys2fwriaz9kai112z3byhjchlr6wlh4d-hdf5-musl-static-aarch64-unknown-linux-musl-1.14.6/lib/libhdf5.a(H5EAdblock.c.o) is incompatible with elf_x86_64
          ld.lld: error: /nix/store/ys2fwriaz9kai112z3byhjchlr6wlh4d-hdf5-musl-static-aarch64-unknown-linux-musl-1.14.6/lib/libhdf5.a(H5EAhdr.c.o) is incompatible with elf_x86_64
          ld.lld: error: /nix/store/ys2fwriaz9kai112z3byhjchlr6wlh4d-hdf5-musl-static-aarch64-unknown-linux-musl-1.14.6/lib/libhdf5.a(H5EAiblock.c.o) is incompatible with elf_x86_64
          ld.lld: error: /nix/store/ys2fwriaz9kai112z3byhjchlr6wlh4d-hdf5-musl-static-aarch64-unknown-linux-musl-1.14.6/lib/libhdf5.a(H5EAint.c.o) is incompatible with elf_x86_64
          ld.lld: error: /nix/store/ys2fwriaz9kai112z3byhjchlr6wlh4d-hdf5-musl-static-aarch64-unknown-linux-musl-1.14.6/lib/libhdf5.a(H5EAsblock.c.o) is incompatible with elf_x86_64
          ld.lld: error: /nix/store/ys2fwriaz9kai112z3byhjchlr6wlh4d-hdf5-musl-static-aarch64-unknown-linux-musl-1.14.6/lib/libhdf5.a(H5EAstat.c.o) is incompatible with elf_x86_64
          ld.lld: error: /nix/store/ys2fwriaz9kai112z3byhjchlr6wlh4d-hdf5-musl-static-aarch64-unknown-linux-musl-1.14.6/lib/libhdf5.a(H5EAtest.c.o) is incompatible with elf_x86_64
          ld.lld: error: /nix/store/ys2fwriaz9kai112z3byhjchlr6wlh4d-hdf5-musl-static-aarch64-unknown-linux-musl-1.14.6/lib/libhdf5.a(H5ES.c.o) is incompatible with elf_x86_64
          ld.lld: error: /nix/store/ys2fwriaz9kai112z3byhjchlr6wlh4d-hdf5-musl-static-aarch64-unknown-linux-musl-1.14.6/lib/libhdf5.a(H5ESevent.c.o) is incompatible with elf_x86_64
          ld.lld: error: /nix/store/ys2fwriaz9kai112z3byhjchlr6wlh4d-hdf5-musl-static-aarch64-unknown-linux-musl-1.14.6/lib/libhdf5.a(H5ESint.c.o) is incompatible with elf_x86_64
          ld.lld: error: /nix/store/ys2fwriaz9kai112z3byhjchlr6wlh4d-hdf5-musl-static-aarch64-unknown-linux-musl-1.14.6/lib/libhdf5.a(H5ESlist.c.o) is incompatible with elf_x86_64
          ld.lld: error: /nix/store/ys2fwriaz9kai112z3byhjchlr6wlh4d-hdf5-musl-static-aarch64-unknown-linux-musl-1.14.6/lib/libhdf5.a(H5F.c.o) is incompatible with elf_x86_64
          ld.lld: error: /nix/store/ys2fwriaz9kai112z3byhjchlr6wlh4d-hdf5-musl-static-aarch64-unknown-linux-musl-1.14.6/lib/libhdf5.a(H5Faccum.c.o) is incompatible with elf_x86_64
          ld.lld: error: /nix/store/ys2fwriaz9kai112z3byhjchlr6wlh4d-hdf5-musl-static-aarch64-unknown-linux-musl-1.14.6/lib/libhdf5.a(H5Fcwfs.c.o) is incompatible with elf_x86_64
          ld.lld: error: /nix/store/ys2fwriaz9kai112z3byhjchlr6wlh4d-hdf5-musl-static-aarch64-unknown-linux-musl-1.14.6/lib/libhdf5.a(H5Fdbg.c.o) is incompatible with elf_x86_64
          ld.lld: error: /nix/store/ys2fwriaz9kai112z3byhjchlr6wlh4d-hdf5-musl-static-aarch64-unknown-linux-musl-1.14.6/lib/libhdf5.a(H5Fdeprec.c.o) is incompatible with elf_x86_64
          ld.lld: error: /nix/store/ys2fwriaz9kai112z3byhjchlr6wlh4d-hdf5-musl-static-aarch64-unknown-linux-musl-1.14.6/lib/libhdf5.a(H5Fefc.c.o) is incompatible with elf_x86_64
          ld.lld: error: /nix/store/ys2fwriaz9kai112z3byhjchlr6wlh4d-hdf5-musl-static-aarch64-unknown-linux-musl-1.14.6/lib/libhdf5.a(H5Ffake.c.o) is incompatible with elf_x86_64
          ld.lld: error: /nix/store/ys2fwriaz9kai112z3byhjchlr6wlh4d-hdf5-musl-static-aarch64-unknown-linux-musl-1.14.6/lib/libhdf5.a(H5Fint.c.o) is incompatible with elf_x86_64
          ld.lld: error: /nix/store/ys2fwriaz9kai112z3byhjchlr6wlh4d-hdf5-musl-static-aarch64-unknown-linux-musl-1.14.6/lib/libhdf5.a(H5Fio.c.o) is incompatible with elf_x86_64
          ld.lld: error: /nix/store/ys2fwriaz9kai112z3byhjchlr6wlh4d-hdf5-musl-static-aarch64-unknown-linux-musl-1.14.6/lib/libhdf5.a(H5Fmount.c.o) is incompatible with elf_x86_64
          ld.lld: error: /nix/store/ys2fwriaz9kai112z3byhjchlr6wlh4d-hdf5-musl-static-aarch64-unknown-linux-musl-1.14.6/lib/libhdf5.a(H5Fmpi.c.o) is incompatible with elf_x86_64
          ld.lld: error: /nix/store/ys2fwriaz9kai112z3byhjchlr6wlh4d-hdf5-musl-static-aarch64-unknown-linux-musl-1.14.6/lib/libhdf5.a(H5Fquery.c.o) is incompatible with elf_x86_64
          ld.lld: error: /nix/store/ys2fwriaz9kai112z3byhjchlr6wlh4d-hdf5-musl-static-aarch64-unknown-linux-musl-1.14.6/lib/libhdf5.a(H5Fsfile.c.o) is incompatible with elf_x86_64
          ld.lld: error: /nix/store/ys2fwriaz9kai112z3byhjchlr6wlh4d-hdf5-musl-static-aarch64-unknown-linux-musl-1.14.6/lib/libhdf5.a(H5Fspace.c.o) is incompatible with elf_x86_64
          ld.lld: error: /nix/store/ys2fwriaz9kai112z3byhjchlr6wlh4d-hdf5-musl-static-aarch64-unknown-linux-musl-1.14.6/lib/libhdf5.a(H5Fsuper.c.o) is incompatible with elf_x86_64
          ld.lld: error: /nix/store/ys2fwriaz9kai112z3byhjchlr6wlh4d-hdf5-musl-static-aarch64-unknown-linux-musl-1.14.6/lib/libhdf5.a(H5Fsuper_cache.c.o) is incompatible with elf_x86_64
          ld.lld: error: /nix/store/ys2fwriaz9kai112z3byhjchlr6wlh4d-hdf5-musl-static-aarch64-unknown-linux-musl-1.14.6/lib/libhdf5.a(H5Ftest.c.o) is incompatible with elf_x86_64
          ld.lld: error: /nix/store/ys2fwriaz9kai112z3byhjchlr6wlh4d-hdf5-musl-static-aarch64-unknown-linux-musl-1.14.6/lib/libhdf5.a(H5FA.c.o) is incompatible with elf_x86_64
          ld.lld: error: /nix/store/ys2fwriaz9kai112z3byhjchlr6wlh4d-hdf5-musl-static-aarch64-unknown-linux-musl-1.14.6/lib/libhdf5.a(H5FAcache.c.o) is incompatible with elf_x86_64
          ld.lld: error: /nix/store/ys2fwriaz9kai112z3byhjchlr6wlh4d-hdf5-musl-static-aarch64-unknown-linux-musl-1.14.6/lib/libhdf5.a(H5FAdbg.c.o) is incompatible with elf_x86_64
          ld.lld: error: /nix/store/ys2fwriaz9kai112z3byhjchlr6wlh4d-hdf5-musl-static-aarch64-unknown-linux-musl-1.14.6/lib/libhdf5.a(H5FAdblkpage.c.o) is incompatible with elf_x86_64
          ld.lld: error: /nix/store/ys2fwriaz9kai112z3byhjchlr6wlh4d-hdf5-musl-static-aarch64-unknown-linux-musl-1.14.6/lib/libhdf5.a(H5FAdblock.c.o) is incompatible with elf_x86_64
          ld.lld: error: /nix/store/ys2fwriaz9kai112z3byhjchlr6wlh4d-hdf5-musl-static-aarch64-unknown-linux-musl-1.14.6/lib/libhdf5.a(H5FAhdr.c.o) is incompatible with elf_x86_64
          ld.lld: error: /nix/store/ys2fwriaz9kai112z3byhjchlr6wlh4d-hdf5-musl-static-aarch64-unknown-linux-musl-1.14.6/lib/libhdf5.a(H5FAint.c.o) is incompatible with elf_x86_64
          ld.lld: error: /nix/store/ys2fwriaz9kai112z3byhjchlr6wlh4d-hdf5-musl-static-aarch64-unknown-linux-musl-1.14.6/lib/libhdf5.a(H5FAstat.c.o) is incompatible with elf_x86_64
          ld.lld: error: /nix/store/ys2fwriaz9kai112z3byhjchlr6wlh4d-hdf5-musl-static-aarch64-unknown-linux-musl-1.14.6/lib/libhdf5.a(H5FAtest.c.o) is incompatible with elf_x86_64
          ld.lld: error: /nix/store/ys2fwriaz9kai112z3byhjchlr6wlh4d-hdf5-musl-static-aarch64-unknown-linux-musl-1.14.6/lib/libhdf5.a(H5FD.c.o) is incompatible with elf_x86_64
          ld.lld: error: /nix/store/ys2fwriaz9kai112z3byhjchlr6wlh4d-hdf5-musl-static-aarch64-unknown-linux-musl-1.14.6/lib/libhdf5.a(H5FDcore.c.o) is incompatible with elf_x86_64
          ld.lld: error: /nix/store/ys2fwriaz9kai112z3byhjchlr6wlh4d-hdf5-musl-static-aarch64-unknown-linux-musl-1.14.6/lib/libhdf5.a(H5FDdirect.c.o) is incompatible with elf_x86_64
          ld.lld: error: /nix/store/ys2fwriaz9kai112z3byhjchlr6wlh4d-hdf5-musl-static-aarch64-unknown-linux-musl-1.14.6/lib/libhdf5.a(H5FDfamily.c.o) is incompatible with elf_x86_64
          ld.lld: error: /nix/store/ys2fwriaz9kai112z3byhjchlr6wlh4d-hdf5-musl-static-aarch64-unknown-linux-musl-1.14.6/lib/libhdf5.a(H5FDhdfs.c.o) is incompatible with elf_x86_64
          ld.lld: error: /nix/store/ys2fwriaz9kai112z3byhjchlr6wlh4d-hdf5-musl-static-aarch64-unknown-linux-musl-1.14.6/lib/libhdf5.a(H5FDint.c.o) is incompatible with elf_x86_64
          ld.lld: error: /nix/store/ys2fwriaz9kai112z3byhjchlr6wlh4d-hdf5-musl-static-aarch64-unknown-linux-musl-1.14.6/lib/libhdf5.a(H5FDlog.c.o) is incompatible with elf_x86_64
          ld.lld: error: /nix/store/ys2fwriaz9kai112z3byhjchlr6wlh4d-hdf5-musl-static-aarch64-unknown-linux-musl-1.14.6/lib/libhdf5.a(H5FDmirror.c.o) is incompatible with elf_x86_64
          ld.lld: error: /nix/store/ys2fwriaz9kai112z3byhjchlr6wlh4d-hdf5-musl-static-aarch64-unknown-linux-musl-1.14.6/lib/libhdf5.a(H5FDmpi.c.o) is incompatible with elf_x86_64
          ld.lld: error: /nix/store/ys2fwriaz9kai112z3byhjchlr6wlh4d-hdf5-musl-static-aarch64-unknown-linux-musl-1.14.6/lib/libhdf5.a(H5FDmpio.c.o) is incompatible with elf_x86_64
          ld.lld: error: /nix/store/ys2fwriaz9kai112z3byhjchlr6wlh4d-hdf5-musl-static-aarch64-unknown-linux-musl-1.14.6/lib/libhdf5.a(H5FDmulti.c.o) is incompatible with elf_x86_64
          ld.lld: error: /nix/store/ys2fwriaz9kai112z3byhjchlr6wlh4d-hdf5-musl-static-aarch64-unknown-linux-musl-1.14.6/lib/libhdf5.a(H5FDonion.c.o) is incompatible with elf_x86_64
          ld.lld: error: /nix/store/ys2fwriaz9kai112z3byhjchlr6wlh4d-hdf5-musl-static-aarch64-unknown-linux-musl-1.14.6/lib/libhdf5.a(H5FDonion_header.c.o) is incompatible with elf_x86_64
          ld.lld: error: /nix/store/ys2fwriaz9kai112z3byhjchlr6wlh4d-hdf5-musl-static-aarch64-unknown-linux-musl-1.14.6/lib/libhdf5.a(H5FDonion_history.c.o) is incompatible with elf_x86_64
          ld.lld: error: /nix/store/ys2fwriaz9kai112z3byhjchlr6wlh4d-hdf5-musl-static-aarch64-unknown-linux-musl-1.14.6/lib/libhdf5.a(H5FDonion_index.c.o) is incompatible with elf_x86_64
          ld.lld: error: /nix/store/ys2fwriaz9kai112z3byhjchlr6wlh4d-hdf5-musl-static-aarch64-unknown-linux-musl-1.14.6/lib/libhdf5.a(H5FDperform.c.o) is incompatible with elf_x86_64
          ld.lld: error: /nix/store/ys2fwriaz9kai112z3byhjchlr6wlh4d-hdf5-musl-static-aarch64-unknown-linux-musl-1.14.6/lib/libhdf5.a(H5FDros3.c.o) is incompatible with elf_x86_64
          ld.lld: error: /nix/store/ys2fwriaz9kai112z3byhjchlr6wlh4d-hdf5-musl-static-aarch64-unknown-linux-musl-1.14.6/lib/libhdf5.a(H5FDs3comms.c.o) is incompatible with elf_x86_64
          ld.lld: error: /nix/store/ys2fwriaz9kai112z3byhjchlr6wlh4d-hdf5-musl-static-aarch64-unknown-linux-musl-1.14.6/lib/libhdf5.a(H5FDsec2.c.o) is incompatible with elf_x86_64
          ld.lld: error: /nix/store/ys2fwriaz9kai112z3byhjchlr6wlh4d-hdf5-musl-static-aarch64-unknown-linux-musl-1.14.6/lib/libhdf5.a(H5FDspace.c.o) is incompatible with elf_x86_64
          ld.lld: error: /nix/store/ys2fwriaz9kai112z3byhjchlr6wlh4d-hdf5-musl-static-aarch64-unknown-linux-musl-1.14.6/lib/libhdf5.a(H5FDsplitter.c.o) is incompatible with elf_x86_64
          ld.lld: error: /nix/store/ys2fwriaz9kai112z3byhjchlr6wlh4d-hdf5-musl-static-aarch64-unknown-linux-musl-1.14.6/lib/libhdf5.a(H5FDstdio.c.o) is incompatible with elf_x86_64
          ld.lld: error: /nix/store/ys2fwriaz9kai112z3byhjchlr6wlh4d-hdf5-musl-static-aarch64-unknown-linux-musl-1.14.6/lib/libhdf5.a(H5FDtest.c.o) is incompatible with elf_x86_64
          ld.lld: error: /nix/store/ys2fwriaz9kai112z3byhjchlr6wlh4d-hdf5-musl-static-aarch64-unknown-linux-musl-1.14.6/lib/libhdf5.a(H5FDwindows.c.o) is incompatible with elf_x86_64
          ld.lld: error: /nix/store/ys2fwriaz9kai112z3byhjchlr6wlh4d-hdf5-musl-static-aarch64-unknown-linux-musl-1.14.6/lib/libhdf5.a(H5FL.c.o) is incompatible with elf_x86_64
          ld.lld: error: /nix/store/ys2fwriaz9kai112z3byhjchlr6wlh4d-hdf5-musl-static-aarch64-unknown-linux-musl-1.14.6/lib/libhdf5.a(H5FO.c.o) is incompatible with elf_x86_64
          ld.lld: error: /nix/store/ys2fwriaz9kai112z3byhjchlr6wlh4d-hdf5-musl-static-aarch64-unknown-linux-musl-1.14.6/lib/libhdf5.a(H5FS.c.o) is incompatible with elf_x86_64
          ld.lld: error: /nix/store/ys2fwriaz9kai112z3byhjchlr6wlh4d-hdf5-musl-static-aarch64-unknown-linux-musl-1.14.6/lib/libhdf5.a(H5FScache.c.o) is incompatible with elf_x86_64
          ld.lld: error: /nix/store/ys2fwriaz9kai112z3byhjchlr6wlh4d-hdf5-musl-static-aarch64-unknown-linux-musl-1.14.6/lib/libhdf5.a(H5FSdbg.c.o) is incompatible with elf_x86_64
          ld.lld: error: /nix/store/ys2fwriaz9kai112z3byhjchlr6wlh4d-hdf5-musl-static-aarch64-unknown-linux-musl-1.14.6/lib/libhdf5.a(H5FSint.c.o) is incompatible with elf_x86_64
          ld.lld: error: /nix/store/ys2fwriaz9kai112z3byhjchlr6wlh4d-hdf5-musl-static-aarch64-unknown-linux-musl-1.14.6/lib/libhdf5.a(H5FSsection.c.o) is incompatible with elf_x86_64
          ld.lld: error: /nix/store/ys2fwriaz9kai112z3byhjchlr6wlh4d-hdf5-musl-static-aarch64-unknown-linux-musl-1.14.6/lib/libhdf5.a(H5FSstat.c.o) is incompatible with elf_x86_64
          ld.lld: error: /nix/store/ys2fwriaz9kai112z3byhjchlr6wlh4d-hdf5-musl-static-aarch64-unknown-linux-musl-1.14.6/lib/libhdf5.a(H5FStest.c.o) is incompatible with elf_x86_64
          ld.lld: error: /nix/store/ys2fwriaz9kai112z3byhjchlr6wlh4d-hdf5-musl-static-aarch64-unknown-linux-musl-1.14.6/lib/libhdf5.a(H5G.c.o) is incompatible with elf_x86_64
          ld.lld: error: /nix/store/ys2fwriaz9kai112z3byhjchlr6wlh4d-hdf5-musl-static-aarch64-unknown-linux-musl-1.14.6/lib/libhdf5.a(H5Gbtree2.c.o) is incompatible with elf_x86_64
          ld.lld: error: /nix/store/ys2fwriaz9kai112z3byhjchlr6wlh4d-hdf5-musl-static-aarch64-unknown-linux-musl-1.14.6/lib/libhdf5.a(H5Gcache.c.o) is incompatible with elf_x86_64
          ld.lld: error: /nix/store/ys2fwriaz9kai112z3byhjchlr6wlh4d-hdf5-musl-static-aarch64-unknown-linux-musl-1.14.6/lib/libhdf5.a(H5Gcompact.c.o) is incompatible with elf_x86_64
          ld.lld: error: /nix/store/ys2fwriaz9kai112z3byhjchlr6wlh4d-hdf5-musl-static-aarch64-unknown-linux-musl-1.14.6/lib/libhdf5.a(H5Gdense.c.o) is incompatible with elf_x86_64
          ld.lld: error: /nix/store/ys2fwriaz9kai112z3byhjchlr6wlh4d-hdf5-musl-static-aarch64-unknown-linux-musl-1.14.6/lib/libhdf5.a(H5Gdeprec.c.o) is incompatible with elf_x86_64
          ld.lld: error: /nix/store/ys2fwriaz9kai112z3byhjchlr6wlh4d-hdf5-musl-static-aarch64-unknown-linux-musl-1.14.6/lib/libhdf5.a(H5Gent.c.o) is incompatible with elf_x86_64
          ld.lld: error: /nix/store/ys2fwriaz9kai112z3byhjchlr6wlh4d-hdf5-musl-static-aarch64-unknown-linux-musl-1.14.6/lib/libhdf5.a(H5Gint.c.o) is incompatible with elf_x86_64
          ld.lld: error: /nix/store/ys2fwriaz9kai112z3byhjchlr6wlh4d-hdf5-musl-static-aarch64-unknown-linux-musl-1.14.6/lib/libhdf5.a(H5Glink.c.o) is incompatible with elf_x86_64
          ld.lld: error: /nix/store/ys2fwriaz9kai112z3byhjchlr6wlh4d-hdf5-musl-static-aarch64-unknown-linux-musl-1.14.6/lib/libhdf5.a(H5Gloc.c.o) is incompatible with elf_x86_64
          ld.lld: error: /nix/store/ys2fwriaz9kai112z3byhjchlr6wlh4d-hdf5-musl-static-aarch64-unknown-linux-musl-1.14.6/lib/libhdf5.a(H5Gname.c.o) is incompatible with elf_x86_64
          ld.lld: error: /nix/store/ys2fwriaz9kai112z3byhjchlr6wlh4d-hdf5-musl-static-aarch64-unknown-linux-musl-1.14.6/lib/libhdf5.a(H5Gnode.c.o) is incompatible with elf_x86_64
          ld.lld: error: /nix/store/ys2fwriaz9kai112z3byhjchlr6wlh4d-hdf5-musl-static-aarch64-unknown-linux-musl-1.14.6/lib/libhdf5.a(H5Gobj.c.o) is incompatible with elf_x86_64
          ld.lld: error: /nix/store/ys2fwriaz9kai112z3byhjchlr6wlh4d-hdf5-musl-static-aarch64-unknown-linux-musl-1.14.6/lib/libhdf5.a(H5Goh.c.o) is incompatible with elf_x86_64
          ld.lld: error: /nix/store/ys2fwriaz9kai112z3byhjchlr6wlh4d-hdf5-musl-static-aarch64-unknown-linux-musl-1.14.6/lib/libhdf5.a(H5Groot.c.o) is incompatible with elf_x86_64
          ld.lld: error: /nix/store/ys2fwriaz9kai112z3byhjchlr6wlh4d-hdf5-musl-static-aarch64-unknown-linux-musl-1.14.6/lib/libhdf5.a(H5Gstab.c.o) is incompatible with elf_x86_64
          ld.lld: error: /nix/store/ys2fwriaz9kai112z3byhjchlr6wlh4d-hdf5-musl-static-aarch64-unknown-linux-musl-1.14.6/lib/libhdf5.a(H5Gtest.c.o) is incompatible with elf_x86_64
          ld.lld: error: /nix/store/ys2fwriaz9kai112z3byhjchlr6wlh4d-hdf5-musl-static-aarch64-unknown-linux-musl-1.14.6/lib/libhdf5.a(H5Gtraverse.c.o) is incompatible with elf_x86_64
          ld.lld: error: /nix/store/ys2fwriaz9kai112z3byhjchlr6wlh4d-hdf5-musl-static-aarch64-unknown-linux-musl-1.14.6/lib/libhdf5.a(H5HF.c.o) is incompatible with elf_x86_64
          ld.lld: error: /nix/store/ys2fwriaz9kai112z3byhjchlr6wlh4d-hdf5-musl-static-aarch64-unknown-linux-musl-1.14.6/lib/libhdf5.a(H5HFbtree2.c.o) is incompatible with elf_x86_64
          ld.lld: error: /nix/store/ys2fwriaz9kai112z3byhjchlr6wlh4d-hdf5-musl-static-aarch64-unknown-linux-musl-1.14.6/lib/libhdf5.a(H5HFcache.c.o) is incompatible with elf_x86_64
          ld.lld: error: /nix/store/ys2fwriaz9kai112z3byhjchlr6wlh4d-hdf5-musl-static-aarch64-unknown-linux-musl-1.14.6/lib/libhdf5.a(H5HFdbg.c.o) is incompatible with elf_x86_64
          ld.lld: error: /nix/store/ys2fwriaz9kai112z3byhjchlr6wlh4d-hdf5-musl-static-aarch64-unknown-linux-musl-1.14.6/lib/libhdf5.a(H5HFdblock.c.o) is incompatible with elf_x86_64
          ld.lld: error: /nix/store/ys2fwriaz9kai112z3byhjchlr6wlh4d-hdf5-musl-static-aarch64-unknown-linux-musl-1.14.6/lib/libhdf5.a(H5HFdtable.c.o) is incompatible with elf_x86_64
          ld.lld: error: /nix/store/ys2fwriaz9kai112z3byhjchlr6wlh4d-hdf5-musl-static-aarch64-unknown-linux-musl-1.14.6/lib/libhdf5.a(H5HFhdr.c.o) is incompatible with elf_x86_64
          ld.lld: error: /nix/store/ys2fwriaz9kai112z3byhjchlr6wlh4d-hdf5-musl-static-aarch64-unknown-linux-musl-1.14.6/lib/libhdf5.a(H5HFhuge.c.o) is incompatible with elf_x86_64
          ld.lld: error: /nix/store/ys2fwriaz9kai112z3byhjchlr6wlh4d-hdf5-musl-static-aarch64-unknown-linux-musl-1.14.6/lib/libhdf5.a(H5HFiblock.c.o) is incompatible with elf_x86_64
          ld.lld: error: /nix/store/ys2fwriaz9kai112z3byhjchlr6wlh4d-hdf5-musl-static-aarch64-unknown-linux-musl-1.14.6/lib/libhdf5.a(H5HFiter.c.o) is incompatible with elf_x86_64
          ld.lld: error: /nix/store/ys2fwriaz9kai112z3byhjchlr6wlh4d-hdf5-musl-static-aarch64-unknown-linux-musl-1.14.6/lib/libhdf5.a(H5HFman.c.o) is incompatible with elf_x86_64
          ld.lld: error: /nix/store/ys2fwriaz9kai112z3byhjchlr6wlh4d-hdf5-musl-static-aarch64-unknown-linux-musl-1.14.6/lib/libhdf5.a(H5HFsection.c.o) is incompatible with elf_x86_64
          ld.lld: error: /nix/store/ys2fwriaz9kai112z3byhjchlr6wlh4d-hdf5-musl-static-aarch64-unknown-linux-musl-1.14.6/lib/libhdf5.a(H5HFspace.c.o) is incompatible with elf_x86_64
          ld.lld: error: /nix/store/ys2fwriaz9kai112z3byhjchlr6wlh4d-hdf5-musl-static-aarch64-unknown-linux-musl-1.14.6/lib/libhdf5.a(H5HFstat.c.o) is incompatible with elf_x86_64
          ld.lld: error: /nix/store/ys2fwriaz9kai112z3byhjchlr6wlh4d-hdf5-musl-static-aarch64-unknown-linux-musl-1.14.6/lib/libhdf5.a(H5HFtest.c.o) is incompatible with elf_x86_64
          ld.lld: error: /nix/store/ys2fwriaz9kai112z3byhjchlr6wlh4d-hdf5-musl-static-aarch64-unknown-linux-musl-1.14.6/lib/libhdf5.a(H5HFtiny.c.o) is incompatible with elf_x86_64
          ld.lld: error: /nix/store/ys2fwriaz9kai112z3byhjchlr6wlh4d-hdf5-musl-static-aarch64-unknown-linux-musl-1.14.6/lib/libhdf5.a(H5HG.c.o) is incompatible with elf_x86_64
          ld.lld: error: /nix/store/ys2fwriaz9kai112z3byhjchlr6wlh4d-hdf5-musl-static-aarch64-unknown-linux-musl-1.14.6/lib/libhdf5.a(H5HGcache.c.o) is incompatible with elf_x86_64
          ld.lld: error: /nix/store/ys2fwriaz9kai112z3byhjchlr6wlh4d-hdf5-musl-static-aarch64-unknown-linux-musl-1.14.6/lib/libhdf5.a(H5HGdbg.c.o) is incompatible with elf_x86_64
          ld.lld: error: /nix/store/ys2fwriaz9kai112z3byhjchlr6wlh4d-hdf5-musl-static-aarch64-unknown-linux-musl-1.14.6/lib/libhdf5.a(H5HGquery.c.o) is incompatible with elf_x86_64
          ld.lld: error: /nix/store/ys2fwriaz9kai112z3byhjchlr6wlh4d-hdf5-musl-static-aarch64-unknown-linux-musl-1.14.6/lib/libhdf5.a(H5HL.c.o) is incompatible with elf_x86_64
          ld.lld: error: /nix/store/ys2fwriaz9kai112z3byhjchlr6wlh4d-hdf5-musl-static-aarch64-unknown-linux-musl-1.14.6/lib/libhdf5.a(H5HLcache.c.o) is incompatible with elf_x86_64
          ld.lld: error: /nix/store/ys2fwriaz9kai112z3byhjchlr6wlh4d-hdf5-musl-static-aarch64-unknown-linux-musl-1.14.6/lib/libhdf5.a(H5HLdbg.c.o) is incompatible with elf_x86_64
          ld.lld: error: /nix/store/ys2fwriaz9kai112z3byhjchlr6wlh4d-hdf5-musl-static-aarch64-unknown-linux-musl-1.14.6/lib/libhdf5.a(H5HLdblk.c.o) is incompatible with elf_x86_64
          ld.lld: error: /nix/store/ys2fwriaz9kai112z3byhjchlr6wlh4d-hdf5-musl-static-aarch64-unknown-linux-musl-1.14.6/lib/libhdf5.a(H5HLint.c.o) is incompatible with elf_x86_64
          ld.lld: error: /nix/store/ys2fwriaz9kai112z3byhjchlr6wlh4d-hdf5-musl-static-aarch64-unknown-linux-musl-1.14.6/lib/libhdf5.a(H5HLprfx.c.o) is incompatible with elf_x86_64
          ld.lld: error: /nix/store/ys2fwriaz9kai112z3byhjchlr6wlh4d-hdf5-musl-static-aarch64-unknown-linux-musl-1.14.6/lib/libhdf5.a(H5I.c.o) is incompatible with elf_x86_64
          ld.lld: error: /nix/store/ys2fwriaz9kai112z3byhjchlr6wlh4d-hdf5-musl-static-aarch64-unknown-linux-musl-1.14.6/lib/libhdf5.a(H5Idbg.c.o) is incompatible with elf_x86_64
          ld.lld: error: /nix/store/ys2fwriaz9kai112z3byhjchlr6wlh4d-hdf5-musl-static-aarch64-unknown-linux-musl-1.14.6/lib/libhdf5.a(H5Iint.c.o) is incompatible with elf_x86_64
          ld.lld: error: /nix/store/ys2fwriaz9kai112z3byhjchlr6wlh4d-hdf5-musl-static-aarch64-unknown-linux-musl-1.14.6/lib/libhdf5.a(H5Itest.c.o) is incompatible with elf_x86_64
          ld.lld: error: /nix/store/ys2fwriaz9kai112z3byhjchlr6wlh4d-hdf5-musl-static-aarch64-unknown-linux-musl-1.14.6/lib/libhdf5.a(H5L.c.o) is incompatible with elf_x86_64
          ld.lld: error: /nix/store/ys2fwriaz9kai112z3byhjchlr6wlh4d-hdf5-musl-static-aarch64-unknown-linux-musl-1.14.6/lib/libhdf5.a(H5Ldeprec.c.o) is incompatible with elf_x86_64
          ld.lld: error: /nix/store/ys2fwriaz9kai112z3byhjchlr6wlh4d-hdf5-musl-static-aarch64-unknown-linux-musl-1.14.6/lib/libhdf5.a(H5Lexternal.c.o) is incompatible with elf_x86_64
          ld.lld: error: /nix/store/ys2fwriaz9kai112z3byhjchlr6wlh4d-hdf5-musl-static-aarch64-unknown-linux-musl-1.14.6/lib/libhdf5.a(H5Lint.c.o) is incompatible with elf_x86_64
          ld.lld: error: /nix/store/ys2fwriaz9kai112z3byhjchlr6wlh4d-hdf5-musl-static-aarch64-unknown-linux-musl-1.14.6/lib/libhdf5.a(H5M.c.o) is incompatible with elf_x86_64
          ld.lld: error: /nix/store/ys2fwriaz9kai112z3byhjchlr6wlh4d-hdf5-musl-static-aarch64-unknown-linux-musl-1.14.6/lib/libhdf5.a(H5MF.c.o) is incompatible with elf_x86_64
          ld.lld: error: /nix/store/ys2fwriaz9kai112z3byhjchlr6wlh4d-hdf5-musl-static-aarch64-unknown-linux-musl-1.14.6/lib/libhdf5.a(H5MFaggr.c.o) is incompatible with elf_x86_64
          ld.lld: error: /nix/store/ys2fwriaz9kai112z3byhjchlr6wlh4d-hdf5-musl-static-aarch64-unknown-linux-musl-1.14.6/lib/libhdf5.a(H5MFdbg.c.o) is incompatible with elf_x86_64
          ld.lld: error: /nix/store/ys2fwriaz9kai112z3byhjchlr6wlh4d-hdf5-musl-static-aarch64-unknown-linux-musl-1.14.6/lib/libhdf5.a(H5MFsection.c.o) is incompatible with elf_x86_64
          ld.lld: error: /nix/store/ys2fwriaz9kai112z3byhjchlr6wlh4d-hdf5-musl-static-aarch64-unknown-linux-musl-1.14.6/lib/libhdf5.a(H5MM.c.o) is incompatible with elf_x86_64
          ld.lld: error: /nix/store/ys2fwriaz9kai112z3byhjchlr6wlh4d-hdf5-musl-static-aarch64-unknown-linux-musl-1.14.6/lib/libhdf5.a(H5O.c.o) is incompatible with elf_x86_64
          ld.lld: error: /nix/store/ys2fwriaz9kai112z3byhjchlr6wlh4d-hdf5-musl-static-aarch64-unknown-linux-musl-1.14.6/lib/libhdf5.a(H5Oainfo.c.o) is incompatible with elf_x86_64
          ld.lld: error: /nix/store/ys2fwriaz9kai112z3byhjchlr6wlh4d-hdf5-musl-static-aarch64-unknown-linux-musl-1.14.6/lib/libhdf5.a(H5Oalloc.c.o) is incompatible with elf_x86_64
          ld.lld: error: /nix/store/ys2fwriaz9kai112z3byhjchlr6wlh4d-hdf5-musl-static-aarch64-unknown-linux-musl-1.14.6/lib/libhdf5.a(H5Oattr.c.o) is incompatible with elf_x86_64
          ld.lld: error: /nix/store/ys2fwriaz9kai112z3byhjchlr6wlh4d-hdf5-musl-static-aarch64-unknown-linux-musl-1.14.6/lib/libhdf5.a(H5Oattribute.c.o) is incompatible with elf_x86_64
          ld.lld: error: /nix/store/ys2fwriaz9kai112z3byhjchlr6wlh4d-hdf5-musl-static-aarch64-unknown-linux-musl-1.14.6/lib/libhdf5.a(H5Obogus.c.o) is incompatible with elf_x86_64
          ld.lld: error: /nix/store/ys2fwriaz9kai112z3byhjchlr6wlh4d-hdf5-musl-static-aarch64-unknown-linux-musl-1.14.6/lib/libhdf5.a(H5Obtreek.c.o) is incompatible with elf_x86_64
          ld.lld: error: /nix/store/ys2fwriaz9kai112z3byhjchlr6wlh4d-hdf5-musl-static-aarch64-unknown-linux-musl-1.14.6/lib/libhdf5.a(H5Ocache.c.o) is incompatible with elf_x86_64
          ld.lld: error: /nix/store/ys2fwriaz9kai112z3byhjchlr6wlh4d-hdf5-musl-static-aarch64-unknown-linux-musl-1.14.6/lib/libhdf5.a(H5Ocache_image.c.o) is incompatible with elf_x86_64
          ld.lld: error: /nix/store/ys2fwriaz9kai112z3byhjchlr6wlh4d-hdf5-musl-static-aarch64-unknown-linux-musl-1.14.6/lib/libhdf5.a(H5Ochunk.c.o) is incompatible with elf_x86_64
          ld.lld: error: /nix/store/ys2fwriaz9kai112z3byhjchlr6wlh4d-hdf5-musl-static-aarch64-unknown-linux-musl-1.14.6/lib/libhdf5.a(H5Ocont.c.o) is incompatible with elf_x86_64
          ld.lld: error: /nix/store/ys2fwriaz9kai112z3byhjchlr6wlh4d-hdf5-musl-static-aarch64-unknown-linux-musl-1.14.6/lib/libhdf5.a(H5Ocopy.c.o) is incompatible with elf_x86_64
          ld.lld: error: /nix/store/ys2fwriaz9kai112z3byhjchlr6wlh4d-hdf5-musl-static-aarch64-unknown-linux-musl-1.14.6/lib/libhdf5.a(H5Ocopy_ref.c.o) is incompatible with elf_x86_64
          ld.lld: error: /nix/store/ys2fwriaz9kai112z3byhjchlr6wlh4d-hdf5-musl-static-aarch64-unknown-linux-musl-1.14.6/lib/libhdf5.a(H5Odbg.c.o) is incompatible with elf_x86_64
          ld.lld: error: /nix/store/ys2fwriaz9kai112z3byhjchlr6wlh4d-hdf5-musl-static-aarch64-unknown-linux-musl-1.14.6/lib/libhdf5.a(H5Odeprec.c.o) is incompatible with elf_x86_64
          ld.lld: error: /nix/store/ys2fwriaz9kai112z3byhjchlr6wlh4d-hdf5-musl-static-aarch64-unknown-linux-musl-1.14.6/lib/libhdf5.a(H5Odrvinfo.c.o) is incompatible with elf_x86_64
          ld.lld: error: /nix/store/ys2fwriaz9kai112z3byhjchlr6wlh4d-hdf5-musl-static-aarch64-unknown-linux-musl-1.14.6/lib/libhdf5.a(H5Odtype.c.o) is incompatible with elf_x86_64
          ld.lld: error: /nix/store/ys2fwriaz9kai112z3byhjchlr6wlh4d-hdf5-musl-static-aarch64-unknown-linux-musl-1.14.6/lib/libhdf5.a(H5Oefl.c.o) is incompatible with elf_x86_64
          ld.lld: error: /nix/store/ys2fwriaz9kai112z3byhjchlr6wlh4d-hdf5-musl-static-aarch64-unknown-linux-musl-1.14.6/lib/libhdf5.a(H5Ofill.c.o) is incompatible with elf_x86_64
          ld.lld: error: /nix/store/ys2fwriaz9kai112z3byhjchlr6wlh4d-hdf5-musl-static-aarch64-unknown-linux-musl-1.14.6/lib/libhdf5.a(H5Oflush.c.o) is incompatible with elf_x86_64
          ld.lld: error: /nix/store/ys2fwriaz9kai112z3byhjchlr6wlh4d-hdf5-musl-static-aarch64-unknown-linux-musl-1.14.6/lib/libhdf5.a(H5Ofsinfo.c.o) is incompatible with elf_x86_64
          ld.lld: error: /nix/store/ys2fwriaz9kai112z3byhjchlr6wlh4d-hdf5-musl-static-aarch64-unknown-linux-musl-1.14.6/lib/libhdf5.a(H5Oginfo.c.o) is incompatible with elf_x86_64
          ld.lld: error: /nix/store/ys2fwriaz9kai112z3byhjchlr6wlh4d-hdf5-musl-static-aarch64-unknown-linux-musl-1.14.6/lib/libhdf5.a(H5Oint.c.o) is incompatible with elf_x86_64
          ld.lld: error: /nix/store/ys2fwriaz9kai112z3byhjchlr6wlh4d-hdf5-musl-static-aarch64-unknown-linux-musl-1.14.6/lib/libhdf5.a(H5Olayout.c.o) is incompatible with elf_x86_64
          ld.lld: error: /nix/store/ys2fwriaz9kai112z3byhjchlr6wlh4d-hdf5-musl-static-aarch64-unknown-linux-musl-1.14.6/lib/libhdf5.a(H5Olinfo.c.o) is incompatible with elf_x86_64
          ld.lld: error: /nix/store/ys2fwriaz9kai112z3byhjchlr6wlh4d-hdf5-musl-static-aarch64-unknown-linux-musl-1.14.6/lib/libhdf5.a(H5Olink.c.o) is incompatible with elf_x86_64
          ld.lld: error: /nix/store/ys2fwriaz9kai112z3byhjchlr6wlh4d-hdf5-musl-static-aarch64-unknown-linux-musl-1.14.6/lib/libhdf5.a(H5Omessage.c.o) is incompatible with elf_x86_64
          ld.lld: error: /nix/store/ys2fwriaz9kai112z3byhjchlr6wlh4d-hdf5-musl-static-aarch64-unknown-linux-musl-1.14.6/lib/libhdf5.a(H5Omtime.c.o) is incompatible with elf_x86_64
          ld.lld: error: /nix/store/ys2fwriaz9kai112z3byhjchlr6wlh4d-hdf5-musl-static-aarch64-unknown-linux-musl-1.14.6/lib/libhdf5.a(H5Oname.c.o) is incompatible with elf_x86_64
          ld.lld: error: /nix/store/ys2fwriaz9kai112z3byhjchlr6wlh4d-hdf5-musl-static-aarch64-unknown-linux-musl-1.14.6/lib/libhdf5.a(H5Onull.c.o) is incompatible with elf_x86_64
          ld.lld: error: /nix/store/ys2fwriaz9kai112z3byhjchlr6wlh4d-hdf5-musl-static-aarch64-unknown-linux-musl-1.14.6/lib/libhdf5.a(H5Opline.c.o) is incompatible with elf_x86_64
          ld.lld: error: /nix/store/ys2fwriaz9kai112z3byhjchlr6wlh4d-hdf5-musl-static-aarch64-unknown-linux-musl-1.14.6/lib/libhdf5.a(H5Orefcount.c.o) is incompatible with elf_x86_64
          ld.lld: error: /nix/store/ys2fwriaz9kai112z3byhjchlr6wlh4d-hdf5-musl-static-aarch64-unknown-linux-musl-1.14.6/lib/libhdf5.a(H5Osdspace.c.o) is incompatible with elf_x86_64
          ld.lld: error: /nix/store/ys2fwriaz9kai112z3byhjchlr6wlh4d-hdf5-musl-static-aarch64-unknown-linux-musl-1.14.6/lib/libhdf5.a(H5Oshared.c.o) is incompatible with elf_x86_64
          ld.lld: error: /nix/store/ys2fwriaz9kai112z3byhjchlr6wlh4d-hdf5-musl-static-aarch64-unknown-linux-musl-1.14.6/lib/libhdf5.a(H5Oshmesg.c.o) is incompatible with elf_x86_64
          ld.lld: error: /nix/store/ys2fwriaz9kai112z3byhjchlr6wlh4d-hdf5-musl-static-aarch64-unknown-linux-musl-1.14.6/lib/libhdf5.a(H5Ostab.c.o) is incompatible with elf_x86_64
          ld.lld: error: /nix/store/ys2fwriaz9kai112z3byhjchlr6wlh4d-hdf5-musl-static-aarch64-unknown-linux-musl-1.14.6/lib/libhdf5.a(H5Otest.c.o) is incompatible with elf_x86_64
          ld.lld: error: /nix/store/ys2fwriaz9kai112z3byhjchlr6wlh4d-hdf5-musl-static-aarch64-unknown-linux-musl-1.14.6/lib/libhdf5.a(H5Ounknown.c.o) is incompatible with elf_x86_64
          ld.lld: error: /nix/store/ys2fwriaz9kai112z3byhjchlr6wlh4d-hdf5-musl-static-aarch64-unknown-linux-musl-1.14.6/lib/libhdf5.a(H5P.c.o) is incompatible with elf_x86_64
          ld.lld: error: /nix/store/ys2fwriaz9kai112z3byhjchlr6wlh4d-hdf5-musl-static-aarch64-unknown-linux-musl-1.14.6/lib/libhdf5.a(H5Pacpl.c.o) is incompatible with elf_x86_64
          ld.lld: error: /nix/store/ys2fwriaz9kai112z3byhjchlr6wlh4d-hdf5-musl-static-aarch64-unknown-linux-musl-1.14.6/lib/libhdf5.a(H5Pdapl.c.o) is incompatible with elf_x86_64
          ld.lld: error: /nix/store/ys2fwriaz9kai112z3byhjchlr6wlh4d-hdf5-musl-static-aarch64-unknown-linux-musl-1.14.6/lib/libhdf5.a(H5Pdcpl.c.o) is incompatible with elf_x86_64
          ld.lld: error: /nix/store/ys2fwriaz9kai112z3byhjchlr6wlh4d-hdf5-musl-static-aarch64-unknown-linux-musl-1.14.6/lib/libhdf5.a(H5Pdeprec.c.o) is incompatible with elf_x86_64
          ld.lld: error: /nix/store/ys2fwriaz9kai112z3byhjchlr6wlh4d-hdf5-musl-static-aarch64-unknown-linux-musl-1.14.6/lib/libhdf5.a(H5Pdxpl.c.o) is incompatible with elf_x86_64
          ld.lld: error: /nix/store/ys2fwriaz9kai112z3byhjchlr6wlh4d-hdf5-musl-static-aarch64-unknown-linux-musl-1.14.6/lib/libhdf5.a(H5Pencdec.c.o) is incompatible with elf_x86_64
          ld.lld: error: /nix/store/ys2fwriaz9kai112z3byhjchlr6wlh4d-hdf5-musl-static-aarch64-unknown-linux-musl-1.14.6/lib/libhdf5.a(H5Pfapl.c.o) is incompatible with elf_x86_64
          ld.lld: error: /nix/store/ys2fwriaz9kai112z3byhjchlr6wlh4d-hdf5-musl-static-aarch64-unknown-linux-musl-1.14.6/lib/libhdf5.a(H5Pfcpl.c.o) is incompatible with elf_x86_64
          ld.lld: error: /nix/store/ys2fwriaz9kai112z3byhjchlr6wlh4d-hdf5-musl-static-aarch64-unknown-linux-musl-1.14.6/lib/libhdf5.a(H5Pfmpl.c.o) is incompatible with elf_x86_64
          ld.lld: error: /nix/store/ys2fwriaz9kai112z3byhjchlr6wlh4d-hdf5-musl-static-aarch64-unknown-linux-musl-1.14.6/lib/libhdf5.a(H5Pgcpl.c.o) is incompatible with elf_x86_64
          ld.lld: error: /nix/store/ys2fwriaz9kai112z3byhjchlr6wlh4d-hdf5-musl-static-aarch64-unknown-linux-musl-1.14.6/lib/libhdf5.a(H5Pint.c.o) is incompatible with elf_x86_64
          ld.lld: error: /nix/store/ys2fwriaz9kai112z3byhjchlr6wlh4d-hdf5-musl-static-aarch64-unknown-linux-musl-1.14.6/lib/libhdf5.a(H5Plapl.c.o) is incompatible with elf_x86_64
          ld.lld: error: /nix/store/ys2fwriaz9kai112z3byhjchlr6wlh4d-hdf5-musl-static-aarch64-unknown-linux-musl-1.14.6/lib/libhdf5.a(H5Plcpl.c.o) is incompatible with elf_x86_64
          ld.lld: error: /nix/store/ys2fwriaz9kai112z3byhjchlr6wlh4d-hdf5-musl-static-aarch64-unknown-linux-musl-1.14.6/lib/libhdf5.a(H5Pmapl.c.o) is incompatible with elf_x86_64
          ld.lld: error: /nix/store/ys2fwriaz9kai112z3byhjchlr6wlh4d-hdf5-musl-static-aarch64-unknown-linux-musl-1.14.6/lib/libhdf5.a(H5Pmcpl.c.o) is incompatible with elf_x86_64
          ld.lld: error: /nix/store/ys2fwriaz9kai112z3byhjchlr6wlh4d-hdf5-musl-static-aarch64-unknown-linux-musl-1.14.6/lib/libhdf5.a(H5Pocpl.c.o) is incompatible with elf_x86_64
          ld.lld: error: /nix/store/ys2fwriaz9kai112z3byhjchlr6wlh4d-hdf5-musl-static-aarch64-unknown-linux-musl-1.14.6/lib/libhdf5.a(H5Pocpypl.c.o) is incompatible with elf_x86_64
          ld.lld: error: /nix/store/ys2fwriaz9kai112z3byhjchlr6wlh4d-hdf5-musl-static-aarch64-unknown-linux-musl-1.14.6/lib/libhdf5.a(H5Pstrcpl.c.o) is incompatible with elf_x86_64
          ld.lld: error: /nix/store/ys2fwriaz9kai112z3byhjchlr6wlh4d-hdf5-musl-static-aarch64-unknown-linux-musl-1.14.6/lib/libhdf5.a(H5Ptest.c.o) is incompatible with elf_x86_64
          ld.lld: error: /nix/store/ys2fwriaz9kai112z3byhjchlr6wlh4d-hdf5-musl-static-aarch64-unknown-linux-musl-1.14.6/lib/libhdf5.a(H5PB.c.o) is incompatible with elf_x86_64
          ld.lld: error: /nix/store/ys2fwriaz9kai112z3byhjchlr6wlh4d-hdf5-musl-static-aarch64-unknown-linux-musl-1.14.6/lib/libhdf5.a(H5PL.c.o) is incompatible with elf_x86_64
          ld.lld: error: /nix/store/ys2fwriaz9kai112z3byhjchlr6wlh4d-hdf5-musl-static-aarch64-unknown-linux-musl-1.14.6/lib/libhdf5.a(H5PLint.c.o) is incompatible with elf_x86_64
          ld.lld: error: /nix/store/ys2fwriaz9kai112z3byhjchlr6wlh4d-hdf5-musl-static-aarch64-unknown-linux-musl-1.14.6/lib/libhdf5.a(H5PLpath.c.o) is incompatible with elf_x86_64
          ld.lld: error: /nix/store/ys2fwriaz9kai112z3byhjchlr6wlh4d-hdf5-musl-static-aarch64-unknown-linux-musl-1.14.6/lib/libhdf5.a(H5PLplugin_cache.c.o) is incompatible with elf_x86_64
          ld.lld: error: /nix/store/ys2fwriaz9kai112z3byhjchlr6wlh4d-hdf5-musl-static-aarch64-unknown-linux-musl-1.14.6/lib/libhdf5.a(H5R.c.o) is incompatible with elf_x86_64
          ld.lld: error: /nix/store/ys2fwriaz9kai112z3byhjchlr6wlh4d-hdf5-musl-static-aarch64-unknown-linux-musl-1.14.6/lib/libhdf5.a(H5Rdeprec.c.o) is incompatible with elf_x86_64
          ld.lld: error: /nix/store/ys2fwriaz9kai112z3byhjchlr6wlh4d-hdf5-musl-static-aarch64-unknown-linux-musl-1.14.6/lib/libhdf5.a(H5Rint.c.o) is incompatible with elf_x86_64
          ld.lld: error: /nix/store/ys2fwriaz9kai112z3byhjchlr6wlh4d-hdf5-musl-static-aarch64-unknown-linux-musl-1.14.6/lib/libhdf5.a(H5UC.c.o) is incompatible with elf_x86_64
          ld.lld: error: /nix/store/ys2fwriaz9kai112z3byhjchlr6wlh4d-hdf5-musl-static-aarch64-unknown-linux-musl-1.14.6/lib/libhdf5.a(H5RS.c.o) is incompatible with elf_x86_64
          ld.lld: error: /nix/store/ys2fwriaz9kai112z3byhjchlr6wlh4d-hdf5-musl-static-aarch64-unknown-linux-musl-1.14.6/lib/libhdf5.a(H5S.c.o) is incompatible with elf_x86_64
          ld.lld: error: /nix/store/ys2fwriaz9kai112z3byhjchlr6wlh4d-hdf5-musl-static-aarch64-unknown-linux-musl-1.14.6/lib/libhdf5.a(H5Sall.c.o) is incompatible with elf_x86_64
          ld.lld: error: /nix/store/ys2fwriaz9kai112z3byhjchlr6wlh4d-hdf5-musl-static-aarch64-unknown-linux-musl-1.14.6/lib/libhdf5.a(H5Sdbg.c.o) is incompatible with elf_x86_64
          ld.lld: error: /nix/store/ys2fwriaz9kai112z3byhjchlr6wlh4d-hdf5-musl-static-aarch64-unknown-linux-musl-1.14.6/lib/libhdf5.a(H5Sdeprec.c.o) is incompatible with elf_x86_64
          ld.lld: error: /nix/store/ys2fwriaz9kai112z3byhjchlr6wlh4d-hdf5-musl-static-aarch64-unknown-linux-musl-1.14.6/lib/libhdf5.a(H5Shyper.c.o) is incompatible with elf_x86_64
          ld.lld: error: /nix/store/ys2fwriaz9kai112z3byhjchlr6wlh4d-hdf5-musl-static-aarch64-unknown-linux-musl-1.14.6/lib/libhdf5.a(H5Smpio.c.o) is incompatible with elf_x86_64
          ld.lld: error: /nix/store/ys2fwriaz9kai112z3byhjchlr6wlh4d-hdf5-musl-static-aarch64-unknown-linux-musl-1.14.6/lib/libhdf5.a(H5Snone.c.o) is incompatible with elf_x86_64
          ld.lld: error: /nix/store/ys2fwriaz9kai112z3byhjchlr6wlh4d-hdf5-musl-static-aarch64-unknown-linux-musl-1.14.6/lib/libhdf5.a(H5Spoint.c.o) is incompatible with elf_x86_64
          ld.lld: error: /nix/store/ys2fwriaz9kai112z3byhjchlr6wlh4d-hdf5-musl-static-aarch64-unknown-linux-musl-1.14.6/lib/libhdf5.a(H5Sselect.c.o) is incompatible with elf_x86_64
          ld.lld: error: /nix/store/ys2fwriaz9kai112z3byhjchlr6wlh4d-hdf5-musl-static-aarch64-unknown-linux-musl-1.14.6/lib/libhdf5.a(H5Stest.c.o) is incompatible with elf_x86_64
          ld.lld: error: /nix/store/ys2fwriaz9kai112z3byhjchlr6wlh4d-hdf5-musl-static-aarch64-unknown-linux-musl-1.14.6/lib/libhdf5.a(H5SL.c.o) is incompatible with elf_x86_64
          ld.lld: error: /nix/store/ys2fwriaz9kai112z3byhjchlr6wlh4d-hdf5-musl-static-aarch64-unknown-linux-musl-1.14.6/lib/libhdf5.a(H5SM.c.o) is incompatible with elf_x86_64
          ld.lld: error: /nix/store/ys2fwriaz9kai112z3byhjchlr6wlh4d-hdf5-musl-static-aarch64-unknown-linux-musl-1.14.6/lib/libhdf5.a(H5SMbtree2.c.o) is incompatible with elf_x86_64
          ld.lld: error: /nix/store/ys2fwriaz9kai112z3byhjchlr6wlh4d-hdf5-musl-static-aarch64-unknown-linux-musl-1.14.6/lib/libhdf5.a(H5SMcache.c.o) is incompatible with elf_x86_64
          ld.lld: error: /nix/store/ys2fwriaz9kai112z3byhjchlr6wlh4d-hdf5-musl-static-aarch64-unknown-linux-musl-1.14.6/lib/libhdf5.a(H5SMmessage.c.o) is incompatible with elf_x86_64
          ld.lld: error: /nix/store/ys2fwriaz9kai112z3byhjchlr6wlh4d-hdf5-musl-static-aarch64-unknown-linux-musl-1.14.6/lib/libhdf5.a(H5SMtest.c.o) is incompatible with elf_x86_64
          ld.lld: error: /nix/store/ys2fwriaz9kai112z3byhjchlr6wlh4d-hdf5-musl-static-aarch64-unknown-linux-musl-1.14.6/lib/libhdf5.a(H5T.c.o) is incompatible with elf_x86_64
          ld.lld: error: /nix/store/ys2fwriaz9kai112z3byhjchlr6wlh4d-hdf5-musl-static-aarch64-unknown-linux-musl-1.14.6/lib/libhdf5.a(H5Tarray.c.o) is incompatible with elf_x86_64
          ld.lld: error: /nix/store/ys2fwriaz9kai112z3byhjchlr6wlh4d-hdf5-musl-static-aarch64-unknown-linux-musl-1.14.6/lib/libhdf5.a(H5Tbit.c.o) is incompatible with elf_x86_64
          ld.lld: error: /nix/store/ys2fwriaz9kai112z3byhjchlr6wlh4d-hdf5-musl-static-aarch64-unknown-linux-musl-1.14.6/lib/libhdf5.a(H5Tcommit.c.o) is incompatible with elf_x86_64
          ld.lld: error: /nix/store/ys2fwriaz9kai112z3byhjchlr6wlh4d-hdf5-musl-static-aarch64-unknown-linux-musl-1.14.6/lib/libhdf5.a(H5Tcompound.c.o) is incompatible with elf_x86_64
          ld.lld: error: /nix/store/ys2fwriaz9kai112z3byhjchlr6wlh4d-hdf5-musl-static-aarch64-unknown-linux-musl-1.14.6/lib/libhdf5.a(H5Tconv.c.o) is incompatible with elf_x86_64
          ld.lld: error: /nix/store/ys2fwriaz9kai112z3byhjchlr6wlh4d-hdf5-musl-static-aarch64-unknown-linux-musl-1.14.6/lib/libhdf5.a(H5Tconv_integer.c.o) is incompatible with elf_x86_64
          ld.lld: error: /nix/store/ys2fwriaz9kai112z3byhjchlr6wlh4d-hdf5-musl-static-aarch64-unknown-linux-musl-1.14.6/lib/libhdf5.a(H5Tconv_float.c.o) is incompatible with elf_x86_64
          ld.lld: error: /nix/store/ys2fwriaz9kai112z3byhjchlr6wlh4d-hdf5-musl-static-aarch64-unknown-linux-musl-1.14.6/lib/libhdf5.a(H5Tconv_string.c.o) is incompatible with elf_x86_64
          ld.lld: error: /nix/store/ys2fwriaz9kai112z3byhjchlr6wlh4d-hdf5-musl-static-aarch64-unknown-linux-musl-1.14.6/lib/libhdf5.a(H5Tconv_bitfield.c.o) is incompatible with elf_x86_64
          ld.lld: error: /nix/store/ys2fwriaz9kai112z3byhjchlr6wlh4d-hdf5-musl-static-aarch64-unknown-linux-musl-1.14.6/lib/libhdf5.a(H5Tconv_compound.c.o) is incompatible with elf_x86_64
          ld.lld: error: /nix/store/ys2fwriaz9kai112z3byhjchlr6wlh4d-hdf5-musl-static-aarch64-unknown-linux-musl-1.14.6/lib/libhdf5.a(H5Tconv_reference.c.o) is incompatible with elf_x86_64
          ld.lld: error: /nix/store/ys2fwriaz9kai112z3byhjchlr6wlh4d-hdf5-musl-static-aarch64-unknown-linux-musl-1.14.6/lib/libhdf5.a(H5Tconv_enum.c.o) is incompatible with elf_x86_64
          ld.lld: error: /nix/store/ys2fwriaz9kai112z3byhjchlr6wlh4d-hdf5-musl-static-aarch64-unknown-linux-musl-1.14.6/lib/libhdf5.a(H5Tconv_vlen.c.o) is incompatible with elf_x86_64
          ld.lld: error: /nix/store/ys2fwriaz9kai112z3byhjchlr6wlh4d-hdf5-musl-static-aarch64-unknown-linux-musl-1.14.6/lib/libhdf5.a(H5Tconv_array.c.o) is incompatible with elf_x86_64
          ld.lld: error: /nix/store/ys2fwriaz9kai112z3byhjchlr6wlh4d-hdf5-musl-static-aarch64-unknown-linux-musl-1.14.6/lib/libhdf5.a(H5Tcset.c.o) is incompatible with elf_x86_64
          ld.lld: error: /nix/store/ys2fwriaz9kai112z3byhjchlr6wlh4d-hdf5-musl-static-aarch64-unknown-linux-musl-1.14.6/lib/libhdf5.a(H5Tdbg.c.o) is incompatible with elf_x86_64
          ld.lld: error: /nix/store/ys2fwriaz9kai112z3byhjchlr6wlh4d-hdf5-musl-static-aarch64-unknown-linux-musl-1.14.6/lib/libhdf5.a(H5Tdeprec.c.o) is incompatible with elf_x86_64
          ld.lld: error: /nix/store/ys2fwriaz9kai112z3byhjchlr6wlh4d-hdf5-musl-static-aarch64-unknown-linux-musl-1.14.6/lib/libhdf5.a(H5Tenum.c.o) is incompatible with elf_x86_64
          ld.lld: error: /nix/store/ys2fwriaz9kai112z3byhjchlr6wlh4d-hdf5-musl-static-aarch64-unknown-linux-musl-1.14.6/lib/libhdf5.a(H5Tfields.c.o) is incompatible with elf_x86_64
          ld.lld: error: /nix/store/ys2fwriaz9kai112z3byhjchlr6wlh4d-hdf5-musl-static-aarch64-unknown-linux-musl-1.14.6/lib/libhdf5.a(H5Tfixed.c.o) is incompatible with elf_x86_64
          ld.lld: error: /nix/store/ys2fwriaz9kai112z3byhjchlr6wlh4d-hdf5-musl-static-aarch64-unknown-linux-musl-1.14.6/lib/libhdf5.a(H5Tfloat.c.o) is incompatible with elf_x86_64
          ld.lld: error: /nix/store/ys2fwriaz9kai112z3byhjchlr6wlh4d-hdf5-musl-static-aarch64-unknown-linux-musl-1.14.6/lib/libhdf5.a(H5Tinit_float.c.o) is incompatible with elf_x86_64
          ld.lld: error: /nix/store/ys2fwriaz9kai112z3byhjchlr6wlh4d-hdf5-musl-static-aarch64-unknown-linux-musl-1.14.6/lib/libhdf5.a(H5Tnative.c.o) is incompatible with elf_x86_64
          ld.lld: error: /nix/store/ys2fwriaz9kai112z3byhjchlr6wlh4d-hdf5-musl-static-aarch64-unknown-linux-musl-1.14.6/lib/libhdf5.a(H5Toffset.c.o) is incompatible with elf_x86_64
          ld.lld: error: /nix/store/ys2fwriaz9kai112z3byhjchlr6wlh4d-hdf5-musl-static-aarch64-unknown-linux-musl-1.14.6/lib/libhdf5.a(H5Toh.c.o) is incompatible with elf_x86_64
          ld.lld: error: /nix/store/ys2fwriaz9kai112z3byhjchlr6wlh4d-hdf5-musl-static-aarch64-unknown-linux-musl-1.14.6/lib/libhdf5.a(H5Topaque.c.o) is incompatible with elf_x86_64
          ld.lld: error: /nix/store/ys2fwriaz9kai112z3byhjchlr6wlh4d-hdf5-musl-static-aarch64-unknown-linux-musl-1.14.6/lib/libhdf5.a(H5Torder.c.o) is incompatible with elf_x86_64
          ld.lld: error: /nix/store/ys2fwriaz9kai112z3byhjchlr6wlh4d-hdf5-musl-static-aarch64-unknown-linux-musl-1.14.6/lib/libhdf5.a(H5Tpad.c.o) is incompatible with elf_x86_64
          ld.lld: error: /nix/store/ys2fwriaz9kai112z3byhjchlr6wlh4d-hdf5-musl-static-aarch64-unknown-linux-musl-1.14.6/lib/libhdf5.a(H5Tprecis.c.o) is incompatible with elf_x86_64
          ld.lld: error: /nix/store/ys2fwriaz9kai112z3byhjchlr6wlh4d-hdf5-musl-static-aarch64-unknown-linux-musl-1.14.6/lib/libhdf5.a(H5Tref.c.o) is incompatible with elf_x86_64
          ld.lld: error: /nix/store/ys2fwriaz9kai112z3byhjchlr6wlh4d-hdf5-musl-static-aarch64-unknown-linux-musl-1.14.6/lib/libhdf5.a(H5Tstrpad.c.o) is incompatible with elf_x86_64
          ld.lld: error: /nix/store/ys2fwriaz9kai112z3byhjchlr6wlh4d-hdf5-musl-static-aarch64-unknown-linux-musl-1.14.6/lib/libhdf5.a(H5Tvisit.c.o) is incompatible with elf_x86_64
          ld.lld: error: /nix/store/ys2fwriaz9kai112z3byhjchlr6wlh4d-hdf5-musl-static-aarch64-unknown-linux-musl-1.14.6/lib/libhdf5.a(H5Tvlen.c.o) is incompatible with elf_x86_64
          ld.lld: error: /nix/store/ys2fwriaz9kai112z3byhjchlr6wlh4d-hdf5-musl-static-aarch64-unknown-linux-musl-1.14.6/lib/libhdf5.a(H5TS.c.o) is incompatible with elf_x86_64
          ld.lld: error: /nix/store/ys2fwriaz9kai112z3byhjchlr6wlh4d-hdf5-musl-static-aarch64-unknown-linux-musl-1.14.6/lib/libhdf5.a(H5VL.c.o) is incompatible with elf_x86_64
          ld.lld: error: /nix/store/ys2fwriaz9kai112z3byhjchlr6wlh4d-hdf5-musl-static-aarch64-unknown-linux-musl-1.14.6/lib/libhdf5.a(H5VLcallback.c.o) is incompatible with elf_x86_64
          ld.lld: error: /nix/store/ys2fwriaz9kai112z3byhjchlr6wlh4d-hdf5-musl-static-aarch64-unknown-linux-musl-1.14.6/lib/libhdf5.a(H5VLdyn_ops.c.o) is incompatible with elf_x86_64
          ld.lld: error: /nix/store/ys2fwriaz9kai112z3byhjchlr6wlh4d-hdf5-musl-static-aarch64-unknown-linux-musl-1.14.6/lib/libhdf5.a(H5VLint.c.o) is incompatible with elf_x86_64
          ld.lld: error: /nix/store/ys2fwriaz9kai112z3byhjchlr6wlh4d-hdf5-musl-static-aarch64-unknown-linux-musl-1.14.6/lib/libhdf5.a(H5VLnative.c.o) is incompatible with elf_x86_64
          ld.lld: error: /nix/store/ys2fwriaz9kai112z3byhjchlr6wlh4d-hdf5-musl-static-aarch64-unknown-linux-musl-1.14.6/lib/libhdf5.a(H5VLnative_attr.c.o) is incompatible with elf_x86_64
          ld.lld: error: /nix/store/ys2fwriaz9kai112z3byhjchlr6wlh4d-hdf5-musl-static-aarch64-unknown-linux-musl-1.14.6/lib/libhdf5.a(H5VLnative_blob.c.o) is incompatible with elf_x86_64
          ld.lld: error: /nix/store/ys2fwriaz9kai112z3byhjchlr6wlh4d-hdf5-musl-static-aarch64-unknown-linux-musl-1.14.6/lib/libhdf5.a(H5VLnative_dataset.c.o) is incompatible with elf_x86_64
          ld.lld: error: /nix/store/ys2fwriaz9kai112z3byhjchlr6wlh4d-hdf5-musl-static-aarch64-unknown-linux-musl-1.14.6/lib/libhdf5.a(H5VLnative_datatype.c.o) is incompatible with elf_x86_64
          ld.lld: error: /nix/store/ys2fwriaz9kai112z3byhjchlr6wlh4d-hdf5-musl-static-aarch64-unknown-linux-musl-1.14.6/lib/libhdf5.a(H5VLnative_file.c.o) is incompatible with elf_x86_64
          ld.lld: error: /nix/store/ys2fwriaz9kai112z3byhjchlr6wlh4d-hdf5-musl-static-aarch64-unknown-linux-musl-1.14.6/lib/libhdf5.a(H5VLnative_group.c.o) is incompatible with elf_x86_64
          ld.lld: error: /nix/store/ys2fwriaz9kai112z3byhjchlr6wlh4d-hdf5-musl-static-aarch64-unknown-linux-musl-1.14.6/lib/libhdf5.a(H5VLnative_link.c.o) is incompatible with elf_x86_64
          ld.lld: error: /nix/store/ys2fwriaz9kai112z3byhjchlr6wlh4d-hdf5-musl-static-aarch64-unknown-linux-musl-1.14.6/lib/libhdf5.a(H5VLnative_introspect.c.o) is incompatible with elf_x86_64
          ld.lld: error: /nix/store/ys2fwriaz9kai112z3byhjchlr6wlh4d-hdf5-musl-static-aarch64-unknown-linux-musl-1.14.6/lib/libhdf5.a(H5VLnative_object.c.o) is incompatible with elf_x86_64
          ld.lld: error: /nix/store/ys2fwriaz9kai112z3byhjchlr6wlh4d-hdf5-musl-static-aarch64-unknown-linux-musl-1.14.6/lib/libhdf5.a(H5VLnative_token.c.o) is incompatible with elf_x86_64
          ld.lld: error: /nix/store/ys2fwriaz9kai112z3byhjchlr6wlh4d-hdf5-musl-static-aarch64-unknown-linux-musl-1.14.6/lib/libhdf5.a(H5VLpassthru.c.o) is incompatible with elf_x86_64
          ld.lld: error: /nix/store/ys2fwriaz9kai112z3byhjchlr6wlh4d-hdf5-musl-static-aarch64-unknown-linux-musl-1.14.6/lib/libhdf5.a(H5VLtest.c.o) is incompatible with elf_x86_64
          ld.lld: error: /nix/store/ys2fwriaz9kai112z3byhjchlr6wlh4d-hdf5-musl-static-aarch64-unknown-linux-musl-1.14.6/lib/libhdf5.a(H5VM.c.o) is incompatible with elf_x86_64
          ld.lld: error: /nix/store/ys2fwriaz9kai112z3byhjchlr6wlh4d-hdf5-musl-static-aarch64-unknown-linux-musl-1.14.6/lib/libhdf5.a(H5WB.c.o) is incompatible with elf_x86_64
          ld.lld: error: /nix/store/ys2fwriaz9kai112z3byhjchlr6wlh4d-hdf5-musl-static-aarch64-unknown-linux-musl-1.14.6/lib/libhdf5.a(H5Z.c.o) is incompatible with elf_x86_64
          ld.lld: error: /nix/store/ys2fwriaz9kai112z3byhjchlr6wlh4d-hdf5-musl-static-aarch64-unknown-linux-musl-1.14.6/lib/libhdf5.a(H5Zdeflate.c.o) is incompatible with elf_x86_64
          ld.lld: error: /nix/store/ys2fwriaz9kai112z3byhjchlr6wlh4d-hdf5-musl-static-aarch64-unknown-linux-musl-1.14.6/lib/libhdf5.a(H5Zfletcher32.c.o) is incompatible with elf_x86_64
          ld.lld: error: /nix/store/ys2fwriaz9kai112z3byhjchlr6wlh4d-hdf5-musl-static-aarch64-unknown-linux-musl-1.14.6/lib/libhdf5.a(H5Znbit.c.o) is incompatible with elf_x86_64
          ld.lld: error: /nix/store/ys2fwriaz9kai112z3byhjchlr6wlh4d-hdf5-musl-static-aarch64-unknown-linux-musl-1.14.6/lib/libhdf5.a(H5Zscaleoffset.c.o) is incompatible with elf_x86_64
          ld.lld: error: /nix/store/ys2fwriaz9kai112z3byhjchlr6wlh4d-hdf5-musl-static-aarch64-unknown-linux-musl-1.14.6/lib/libhdf5.a(H5Zshuffle.c.o) is incompatible with elf_x86_64
          ld.lld: error: /nix/store/ys2fwriaz9kai112z3byhjchlr6wlh4d-hdf5-musl-static-aarch64-unknown-linux-musl-1.14.6/lib/libhdf5.a(H5Zszip.c.o) is incompatible with elf_x86_64
          ld.lld: error: /nix/store/ys2fwriaz9kai112z3byhjchlr6wlh4d-hdf5-musl-static-aarch64-unknown-linux-musl-1.14.6/lib/libhdf5.a(H5Ztrans.c.o) is incompatible with elf_x86_64
          ld.lld: error: /nix/store/kjqfk3dsq3cd4g10vcrsvhkjdvfkxgbq-tinyxml2-musl-static-aarch64-unknown-linux-musl-11.0.0/lib/libtinyxml2.a(tinyxml2.cpp.o) is incompatible with elf_x86_64
          ld.lld: error: /nix/store/r2q5ridbyy0agksm7zcqpfc3vbq1w7vp-pcre2-musl-static-aarch64-unknown-linux-musl-10.46/lib/libpcre2-8.a(libpcre2_8_la-pcre2_auto_possess.o) is incompatible with elf_x86_64
          ld.lld: error: /nix/store/r2q5ridbyy0agksm7zcqpfc3vbq1w7vp-pcre2-musl-static-aarch64-unknown-linux-musl-10.46/lib/libpcre2-8.a(libpcre2_8_la-pcre2_chkdint.o) is incompatible with elf_x86_64
          ld.lld: error: /nix/store/r2q5ridbyy0agksm7zcqpfc3vbq1w7vp-pcre2-musl-static-aarch64-unknown-linux-musl-10.46/lib/libpcre2-8.a(libpcre2_8_la-pcre2_compile.o) is incompatible with elf_x86_64
          ld.lld: error: /nix/store/r2q5ridbyy0agksm7zcqpfc3vbq1w7vp-pcre2-musl-static-aarch64-unknown-linux-musl-10.46/lib/libpcre2-8.a(libpcre2_8_la-pcre2_compile_class.o) is incompatible with elf_x86_64
          ld.lld: error: /nix/store/r2q5ridbyy0agksm7zcqpfc3vbq1w7vp-pcre2-musl-static-aarch64-unknown-linux-musl-10.46/lib/libpcre2-8.a(libpcre2_8_la-pcre2_config.o) is incompatible with elf_x86_64
          ld.lld: error: /nix/store/r2q5ridbyy0agksm7zcqpfc3vbq1w7vp-pcre2-musl-static-aarch64-unknown-linux-musl-10.46/lib/libpcre2-8.a(libpcre2_8_la-pcre2_context.o) is incompatible with elf_x86_64
          ld.lld: error: /nix/store/r2q5ridbyy0agksm7zcqpfc3vbq1w7vp-pcre2-musl-static-aarch64-unknown-linux-musl-10.46/lib/libpcre2-8.a(libpcre2_8_la-pcre2_convert.o) is incompatible with elf_x86_64
          ld.lld: error: /nix/store/r2q5ridbyy0agksm7zcqpfc3vbq1w7vp-pcre2-musl-static-aarch64-unknown-linux-musl-10.46/lib/libpcre2-8.a(libpcre2_8_la-pcre2_dfa_match.o) is incompatible with elf_x86_64
          ld.lld: error: /nix/store/r2q5ridbyy0agksm7zcqpfc3vbq1w7vp-pcre2-musl-static-aarch64-unknown-linux-musl-10.46/lib/libpcre2-8.a(libpcre2_8_la-pcre2_error.o) is incompatible with elf_x86_64
          ld.lld: error: /nix/store/r2q5ridbyy0agksm7zcqpfc3vbq1w7vp-pcre2-musl-static-aarch64-unknown-linux-musl-10.46/lib/libpcre2-8.a(libpcre2_8_la-pcre2_extuni.o) is incompatible with elf_x86_64
          ld.lld: error: /nix/store/r2q5ridbyy0agksm7zcqpfc3vbq1w7vp-pcre2-musl-static-aarch64-unknown-linux-musl-10.46/lib/libpcre2-8.a(libpcre2_8_la-pcre2_find_bracket.o) is incompatible with elf_x86_64
          ld.lld: error: /nix/store/r2q5ridbyy0agksm7zcqpfc3vbq1w7vp-pcre2-musl-static-aarch64-unknown-linux-musl-10.46/lib/libpcre2-8.a(libpcre2_8_la-pcre2_jit_compile.o) is incompatible with elf_x86_64
          ld.lld: error: /nix/store/r2q5ridbyy0agksm7zcqpfc3vbq1w7vp-pcre2-musl-static-aarch64-unknown-linux-musl-10.46/lib/libpcre2-8.a(libpcre2_8_la-pcre2_maketables.o) is incompatible with elf_x86_64
          ld.lld: error: /nix/store/r2q5ridbyy0agksm7zcqpfc3vbq1w7vp-pcre2-musl-static-aarch64-unknown-linux-musl-10.46/lib/libpcre2-8.a(libpcre2_8_la-pcre2_match.o) is incompatible with elf_x86_64
          ld.lld: error: /nix/store/r2q5ridbyy0agksm7zcqpfc3vbq1w7vp-pcre2-musl-static-aarch64-unknown-linux-musl-10.46/lib/libpcre2-8.a(libpcre2_8_la-pcre2_match_data.o) is incompatible with elf_x86_64
          ld.lld: error: /nix/store/r2q5ridbyy0agksm7zcqpfc3vbq1w7vp-pcre2-musl-static-aarch64-unknown-linux-musl-10.46/lib/libpcre2-8.a(libpcre2_8_la-pcre2_newline.o) is incompatible with elf_x86_64
          ld.lld: error: /nix/store/r2q5ridbyy0agksm7zcqpfc3vbq1w7vp-pcre2-musl-static-aarch64-unknown-linux-musl-10.46/lib/libpcre2-8.a(libpcre2_8_la-pcre2_ord2utf.o) is incompatible with elf_x86_64
          ld.lld: error: /nix/store/r2q5ridbyy0agksm7zcqpfc3vbq1w7vp-pcre2-musl-static-aarch64-unknown-linux-musl-10.46/lib/libpcre2-8.a(libpcre2_8_la-pcre2_pattern_info.o) is incompatible with elf_x86_64
          ld.lld: error: /nix/store/r2q5ridbyy0agksm7zcqpfc3vbq1w7vp-pcre2-musl-static-aarch64-unknown-linux-musl-10.46/lib/libpcre2-8.a(libpcre2_8_la-pcre2_script_run.o) is incompatible with elf_x86_64
          ld.lld: error: /nix/store/r2q5ridbyy0agksm7zcqpfc3vbq1w7vp-pcre2-musl-static-aarch64-unknown-linux-musl-10.46/lib/libpcre2-8.a(libpcre2_8_la-pcre2_serialize.o) is incompatible with elf_x86_64
          ld.lld: error: /nix/store/r2q5ridbyy0agksm7zcqpfc3vbq1w7vp-pcre2-musl-static-aarch64-unknown-linux-musl-10.46/lib/libpcre2-8.a(libpcre2_8_la-pcre2_string_utils.o) is incompatible with elf_x86_64
          ld.lld: error: /nix/store/r2q5ridbyy0agksm7zcqpfc3vbq1w7vp-pcre2-musl-static-aarch64-unknown-linux-musl-10.46/lib/libpcre2-8.a(libpcre2_8_la-pcre2_study.o) is incompatible with elf_x86_64
          ld.lld: error: /nix/store/r2q5ridbyy0agksm7zcqpfc3vbq1w7vp-pcre2-musl-static-aarch64-unknown-linux-musl-10.46/lib/libpcre2-8.a(libpcre2_8_la-pcre2_substitute.o) is incompatible with elf_x86_64
          ld.lld: error: /nix/store/r2q5ridbyy0agksm7zcqpfc3vbq1w7vp-pcre2-musl-static-aarch64-unknown-linux-musl-10.46/lib/libpcre2-8.a(libpcre2_8_la-pcre2_substring.o) is incompatible with elf_x86_64
          ld.lld: error: /nix/store/r2q5ridbyy0agksm7zcqpfc3vbq1w7vp-pcre2-musl-static-aarch64-unknown-linux-musl-10.46/lib/libpcre2-8.a(libpcre2_8_la-pcre2_tables.o) is incompatible with elf_x86_64
          ld.lld: error: /nix/store/r2q5ridbyy0agksm7zcqpfc3vbq1w7vp-pcre2-musl-static-aarch64-unknown-linux-musl-10.46/lib/libpcre2-8.a(libpcre2_8_la-pcre2_ucd.o) is incompatible with elf_x86_64
          ld.lld: error: /nix/store/r2q5ridbyy0agksm7zcqpfc3vbq1w7vp-pcre2-musl-static-aarch64-unknown-linux-musl-10.46/lib/libpcre2-8.a(libpcre2_8_la-pcre2_valid_utf.o) is incompatible with elf_x86_64
          ld.lld: error: /nix/store/r2q5ridbyy0agksm7zcqpfc3vbq1w7vp-pcre2-musl-static-aarch64-unknown-linux-musl-10.46/lib/libpcre2-8.a(libpcre2_8_la-pcre2_xclass.o) is incompatible with elf_x86_64
          ld.lld: error: /nix/store/r2q5ridbyy0agksm7zcqpfc3vbq1w7vp-pcre2-musl-static-aarch64-unknown-linux-musl-10.46/lib/libpcre2-8.a(libpcre2_8_la-pcre2_chartables.o) is incompatible with elf_x86_64
          ld.lld: error: /nix/store/8zz2q2g3sp78pqjn1j113amijzw3hm8a-freexl-musl-static-aarch64-unknown-linux-musl-2.0.0/lib/libfreexl.a(freexl.o) is incompatible with elf_x86_64
          ld.lld: error: /nix/store/8zz2q2g3sp78pqjn1j113amijzw3hm8a-freexl-musl-static-aarch64-unknown-linux-musl-2.0.0/lib/libfreexl.a(freexl_xlsx.o) is incompatible with elf_x86_64
          ld.lld: error: /nix/store/8zz2q2g3sp78pqjn1j113amijzw3hm8a-freexl-musl-static-aarch64-unknown-linux-musl-2.0.0/lib/libfreexl.a(freexl_ods.o) is incompatible with elf_x86_64
          ld.lld: error: /nix/store/6l6g3z3gkwpyjyr45pyx56nb1xp72hl7-expat-musl-static-aarch64-unknown-linux-musl-R_2_7_3/lib/libexpat.a(xmlparse.c.o) is incompatible with elf_x86_64
          ld.lld: error: /nix/store/6l6g3z3gkwpyjyr45pyx56nb1xp72hl7-expat-musl-static-aarch64-unknown-linux-musl-R_2_7_3/lib/libexpat.a(xmlrole.c.o) is incompatible with elf_x86_64
          ld.lld: error: /nix/store/6l6g3z3gkwpyjyr45pyx56nb1xp72hl7-expat-musl-static-aarch64-unknown-linux-musl-R_2_7_3/lib/libexpat.a(xmltok.c.o) is incompatible with elf_x86_64
          ld.lld: error: /nix/store/5y5h6wm1y0wxii1wjlcsay8b2c6dwpbn-minizip-musl-static-aarch64-unknown-linux-musl-1.3.1/lib/libminizip.a(ioapi.o) is incompatible with elf_x86_64
          ld.lld: error: /nix/store/5y5h6wm1y0wxii1wjlcsay8b2c6dwpbn-minizip-musl-static-aarch64-unknown-linux-musl-1.3.1/lib/libminizip.a(mztools.o) is incompatible with elf_x86_64
          ld.lld: error: /nix/store/5y5h6wm1y0wxii1wjlcsay8b2c6dwpbn-minizip-musl-static-aarch64-unknown-linux-musl-1.3.1/lib/libminizip.a(unzip.o) is incompatible with elf_x86_64
          ld.lld: error: /nix/store/5y5h6wm1y0wxii1wjlcsay8b2c6dwpbn-minizip-musl-static-aarch64-unknown-linux-musl-1.3.1/lib/libminizip.a(zip.o) is incompatible with elf_x86_64
          ld.lld: error: /nix/store/brip0mg6yjqf1yrz90jx00q49apzdmzh-zlib-ng-musl-static-aarch64-unknown-linux-musl-2.2.5/lib/libz.a(adler32_c.c.o) is incompatible with elf_x86_64
          ld.lld: error: /nix/store/brip0mg6yjqf1yrz90jx00q49apzdmzh-zlib-ng-musl-static-aarch64-unknown-linux-musl-2.2.5/lib/libz.a(adler32_fold_c.c.o) is incompatible with elf_x86_64
          ld.lld: error: /nix/store/brip0mg6yjqf1yrz90jx00q49apzdmzh-zlib-ng-musl-static-aarch64-unknown-linux-musl-2.2.5/lib/libz.a(chunkset_c.c.o) is incompatible with elf_x86_64
          ld.lld: error: /nix/store/brip0mg6yjqf1yrz90jx00q49apzdmzh-zlib-ng-musl-static-aarch64-unknown-linux-musl-2.2.5/lib/libz.a(compare256_c.c.o) is incompatible with elf_x86_64
          ld.lld: error: /nix/store/brip0mg6yjqf1yrz90jx00q49apzdmzh-zlib-ng-musl-static-aarch64-unknown-linux-musl-2.2.5/lib/libz.a(crc32_braid_c.c.o) is incompatible with elf_x86_64
          ld.lld: error: /nix/store/brip0mg6yjqf1yrz90jx00q49apzdmzh-zlib-ng-musl-static-aarch64-unknown-linux-musl-2.2.5/lib/libz.a(crc32_fold_c.c.o) is incompatible with elf_x86_64
          ld.lld: error: /nix/store/brip0mg6yjqf1yrz90jx00q49apzdmzh-zlib-ng-musl-static-aarch64-unknown-linux-musl-2.2.5/lib/libz.a(slide_hash_c.c.o) is incompatible with elf_x86_64
          ld.lld: error: /nix/store/brip0mg6yjqf1yrz90jx00q49apzdmzh-zlib-ng-musl-static-aarch64-unknown-linux-musl-2.2.5/lib/libz.a(adler32.c.o) is incompatible with elf_x86_64
          ld.lld: error: /nix/store/brip0mg6yjqf1yrz90jx00q49apzdmzh-zlib-ng-musl-static-aarch64-unknown-linux-musl-2.2.5/lib/libz.a(compress.c.o) is incompatible with elf_x86_64
          ld.lld: error: /nix/store/brip0mg6yjqf1yrz90jx00q49apzdmzh-zlib-ng-musl-static-aarch64-unknown-linux-musl-2.2.5/lib/libz.a(crc32.c.o) is incompatible with elf_x86_64
          ld.lld: error: /nix/store/brip0mg6yjqf1yrz90jx00q49apzdmzh-zlib-ng-musl-static-aarch64-unknown-linux-musl-2.2.5/lib/libz.a(crc32_braid_comb.c.o) is incompatible with elf_x86_64
          ld.lld: error: /nix/store/brip0mg6yjqf1yrz90jx00q49apzdmzh-zlib-ng-musl-static-aarch64-unknown-linux-musl-2.2.5/lib/libz.a(deflate.c.o) is incompatible with elf_x86_64
          ld.lld: error: /nix/store/brip0mg6yjqf1yrz90jx00q49apzdmzh-zlib-ng-musl-static-aarch64-unknown-linux-musl-2.2.5/lib/libz.a(deflate_fast.c.o) is incompatible with elf_x86_64
          ld.lld: error: /nix/store/brip0mg6yjqf1yrz90jx00q49apzdmzh-zlib-ng-musl-static-aarch64-unknown-linux-musl-2.2.5/lib/libz.a(deflate_huff.c.o) is incompatible with elf_x86_64
          ld.lld: error: /nix/store/brip0mg6yjqf1yrz90jx00q49apzdmzh-zlib-ng-musl-static-aarch64-unknown-linux-musl-2.2.5/lib/libz.a(deflate_medium.c.o) is incompatible with elf_x86_64
          ld.lld: error: /nix/store/brip0mg6yjqf1yrz90jx00q49apzdmzh-zlib-ng-musl-static-aarch64-unknown-linux-musl-2.2.5/lib/libz.a(deflate_quick.c.o) is incompatible with elf_x86_64
          ld.lld: error: /nix/store/brip0mg6yjqf1yrz90jx00q49apzdmzh-zlib-ng-musl-static-aarch64-unknown-linux-musl-2.2.5/lib/libz.a(deflate_rle.c.o) is incompatible with elf_x86_64
          ld.lld: error: /nix/store/brip0mg6yjqf1yrz90jx00q49apzdmzh-zlib-ng-musl-static-aarch64-unknown-linux-musl-2.2.5/lib/libz.a(deflate_slow.c.o) is incompatible with elf_x86_64
          ld.lld: error: /nix/store/brip0mg6yjqf1yrz90jx00q49apzdmzh-zlib-ng-musl-static-aarch64-unknown-linux-musl-2.2.5/lib/libz.a(deflate_stored.c.o) is incompatible with elf_x86_64
          ld.lld: error: /nix/store/brip0mg6yjqf1yrz90jx00q49apzdmzh-zlib-ng-musl-static-aarch64-unknown-linux-musl-2.2.5/lib/libz.a(functable.c.o) is incompatible with elf_x86_64
          ld.lld: error: /nix/store/brip0mg6yjqf1yrz90jx00q49apzdmzh-zlib-ng-musl-static-aarch64-unknown-linux-musl-2.2.5/lib/libz.a(infback.c.o) is incompatible with elf_x86_64
          ld.lld: error: /nix/store/brip0mg6yjqf1yrz90jx00q49apzdmzh-zlib-ng-musl-static-aarch64-unknown-linux-musl-2.2.5/lib/libz.a(inflate.c.o) is incompatible with elf_x86_64
          ld.lld: error: /nix/store/brip0mg6yjqf1yrz90jx00q49apzdmzh-zlib-ng-musl-static-aarch64-unknown-linux-musl-2.2.5/lib/libz.a(inftrees.c.o) is incompatible with elf_x86_64
          ld.lld: error: /nix/store/brip0mg6yjqf1yrz90jx00q49apzdmzh-zlib-ng-musl-static-aarch64-unknown-linux-musl-2.2.5/lib/libz.a(insert_string.c.o) is incompatible with elf_x86_64
          ld.lld: error: /nix/store/brip0mg6yjqf1yrz90jx00q49apzdmzh-zlib-ng-musl-static-aarch64-unknown-linux-musl-2.2.5/lib/libz.a(insert_string_roll.c.o) is incompatible with elf_x86_64
          ld.lld: error: /nix/store/brip0mg6yjqf1yrz90jx00q49apzdmzh-zlib-ng-musl-static-aarch64-unknown-linux-musl-2.2.5/lib/libz.a(trees.c.o) is incompatible with elf_x86_64
          ld.lld: error: /nix/store/brip0mg6yjqf1yrz90jx00q49apzdmzh-zlib-ng-musl-static-aarch64-unknown-linux-musl-2.2.5/lib/libz.a(uncompr.c.o) is incompatible with elf_x86_64
          ld.lld: error: /nix/store/brip0mg6yjqf1yrz90jx00q49apzdmzh-zlib-ng-musl-static-aarch64-unknown-linux-musl-2.2.5/lib/libz.a(zutil.c.o) is incompatible with elf_x86_64
          ld.lld: error: /nix/store/brip0mg6yjqf1yrz90jx00q49apzdmzh-zlib-ng-musl-static-aarch64-unknown-linux-musl-2.2.5/lib/libz.a(cpu_features.c.o) is incompatible with elf_x86_64
          ld.lld: error: /nix/store/brip0mg6yjqf1yrz90jx00q49apzdmzh-zlib-ng-musl-static-aarch64-unknown-linux-musl-2.2.5/lib/libz.a(arm_features.c.o) is incompatible with elf_x86_64
          ld.lld: error: /nix/store/brip0mg6yjqf1yrz90jx00q49apzdmzh-zlib-ng-musl-static-aarch64-unknown-linux-musl-2.2.5/lib/libz.a(crc32_acle.c.o) is incompatible with elf_x86_64
          ld.lld: error: /nix/store/brip0mg6yjqf1yrz90jx00q49apzdmzh-zlib-ng-musl-static-aarch64-unknown-linux-musl-2.2.5/lib/libz.a(adler32_neon.c.o) is incompatible with elf_x86_64
          ld.lld: error: /nix/store/brip0mg6yjqf1yrz90jx00q49apzdmzh-zlib-ng-musl-static-aarch64-unknown-linux-musl-2.2.5/lib/libz.a(chunkset_neon.c.o) is incompatible with elf_x86_64
          ld.lld: error: /nix/store/brip0mg6yjqf1yrz90jx00q49apzdmzh-zlib-ng-musl-static-aarch64-unknown-linux-musl-2.2.5/lib/libz.a(compare256_neon.c.o) is incompatible with elf_x86_64
          ld.lld: error: /nix/store/brip0mg6yjqf1yrz90jx00q49apzdmzh-zlib-ng-musl-static-aarch64-unknown-linux-musl-2.2.5/lib/libz.a(slide_hash_neon.c.o) is incompatible with elf_x86_64
          ld.lld: error: /nix/store/brip0mg6yjqf1yrz90jx00q49apzdmzh-zlib-ng-musl-static-aarch64-unknown-linux-musl-2.2.5/lib/libz.a(gzlib.c.o) is incompatible with elf_x86_64
          ld.lld: error: /nix/store/brip0mg6yjqf1yrz90jx00q49apzdmzh-zlib-ng-musl-static-aarch64-unknown-linux-musl-2.2.5/lib/libz.a(gzread.c.o) is incompatible with elf_x86_64
          ld.lld: error: /nix/store/brip0mg6yjqf1yrz90jx00q49apzdmzh-zlib-ng-musl-static-aarch64-unknown-linux-musl-2.2.5/lib/libz.a(gzwrite.c.o) is incompatible with elf_x86_64
          ld.lld: error: /nix/store/2mw50m2nmdf5qpqj9dh47xvf729v27ky-libxml2-musl-static-aarch64-unknown-linux-musl-2.15.1/lib/libxml2.a(libxml2_la-buf.o) is incompatible with elf_x86_64
          ld.lld: error: /nix/store/2mw50m2nmdf5qpqj9dh47xvf729v27ky-libxml2-musl-static-aarch64-unknown-linux-musl-2.15.1/lib/libxml2.a(libxml2_la-chvalid.o) is incompatible with elf_x86_64
          ld.lld: error: /nix/store/2mw50m2nmdf5qpqj9dh47xvf729v27ky-libxml2-musl-static-aarch64-unknown-linux-musl-2.15.1/lib/libxml2.a(libxml2_la-dict.o) is incompatible with elf_x86_64
          ld.lld: error: /nix/store/2mw50m2nmdf5qpqj9dh47xvf729v27ky-libxml2-musl-static-aarch64-unknown-linux-musl-2.15.1/lib/libxml2.a(libxml2_la-entities.o) is incompatible with elf_x86_64
          ld.lld: error: /nix/store/2mw50m2nmdf5qpqj9dh47xvf729v27ky-libxml2-musl-static-aarch64-unknown-linux-musl-2.15.1/lib/libxml2.a(libxml2_la-encoding.o) is incompatible with elf_x86_64
          ld.lld: error: /nix/store/2mw50m2nmdf5qpqj9dh47xvf729v27ky-libxml2-musl-static-aarch64-unknown-linux-musl-2.15.1/lib/libxml2.a(libxml2_la-error.o) is incompatible with elf_x86_64
          ld.lld: error: /nix/store/2mw50m2nmdf5qpqj9dh47xvf729v27ky-libxml2-musl-static-aarch64-unknown-linux-musl-2.15.1/lib/libxml2.a(libxml2_la-globals.o) is incompatible with elf_x86_64
          ld.lld: error: /nix/store/2mw50m2nmdf5qpqj9dh47xvf729v27ky-libxml2-musl-static-aarch64-unknown-linux-musl-2.15.1/lib/libxml2.a(libxml2_la-hash.o) is incompatible with elf_x86_64
          ld.lld: error: /nix/store/2mw50m2nmdf5qpqj9dh47xvf729v27ky-libxml2-musl-static-aarch64-unknown-linux-musl-2.15.1/lib/libxml2.a(libxml2_la-list.o) is incompatible with elf_x86_64
          ld.lld: error: /nix/store/2mw50m2nmdf5qpqj9dh47xvf729v27ky-libxml2-musl-static-aarch64-unknown-linux-musl-2.15.1/lib/libxml2.a(libxml2_la-parser.o) is incompatible with elf_x86_64
          ld.lld: error: /nix/store/2mw50m2nmdf5qpqj9dh47xvf729v27ky-libxml2-musl-static-aarch64-unknown-linux-musl-2.15.1/lib/libxml2.a(libxml2_la-parserInternals.o) is incompatible with elf_x86_64
          ld.lld: error: /nix/store/2mw50m2nmdf5qpqj9dh47xvf729v27ky-libxml2-musl-static-aarch64-unknown-linux-musl-2.15.1/lib/libxml2.a(libxml2_la-SAX2.o) is incompatible with elf_x86_64
          ld.lld: error: /nix/store/2mw50m2nmdf5qpqj9dh47xvf729v27ky-libxml2-musl-static-aarch64-unknown-linux-musl-2.15.1/lib/libxml2.a(libxml2_la-threads.o) is incompatible with elf_x86_64
          ld.lld: error: /nix/store/2mw50m2nmdf5qpqj9dh47xvf729v27ky-libxml2-musl-static-aarch64-unknown-linux-musl-2.15.1/lib/libxml2.a(libxml2_la-tree.o) is incompatible with elf_x86_64
          ld.lld: error: /nix/store/2mw50m2nmdf5qpqj9dh47xvf729v27ky-libxml2-musl-static-aarch64-unknown-linux-musl-2.15.1/lib/libxml2.a(libxml2_la-uri.o) is incompatible with elf_x86_64
          ld.lld: error: /nix/store/2mw50m2nmdf5qpqj9dh47xvf729v27ky-libxml2-musl-static-aarch64-unknown-linux-musl-2.15.1/lib/libxml2.a(libxml2_la-valid.o) is incompatible with elf_x86_64
          ld.lld: error: /nix/store/2mw50m2nmdf5qpqj9dh47xvf729v27ky-libxml2-musl-static-aarch64-unknown-linux-musl-2.15.1/lib/libxml2.a(libxml2_la-xmlIO.o) is incompatible with elf_x86_64
          ld.lld: error: /nix/store/2mw50m2nmdf5qpqj9dh47xvf729v27ky-libxml2-musl-static-aarch64-unknown-linux-musl-2.15.1/lib/libxml2.a(libxml2_la-xmlmemory.o) is incompatible with elf_x86_64
          ld.lld: error: /nix/store/2mw50m2nmdf5qpqj9dh47xvf729v27ky-libxml2-musl-static-aarch64-unknown-linux-musl-2.15.1/lib/libxml2.a(libxml2_la-xmlstring.o) is incompatible with elf_x86_64
          ld.lld: error: /nix/store/2mw50m2nmdf5qpqj9dh47xvf729v27ky-libxml2-musl-static-aarch64-unknown-linux-musl-2.15.1/lib/libxml2.a(libxml2_la-c14n.o) is incompatible with elf_x86_64
          ld.lld: error: /nix/store/2mw50m2nmdf5qpqj9dh47xvf729v27ky-libxml2-musl-static-aarch64-unknown-linux-musl-2.15.1/lib/libxml2.a(libxml2_la-catalog.o) is incompatible with elf_x86_64
          ld.lld: error: /nix/store/2mw50m2nmdf5qpqj9dh47xvf729v27ky-libxml2-musl-static-aarch64-unknown-linux-musl-2.15.1/lib/libxml2.a(libxml2_la-debugXML.o) is incompatible with elf_x86_64
          ld.lld: error: /nix/store/2mw50m2nmdf5qpqj9dh47xvf729v27ky-libxml2-musl-static-aarch64-unknown-linux-musl-2.15.1/lib/libxml2.a(libxml2_la-HTMLparser.o) is incompatible with elf_x86_64
          ld.lld: error: /nix/store/2mw50m2nmdf5qpqj9dh47xvf729v27ky-libxml2-musl-static-aarch64-unknown-linux-musl-2.15.1/lib/libxml2.a(libxml2_la-HTMLtree.o) is incompatible with elf_x86_64
          ld.lld: error: /nix/store/2mw50m2nmdf5qpqj9dh47xvf729v27ky-libxml2-musl-static-aarch64-unknown-linux-musl-2.15.1/lib/libxml2.a(libxml2_la-xmlmodule.o) is incompatible with elf_x86_64
          ld.lld: error: /nix/store/2mw50m2nmdf5qpqj9dh47xvf729v27ky-libxml2-musl-static-aarch64-unknown-linux-musl-2.15.1/lib/libxml2.a(libxml2_la-xmlsave.o) is incompatible with elf_x86_64
          ld.lld: error: /nix/store/2mw50m2nmdf5qpqj9dh47xvf729v27ky-libxml2-musl-static-aarch64-unknown-linux-musl-2.15.1/lib/libxml2.a(libxml2_la-pattern.o) is incompatible with elf_x86_64
          ld.lld: error: /nix/store/2mw50m2nmdf5qpqj9dh47xvf729v27ky-libxml2-musl-static-aarch64-unknown-linux-musl-2.15.1/lib/libxml2.a(libxml2_la-xmlreader.o) is incompatible with elf_x86_64
          ld.lld: error: /nix/store/2mw50m2nmdf5qpqj9dh47xvf729v27ky-libxml2-musl-static-aarch64-unknown-linux-musl-2.15.1/lib/libxml2.a(libxml2_la-xmlregexp.o) is incompatible with elf_x86_64
          ld.lld: error: /nix/store/2mw50m2nmdf5qpqj9dh47xvf729v27ky-libxml2-musl-static-aarch64-unknown-linux-musl-2.15.1/lib/libxml2.a(libxml2_la-relaxng.o) is incompatible with elf_x86_64
          ld.lld: error: /nix/store/2mw50m2nmdf5qpqj9dh47xvf729v27ky-libxml2-musl-static-aarch64-unknown-linux-musl-2.15.1/lib/libxml2.a(libxml2_la-xmlschemas.o) is incompatible with elf_x86_64
          ld.lld: error: /nix/store/2mw50m2nmdf5qpqj9dh47xvf729v27ky-libxml2-musl-static-aarch64-unknown-linux-musl-2.15.1/lib/libxml2.a(libxml2_la-xmlschemastypes.o) is incompatible with elf_x86_64
          ld.lld: error: /nix/store/2mw50m2nmdf5qpqj9dh47xvf729v27ky-libxml2-musl-static-aarch64-unknown-linux-musl-2.15.1/lib/libxml2.a(libxml2_la-xmlwriter.o) is incompatible with elf_x86_64
          ld.lld: error: /nix/store/2mw50m2nmdf5qpqj9dh47xvf729v27ky-libxml2-musl-static-aarch64-unknown-linux-musl-2.15.1/lib/libxml2.a(libxml2_la-xinclude.o) is incompatible with elf_x86_64
          ld.lld: error: /nix/store/2mw50m2nmdf5qpqj9dh47xvf729v27ky-libxml2-musl-static-aarch64-unknown-linux-musl-2.15.1/lib/libxml2.a(libxml2_la-xpath.o) is incompatible with elf_x86_64
          ld.lld: error: /nix/store/2mw50m2nmdf5qpqj9dh47xvf729v27ky-libxml2-musl-static-aarch64-unknown-linux-musl-2.15.1/lib/libxml2.a(libxml2_la-xlink.o) is incompatible with elf_x86_64
          ld.lld: error: /nix/store/2mw50m2nmdf5qpqj9dh47xvf729v27ky-libxml2-musl-static-aarch64-unknown-linux-musl-2.15.1/lib/libxml2.a(libxml2_la-xpointer.o) is incompatible with elf_x86_64
          ld.lld: error: /nix/store/qni14mgn2xckca94pp75zi0lrkc42qr2-geos-musl-static-aarch64-unknown-linux-musl-3.14.1/lib/libgeos_c.a(geos_c.cpp.o) is incompatible with elf_x86_64
          ld.lld: error: /nix/store/qni14mgn2xckca94pp75zi0lrkc42qr2-geos-musl-static-aarch64-unknown-linux-musl-3.14.1/lib/libgeos_c.a(geos_ts_c.cpp.o) is incompatible with elf_x86_64
          ld.lld: error: /nix/store/qni14mgn2xckca94pp75zi0lrkc42qr2-geos-musl-static-aarch64-unknown-linux-musl-3.14.1/lib/libgeos.a(Angle.cpp.o) is incompatible with elf_x86_64
          ld.lld: error: /nix/store/qni14mgn2xckca94pp75zi0lrkc42qr2-geos-musl-static-aarch64-unknown-linux-musl-3.14.1/lib/libgeos.a(Area.cpp.o) is incompatible with elf_x86_64
          ld.lld: error: /nix/store/qni14mgn2xckca94pp75zi0lrkc42qr2-geos-musl-static-aarch64-unknown-linux-musl-3.14.1/lib/libgeos.a(BoundaryNodeRule.cpp.o) is incompatible with elf_x86_64
          ld.lld: error: /nix/store/qni14mgn2xckca94pp75zi0lrkc42qr2-geos-musl-static-aarch64-unknown-linux-musl-3.14.1/lib/libgeos.a(CGAlgorithmsDD.cpp.o) is incompatible with elf_x86_64
          ld.lld: error: /nix/store/qni14mgn2xckca94pp75zi0lrkc42qr2-geos-musl-static-aarch64-unknown-linux-musl-3.14.1/lib/libgeos.a(Centroid.cpp.o) is incompatible with elf_x86_64
          ld.lld: error: /nix/store/qni14mgn2xckca94pp75zi0lrkc42qr2-geos-musl-static-aarch64-unknown-linux-musl-3.14.1/lib/libgeos.a(CircularArcs.cpp.o) is incompatible with elf_x86_64
          ld.lld: error: /nix/store/qni14mgn2xckca94pp75zi0lrkc42qr2-geos-musl-static-aarch64-unknown-linux-musl-3.14.1/lib/libgeos.a(ConvexHull.cpp.o) is incompatible with elf_x86_64
          ld.lld: error: /nix/store/qni14mgn2xckca94pp75zi0lrkc42qr2-geos-musl-static-aarch64-unknown-linux-musl-3.14.1/lib/libgeos.a(Distance.cpp.o) is incompatible with elf_x86_64
          ld.lld: error: /nix/store/qni14mgn2xckca94pp75zi0lrkc42qr2-geos-musl-static-aarch64-unknown-linux-musl-3.14.1/lib/libgeos.a(HCoordinate.cpp.o) is incompatible with elf_x86_64
          ld.lld: error: /nix/store/qni14mgn2xckca94pp75zi0lrkc42qr2-geos-musl-static-aarch64-unknown-linux-musl-3.14.1/lib/libgeos.a(InteriorPointArea.cpp.o) is incompatible with elf_x86_64
          ld.lld: error: /nix/store/qni14mgn2xckca94pp75zi0lrkc42qr2-geos-musl-static-aarch64-unknown-linux-musl-3.14.1/lib/libgeos.a(InteriorPointLine.cpp.o) is incompatible with elf_x86_64
          ld.lld: error: /nix/store/qni14mgn2xckca94pp75zi0lrkc42qr2-geos-musl-static-aarch64-unknown-linux-musl-3.14.1/lib/libgeos.a(InteriorPointPoint.cpp.o) is incompatible with elf_x86_64
          ld.lld: error: /nix/store/qni14mgn2xckca94pp75zi0lrkc42qr2-geos-musl-static-aarch64-unknown-linux-musl-3.14.1/lib/libgeos.a(Intersection.cpp.o) is incompatible with elf_x86_64
          ld.lld: error: /nix/store/qni14mgn2xckca94pp75zi0lrkc42qr2-geos-musl-static-aarch64-unknown-linux-musl-3.14.1/lib/libgeos.a(Length.cpp.o) is incompatible with elf_x86_64
          ld.lld: error: /nix/store/qni14mgn2xckca94pp75zi0lrkc42qr2-geos-musl-static-aarch64-unknown-linux-musl-3.14.1/lib/libgeos.a(LineIntersector.cpp.o) is incompatible with elf_x86_64
          ld.lld: error: /nix/store/qni14mgn2xckca94pp75zi0lrkc42qr2-geos-musl-static-aarch64-unknown-linux-musl-3.14.1/lib/libgeos.a(MinimumAreaRectangle.cpp.o) is incompatible with elf_x86_64
          ld.lld: error: /nix/store/qni14mgn2xckca94pp75zi0lrkc42qr2-geos-musl-static-aarch64-unknown-linux-musl-3.14.1/lib/libgeos.a(MinimumBoundingCircle.cpp.o) is incompatible with elf_x86_64
          ld.lld: error: /nix/store/qni14mgn2xckca94pp75zi0lrkc42qr2-geos-musl-static-aarch64-unknown-linux-musl-3.14.1/lib/libgeos.a(MinimumDiameter.cpp.o) is incompatible with elf_x86_64
          ld.lld: error: /nix/store/qni14mgn2xckca94pp75zi0lrkc42qr2-geos-musl-static-aarch64-unknown-linux-musl-3.14.1/lib/libgeos.a(NotRepresentableException.cpp.o) is incompatible with elf_x86_64
          ld.lld: error: /nix/store/qni14mgn2xckca94pp75zi0lrkc42qr2-geos-musl-static-aarch64-unknown-linux-musl-3.14.1/lib/libgeos.a(Orientation.cpp.o) is incompatible with elf_x86_64
          ld.lld: error: /nix/store/qni14mgn2xckca94pp75zi0lrkc42qr2-geos-musl-static-aarch64-unknown-linux-musl-3.14.1/lib/libgeos.a(PointLocation.cpp.o) is incompatible with elf_x86_64
          ld.lld: error: /nix/store/qni14mgn2xckca94pp75zi0lrkc42qr2-geos-musl-static-aarch64-unknown-linux-musl-3.14.1/lib/libgeos.a(PointLocator.cpp.o) is incompatible with elf_x86_64
          ld.lld: error: /nix/store/qni14mgn2xckca94pp75zi0lrkc42qr2-geos-musl-static-aarch64-unknown-linux-musl-3.14.1/lib/libgeos.a(PolygonNodeTopology.cpp.o) is incompatible with elf_x86_64
          ld.lld: error: /nix/store/qni14mgn2xckca94pp75zi0lrkc42qr2-geos-musl-static-aarch64-unknown-linux-musl-3.14.1/lib/libgeos.a(RayCrossingCounter.cpp.o) is incompatible with elf_x86_64
          ld.lld: error: /nix/store/qni14mgn2xckca94pp75zi0lrkc42qr2-geos-musl-static-aarch64-unknown-linux-musl-3.14.1/lib/libgeos.a(Rectangle.cpp.o) is incompatible with elf_x86_64
          ld.lld: error: /nix/store/qni14mgn2xckca94pp75zi0lrkc42qr2-geos-musl-static-aarch64-unknown-linux-musl-3.14.1/lib/libgeos.a(RobustDeterminant.cpp.o) is incompatible with elf_x86_64
          ld.lld: error: /nix/store/qni14mgn2xckca94pp75zi0lrkc42qr2-geos-musl-static-aarch64-unknown-linux-musl-3.14.1/lib/libgeos.a(ExactMaxInscribedCircle.cpp.o) is incompatible with elf_x86_64
          ld.lld: error: /nix/store/qni14mgn2xckca94pp75zi0lrkc42qr2-geos-musl-static-aarch64-unknown-linux-musl-3.14.1/lib/libgeos.a(IndexedDistanceToPoint.cpp.o) is incompatible with elf_x86_64
          ld.lld: error: /nix/store/qni14mgn2xckca94pp75zi0lrkc42qr2-geos-musl-static-aarch64-unknown-linux-musl-3.14.1/lib/libgeos.a(IndexedPointInPolygonsLocator.cpp.o) is incompatible with elf_x86_64
          ld.lld: error: /nix/store/qni14mgn2xckca94pp75zi0lrkc42qr2-geos-musl-static-aarch64-unknown-linux-musl-3.14.1/lib/libgeos.a(LargestEmptyCircle.cpp.o) is incompatible with elf_x86_64
          ld.lld: error: /nix/store/qni14mgn2xckca94pp75zi0lrkc42qr2-geos-musl-static-aarch64-unknown-linux-musl-3.14.1/lib/libgeos.a(MaximumInscribedCircle.cpp.o) is incompatible with elf_x86_64
          ld.lld: error: /nix/store/qni14mgn2xckca94pp75zi0lrkc42qr2-geos-musl-static-aarch64-unknown-linux-musl-3.14.1/lib/libgeos.a(DiscreteFrechetDistance.cpp.o) is incompatible with elf_x86_64
          ld.lld: error: /nix/store/qni14mgn2xckca94pp75zi0lrkc42qr2-geos-musl-static-aarch64-unknown-linux-musl-3.14.1/lib/libgeos.a(DiscreteHausdorffDistance.cpp.o) is incompatible with elf_x86_64
          ld.lld: error: /nix/store/qni14mgn2xckca94pp75zi0lrkc42qr2-geos-musl-static-aarch64-unknown-linux-musl-3.14.1/lib/libgeos.a(DistanceToPoint.cpp.o) is incompatible with elf_x86_64
          ld.lld: error: /nix/store/qni14mgn2xckca94pp75zi0lrkc42qr2-geos-musl-static-aarch64-unknown-linux-musl-3.14.1/lib/libgeos.a(ConcaveHull.cpp.o) is incompatible with elf_x86_64
          ld.lld: error: /nix/store/qni14mgn2xckca94pp75zi0lrkc42qr2-geos-musl-static-aarch64-unknown-linux-musl-3.14.1/lib/libgeos.a(ConcaveHullOfPolygons.cpp.o) is incompatible with elf_x86_64
          ld.lld: error: /nix/store/qni14mgn2xckca94pp75zi0lrkc42qr2-geos-musl-static-aarch64-unknown-linux-musl-3.14.1/lib/libgeos.a(HullTri.cpp.o) is incompatible with elf_x86_64
          ld.lld: error: /nix/store/qni14mgn2xckca94pp75zi0lrkc42qr2-geos-musl-static-aarch64-unknown-linux-musl-3.14.1/lib/libgeos.a(HullTriangulation.cpp.o) is incompatible with elf_x86_64
          ld.lld: error: /nix/store/qni14mgn2xckca94pp75zi0lrkc42qr2-geos-musl-static-aarch64-unknown-linux-musl-3.14.1/lib/libgeos.a(OuterShellsExtracter.cpp.o) is incompatible with elf_x86_64
          ld.lld: error: /nix/store/qni14mgn2xckca94pp75zi0lrkc42qr2-geos-musl-static-aarch64-unknown-linux-musl-3.14.1/lib/libgeos.a(IndexedPointInAreaLocator.cpp.o) is incompatible with elf_x86_64
          ld.lld: error: /nix/store/qni14mgn2xckca94pp75zi0lrkc42qr2-geos-musl-static-aarch64-unknown-linux-musl-3.14.1/lib/libgeos.a(PointOnGeometryLocator.cpp.o) is incompatible with elf_x86_64
          ld.lld: error: /nix/store/qni14mgn2xckca94pp75zi0lrkc42qr2-geos-musl-static-aarch64-unknown-linux-musl-3.14.1/lib/libgeos.a(SimplePointInAreaLocator.cpp.o) is incompatible with elf_x86_64
          ld.lld: error: /nix/store/qni14mgn2xckca94pp75zi0lrkc42qr2-geos-musl-static-aarch64-unknown-linux-musl-3.14.1/lib/libgeos.a(CleanCoverage.cpp.o) is incompatible with elf_x86_64
          ld.lld: error: /nix/store/qni14mgn2xckca94pp75zi0lrkc42qr2-geos-musl-static-aarch64-unknown-linux-musl-3.14.1/lib/libgeos.a(Corner.cpp.o) is incompatible with elf_x86_64
          ld.lld: error: /nix/store/qni14mgn2xckca94pp75zi0lrkc42qr2-geos-musl-static-aarch64-unknown-linux-musl-3.14.1/lib/libgeos.a(CoverageBoundarySegmentFinder.cpp.o) is incompatible with elf_x86_64
          ld.lld: error: /nix/store/qni14mgn2xckca94pp75zi0lrkc42qr2-geos-musl-static-aarch64-unknown-linux-musl-3.14.1/lib/libgeos.a(CoverageCleaner.cpp.o) is incompatible with elf_x86_64
          ld.lld: error: /nix/store/qni14mgn2xckca94pp75zi0lrkc42qr2-geos-musl-static-aarch64-unknown-linux-musl-3.14.1/lib/libgeos.a(CoverageEdge.cpp.o) is incompatible with elf_x86_64
          ld.lld: error: /nix/store/qni14mgn2xckca94pp75zi0lrkc42qr2-geos-musl-static-aarch64-unknown-linux-musl-3.14.1/lib/libgeos.a(CoverageGapFinder.cpp.o) is incompatible with elf_x86_64
          ld.lld: error: /nix/store/qni14mgn2xckca94pp75zi0lrkc42qr2-geos-musl-static-aarch64-unknown-linux-musl-3.14.1/lib/libgeos.a(CoveragePolygon.cpp.o) is incompatible with elf_x86_64
          ld.lld: error: /nix/store/qni14mgn2xckca94pp75zi0lrkc42qr2-geos-musl-static-aarch64-unknown-linux-musl-3.14.1/lib/libgeos.a(CoveragePolygonValidator.cpp.o) is incompatible with elf_x86_64
          ld.lld: error: /nix/store/qni14mgn2xckca94pp75zi0lrkc42qr2-geos-musl-static-aarch64-unknown-linux-musl-3.14.1/lib/libgeos.a(CoverageRing.cpp.o) is incompatible with elf_x86_64
          ld.lld: error: /nix/store/qni14mgn2xckca94pp75zi0lrkc42qr2-geos-musl-static-aarch64-unknown-linux-musl-3.14.1/lib/libgeos.a(CoverageRingEdges.cpp.o) is incompatible with elf_x86_64
          ld.lld: error: /nix/store/qni14mgn2xckca94pp75zi0lrkc42qr2-geos-musl-static-aarch64-unknown-linux-musl-3.14.1/lib/libgeos.a(CoverageSimplifier.cpp.o) is incompatible with elf_x86_64
          ld.lld: error: /nix/store/qni14mgn2xckca94pp75zi0lrkc42qr2-geos-musl-static-aarch64-unknown-linux-musl-3.14.1/lib/libgeos.a(CoverageUnion.cpp.o) is incompatible with elf_x86_64
          ld.lld: error: /nix/store/qni14mgn2xckca94pp75zi0lrkc42qr2-geos-musl-static-aarch64-unknown-linux-musl-3.14.1/lib/libgeos.a(CoverageValidator.cpp.o) is incompatible with elf_x86_64
          ld.lld: error: /nix/store/qni14mgn2xckca94pp75zi0lrkc42qr2-geos-musl-static-aarch64-unknown-linux-musl-3.14.1/lib/libgeos.a(InvalidSegmentDetector.cpp.o) is incompatible with elf_x86_64
          ld.lld: error: /nix/store/qni14mgn2xckca94pp75zi0lrkc42qr2-geos-musl-static-aarch64-unknown-linux-musl-3.14.1/lib/libgeos.a(TPVWSimplifier.cpp.o) is incompatible with elf_x86_64
          ld.lld: error: /nix/store/qni14mgn2xckca94pp75zi0lrkc42qr2-geos-musl-static-aarch64-unknown-linux-musl-3.14.1/lib/libgeos.a(VertexRingCounter.cpp.o) is incompatible with elf_x86_64
          ld.lld: error: /nix/store/qni14mgn2xckca94pp75zi0lrkc42qr2-geos-musl-static-aarch64-unknown-linux-musl-3.14.1/lib/libgeos.a(DissolveEdgeGraph.cpp.o) is incompatible with elf_x86_64
          ld.lld: error: /nix/store/qni14mgn2xckca94pp75zi0lrkc42qr2-geos-musl-static-aarch64-unknown-linux-musl-3.14.1/lib/libgeos.a(DissolveHalfEdge.cpp.o) is incompatible with elf_x86_64
          ld.lld: error: /nix/store/qni14mgn2xckca94pp75zi0lrkc42qr2-geos-musl-static-aarch64-unknown-linux-musl-3.14.1/lib/libgeos.a(LineDissolver.cpp.o) is incompatible with elf_x86_64
          ld.lld: error: /nix/store/qni14mgn2xckca94pp75zi0lrkc42qr2-geos-musl-static-aarch64-unknown-linux-musl-3.14.1/lib/libgeos.a(EdgeGraph.cpp.o) is incompatible with elf_x86_64
          ld.lld: error: /nix/store/qni14mgn2xckca94pp75zi0lrkc42qr2-geos-musl-static-aarch64-unknown-linux-musl-3.14.1/lib/libgeos.a(EdgeGraphBuilder.cpp.o) is incompatible with elf_x86_64
          ld.lld: error: /nix/store/qni14mgn2xckca94pp75zi0lrkc42qr2-geos-musl-static-aarch64-unknown-linux-musl-3.14.1/lib/libgeos.a(HalfEdge.cpp.o) is incompatible with elf_x86_64
          ld.lld: error: /nix/store/qni14mgn2xckca94pp75zi0lrkc42qr2-geos-musl-static-aarch64-unknown-linux-musl-3.14.1/lib/libgeos.a(MarkHalfEdge.cpp.o) is incompatible with elf_x86_64
          ld.lld: error: /nix/store/qni14mgn2xckca94pp75zi0lrkc42qr2-geos-musl-static-aarch64-unknown-linux-musl-3.14.1/lib/libgeos.a(CircularString.cpp.o) is incompatible with elf_x86_64
          ld.lld: error: /nix/store/qni14mgn2xckca94pp75zi0lrkc42qr2-geos-musl-static-aarch64-unknown-linux-musl-3.14.1/lib/libgeos.a(CompoundCurve.cpp.o) is incompatible with elf_x86_64
          ld.lld: error: /nix/store/qni14mgn2xckca94pp75zi0lrkc42qr2-geos-musl-static-aarch64-unknown-linux-musl-3.14.1/lib/libgeos.a(Coordinate.cpp.o) is incompatible with elf_x86_64
          ld.lld: error: /nix/store/qni14mgn2xckca94pp75zi0lrkc42qr2-geos-musl-static-aarch64-unknown-linux-musl-3.14.1/lib/libgeos.a(CoordinateSequence.cpp.o) is incompatible with elf_x86_64
          ld.lld: error: /nix/store/qni14mgn2xckca94pp75zi0lrkc42qr2-geos-musl-static-aarch64-unknown-linux-musl-3.14.1/lib/libgeos.a(Curve.cpp.o) is incompatible with elf_x86_64
          ld.lld: error: /nix/store/qni14mgn2xckca94pp75zi0lrkc42qr2-geos-musl-static-aarch64-unknown-linux-musl-3.14.1/lib/libgeos.a(CurvePolygon.cpp.o) is incompatible with elf_x86_64
          ld.lld: error: /nix/store/qni14mgn2xckca94pp75zi0lrkc42qr2-geos-musl-static-aarch64-unknown-linux-musl-3.14.1/lib/libgeos.a(Dimension.cpp.o) is incompatible with elf_x86_64
          ld.lld: error: /nix/store/qni14mgn2xckca94pp75zi0lrkc42qr2-geos-musl-static-aarch64-unknown-linux-musl-3.14.1/lib/libgeos.a(Envelope.cpp.o) is incompatible with elf_x86_64
          ld.lld: error: /nix/store/qni14mgn2xckca94pp75zi0lrkc42qr2-geos-musl-static-aarch64-unknown-linux-musl-3.14.1/lib/libgeos.a(Geometry.cpp.o) is incompatible with elf_x86_64
          ld.lld: error: /nix/store/qni14mgn2xckca94pp75zi0lrkc42qr2-geos-musl-static-aarch64-unknown-linux-musl-3.14.1/lib/libgeos.a(GeometryCollection.cpp.o) is incompatible with elf_x86_64
          ld.lld: error: /nix/store/qni14mgn2xckca94pp75zi0lrkc42qr2-geos-musl-static-aarch64-unknown-linux-musl-3.14.1/lib/libgeos.a(GeometryComponentFilter.cpp.o) is incompatible with elf_x86_64
          ld.lld: error: /nix/store/qni14mgn2xckca94pp75zi0lrkc42qr2-geos-musl-static-aarch64-unknown-linux-musl-3.14.1/lib/libgeos.a(GeometryFactory.cpp.o) is incompatible with elf_x86_64
          ld.lld: error: /nix/store/qni14mgn2xckca94pp75zi0lrkc42qr2-geos-musl-static-aarch64-unknown-linux-musl-3.14.1/lib/libgeos.a(HeuristicOverlay.cpp.o) is incompatible with elf_x86_64
          ld.lld: error: /nix/store/qni14mgn2xckca94pp75zi0lrkc42qr2-geos-musl-static-aarch64-unknown-linux-musl-3.14.1/lib/libgeos.a(IntersectionMatrix.cpp.o) is incompatible with elf_x86_64
          ld.lld: error: /nix/store/qni14mgn2xckca94pp75zi0lrkc42qr2-geos-musl-static-aarch64-unknown-linux-musl-3.14.1/lib/libgeos.a(LineSegment.cpp.o) is incompatible with elf_x86_64
          ld.lld: error: /nix/store/qni14mgn2xckca94pp75zi0lrkc42qr2-geos-musl-static-aarch64-unknown-linux-musl-3.14.1/lib/libgeos.a(LineString.cpp.o) is incompatible with elf_x86_64
          ld.lld: error: /nix/store/qni14mgn2xckca94pp75zi0lrkc42qr2-geos-musl-static-aarch64-unknown-linux-musl-3.14.1/lib/libgeos.a(LinearRing.cpp.o) is incompatible with elf_x86_64
          ld.lld: error: /nix/store/qni14mgn2xckca94pp75zi0lrkc42qr2-geos-musl-static-aarch64-unknown-linux-musl-3.14.1/lib/libgeos.a(Location.cpp.o) is incompatible with elf_x86_64
          ld.lld: error: /nix/store/qni14mgn2xckca94pp75zi0lrkc42qr2-geos-musl-static-aarch64-unknown-linux-musl-3.14.1/lib/libgeos.a(MultiCurve.cpp.o) is incompatible with elf_x86_64
          ld.lld: error: /nix/store/qni14mgn2xckca94pp75zi0lrkc42qr2-geos-musl-static-aarch64-unknown-linux-musl-3.14.1/lib/libgeos.a(MultiLineString.cpp.o) is incompatible with elf_x86_64
          ld.lld: error: /nix/store/qni14mgn2xckca94pp75zi0lrkc42qr2-geos-musl-static-aarch64-unknown-linux-musl-3.14.1/lib/libgeos.a(MultiPoint.cpp.o) is incompatible with elf_x86_64
          ld.lld: error: /nix/store/qni14mgn2xckca94pp75zi0lrkc42qr2-geos-musl-static-aarch64-unknown-linux-musl-3.14.1/lib/libgeos.a(MultiPolygon.cpp.o) is incompatible with elf_x86_64
          ld.lld: error: /nix/store/qni14mgn2xckca94pp75zi0lrkc42qr2-geos-musl-static-aarch64-unknown-linux-musl-3.14.1/lib/libgeos.a(MultiSurface.cpp.o) is incompatible with elf_x86_64
          ld.lld: error: /nix/store/qni14mgn2xckca94pp75zi0lrkc42qr2-geos-musl-static-aarch64-unknown-linux-musl-3.14.1/lib/libgeos.a(Point.cpp.o) is incompatible with elf_x86_64
          ld.lld: error: /nix/store/qni14mgn2xckca94pp75zi0lrkc42qr2-geos-musl-static-aarch64-unknown-linux-musl-3.14.1/lib/libgeos.a(Polygon.cpp.o) is incompatible with elf_x86_64
          ld.lld: error: /nix/store/qni14mgn2xckca94pp75zi0lrkc42qr2-geos-musl-static-aarch64-unknown-linux-musl-3.14.1/lib/libgeos.a(Position.cpp.o) is incompatible with elf_x86_64
          ld.lld: error: /nix/store/qni14mgn2xckca94pp75zi0lrkc42qr2-geos-musl-static-aarch64-unknown-linux-musl-3.14.1/lib/libgeos.a(PrecisionModel.cpp.o) is incompatible with elf_x86_64
          ld.lld: error: /nix/store/qni14mgn2xckca94pp75zi0lrkc42qr2-geos-musl-static-aarch64-unknown-linux-musl-3.14.1/lib/libgeos.a(Quadrant.cpp.o) is incompatible with elf_x86_64
          ld.lld: error: /nix/store/qni14mgn2xckca94pp75zi0lrkc42qr2-geos-musl-static-aarch64-unknown-linux-musl-3.14.1/lib/libgeos.a(SimpleCurve.cpp.o) is incompatible with elf_x86_64
          ld.lld: error: /nix/store/qni14mgn2xckca94pp75zi0lrkc42qr2-geos-musl-static-aarch64-unknown-linux-musl-3.14.1/lib/libgeos.a(Surface.cpp.o) is incompatible with elf_x86_64
          ld.lld: error: /nix/store/qni14mgn2xckca94pp75zi0lrkc42qr2-geos-musl-static-aarch64-unknown-linux-musl-3.14.1/lib/libgeos.a(Triangle.cpp.o) is incompatible with elf_x86_64
          ld.lld: error: /nix/store/qni14mgn2xckca94pp75zi0lrkc42qr2-geos-musl-static-aarch64-unknown-linux-musl-3.14.1/lib/libgeos.a(AbstractPreparedPolygonContains.cpp.o) is incompatible with elf_x86_64
          ld.lld: error: /nix/store/qni14mgn2xckca94pp75zi0lrkc42qr2-geos-musl-static-aarch64-unknown-linux-musl-3.14.1/lib/libgeos.a(BasicPreparedGeometry.cpp.o) is incompatible with elf_x86_64
          ld.lld: error: /nix/store/qni14mgn2xckca94pp75zi0lrkc42qr2-geos-musl-static-aarch64-unknown-linux-musl-3.14.1/lib/libgeos.a(PreparedGeometry.cpp.o) is incompatible with elf_x86_64
          ld.lld: error: /nix/store/qni14mgn2xckca94pp75zi0lrkc42qr2-geos-musl-static-aarch64-unknown-linux-musl-3.14.1/lib/libgeos.a(PreparedGeometryFactory.cpp.o) is incompatible with elf_x86_64
          ld.lld: error: /nix/store/qni14mgn2xckca94pp75zi0lrkc42qr2-geos-musl-static-aarch64-unknown-linux-musl-3.14.1/lib/libgeos.a(PreparedLineString.cpp.o) is incompatible with elf_x86_64
          ld.lld: error: /nix/store/qni14mgn2xckca94pp75zi0lrkc42qr2-geos-musl-static-aarch64-unknown-linux-musl-3.14.1/lib/libgeos.a(PreparedLineStringDistance.cpp.o) is incompatible with elf_x86_64
          ld.lld: error: /nix/store/qni14mgn2xckca94pp75zi0lrkc42qr2-geos-musl-static-aarch64-unknown-linux-musl-3.14.1/lib/libgeos.a(PreparedLineStringIntersects.cpp.o) is incompatible with elf_x86_64
          ld.lld: error: /nix/store/qni14mgn2xckca94pp75zi0lrkc42qr2-geos-musl-static-aarch64-unknown-linux-musl-3.14.1/lib/libgeos.a(PreparedLineStringNearestPoints.cpp.o) is incompatible with elf_x86_64
          ld.lld: error: /nix/store/qni14mgn2xckca94pp75zi0lrkc42qr2-geos-musl-static-aarch64-unknown-linux-musl-3.14.1/lib/libgeos.a(PreparedPoint.cpp.o) is incompatible with elf_x86_64
          ld.lld: error: /nix/store/qni14mgn2xckca94pp75zi0lrkc42qr2-geos-musl-static-aarch64-unknown-linux-musl-3.14.1/lib/libgeos.a(PreparedPolygon.cpp.o) is incompatible with elf_x86_64
          ld.lld: error: /nix/store/qni14mgn2xckca94pp75zi0lrkc42qr2-geos-musl-static-aarch64-unknown-linux-musl-3.14.1/lib/libgeos.a(PreparedPolygonContains.cpp.o) is incompatible with elf_x86_64
          ld.lld: error: /nix/store/qni14mgn2xckca94pp75zi0lrkc42qr2-geos-musl-static-aarch64-unknown-linux-musl-3.14.1/lib/libgeos.a(PreparedPolygonContainsProperly.cpp.o) is incompatible with elf_x86_64
          ld.lld: error: /nix/store/qni14mgn2xckca94pp75zi0lrkc42qr2-geos-musl-static-aarch64-unknown-linux-musl-3.14.1/lib/libgeos.a(PreparedPolygonCovers.cpp.o) is incompatible with elf_x86_64
          ld.lld: error: /nix/store/qni14mgn2xckca94pp75zi0lrkc42qr2-geos-musl-static-aarch64-unknown-linux-musl-3.14.1/lib/libgeos.a(PreparedPolygonDistance.cpp.o) is incompatible with elf_x86_64
          ld.lld: error: /nix/store/qni14mgn2xckca94pp75zi0lrkc42qr2-geos-musl-static-aarch64-unknown-linux-musl-3.14.1/lib/libgeos.a(PreparedPolygonIntersects.cpp.o) is incompatible with elf_x86_64
          ld.lld: error: /nix/store/qni14mgn2xckca94pp75zi0lrkc42qr2-geos-musl-static-aarch64-unknown-linux-musl-3.14.1/lib/libgeos.a(PreparedPolygonPredicate.cpp.o) is incompatible with elf_x86_64
          ld.lld: error: /nix/store/qni14mgn2xckca94pp75zi0lrkc42qr2-geos-musl-static-aarch64-unknown-linux-musl-3.14.1/lib/libgeos.a(ComponentCoordinateExtracter.cpp.o) is incompatible with elf_x86_64
          ld.lld: error: /nix/store/qni14mgn2xckca94pp75zi0lrkc42qr2-geos-musl-static-aarch64-unknown-linux-musl-3.14.1/lib/libgeos.a(CoordinateOperation.cpp.o) is incompatible with elf_x86_64
          ld.lld: error: /nix/store/qni14mgn2xckca94pp75zi0lrkc42qr2-geos-musl-static-aarch64-unknown-linux-musl-3.14.1/lib/libgeos.a(Densifier.cpp.o) is incompatible with elf_x86_64
          ld.lld: error: /nix/store/qni14mgn2xckca94pp75zi0lrkc42qr2-geos-musl-static-aarch64-unknown-linux-musl-3.14.1/lib/libgeos.a(GeometryCombiner.cpp.o) is incompatible with elf_x86_64
          ld.lld: error: /nix/store/qni14mgn2xckca94pp75zi0lrkc42qr2-geos-musl-static-aarch64-unknown-linux-musl-3.14.1/lib/libgeos.a(GeometryEditor.cpp.o) is incompatible with elf_x86_64
          ld.lld: error: /nix/store/qni14mgn2xckca94pp75zi0lrkc42qr2-geos-musl-static-aarch64-unknown-linux-musl-3.14.1/lib/libgeos.a(GeometryFixer.cpp.o) is incompatible with elf_x86_64
          ld.lld: error: /nix/store/qni14mgn2xckca94pp75zi0lrkc42qr2-geos-musl-static-aarch64-unknown-linux-musl-3.14.1/lib/libgeos.a(GeometryMapper.cpp.o) is incompatible with elf_x86_64
          ld.lld: error: /nix/store/qni14mgn2xckca94pp75zi0lrkc42qr2-geos-musl-static-aarch64-unknown-linux-musl-3.14.1/lib/libgeos.a(GeometryTransformer.cpp.o) is incompatible with elf_x86_64
          ld.lld: error: /nix/store/qni14mgn2xckca94pp75zi0lrkc42qr2-geos-musl-static-aarch64-unknown-linux-musl-3.14.1/lib/libgeos.a(LinearComponentExtracter.cpp.o) is incompatible with elf_x86_64
          ld.lld: error: /nix/store/qni14mgn2xckca94pp75zi0lrkc42qr2-geos-musl-static-aarch64-unknown-linux-musl-3.14.1/lib/libgeos.a(NoOpGeometryOperation.cpp.o) is incompatible with elf_x86_64
          ld.lld: error: /nix/store/qni14mgn2xckca94pp75zi0lrkc42qr2-geos-musl-static-aarch64-unknown-linux-musl-3.14.1/lib/libgeos.a(PointExtracter.cpp.o) is incompatible with elf_x86_64
          ld.lld: error: /nix/store/qni14mgn2xckca94pp75zi0lrkc42qr2-geos-musl-static-aarch64-unknown-linux-musl-3.14.1/lib/libgeos.a(PolygonExtracter.cpp.o) is incompatible with elf_x86_64
          ld.lld: error: /nix/store/qni14mgn2xckca94pp75zi0lrkc42qr2-geos-musl-static-aarch64-unknown-linux-musl-3.14.1/lib/libgeos.a(PolygonalExtracter.cpp.o) is incompatible with elf_x86_64
          ld.lld: error: /nix/store/qni14mgn2xckca94pp75zi0lrkc42qr2-geos-musl-static-aarch64-unknown-linux-musl-3.14.1/lib/libgeos.a(ShortCircuitedGeometryVisitor.cpp.o) is incompatible with elf_x86_64
          ld.lld: error: /nix/store/qni14mgn2xckca94pp75zi0lrkc42qr2-geos-musl-static-aarch64-unknown-linux-musl-3.14.1/lib/libgeos.a(SineStarFactory.cpp.o) is incompatible with elf_x86_64
          ld.lld: error: /nix/store/qni14mgn2xckca94pp75zi0lrkc42qr2-geos-musl-static-aarch64-unknown-linux-musl-3.14.1/lib/libgeos.a(Depth.cpp.o) is incompatible with elf_x86_64
          ld.lld: error: /nix/store/qni14mgn2xckca94pp75zi0lrkc42qr2-geos-musl-static-aarch64-unknown-linux-musl-3.14.1/lib/libgeos.a(DirectedEdge.cpp.o) is incompatible with elf_x86_64
          ld.lld: error: /nix/store/qni14mgn2xckca94pp75zi0lrkc42qr2-geos-musl-static-aarch64-unknown-linux-musl-3.14.1/lib/libgeos.a(DirectedEdgeStar.cpp.o) is incompatible with elf_x86_64
          ld.lld: error: /nix/store/qni14mgn2xckca94pp75zi0lrkc42qr2-geos-musl-static-aarch64-unknown-linux-musl-3.14.1/lib/libgeos.a(Edge.cpp.o) is incompatible with elf_x86_64
          ld.lld: error: /nix/store/qni14mgn2xckca94pp75zi0lrkc42qr2-geos-musl-static-aarch64-unknown-linux-musl-3.14.1/lib/libgeos.a(EdgeEnd.cpp.o) is incompatible with elf_x86_64
          ld.lld: error: /nix/store/qni14mgn2xckca94pp75zi0lrkc42qr2-geos-musl-static-aarch64-unknown-linux-musl-3.14.1/lib/libgeos.a(EdgeEndStar.cpp.o) is incompatible with elf_x86_64
          ld.lld: error: /nix/store/qni14mgn2xckca94pp75zi0lrkc42qr2-geos-musl-static-aarch64-unknown-linux-musl-3.14.1/lib/libgeos.a(EdgeIntersectionList.cpp.o) is incompatible with elf_x86_64
          ld.lld: error: /nix/store/qni14mgn2xckca94pp75zi0lrkc42qr2-geos-musl-static-aarch64-unknown-linux-musl-3.14.1/lib/libgeos.a(EdgeList.cpp.o) is incompatible with elf_x86_64
          ld.lld: error: /nix/store/qni14mgn2xckca94pp75zi0lrkc42qr2-geos-musl-static-aarch64-unknown-linux-musl-3.14.1/lib/libgeos.a(EdgeNodingValidator.cpp.o) is incompatible with elf_x86_64
          ld.lld: error: /nix/store/qni14mgn2xckca94pp75zi0lrkc42qr2-geos-musl-static-aarch64-unknown-linux-musl-3.14.1/lib/libgeos.a(EdgeRing.cpp.o) is incompatible with elf_x86_64
          ld.lld: error: /nix/store/qni14mgn2xckca94pp75zi0lrkc42qr2-geos-musl-static-aarch64-unknown-linux-musl-3.14.1/lib/libgeos.a(GeometryGraph.cpp.o) is incompatible with elf_x86_64
          ld.lld: error: /nix/store/qni14mgn2xckca94pp75zi0lrkc42qr2-geos-musl-static-aarch64-unknown-linux-musl-3.14.1/lib/libgeos.a(GraphComponent.cpp.o) is incompatible with elf_x86_64
          ld.lld: error: /nix/store/qni14mgn2xckca94pp75zi0lrkc42qr2-geos-musl-static-aarch64-unknown-linux-musl-3.14.1/lib/libgeos.a(Label.cpp.o) is incompatible with elf_x86_64
          ld.lld: error: /nix/store/qni14mgn2xckca94pp75zi0lrkc42qr2-geos-musl-static-aarch64-unknown-linux-musl-3.14.1/lib/libgeos.a(Node.cpp.o) is incompatible with elf_x86_64
          ld.lld: error: /nix/store/qni14mgn2xckca94pp75zi0lrkc42qr2-geos-musl-static-aarch64-unknown-linux-musl-3.14.1/lib/libgeos.a(NodeFactory.cpp.o) is incompatible with elf_x86_64
          ld.lld: error: /nix/store/qni14mgn2xckca94pp75zi0lrkc42qr2-geos-musl-static-aarch64-unknown-linux-musl-3.14.1/lib/libgeos.a(NodeMap.cpp.o) is incompatible with elf_x86_64
          ld.lld: error: /nix/store/qni14mgn2xckca94pp75zi0lrkc42qr2-geos-musl-static-aarch64-unknown-linux-musl-3.14.1/lib/libgeos.a(PlanarGraph.cpp.o) is incompatible with elf_x86_64
          ld.lld: error: /nix/store/qni14mgn2xckca94pp75zi0lrkc42qr2-geos-musl-static-aarch64-unknown-linux-musl-3.14.1/lib/libgeos.a(TopologyLocation.cpp.o) is incompatible with elf_x86_64
          ld.lld: error: /nix/store/qni14mgn2xckca94pp75zi0lrkc42qr2-geos-musl-static-aarch64-unknown-linux-musl-3.14.1/lib/libgeos.a(MonotoneChainEdge.cpp.o) is incompatible with elf_x86_64
          ld.lld: error: /nix/store/qni14mgn2xckca94pp75zi0lrkc42qr2-geos-musl-static-aarch64-unknown-linux-musl-3.14.1/lib/libgeos.a(MonotoneChainIndexer.cpp.o) is incompatible with elf_x86_64
          ld.lld: error: /nix/store/qni14mgn2xckca94pp75zi0lrkc42qr2-geos-musl-static-aarch64-unknown-linux-musl-3.14.1/lib/libgeos.a(SegmentIntersector.cpp.o) is incompatible with elf_x86_64
          ld.lld: error: /nix/store/qni14mgn2xckca94pp75zi0lrkc42qr2-geos-musl-static-aarch64-unknown-linux-musl-3.14.1/lib/libgeos.a(SimpleEdgeSetIntersector.cpp.o) is incompatible with elf_x86_64
          ld.lld: error: /nix/store/qni14mgn2xckca94pp75zi0lrkc42qr2-geos-musl-static-aarch64-unknown-linux-musl-3.14.1/lib/libgeos.a(SimpleMCSweepLineIntersector.cpp.o) is incompatible with elf_x86_64
          ld.lld: error: /nix/store/qni14mgn2xckca94pp75zi0lrkc42qr2-geos-musl-static-aarch64-unknown-linux-musl-3.14.1/lib/libgeos.a(SimpleSweepLineIntersector.cpp.o) is incompatible with elf_x86_64
          ld.lld: error: /nix/store/qni14mgn2xckca94pp75zi0lrkc42qr2-geos-musl-static-aarch64-unknown-linux-musl-3.14.1/lib/libgeos.a(SweepLineEvent.cpp.o) is incompatible with elf_x86_64
          ld.lld: error: /nix/store/qni14mgn2xckca94pp75zi0lrkc42qr2-geos-musl-static-aarch64-unknown-linux-musl-3.14.1/lib/libgeos.a(SweepLineSegment.cpp.o) is incompatible with elf_x86_64
          ld.lld: error: /nix/store/qni14mgn2xckca94pp75zi0lrkc42qr2-geos-musl-static-aarch64-unknown-linux-musl-3.14.1/lib/libgeos.a(VertexSequencePackedRtree.cpp.o) is incompatible with elf_x86_64
          ld.lld: error: /nix/store/qni14mgn2xckca94pp75zi0lrkc42qr2-geos-musl-static-aarch64-unknown-linux-musl-3.14.1/lib/libgeos.a(Bintree.cpp.o) is incompatible with elf_x86_64
          ld.lld: error: /nix/store/qni14mgn2xckca94pp75zi0lrkc42qr2-geos-musl-static-aarch64-unknown-linux-musl-3.14.1/lib/libgeos.a(Interval.cpp.o) is incompatible with elf_x86_64
          ld.lld: error: /nix/store/qni14mgn2xckca94pp75zi0lrkc42qr2-geos-musl-static-aarch64-unknown-linux-musl-3.14.1/lib/libgeos.a(Key.cpp.o) is incompatible with elf_x86_64
          ld.lld: error: /nix/store/qni14mgn2xckca94pp75zi0lrkc42qr2-geos-musl-static-aarch64-unknown-linux-musl-3.14.1/lib/libgeos.a(Node.cpp.o) is incompatible with elf_x86_64
          ld.lld: error: /nix/store/qni14mgn2xckca94pp75zi0lrkc42qr2-geos-musl-static-aarch64-unknown-linux-musl-3.14.1/lib/libgeos.a(NodeBase.cpp.o) is incompatible with elf_x86_64
          ld.lld: error: /nix/store/qni14mgn2xckca94pp75zi0lrkc42qr2-geos-musl-static-aarch64-unknown-linux-musl-3.14.1/lib/libgeos.a(Root.cpp.o) is incompatible with elf_x86_64
          ld.lld: error: /nix/store/qni14mgn2xckca94pp75zi0lrkc42qr2-geos-musl-static-aarch64-unknown-linux-musl-3.14.1/lib/libgeos.a(MonotoneChain.cpp.o) is incompatible with elf_x86_64
          ld.lld: error: /nix/store/qni14mgn2xckca94pp75zi0lrkc42qr2-geos-musl-static-aarch64-unknown-linux-musl-3.14.1/lib/libgeos.a(MonotoneChainBuilder.cpp.o) is incompatible with elf_x86_64
          ld.lld: error: /nix/store/qni14mgn2xckca94pp75zi0lrkc42qr2-geos-musl-static-aarch64-unknown-linux-musl-3.14.1/lib/libgeos.a(MonotoneChainOverlapAction.cpp.o) is incompatible with elf_x86_64
          ld.lld: error: /nix/store/qni14mgn2xckca94pp75zi0lrkc42qr2-geos-musl-static-aarch64-unknown-linux-musl-3.14.1/lib/libgeos.a(MonotoneChainSelectAction.cpp.o) is incompatible with elf_x86_64
          ld.lld: error: /nix/store/qni14mgn2xckca94pp75zi0lrkc42qr2-geos-musl-static-aarch64-unknown-linux-musl-3.14.1/lib/libgeos.a(IntervalRTreeBranchNode.cpp.o) is incompatible with elf_x86_64
          ld.lld: error: /nix/store/qni14mgn2xckca94pp75zi0lrkc42qr2-geos-musl-static-aarch64-unknown-linux-musl-3.14.1/lib/libgeos.a(IntervalRTreeLeafNode.cpp.o) is incompatible with elf_x86_64
          ld.lld: error: /nix/store/qni14mgn2xckca94pp75zi0lrkc42qr2-geos-musl-static-aarch64-unknown-linux-musl-3.14.1/lib/libgeos.a(SortedPackedIntervalRTree.cpp.o) is incompatible with elf_x86_64
          ld.lld: error: /nix/store/qni14mgn2xckca94pp75zi0lrkc42qr2-geos-musl-static-aarch64-unknown-linux-musl-3.14.1/lib/libgeos.a(KdNode.cpp.o) is incompatible with elf_x86_64
          ld.lld: error: /nix/store/qni14mgn2xckca94pp75zi0lrkc42qr2-geos-musl-static-aarch64-unknown-linux-musl-3.14.1/lib/libgeos.a(KdTree.cpp.o) is incompatible with elf_x86_64
          ld.lld: error: /nix/store/qni14mgn2xckca94pp75zi0lrkc42qr2-geos-musl-static-aarch64-unknown-linux-musl-3.14.1/lib/libgeos.a(IntervalSize.cpp.o) is incompatible with elf_x86_64
          ld.lld: error: /nix/store/qni14mgn2xckca94pp75zi0lrkc42qr2-geos-musl-static-aarch64-unknown-linux-musl-3.14.1/lib/libgeos.a(Key.cpp.o) is incompatible with elf_x86_64
          ld.lld: error: /nix/store/qni14mgn2xckca94pp75zi0lrkc42qr2-geos-musl-static-aarch64-unknown-linux-musl-3.14.1/lib/libgeos.a(Node.cpp.o) is incompatible with elf_x86_64
          ld.lld: error: /nix/store/qni14mgn2xckca94pp75zi0lrkc42qr2-geos-musl-static-aarch64-unknown-linux-musl-3.14.1/lib/libgeos.a(NodeBase.cpp.o) is incompatible with elf_x86_64
          ld.lld: error: /nix/store/qni14mgn2xckca94pp75zi0lrkc42qr2-geos-musl-static-aarch64-unknown-linux-musl-3.14.1/lib/libgeos.a(Quadtree.cpp.o) is incompatible with elf_x86_64
          ld.lld: error: /nix/store/qni14mgn2xckca94pp75zi0lrkc42qr2-geos-musl-static-aarch64-unknown-linux-musl-3.14.1/lib/libgeos.a(Root.cpp.o) is incompatible with elf_x86_64
          ld.lld: error: /nix/store/qni14mgn2xckca94pp75zi0lrkc42qr2-geos-musl-static-aarch64-unknown-linux-musl-3.14.1/lib/libgeos.a(AbstractSTRtree.cpp.o) is incompatible with elf_x86_64
          ld.lld: error: /nix/store/qni14mgn2xckca94pp75zi0lrkc42qr2-geos-musl-static-aarch64-unknown-linux-musl-3.14.1/lib/libgeos.a(BoundablePair.cpp.o) is incompatible with elf_x86_64
          ld.lld: error: /nix/store/qni14mgn2xckca94pp75zi0lrkc42qr2-geos-musl-static-aarch64-unknown-linux-musl-3.14.1/lib/libgeos.a(EnvelopeUtil.cpp.o) is incompatible with elf_x86_64
          ld.lld: error: /nix/store/qni14mgn2xckca94pp75zi0lrkc42qr2-geos-musl-static-aarch64-unknown-linux-musl-3.14.1/lib/libgeos.a(GeometryItemDistance.cpp.o) is incompatible with elf_x86_64
          ld.lld: error: /nix/store/qni14mgn2xckca94pp75zi0lrkc42qr2-geos-musl-static-aarch64-unknown-linux-musl-3.14.1/lib/libgeos.a(Interval.cpp.o) is incompatible with elf_x86_64
          ld.lld: error: /nix/store/qni14mgn2xckca94pp75zi0lrkc42qr2-geos-musl-static-aarch64-unknown-linux-musl-3.14.1/lib/libgeos.a(SIRtree.cpp.o) is incompatible with elf_x86_64
          ld.lld: error: /nix/store/qni14mgn2xckca94pp75zi0lrkc42qr2-geos-musl-static-aarch64-unknown-linux-musl-3.14.1/lib/libgeos.a(STRtree.cpp.o) is incompatible with elf_x86_64
          ld.lld: error: /nix/store/qni14mgn2xckca94pp75zi0lrkc42qr2-geos-musl-static-aarch64-unknown-linux-musl-3.14.1/lib/libgeos.a(SimpleSTRdistance.cpp.o) is incompatible with elf_x86_64
          ld.lld: error: /nix/store/qni14mgn2xckca94pp75zi0lrkc42qr2-geos-musl-static-aarch64-unknown-linux-musl-3.14.1/lib/libgeos.a(SimpleSTRnode.cpp.o) is incompatible with elf_x86_64
          ld.lld: error: /nix/store/qni14mgn2xckca94pp75zi0lrkc42qr2-geos-musl-static-aarch64-unknown-linux-musl-3.14.1/lib/libgeos.a(SimpleSTRtree.cpp.o) is incompatible with elf_x86_64
          ld.lld: error: /nix/store/qni14mgn2xckca94pp75zi0lrkc42qr2-geos-musl-static-aarch64-unknown-linux-musl-3.14.1/lib/libgeos.a(SweepLineEvent.cpp.o) is incompatible with elf_x86_64
          ld.lld: error: /nix/store/qni14mgn2xckca94pp75zi0lrkc42qr2-geos-musl-static-aarch64-unknown-linux-musl-3.14.1/lib/libgeos.a(SweepLineIndex.cpp.o) is incompatible with elf_x86_64
          ld.lld: error: /nix/store/qni14mgn2xckca94pp75zi0lrkc42qr2-geos-musl-static-aarch64-unknown-linux-musl-3.14.1/lib/libgeos.a(SweepLineInterval.cpp.o) is incompatible with elf_x86_64
          ld.lld: error: /nix/store/qni14mgn2xckca94pp75zi0lrkc42qr2-geos-musl-static-aarch64-unknown-linux-musl-3.14.1/lib/libgeos.a(ByteOrderDataInStream.cpp.o) is incompatible with elf_x86_64
          ld.lld: error: /nix/store/qni14mgn2xckca94pp75zi0lrkc42qr2-geos-musl-static-aarch64-unknown-linux-musl-3.14.1/lib/libgeos.a(ByteOrderValues.cpp.o) is incompatible with elf_x86_64
          ld.lld: error: /nix/store/qni14mgn2xckca94pp75zi0lrkc42qr2-geos-musl-static-aarch64-unknown-linux-musl-3.14.1/lib/libgeos.a(CLocalizer.cpp.o) is incompatible with elf_x86_64
          ld.lld: error: /nix/store/qni14mgn2xckca94pp75zi0lrkc42qr2-geos-musl-static-aarch64-unknown-linux-musl-3.14.1/lib/libgeos.a(GeoJSON.cpp.o) is incompatible with elf_x86_64
          ld.lld: error: /nix/store/qni14mgn2xckca94pp75zi0lrkc42qr2-geos-musl-static-aarch64-unknown-linux-musl-3.14.1/lib/libgeos.a(GeoJSONReader.cpp.o) is incompatible with elf_x86_64
          ld.lld: error: /nix/store/qni14mgn2xckca94pp75zi0lrkc42qr2-geos-musl-static-aarch64-unknown-linux-musl-3.14.1/lib/libgeos.a(GeoJSONWriter.cpp.o) is incompatible with elf_x86_64
          ld.lld: error: /nix/store/qni14mgn2xckca94pp75zi0lrkc42qr2-geos-musl-static-aarch64-unknown-linux-musl-3.14.1/lib/libgeos.a(ParseException.cpp.o) is incompatible with elf_x86_64
          ld.lld: error: /nix/store/qni14mgn2xckca94pp75zi0lrkc42qr2-geos-musl-static-aarch64-unknown-linux-musl-3.14.1/lib/libgeos.a(StringTokenizer.cpp.o) is incompatible with elf_x86_64
          ld.lld: error: /nix/store/qni14mgn2xckca94pp75zi0lrkc42qr2-geos-musl-static-aarch64-unknown-linux-musl-3.14.1/lib/libgeos.a(WKBReader.cpp.o) is incompatible with elf_x86_64
          ld.lld: error: /nix/store/qni14mgn2xckca94pp75zi0lrkc42qr2-geos-musl-static-aarch64-unknown-linux-musl-3.14.1/lib/libgeos.a(WKBStreamReader.cpp.o) is incompatible with elf_x86_64
          ld.lld: error: /nix/store/qni14mgn2xckca94pp75zi0lrkc42qr2-geos-musl-static-aarch64-unknown-linux-musl-3.14.1/lib/libgeos.a(WKBWriter.cpp.o) is incompatible with elf_x86_64
          ld.lld: error: /nix/store/qni14mgn2xckca94pp75zi0lrkc42qr2-geos-musl-static-aarch64-unknown-linux-musl-3.14.1/lib/libgeos.a(WKTFileReader.cpp.o) is incompatible with elf_x86_64
          ld.lld: error: /nix/store/qni14mgn2xckca94pp75zi0lrkc42qr2-geos-musl-static-aarch64-unknown-linux-musl-3.14.1/lib/libgeos.a(WKTReader.cpp.o) is incompatible with elf_x86_64
          ld.lld: error: /nix/store/qni14mgn2xckca94pp75zi0lrkc42qr2-geos-musl-static-aarch64-unknown-linux-musl-3.14.1/lib/libgeos.a(WKTStreamReader.cpp.o) is incompatible with elf_x86_64
          ld.lld: error: /nix/store/qni14mgn2xckca94pp75zi0lrkc42qr2-geos-musl-static-aarch64-unknown-linux-musl-3.14.1/lib/libgeos.a(WKTWriter.cpp.o) is incompatible with elf_x86_64
          ld.lld: error: /nix/store/qni14mgn2xckca94pp75zi0lrkc42qr2-geos-musl-static-aarch64-unknown-linux-musl-3.14.1/lib/libgeos.a(Writer.cpp.o) is incompatible with elf_x86_64
          ld.lld: error: /nix/store/qni14mgn2xckca94pp75zi0lrkc42qr2-geos-musl-static-aarch64-unknown-linux-musl-3.14.1/lib/libgeos.a(ExtractLineByLocation.cpp.o) is incompatible with elf_x86_64
          ld.lld: error: /nix/store/qni14mgn2xckca94pp75zi0lrkc42qr2-geos-musl-static-aarch64-unknown-linux-musl-3.14.1/lib/libgeos.a(LengthIndexOfPoint.cpp.o) is incompatible with elf_x86_64
          ld.lld: error: /nix/store/qni14mgn2xckca94pp75zi0lrkc42qr2-geos-musl-static-aarch64-unknown-linux-musl-3.14.1/lib/libgeos.a(LengthIndexedLine.cpp.o) is incompatible with elf_x86_64
          ld.lld: error: /nix/store/qni14mgn2xckca94pp75zi0lrkc42qr2-geos-musl-static-aarch64-unknown-linux-musl-3.14.1/lib/libgeos.a(LengthLocationMap.cpp.o) is incompatible with elf_x86_64
          ld.lld: error: /nix/store/qni14mgn2xckca94pp75zi0lrkc42qr2-geos-musl-static-aarch64-unknown-linux-musl-3.14.1/lib/libgeos.a(LinearGeometryBuilder.cpp.o) is incompatible with elf_x86_64
          ld.lld: error: /nix/store/qni14mgn2xckca94pp75zi0lrkc42qr2-geos-musl-static-aarch64-unknown-linux-musl-3.14.1/lib/libgeos.a(LinearIterator.cpp.o) is incompatible with elf_x86_64
          ld.lld: error: /nix/store/qni14mgn2xckca94pp75zi0lrkc42qr2-geos-musl-static-aarch64-unknown-linux-musl-3.14.1/lib/libgeos.a(LinearLocation.cpp.o) is incompatible with elf_x86_64
          ld.lld: error: /nix/store/qni14mgn2xckca94pp75zi0lrkc42qr2-geos-musl-static-aarch64-unknown-linux-musl-3.14.1/lib/libgeos.a(LocationIndexOfLine.cpp.o) is incompatible with elf_x86_64
          ld.lld: error: /nix/store/qni14mgn2xckca94pp75zi0lrkc42qr2-geos-musl-static-aarch64-unknown-linux-musl-3.14.1/lib/libgeos.a(LocationIndexOfPoint.cpp.o) is incompatible with elf_x86_64
          ld.lld: error: /nix/store/qni14mgn2xckca94pp75zi0lrkc42qr2-geos-musl-static-aarch64-unknown-linux-musl-3.14.1/lib/libgeos.a(DD.cpp.o) is incompatible with elf_x86_64
          ld.lld: error: /nix/store/qni14mgn2xckca94pp75zi0lrkc42qr2-geos-musl-static-aarch64-unknown-linux-musl-3.14.1/lib/libgeos.a(BasicSegmentString.cpp.o) is incompatible with elf_x86_64
          ld.lld: error: /nix/store/qni14mgn2xckca94pp75zi0lrkc42qr2-geos-musl-static-aarch64-unknown-linux-musl-3.14.1/lib/libgeos.a(BoundaryChainNoder.cpp.o) is incompatible with elf_x86_64
          ld.lld: error: /nix/store/qni14mgn2xckca94pp75zi0lrkc42qr2-geos-musl-static-aarch64-unknown-linux-musl-3.14.1/lib/libgeos.a(FastNodingValidator.cpp.o) is incompatible with elf_x86_64
          ld.lld: error: /nix/store/qni14mgn2xckca94pp75zi0lrkc42qr2-geos-musl-static-aarch64-unknown-linux-musl-3.14.1/lib/libgeos.a(FastSegmentSetIntersectionFinder.cpp.o) is incompatible with elf_x86_64
          ld.lld: error: /nix/store/qni14mgn2xckca94pp75zi0lrkc42qr2-geos-musl-static-aarch64-unknown-linux-musl-3.14.1/lib/libgeos.a(GeometryNoder.cpp.o) is incompatible with elf_x86_64
          ld.lld: error: /nix/store/qni14mgn2xckca94pp75zi0lrkc42qr2-geos-musl-static-aarch64-unknown-linux-musl-3.14.1/lib/libgeos.a(IntersectionAdder.cpp.o) is incompatible with elf_x86_64
          ld.lld: error: /nix/store/qni14mgn2xckca94pp75zi0lrkc42qr2-geos-musl-static-aarch64-unknown-linux-musl-3.14.1/lib/libgeos.a(IntersectionFinderAdder.cpp.o) is incompatible with elf_x86_64
          ld.lld: error: /nix/store/qni14mgn2xckca94pp75zi0lrkc42qr2-geos-musl-static-aarch64-unknown-linux-musl-3.14.1/lib/libgeos.a(IteratedNoder.cpp.o) is incompatible with elf_x86_64
          ld.lld: error: /nix/store/qni14mgn2xckca94pp75zi0lrkc42qr2-geos-musl-static-aarch64-unknown-linux-musl-3.14.1/lib/libgeos.a(MCIndexNoder.cpp.o) is incompatible with elf_x86_64
          ld.lld: error: /nix/store/qni14mgn2xckca94pp75zi0lrkc42qr2-geos-musl-static-aarch64-unknown-linux-musl-3.14.1/lib/libgeos.a(MCIndexSegmentSetMutualIntersector.cpp.o) is incompatible with elf_x86_64
          ld.lld: error: /nix/store/qni14mgn2xckca94pp75zi0lrkc42qr2-geos-musl-static-aarch64-unknown-linux-musl-3.14.1/lib/libgeos.a(NodedSegmentString.cpp.o) is incompatible with elf_x86_64
          ld.lld: error: /nix/store/qni14mgn2xckca94pp75zi0lrkc42qr2-geos-musl-static-aarch64-unknown-linux-musl-3.14.1/lib/libgeos.a(NodingIntersectionFinder.cpp.o) is incompatible with elf_x86_64
          ld.lld: error: /nix/store/qni14mgn2xckca94pp75zi0lrkc42qr2-geos-musl-static-aarch64-unknown-linux-musl-3.14.1/lib/libgeos.a(NodingValidator.cpp.o) is incompatible with elf_x86_64
          ld.lld: error: /nix/store/qni14mgn2xckca94pp75zi0lrkc42qr2-geos-musl-static-aarch64-unknown-linux-musl-3.14.1/lib/libgeos.a(Octant.cpp.o) is incompatible with elf_x86_64
          ld.lld: error: /nix/store/qni14mgn2xckca94pp75zi0lrkc42qr2-geos-musl-static-aarch64-unknown-linux-musl-3.14.1/lib/libgeos.a(OrientedCoordinateArray.cpp.o) is incompatible with elf_x86_64
          ld.lld: error: /nix/store/qni14mgn2xckca94pp75zi0lrkc42qr2-geos-musl-static-aarch64-unknown-linux-musl-3.14.1/lib/libgeos.a(ScaledNoder.cpp.o) is incompatible with elf_x86_64
          ld.lld: error: /nix/store/qni14mgn2xckca94pp75zi0lrkc42qr2-geos-musl-static-aarch64-unknown-linux-musl-3.14.1/lib/libgeos.a(SegmentExtractingNoder.cpp.o) is incompatible with elf_x86_64
          ld.lld: error: /nix/store/qni14mgn2xckca94pp75zi0lrkc42qr2-geos-musl-static-aarch64-unknown-linux-musl-3.14.1/lib/libgeos.a(SegmentIntersectionDetector.cpp.o) is incompatible with elf_x86_64
          ld.lld: error: /nix/store/qni14mgn2xckca94pp75zi0lrkc42qr2-geos-musl-static-aarch64-unknown-linux-musl-3.14.1/lib/libgeos.a(SegmentNode.cpp.o) is incompatible with elf_x86_64
          ld.lld: error: /nix/store/qni14mgn2xckca94pp75zi0lrkc42qr2-geos-musl-static-aarch64-unknown-linux-musl-3.14.1/lib/libgeos.a(SegmentNodeList.cpp.o) is incompatible with elf_x86_64
          ld.lld: error: /nix/store/qni14mgn2xckca94pp75zi0lrkc42qr2-geos-musl-static-aarch64-unknown-linux-musl-3.14.1/lib/libgeos.a(SegmentString.cpp.o) is incompatible with elf_x86_64
          ld.lld: error: /nix/store/qni14mgn2xckca94pp75zi0lrkc42qr2-geos-musl-static-aarch64-unknown-linux-musl-3.14.1/lib/libgeos.a(SegmentStringUtil.cpp.o) is incompatible with elf_x86_64
          ld.lld: error: /nix/store/qni14mgn2xckca94pp75zi0lrkc42qr2-geos-musl-static-aarch64-unknown-linux-musl-3.14.1/lib/libgeos.a(SimpleNoder.cpp.o) is incompatible with elf_x86_64
          ld.lld: error: /nix/store/qni14mgn2xckca94pp75zi0lrkc42qr2-geos-musl-static-aarch64-unknown-linux-musl-3.14.1/lib/libgeos.a(ValidatingNoder.cpp.o) is incompatible with elf_x86_64
          ld.lld: error: /nix/store/qni14mgn2xckca94pp75zi0lrkc42qr2-geos-musl-static-aarch64-unknown-linux-musl-3.14.1/lib/libgeos.a(SnappingIntersectionAdder.cpp.o) is incompatible with elf_x86_64
          ld.lld: error: /nix/store/qni14mgn2xckca94pp75zi0lrkc42qr2-geos-musl-static-aarch64-unknown-linux-musl-3.14.1/lib/libgeos.a(SnappingNoder.cpp.o) is incompatible with elf_x86_64
          ld.lld: error: /nix/store/qni14mgn2xckca94pp75zi0lrkc42qr2-geos-musl-static-aarch64-unknown-linux-musl-3.14.1/lib/libgeos.a(SnappingPointIndex.cpp.o) is incompatible with elf_x86_64
          ld.lld: error: /nix/store/qni14mgn2xckca94pp75zi0lrkc42qr2-geos-musl-static-aarch64-unknown-linux-musl-3.14.1/lib/libgeos.a(HotPixel.cpp.o) is incompatible with elf_x86_64
          ld.lld: error: /nix/store/qni14mgn2xckca94pp75zi0lrkc42qr2-geos-musl-static-aarch64-unknown-linux-musl-3.14.1/lib/libgeos.a(HotPixelIndex.cpp.o) is incompatible with elf_x86_64
          ld.lld: error: /nix/store/qni14mgn2xckca94pp75zi0lrkc42qr2-geos-musl-static-aarch64-unknown-linux-musl-3.14.1/lib/libgeos.a(MCIndexPointSnapper.cpp.o) is incompatible with elf_x86_64
          ld.lld: error: /nix/store/qni14mgn2xckca94pp75zi0lrkc42qr2-geos-musl-static-aarch64-unknown-linux-musl-3.14.1/lib/libgeos.a(MCIndexSnapRounder.cpp.o) is incompatible with elf_x86_64
          ld.lld: error: /nix/store/qni14mgn2xckca94pp75zi0lrkc42qr2-geos-musl-static-aarch64-unknown-linux-musl-3.14.1/lib/libgeos.a(SnapRoundingIntersectionAdder.cpp.o) is incompatible with elf_x86_64
          ld.lld: error: /nix/store/qni14mgn2xckca94pp75zi0lrkc42qr2-geos-musl-static-aarch64-unknown-linux-musl-3.14.1/lib/libgeos.a(SnapRoundingNoder.cpp.o) is incompatible with elf_x86_64
          ld.lld: error: /nix/store/qni14mgn2xckca94pp75zi0lrkc42qr2-geos-musl-static-aarch64-unknown-linux-musl-3.14.1/lib/libgeos.a(BoundaryOp.cpp.o) is incompatible with elf_x86_64
          ld.lld: error: /nix/store/qni14mgn2xckca94pp75zi0lrkc42qr2-geos-musl-static-aarch64-unknown-linux-musl-3.14.1/lib/libgeos.a(GeometryGraphOperation.cpp.o) is incompatible with elf_x86_64
          ld.lld: error: /nix/store/qni14mgn2xckca94pp75zi0lrkc42qr2-geos-musl-static-aarch64-unknown-linux-musl-3.14.1/lib/libgeos.a(BufferBuilder.cpp.o) is incompatible with elf_x86_64
          ld.lld: error: /nix/store/qni14mgn2xckca94pp75zi0lrkc42qr2-geos-musl-static-aarch64-unknown-linux-musl-3.14.1/lib/libgeos.a(BufferCurveSetBuilder.cpp.o) is incompatible with elf_x86_64
          ld.lld: error: /nix/store/qni14mgn2xckca94pp75zi0lrkc42qr2-geos-musl-static-aarch64-unknown-linux-musl-3.14.1/lib/libgeos.a(BufferInputLineSimplifier.cpp.o) is incompatible with elf_x86_64
          ld.lld: error: /nix/store/qni14mgn2xckca94pp75zi0lrkc42qr2-geos-musl-static-aarch64-unknown-linux-musl-3.14.1/lib/libgeos.a(BufferNodeFactory.cpp.o) is incompatible with elf_x86_64
          ld.lld: error: /nix/store/qni14mgn2xckca94pp75zi0lrkc42qr2-geos-musl-static-aarch64-unknown-linux-musl-3.14.1/lib/libgeos.a(BufferOp.cpp.o) is incompatible with elf_x86_64
          ld.lld: error: /nix/store/qni14mgn2xckca94pp75zi0lrkc42qr2-geos-musl-static-aarch64-unknown-linux-musl-3.14.1/lib/libgeos.a(BufferParameters.cpp.o) is incompatible with elf_x86_64
          ld.lld: error: /nix/store/qni14mgn2xckca94pp75zi0lrkc42qr2-geos-musl-static-aarch64-unknown-linux-musl-3.14.1/lib/libgeos.a(BufferSubgraph.cpp.o) is incompatible with elf_x86_64
          ld.lld: error: /nix/store/qni14mgn2xckca94pp75zi0lrkc42qr2-geos-musl-static-aarch64-unknown-linux-musl-3.14.1/lib/libgeos.a(MaximalEdgeRing.cpp.o) is incompatible with elf_x86_64
          ld.lld: error: /nix/store/qni14mgn2xckca94pp75zi0lrkc42qr2-geos-musl-static-aarch64-unknown-linux-musl-3.14.1/lib/libgeos.a(MinimalEdgeRing.cpp.o) is incompatible with elf_x86_64
          ld.lld: error: /nix/store/qni14mgn2xckca94pp75zi0lrkc42qr2-geos-musl-static-aarch64-unknown-linux-musl-3.14.1/lib/libgeos.a(OffsetCurve.cpp.o) is incompatible with elf_x86_64
          ld.lld: error: /nix/store/qni14mgn2xckca94pp75zi0lrkc42qr2-geos-musl-static-aarch64-unknown-linux-musl-3.14.1/lib/libgeos.a(OffsetCurveBuilder.cpp.o) is incompatible with elf_x86_64
          ld.lld: error: /nix/store/qni14mgn2xckca94pp75zi0lrkc42qr2-geos-musl-static-aarch64-unknown-linux-musl-3.14.1/lib/libgeos.a(OffsetCurveSection.cpp.o) is incompatible with elf_x86_64
          ld.lld: error: /nix/store/qni14mgn2xckca94pp75zi0lrkc42qr2-geos-musl-static-aarch64-unknown-linux-musl-3.14.1/lib/libgeos.a(OffsetSegmentGenerator.cpp.o) is incompatible with elf_x86_64
          ld.lld: error: /nix/store/qni14mgn2xckca94pp75zi0lrkc42qr2-geos-musl-static-aarch64-unknown-linux-musl-3.14.1/lib/libgeos.a(PolygonBuilder.cpp.o) is incompatible with elf_x86_64
          ld.lld: error: /nix/store/qni14mgn2xckca94pp75zi0lrkc42qr2-geos-musl-static-aarch64-unknown-linux-musl-3.14.1/lib/libgeos.a(RightmostEdgeFinder.cpp.o) is incompatible with elf_x86_64
          ld.lld: error: /nix/store/qni14mgn2xckca94pp75zi0lrkc42qr2-geos-musl-static-aarch64-unknown-linux-musl-3.14.1/lib/libgeos.a(SegmentMCIndex.cpp.o) is incompatible with elf_x86_64
          ld.lld: error: /nix/store/qni14mgn2xckca94pp75zi0lrkc42qr2-geos-musl-static-aarch64-unknown-linux-musl-3.14.1/lib/libgeos.a(SubgraphDepthLocater.cpp.o) is incompatible with elf_x86_64
          ld.lld: error: /nix/store/qni14mgn2xckca94pp75zi0lrkc42qr2-geos-musl-static-aarch64-unknown-linux-musl-3.14.1/lib/libgeos.a(AbstractClusterFinder.cpp.o) is incompatible with elf_x86_64
          ld.lld: error: /nix/store/qni14mgn2xckca94pp75zi0lrkc42qr2-geos-musl-static-aarch64-unknown-linux-musl-3.14.1/lib/libgeos.a(Clusters.cpp.o) is incompatible with elf_x86_64
          ld.lld: error: /nix/store/qni14mgn2xckca94pp75zi0lrkc42qr2-geos-musl-static-aarch64-unknown-linux-musl-3.14.1/lib/libgeos.a(DBSCANClusterFinder.cpp.o) is incompatible with elf_x86_64
          ld.lld: error: /nix/store/qni14mgn2xckca94pp75zi0lrkc42qr2-geos-musl-static-aarch64-unknown-linux-musl-3.14.1/lib/libgeos.a(GeometryFlattener.cpp.o) is incompatible with elf_x86_64
          ld.lld: error: /nix/store/qni14mgn2xckca94pp75zi0lrkc42qr2-geos-musl-static-aarch64-unknown-linux-musl-3.14.1/lib/libgeos.a(UnionFind.cpp.o) is incompatible with elf_x86_64
          ld.lld: error: /nix/store/qni14mgn2xckca94pp75zi0lrkc42qr2-geos-musl-static-aarch64-unknown-linux-musl-3.14.1/lib/libgeos.a(ConnectedElementLocationFilter.cpp.o) is incompatible with elf_x86_64
          ld.lld: error: /nix/store/qni14mgn2xckca94pp75zi0lrkc42qr2-geos-musl-static-aarch64-unknown-linux-musl-3.14.1/lib/libgeos.a(ConnectedElementPointFilter.cpp.o) is incompatible with elf_x86_64
          ld.lld: error: /nix/store/qni14mgn2xckca94pp75zi0lrkc42qr2-geos-musl-static-aarch64-unknown-linux-musl-3.14.1/lib/libgeos.a(DistanceOp.cpp.o) is incompatible with elf_x86_64
          ld.lld: error: /nix/store/qni14mgn2xckca94pp75zi0lrkc42qr2-geos-musl-static-aarch64-unknown-linux-musl-3.14.1/lib/libgeos.a(FacetSequence.cpp.o) is incompatible with elf_x86_64
          ld.lld: error: /nix/store/qni14mgn2xckca94pp75zi0lrkc42qr2-geos-musl-static-aarch64-unknown-linux-musl-3.14.1/lib/libgeos.a(FacetSequenceTreeBuilder.cpp.o) is incompatible with elf_x86_64
          ld.lld: error: /nix/store/qni14mgn2xckca94pp75zi0lrkc42qr2-geos-musl-static-aarch64-unknown-linux-musl-3.14.1/lib/libgeos.a(GeometryLocation.cpp.o) is incompatible with elf_x86_64
          ld.lld: error: /nix/store/qni14mgn2xckca94pp75zi0lrkc42qr2-geos-musl-static-aarch64-unknown-linux-musl-3.14.1/lib/libgeos.a(IndexedFacetDistance.cpp.o) is incompatible with elf_x86_64
          ld.lld: error: /nix/store/qni14mgn2xckca94pp75zi0lrkc42qr2-geos-musl-static-aarch64-unknown-linux-musl-3.14.1/lib/libgeos.a(Cell.cpp.o) is incompatible with elf_x86_64
          ld.lld: error: /nix/store/qni14mgn2xckca94pp75zi0lrkc42qr2-geos-musl-static-aarch64-unknown-linux-musl-3.14.1/lib/libgeos.a(FloodFill.cpp.o) is incompatible with elf_x86_64
          ld.lld: error: /nix/store/qni14mgn2xckca94pp75zi0lrkc42qr2-geos-musl-static-aarch64-unknown-linux-musl-3.14.1/lib/libgeos.a(Grid.cpp.o) is incompatible with elf_x86_64
          ld.lld: error: /nix/store/qni14mgn2xckca94pp75zi0lrkc42qr2-geos-musl-static-aarch64-unknown-linux-musl-3.14.1/lib/libgeos.a(GridIntersection.cpp.o) is incompatible with elf_x86_64
          ld.lld: error: /nix/store/qni14mgn2xckca94pp75zi0lrkc42qr2-geos-musl-static-aarch64-unknown-linux-musl-3.14.1/lib/libgeos.a(PerimeterDistance.cpp.o) is incompatible with elf_x86_64
          ld.lld: error: /nix/store/qni14mgn2xckca94pp75zi0lrkc42qr2-geos-musl-static-aarch64-unknown-linux-musl-3.14.1/lib/libgeos.a(Traversal.cpp.o) is incompatible with elf_x86_64
          ld.lld: error: /nix/store/qni14mgn2xckca94pp75zi0lrkc42qr2-geos-musl-static-aarch64-unknown-linux-musl-3.14.1/lib/libgeos.a(TraversalAreas.cpp.o) is incompatible with elf_x86_64
          ld.lld: error: /nix/store/qni14mgn2xckca94pp75zi0lrkc42qr2-geos-musl-static-aarch64-unknown-linux-musl-3.14.1/lib/libgeos.a(Rectangle.cpp.o) is incompatible with elf_x86_64
          ld.lld: error: /nix/store/qni14mgn2xckca94pp75zi0lrkc42qr2-geos-musl-static-aarch64-unknown-linux-musl-3.14.1/lib/libgeos.a(RectangleIntersection.cpp.o) is incompatible with elf_x86_64
          ld.lld: error: /nix/store/qni14mgn2xckca94pp75zi0lrkc42qr2-geos-musl-static-aarch64-unknown-linux-musl-3.14.1/lib/libgeos.a(RectangleIntersectionBuilder.cpp.o) is incompatible with elf_x86_64
          ld.lld: error: /nix/store/qni14mgn2xckca94pp75zi0lrkc42qr2-geos-musl-static-aarch64-unknown-linux-musl-3.14.1/lib/libgeos.a(EdgeString.cpp.o) is incompatible with elf_x86_64
          ld.lld: error: /nix/store/qni14mgn2xckca94pp75zi0lrkc42qr2-geos-musl-static-aarch64-unknown-linux-musl-3.14.1/lib/libgeos.a(LineMergeDirectedEdge.cpp.o) is incompatible with elf_x86_64
          ld.lld: error: /nix/store/qni14mgn2xckca94pp75zi0lrkc42qr2-geos-musl-static-aarch64-unknown-linux-musl-3.14.1/lib/libgeos.a(LineMergeEdge.cpp.o) is incompatible with elf_x86_64
          ld.lld: error: /nix/store/qni14mgn2xckca94pp75zi0lrkc42qr2-geos-musl-static-aarch64-unknown-linux-musl-3.14.1/lib/libgeos.a(LineMergeGraph.cpp.o) is incompatible with elf_x86_64
          ld.lld: error: /nix/store/qni14mgn2xckca94pp75zi0lrkc42qr2-geos-musl-static-aarch64-unknown-linux-musl-3.14.1/lib/libgeos.a(LineMerger.cpp.o) is incompatible with elf_x86_64
          ld.lld: error: /nix/store/qni14mgn2xckca94pp75zi0lrkc42qr2-geos-musl-static-aarch64-unknown-linux-musl-3.14.1/lib/libgeos.a(LineSequencer.cpp.o) is incompatible with elf_x86_64
          ld.lld: error: /nix/store/qni14mgn2xckca94pp75zi0lrkc42qr2-geos-musl-static-aarch64-unknown-linux-musl-3.14.1/lib/libgeos.a(GeometrySnapper.cpp.o) is incompatible with elf_x86_64
          ld.lld: error: /nix/store/qni14mgn2xckca94pp75zi0lrkc42qr2-geos-musl-static-aarch64-unknown-linux-musl-3.14.1/lib/libgeos.a(LineStringSnapper.cpp.o) is incompatible with elf_x86_64
          ld.lld: error: /nix/store/qni14mgn2xckca94pp75zi0lrkc42qr2-geos-musl-static-aarch64-unknown-linux-musl-3.14.1/lib/libgeos.a(SnapOverlayOp.cpp.o) is incompatible with elf_x86_64
          ld.lld: error: /nix/store/qni14mgn2xckca94pp75zi0lrkc42qr2-geos-musl-static-aarch64-unknown-linux-musl-3.14.1/lib/libgeos.a(FuzzyPointLocator.cpp.o) is incompatible with elf_x86_64
          ld.lld: error: /nix/store/qni14mgn2xckca94pp75zi0lrkc42qr2-geos-musl-static-aarch64-unknown-linux-musl-3.14.1/lib/libgeos.a(OffsetPointGenerator.cpp.o) is incompatible with elf_x86_64
          ld.lld: error: /nix/store/qni14mgn2xckca94pp75zi0lrkc42qr2-geos-musl-static-aarch64-unknown-linux-musl-3.14.1/lib/libgeos.a(OverlayResultValidator.cpp.o) is incompatible with elf_x86_64
          ld.lld: error: /nix/store/qni14mgn2xckca94pp75zi0lrkc42qr2-geos-musl-static-aarch64-unknown-linux-musl-3.14.1/lib/libgeos.a(CoverageUnion.cpp.o) is incompatible with elf_x86_64
          ld.lld: error: /nix/store/qni14mgn2xckca94pp75zi0lrkc42qr2-geos-musl-static-aarch64-unknown-linux-musl-3.14.1/lib/libgeos.a(Edge.cpp.o) is incompatible with elf_x86_64
          ld.lld: error: /nix/store/qni14mgn2xckca94pp75zi0lrkc42qr2-geos-musl-static-aarch64-unknown-linux-musl-3.14.1/lib/libgeos.a(EdgeKey.cpp.o) is incompatible with elf_x86_64
          ld.lld: error: /nix/store/qni14mgn2xckca94pp75zi0lrkc42qr2-geos-musl-static-aarch64-unknown-linux-musl-3.14.1/lib/libgeos.a(EdgeMerger.cpp.o) is incompatible with elf_x86_64
          ld.lld: error: /nix/store/qni14mgn2xckca94pp75zi0lrkc42qr2-geos-musl-static-aarch64-unknown-linux-musl-3.14.1/lib/libgeos.a(EdgeNodingBuilder.cpp.o) is incompatible with elf_x86_64
          ld.lld: error: /nix/store/qni14mgn2xckca94pp75zi0lrkc42qr2-geos-musl-static-aarch64-unknown-linux-musl-3.14.1/lib/libgeos.a(EdgeSourceInfo.cpp.o) is incompatible with elf_x86_64
          ld.lld: error: /nix/store/qni14mgn2xckca94pp75zi0lrkc42qr2-geos-musl-static-aarch64-unknown-linux-musl-3.14.1/lib/libgeos.a(ElevationModel.cpp.o) is incompatible with elf_x86_64
          ld.lld: error: /nix/store/qni14mgn2xckca94pp75zi0lrkc42qr2-geos-musl-static-aarch64-unknown-linux-musl-3.14.1/lib/libgeos.a(IndexedPointOnLineLocator.cpp.o) is incompatible with elf_x86_64
          ld.lld: error: /nix/store/qni14mgn2xckca94pp75zi0lrkc42qr2-geos-musl-static-aarch64-unknown-linux-musl-3.14.1/lib/libgeos.a(InputGeometry.cpp.o) is incompatible with elf_x86_64
          ld.lld: error: /nix/store/qni14mgn2xckca94pp75zi0lrkc42qr2-geos-musl-static-aarch64-unknown-linux-musl-3.14.1/lib/libgeos.a(IntersectionPointBuilder.cpp.o) is incompatible with elf_x86_64
          ld.lld: error: /nix/store/qni14mgn2xckca94pp75zi0lrkc42qr2-geos-musl-static-aarch64-unknown-linux-musl-3.14.1/lib/libgeos.a(LineBuilder.cpp.o) is incompatible with elf_x86_64
          ld.lld: error: /nix/store/qni14mgn2xckca94pp75zi0lrkc42qr2-geos-musl-static-aarch64-unknown-linux-musl-3.14.1/lib/libgeos.a(LineLimiter.cpp.o) is incompatible with elf_x86_64
          ld.lld: error: /nix/store/qni14mgn2xckca94pp75zi0lrkc42qr2-geos-musl-static-aarch64-unknown-linux-musl-3.14.1/lib/libgeos.a(MaximalEdgeRing.cpp.o) is incompatible with elf_x86_64
          ld.lld: error: /nix/store/qni14mgn2xckca94pp75zi0lrkc42qr2-geos-musl-static-aarch64-unknown-linux-musl-3.14.1/lib/libgeos.a(OverlayEdge.cpp.o) is incompatible with elf_x86_64
          ld.lld: error: /nix/store/qni14mgn2xckca94pp75zi0lrkc42qr2-geos-musl-static-aarch64-unknown-linux-musl-3.14.1/lib/libgeos.a(OverlayEdgeRing.cpp.o) is incompatible with elf_x86_64
          ld.lld: error: /nix/store/qni14mgn2xckca94pp75zi0lrkc42qr2-geos-musl-static-aarch64-unknown-linux-musl-3.14.1/lib/libgeos.a(OverlayGraph.cpp.o) is incompatible with elf_x86_64
          ld.lld: error: /nix/store/qni14mgn2xckca94pp75zi0lrkc42qr2-geos-musl-static-aarch64-unknown-linux-musl-3.14.1/lib/libgeos.a(OverlayLabel.cpp.o) is incompatible with elf_x86_64
          ld.lld: error: /nix/store/qni14mgn2xckca94pp75zi0lrkc42qr2-geos-musl-static-aarch64-unknown-linux-musl-3.14.1/lib/libgeos.a(OverlayLabeller.cpp.o) is incompatible with elf_x86_64
          ld.lld: error: /nix/store/qni14mgn2xckca94pp75zi0lrkc42qr2-geos-musl-static-aarch64-unknown-linux-musl-3.14.1/lib/libgeos.a(OverlayMixedPoints.cpp.o) is incompatible with elf_x86_64
          ld.lld: error: /nix/store/qni14mgn2xckca94pp75zi0lrkc42qr2-geos-musl-static-aarch64-unknown-linux-musl-3.14.1/lib/libgeos.a(OverlayNG.cpp.o) is incompatible with elf_x86_64
          ld.lld: error: /nix/store/qni14mgn2xckca94pp75zi0lrkc42qr2-geos-musl-static-aarch64-unknown-linux-musl-3.14.1/lib/libgeos.a(OverlayNGRobust.cpp.o) is incompatible with elf_x86_64
          ld.lld: error: /nix/store/qni14mgn2xckca94pp75zi0lrkc42qr2-geos-musl-static-aarch64-unknown-linux-musl-3.14.1/lib/libgeos.a(OverlayPoints.cpp.o) is incompatible with elf_x86_64
          ld.lld: error: /nix/store/qni14mgn2xckca94pp75zi0lrkc42qr2-geos-musl-static-aarch64-unknown-linux-musl-3.14.1/lib/libgeos.a(OverlayUtil.cpp.o) is incompatible with elf_x86_64
          ld.lld: error: /nix/store/qni14mgn2xckca94pp75zi0lrkc42qr2-geos-musl-static-aarch64-unknown-linux-musl-3.14.1/lib/libgeos.a(PolygonBuilder.cpp.o) is incompatible with elf_x86_64
          ld.lld: error: /nix/store/qni14mgn2xckca94pp75zi0lrkc42qr2-geos-musl-static-aarch64-unknown-linux-musl-3.14.1/lib/libgeos.a(PrecisionReducer.cpp.o) is incompatible with elf_x86_64
          ld.lld: error: /nix/store/qni14mgn2xckca94pp75zi0lrkc42qr2-geos-musl-static-aarch64-unknown-linux-musl-3.14.1/lib/libgeos.a(PrecisionUtil.cpp.o) is incompatible with elf_x86_64
          ld.lld: error: /nix/store/qni14mgn2xckca94pp75zi0lrkc42qr2-geos-musl-static-aarch64-unknown-linux-musl-3.14.1/lib/libgeos.a(RingClipper.cpp.o) is incompatible with elf_x86_64
          ld.lld: error: /nix/store/qni14mgn2xckca94pp75zi0lrkc42qr2-geos-musl-static-aarch64-unknown-linux-musl-3.14.1/lib/libgeos.a(RobustClipEnvelopeComputer.cpp.o) is incompatible with elf_x86_64
          ld.lld: error: /nix/store/qni14mgn2xckca94pp75zi0lrkc42qr2-geos-musl-static-aarch64-unknown-linux-musl-3.14.1/lib/libgeos.a(UnaryUnionNG.cpp.o) is incompatible with elf_x86_64
          ld.lld: error: /nix/store/qni14mgn2xckca94pp75zi0lrkc42qr2-geos-musl-static-aarch64-unknown-linux-musl-3.14.1/lib/libgeos.a(BuildArea.cpp.o) is incompatible with elf_x86_64
          ld.lld: error: /nix/store/qni14mgn2xckca94pp75zi0lrkc42qr2-geos-musl-static-aarch64-unknown-linux-musl-3.14.1/lib/libgeos.a(EdgeRing.cpp.o) is incompatible with elf_x86_64
          ld.lld: error: /nix/store/qni14mgn2xckca94pp75zi0lrkc42qr2-geos-musl-static-aarch64-unknown-linux-musl-3.14.1/lib/libgeos.a(HoleAssigner.cpp.o) is incompatible with elf_x86_64
          ld.lld: error: /nix/store/qni14mgn2xckca94pp75zi0lrkc42qr2-geos-musl-static-aarch64-unknown-linux-musl-3.14.1/lib/libgeos.a(PolygonizeDirectedEdge.cpp.o) is incompatible with elf_x86_64
          ld.lld: error: /nix/store/qni14mgn2xckca94pp75zi0lrkc42qr2-geos-musl-static-aarch64-unknown-linux-musl-3.14.1/lib/libgeos.a(PolygonizeEdge.cpp.o) is incompatible with elf_x86_64
          ld.lld: error: /nix/store/qni14mgn2xckca94pp75zi0lrkc42qr2-geos-musl-static-aarch64-unknown-linux-musl-3.14.1/lib/libgeos.a(PolygonizeGraph.cpp.o) is incompatible with elf_x86_64
          ld.lld: error: /nix/store/qni14mgn2xckca94pp75zi0lrkc42qr2-geos-musl-static-aarch64-unknown-linux-musl-3.14.1/lib/libgeos.a(Polygonizer.cpp.o) is incompatible with elf_x86_64
          ld.lld: error: /nix/store/qni14mgn2xckca94pp75zi0lrkc42qr2-geos-musl-static-aarch64-unknown-linux-musl-3.14.1/lib/libgeos.a(RectangleContains.cpp.o) is incompatible with elf_x86_64
          ld.lld: error: /nix/store/qni14mgn2xckca94pp75zi0lrkc42qr2-geos-musl-static-aarch64-unknown-linux-musl-3.14.1/lib/libgeos.a(RectangleIntersects.cpp.o) is incompatible with elf_x86_64
          ld.lld: error: /nix/store/qni14mgn2xckca94pp75zi0lrkc42qr2-geos-musl-static-aarch64-unknown-linux-musl-3.14.1/lib/libgeos.a(SegmentIntersectionTester.cpp.o) is incompatible with elf_x86_64
          ld.lld: error: /nix/store/qni14mgn2xckca94pp75zi0lrkc42qr2-geos-musl-static-aarch64-unknown-linux-musl-3.14.1/lib/libgeos.a(EdgeEndBuilder.cpp.o) is incompatible with elf_x86_64
          ld.lld: error: /nix/store/qni14mgn2xckca94pp75zi0lrkc42qr2-geos-musl-static-aarch64-unknown-linux-musl-3.14.1/lib/libgeos.a(EdgeEndBundle.cpp.o) is incompatible with elf_x86_64
          ld.lld: error: /nix/store/qni14mgn2xckca94pp75zi0lrkc42qr2-geos-musl-static-aarch64-unknown-linux-musl-3.14.1/lib/libgeos.a(EdgeEndBundleStar.cpp.o) is incompatible with elf_x86_64
          ld.lld: error: /nix/store/qni14mgn2xckca94pp75zi0lrkc42qr2-geos-musl-static-aarch64-unknown-linux-musl-3.14.1/lib/libgeos.a(RelateComputer.cpp.o) is incompatible with elf_x86_64
          ld.lld: error: /nix/store/qni14mgn2xckca94pp75zi0lrkc42qr2-geos-musl-static-aarch64-unknown-linux-musl-3.14.1/lib/libgeos.a(RelateNode.cpp.o) is incompatible with elf_x86_64
          ld.lld: error: /nix/store/qni14mgn2xckca94pp75zi0lrkc42qr2-geos-musl-static-aarch64-unknown-linux-musl-3.14.1/lib/libgeos.a(RelateNodeFactory.cpp.o) is incompatible with elf_x86_64
          ld.lld: error: /nix/store/qni14mgn2xckca94pp75zi0lrkc42qr2-geos-musl-static-aarch64-unknown-linux-musl-3.14.1/lib/libgeos.a(RelateNodeGraph.cpp.o) is incompatible with elf_x86_64
          ld.lld: error: /nix/store/qni14mgn2xckca94pp75zi0lrkc42qr2-geos-musl-static-aarch64-unknown-linux-musl-3.14.1/lib/libgeos.a(RelateOp.cpp.o) is incompatible with elf_x86_64
          ld.lld: error: /nix/store/qni14mgn2xckca94pp75zi0lrkc42qr2-geos-musl-static-aarch64-unknown-linux-musl-3.14.1/lib/libgeos.a(AdjacentEdgeLocator.cpp.o) is incompatible with elf_x86_64
          ld.lld: error: /nix/store/qni14mgn2xckca94pp75zi0lrkc42qr2-geos-musl-static-aarch64-unknown-linux-musl-3.14.1/lib/libgeos.a(BasicPredicate.cpp.o) is incompatible with elf_x86_64
          ld.lld: error: /nix/store/qni14mgn2xckca94pp75zi0lrkc42qr2-geos-musl-static-aarch64-unknown-linux-musl-3.14.1/lib/libgeos.a(DimensionLocation.cpp.o) is incompatible with elf_x86_64
          ld.lld: error: /nix/store/qni14mgn2xckca94pp75zi0lrkc42qr2-geos-musl-static-aarch64-unknown-linux-musl-3.14.1/lib/libgeos.a(EdgeSegmentIntersector.cpp.o) is incompatible with elf_x86_64
          ld.lld: error: /nix/store/qni14mgn2xckca94pp75zi0lrkc42qr2-geos-musl-static-aarch64-unknown-linux-musl-3.14.1/lib/libgeos.a(EdgeSegmentOverlapAction.cpp.o) is incompatible with elf_x86_64
          ld.lld: error: /nix/store/qni14mgn2xckca94pp75zi0lrkc42qr2-geos-musl-static-aarch64-unknown-linux-musl-3.14.1/lib/libgeos.a(EdgeSetIntersector.cpp.o) is incompatible with elf_x86_64
          ld.lld: error: /nix/store/qni14mgn2xckca94pp75zi0lrkc42qr2-geos-musl-static-aarch64-unknown-linux-musl-3.14.1/lib/libgeos.a(IMPatternMatcher.cpp.o) is incompatible with elf_x86_64
          ld.lld: error: /nix/store/qni14mgn2xckca94pp75zi0lrkc42qr2-geos-musl-static-aarch64-unknown-linux-musl-3.14.1/lib/libgeos.a(IMPredicate.cpp.o) is incompatible with elf_x86_64
          ld.lld: error: /nix/store/qni14mgn2xckca94pp75zi0lrkc42qr2-geos-musl-static-aarch64-unknown-linux-musl-3.14.1/lib/libgeos.a(LineStringExtracter.cpp.o) is incompatible with elf_x86_64
          ld.lld: error: /nix/store/qni14mgn2xckca94pp75zi0lrkc42qr2-geos-musl-static-aarch64-unknown-linux-musl-3.14.1/lib/libgeos.a(LinearBoundary.cpp.o) is incompatible with elf_x86_64
          ld.lld: error: /nix/store/qni14mgn2xckca94pp75zi0lrkc42qr2-geos-musl-static-aarch64-unknown-linux-musl-3.14.1/lib/libgeos.a(NodeSection.cpp.o) is incompatible with elf_x86_64
          ld.lld: error: /nix/store/qni14mgn2xckca94pp75zi0lrkc42qr2-geos-musl-static-aarch64-unknown-linux-musl-3.14.1/lib/libgeos.a(NodeSections.cpp.o) is incompatible with elf_x86_64
          ld.lld: error: /nix/store/qni14mgn2xckca94pp75zi0lrkc42qr2-geos-musl-static-aarch64-unknown-linux-musl-3.14.1/lib/libgeos.a(PolygonNodeConverter.cpp.o) is incompatible with elf_x86_64
          ld.lld: error: /nix/store/qni14mgn2xckca94pp75zi0lrkc42qr2-geos-musl-static-aarch64-unknown-linux-musl-3.14.1/lib/libgeos.a(RelateEdge.cpp.o) is incompatible with elf_x86_64
          ld.lld: error: /nix/store/qni14mgn2xckca94pp75zi0lrkc42qr2-geos-musl-static-aarch64-unknown-linux-musl-3.14.1/lib/libgeos.a(RelateGeometry.cpp.o) is incompatible with elf_x86_64
          ld.lld: error: /nix/store/qni14mgn2xckca94pp75zi0lrkc42qr2-geos-musl-static-aarch64-unknown-linux-musl-3.14.1/lib/libgeos.a(RelateNG.cpp.o) is incompatible with elf_x86_64
          ld.lld: error: /nix/store/qni14mgn2xckca94pp75zi0lrkc42qr2-geos-musl-static-aarch64-unknown-linux-musl-3.14.1/lib/libgeos.a(RelateNode.cpp.o) is incompatible with elf_x86_64
          ld.lld: error: /nix/store/qni14mgn2xckca94pp75zi0lrkc42qr2-geos-musl-static-aarch64-unknown-linux-musl-3.14.1/lib/libgeos.a(RelatePointLocator.cpp.o) is incompatible with elf_x86_64
          ld.lld: error: /nix/store/qni14mgn2xckca94pp75zi0lrkc42qr2-geos-musl-static-aarch64-unknown-linux-musl-3.14.1/lib/libgeos.a(RelatePredicate.cpp.o) is incompatible with elf_x86_64
          ld.lld: error: /nix/store/qni14mgn2xckca94pp75zi0lrkc42qr2-geos-musl-static-aarch64-unknown-linux-musl-3.14.1/lib/libgeos.a(RelateSegmentString.cpp.o) is incompatible with elf_x86_64
          ld.lld: error: /nix/store/qni14mgn2xckca94pp75zi0lrkc42qr2-geos-musl-static-aarch64-unknown-linux-musl-3.14.1/lib/libgeos.a(TopologyComputer.cpp.o) is incompatible with elf_x86_64
          ld.lld: error: /nix/store/qni14mgn2xckca94pp75zi0lrkc42qr2-geos-musl-static-aarch64-unknown-linux-musl-3.14.1/lib/libgeos.a(SharedPathsOp.cpp.o) is incompatible with elf_x86_64
          ld.lld: error: /nix/store/qni14mgn2xckca94pp75zi0lrkc42qr2-geos-musl-static-aarch64-unknown-linux-musl-3.14.1/lib/libgeos.a(CascadedPolygonUnion.cpp.o) is incompatible with elf_x86_64
          ld.lld: error: /nix/store/qni14mgn2xckca94pp75zi0lrkc42qr2-geos-musl-static-aarch64-unknown-linux-musl-3.14.1/lib/libgeos.a(CoverageUnion.cpp.o) is incompatible with elf_x86_64
          ld.lld: error: /nix/store/qni14mgn2xckca94pp75zi0lrkc42qr2-geos-musl-static-aarch64-unknown-linux-musl-3.14.1/lib/libgeos.a(OverlapUnion.cpp.o) is incompatible with elf_x86_64
          ld.lld: error: /nix/store/qni14mgn2xckca94pp75zi0lrkc42qr2-geos-musl-static-aarch64-unknown-linux-musl-3.14.1/lib/libgeos.a(PointGeometryUnion.cpp.o) is incompatible with elf_x86_64
          ld.lld: error: /nix/store/qni14mgn2xckca94pp75zi0lrkc42qr2-geos-musl-static-aarch64-unknown-linux-musl-3.14.1/lib/libgeos.a(UnaryUnionOp.cpp.o) is incompatible with elf_x86_64
          ld.lld: error: /nix/store/qni14mgn2xckca94pp75zi0lrkc42qr2-geos-musl-static-aarch64-unknown-linux-musl-3.14.1/lib/libgeos.a(UnionStrategy.cpp.o) is incompatible with elf_x86_64
          ld.lld: error: /nix/store/qni14mgn2xckca94pp75zi0lrkc42qr2-geos-musl-static-aarch64-unknown-linux-musl-3.14.1/lib/libgeos.a(IndexedNestedHoleTester.cpp.o) is incompatible with elf_x86_64
          ld.lld: error: /nix/store/qni14mgn2xckca94pp75zi0lrkc42qr2-geos-musl-static-aarch64-unknown-linux-musl-3.14.1/lib/libgeos.a(IndexedNestedPolygonTester.cpp.o) is incompatible with elf_x86_64
          ld.lld: error: /nix/store/qni14mgn2xckca94pp75zi0lrkc42qr2-geos-musl-static-aarch64-unknown-linux-musl-3.14.1/lib/libgeos.a(IsSimpleOp.cpp.o) is incompatible with elf_x86_64
          ld.lld: error: /nix/store/qni14mgn2xckca94pp75zi0lrkc42qr2-geos-musl-static-aarch64-unknown-linux-musl-3.14.1/lib/libgeos.a(IsValidOp.cpp.o) is incompatible with elf_x86_64
          ld.lld: error: /nix/store/qni14mgn2xckca94pp75zi0lrkc42qr2-geos-musl-static-aarch64-unknown-linux-musl-3.14.1/lib/libgeos.a(MakeValid.cpp.o) is incompatible with elf_x86_64
          ld.lld: error: /nix/store/qni14mgn2xckca94pp75zi0lrkc42qr2-geos-musl-static-aarch64-unknown-linux-musl-3.14.1/lib/libgeos.a(PolygonIntersectionAnalyzer.cpp.o) is incompatible with elf_x86_64
          ld.lld: error: /nix/store/qni14mgn2xckca94pp75zi0lrkc42qr2-geos-musl-static-aarch64-unknown-linux-musl-3.14.1/lib/libgeos.a(PolygonRing.cpp.o) is incompatible with elf_x86_64
          ld.lld: error: /nix/store/qni14mgn2xckca94pp75zi0lrkc42qr2-geos-musl-static-aarch64-unknown-linux-musl-3.14.1/lib/libgeos.a(PolygonRingSelfNode.cpp.o) is incompatible with elf_x86_64
          ld.lld: error: /nix/store/qni14mgn2xckca94pp75zi0lrkc42qr2-geos-musl-static-aarch64-unknown-linux-musl-3.14.1/lib/libgeos.a(PolygonRingTouch.cpp.o) is incompatible with elf_x86_64
          ld.lld: error: /nix/store/qni14mgn2xckca94pp75zi0lrkc42qr2-geos-musl-static-aarch64-unknown-linux-musl-3.14.1/lib/libgeos.a(PolygonTopologyAnalyzer.cpp.o) is incompatible with elf_x86_64
          ld.lld: error: /nix/store/qni14mgn2xckca94pp75zi0lrkc42qr2-geos-musl-static-aarch64-unknown-linux-musl-3.14.1/lib/libgeos.a(RepeatedPointRemover.cpp.o) is incompatible with elf_x86_64
          ld.lld: error: /nix/store/qni14mgn2xckca94pp75zi0lrkc42qr2-geos-musl-static-aarch64-unknown-linux-musl-3.14.1/lib/libgeos.a(RepeatedPointTester.cpp.o) is incompatible with elf_x86_64
          ld.lld: error: /nix/store/qni14mgn2xckca94pp75zi0lrkc42qr2-geos-musl-static-aarch64-unknown-linux-musl-3.14.1/lib/libgeos.a(TopologyValidationError.cpp.o) is incompatible with elf_x86_64
          ld.lld: error: /nix/store/qni14mgn2xckca94pp75zi0lrkc42qr2-geos-musl-static-aarch64-unknown-linux-musl-3.14.1/lib/libgeos.a(DirectedEdge.cpp.o) is incompatible with elf_x86_64
          ld.lld: error: /nix/store/qni14mgn2xckca94pp75zi0lrkc42qr2-geos-musl-static-aarch64-unknown-linux-musl-3.14.1/lib/libgeos.a(DirectedEdgeStar.cpp.o) is incompatible with elf_x86_64
          ld.lld: error: /nix/store/qni14mgn2xckca94pp75zi0lrkc42qr2-geos-musl-static-aarch64-unknown-linux-musl-3.14.1/lib/libgeos.a(Edge.cpp.o) is incompatible with elf_x86_64
          ld.lld: error: /nix/store/qni14mgn2xckca94pp75zi0lrkc42qr2-geos-musl-static-aarch64-unknown-linux-musl-3.14.1/lib/libgeos.a(Node.cpp.o) is incompatible with elf_x86_64
          ld.lld: error: /nix/store/qni14mgn2xckca94pp75zi0lrkc42qr2-geos-musl-static-aarch64-unknown-linux-musl-3.14.1/lib/libgeos.a(NodeMap.cpp.o) is incompatible with elf_x86_64
          ld.lld: error: /nix/store/qni14mgn2xckca94pp75zi0lrkc42qr2-geos-musl-static-aarch64-unknown-linux-musl-3.14.1/lib/libgeos.a(PlanarGraph.cpp.o) is incompatible with elf_x86_64
          ld.lld: error: /nix/store/qni14mgn2xckca94pp75zi0lrkc42qr2-geos-musl-static-aarch64-unknown-linux-musl-3.14.1/lib/libgeos.a(Subgraph.cpp.o) is incompatible with elf_x86_64
          ld.lld: error: /nix/store/qni14mgn2xckca94pp75zi0lrkc42qr2-geos-musl-static-aarch64-unknown-linux-musl-3.14.1/lib/libgeos.a(ConnectedSubgraphFinder.cpp.o) is incompatible with elf_x86_64
          ld.lld: error: /nix/store/qni14mgn2xckca94pp75zi0lrkc42qr2-geos-musl-static-aarch64-unknown-linux-musl-3.14.1/lib/libgeos.a(CommonBits.cpp.o) is incompatible with elf_x86_64
          ld.lld: error: /nix/store/qni14mgn2xckca94pp75zi0lrkc42qr2-geos-musl-static-aarch64-unknown-linux-musl-3.14.1/lib/libgeos.a(CommonBitsOp.cpp.o) is incompatible with elf_x86_64
          ld.lld: error: /nix/store/qni14mgn2xckca94pp75zi0lrkc42qr2-geos-musl-static-aarch64-unknown-linux-musl-3.14.1/lib/libgeos.a(CommonBitsRemover.cpp.o) is incompatible with elf_x86_64
          ld.lld: error: /nix/store/qni14mgn2xckca94pp75zi0lrkc42qr2-geos-musl-static-aarch64-unknown-linux-musl-3.14.1/lib/libgeos.a(EnhancedPrecisionOp.cpp.o) is incompatible with elf_x86_64
          ld.lld: error: /nix/store/qni14mgn2xckca94pp75zi0lrkc42qr2-geos-musl-static-aarch64-unknown-linux-musl-3.14.1/lib/libgeos.a(GeometryPrecisionReducer.cpp.o) is incompatible with elf_x86_64
          ld.lld: error: /nix/store/qni14mgn2xckca94pp75zi0lrkc42qr2-geos-musl-static-aarch64-unknown-linux-musl-3.14.1/lib/libgeos.a(MinimumClearance.cpp.o) is incompatible with elf_x86_64
          ld.lld: error: /nix/store/qni14mgn2xckca94pp75zi0lrkc42qr2-geos-musl-static-aarch64-unknown-linux-musl-3.14.1/lib/libgeos.a(PointwisePrecisionReducerTransformer.cpp.o) is incompatible with elf_x86_64
          ld.lld: error: /nix/store/qni14mgn2xckca94pp75zi0lrkc42qr2-geos-musl-static-aarch64-unknown-linux-musl-3.14.1/lib/libgeos.a(PrecisionReducerTransformer.cpp.o) is incompatible with elf_x86_64
          ld.lld: error: /nix/store/qni14mgn2xckca94pp75zi0lrkc42qr2-geos-musl-static-aarch64-unknown-linux-musl-3.14.1/lib/libgeos.a(SimpleGeometryPrecisionReducer.cpp.o) is incompatible with elf_x86_64
          ld.lld: error: /nix/store/qni14mgn2xckca94pp75zi0lrkc42qr2-geos-musl-static-aarch64-unknown-linux-musl-3.14.1/lib/libgeos.a(HilbertCode.cpp.o) is incompatible with elf_x86_64
          ld.lld: error: /nix/store/qni14mgn2xckca94pp75zi0lrkc42qr2-geos-musl-static-aarch64-unknown-linux-musl-3.14.1/lib/libgeos.a(HilbertEncoder.cpp.o) is incompatible with elf_x86_64
          ld.lld: error: /nix/store/qni14mgn2xckca94pp75zi0lrkc42qr2-geos-musl-static-aarch64-unknown-linux-musl-3.14.1/lib/libgeos.a(MortonCode.cpp.o) is incompatible with elf_x86_64
          ld.lld: error: /nix/store/qni14mgn2xckca94pp75zi0lrkc42qr2-geos-musl-static-aarch64-unknown-linux-musl-3.14.1/lib/libgeos.a(ComponentJumpChecker.cpp.o) is incompatible with elf_x86_64
          ld.lld: error: /nix/store/qni14mgn2xckca94pp75zi0lrkc42qr2-geos-musl-static-aarch64-unknown-linux-musl-3.14.1/lib/libgeos.a(DouglasPeuckerLineSimplifier.cpp.o) is incompatible with elf_x86_64
          ld.lld: error: /nix/store/qni14mgn2xckca94pp75zi0lrkc42qr2-geos-musl-static-aarch64-unknown-linux-musl-3.14.1/lib/libgeos.a(DouglasPeuckerSimplifier.cpp.o) is incompatible with elf_x86_64
          ld.lld: error: /nix/store/qni14mgn2xckca94pp75zi0lrkc42qr2-geos-musl-static-aarch64-unknown-linux-musl-3.14.1/lib/libgeos.a(LineSegmentIndex.cpp.o) is incompatible with elf_x86_64
          ld.lld: error: /nix/store/qni14mgn2xckca94pp75zi0lrkc42qr2-geos-musl-static-aarch64-unknown-linux-musl-3.14.1/lib/libgeos.a(LinkedLine.cpp.o) is incompatible with elf_x86_64
          ld.lld: error: /nix/store/qni14mgn2xckca94pp75zi0lrkc42qr2-geos-musl-static-aarch64-unknown-linux-musl-3.14.1/lib/libgeos.a(LinkedRing.cpp.o) is incompatible with elf_x86_64
          ld.lld: error: /nix/store/qni14mgn2xckca94pp75zi0lrkc42qr2-geos-musl-static-aarch64-unknown-linux-musl-3.14.1/lib/libgeos.a(PolygonHullSimplifier.cpp.o) is incompatible with elf_x86_64
          ld.lld: error: /nix/store/qni14mgn2xckca94pp75zi0lrkc42qr2-geos-musl-static-aarch64-unknown-linux-musl-3.14.1/lib/libgeos.a(RingHull.cpp.o) is incompatible with elf_x86_64
          ld.lld: error: /nix/store/qni14mgn2xckca94pp75zi0lrkc42qr2-geos-musl-static-aarch64-unknown-linux-musl-3.14.1/lib/libgeos.a(RingHullIndex.cpp.o) is incompatible with elf_x86_64
          ld.lld: error: /nix/store/qni14mgn2xckca94pp75zi0lrkc42qr2-geos-musl-static-aarch64-unknown-linux-musl-3.14.1/lib/libgeos.a(TaggedLineSegment.cpp.o) is incompatible with elf_x86_64
          ld.lld: error: /nix/store/qni14mgn2xckca94pp75zi0lrkc42qr2-geos-musl-static-aarch64-unknown-linux-musl-3.14.1/lib/libgeos.a(TaggedLineString.cpp.o) is incompatible with elf_x86_64
          ld.lld: error: /nix/store/qni14mgn2xckca94pp75zi0lrkc42qr2-geos-musl-static-aarch64-unknown-linux-musl-3.14.1/lib/libgeos.a(TaggedLineStringSimplifier.cpp.o) is incompatible with elf_x86_64
          ld.lld: error: /nix/store/qni14mgn2xckca94pp75zi0lrkc42qr2-geos-musl-static-aarch64-unknown-linux-musl-3.14.1/lib/libgeos.a(TaggedLinesSimplifier.cpp.o) is incompatible with elf_x86_64
          ld.lld: error: /nix/store/qni14mgn2xckca94pp75zi0lrkc42qr2-geos-musl-static-aarch64-unknown-linux-musl-3.14.1/lib/libgeos.a(TopologyPreservingSimplifier.cpp.o) is incompatible with elf_x86_64
          ld.lld: error: /nix/store/qni14mgn2xckca94pp75zi0lrkc42qr2-geos-musl-static-aarch64-unknown-linux-musl-3.14.1/lib/libgeos.a(DelaunayTriangulationBuilder.cpp.o) is incompatible with elf_x86_64
          ld.lld: error: /nix/store/qni14mgn2xckca94pp75zi0lrkc42qr2-geos-musl-static-aarch64-unknown-linux-musl-3.14.1/lib/libgeos.a(IncrementalDelaunayTriangulator.cpp.o) is incompatible with elf_x86_64
          ld.lld: error: /nix/store/qni14mgn2xckca94pp75zi0lrkc42qr2-geos-musl-static-aarch64-unknown-linux-musl-3.14.1/lib/libgeos.a(VoronoiDiagramBuilder.cpp.o) is incompatible with elf_x86_64
          ld.lld: error: /nix/store/qni14mgn2xckca94pp75zi0lrkc42qr2-geos-musl-static-aarch64-unknown-linux-musl-3.14.1/lib/libgeos.a(ConstrainedDelaunayTriangulator.cpp.o) is incompatible with elf_x86_64
          ld.lld: error: /nix/store/qni14mgn2xckca94pp75zi0lrkc42qr2-geos-musl-static-aarch64-unknown-linux-musl-3.14.1/lib/libgeos.a(PolygonEarClipper.cpp.o) is incompatible with elf_x86_64
          ld.lld: error: /nix/store/qni14mgn2xckca94pp75zi0lrkc42qr2-geos-musl-static-aarch64-unknown-linux-musl-3.14.1/lib/libgeos.a(PolygonHoleJoiner.cpp.o) is incompatible with elf_x86_64
          ld.lld: error: /nix/store/qni14mgn2xckca94pp75zi0lrkc42qr2-geos-musl-static-aarch64-unknown-linux-musl-3.14.1/lib/libgeos.a(PolygonNoder.cpp.o) is incompatible with elf_x86_64
          ld.lld: error: /nix/store/qni14mgn2xckca94pp75zi0lrkc42qr2-geos-musl-static-aarch64-unknown-linux-musl-3.14.1/lib/libgeos.a(PolygonTriangulator.cpp.o) is incompatible with elf_x86_64
          ld.lld: error: /nix/store/qni14mgn2xckca94pp75zi0lrkc42qr2-geos-musl-static-aarch64-unknown-linux-musl-3.14.1/lib/libgeos.a(TriDelaunayImprover.cpp.o) is incompatible with elf_x86_64
          ld.lld: error: /nix/store/qni14mgn2xckca94pp75zi0lrkc42qr2-geos-musl-static-aarch64-unknown-linux-musl-3.14.1/lib/libgeos.a(LastFoundQuadEdgeLocator.cpp.o) is incompatible with elf_x86_64
          ld.lld: error: /nix/store/qni14mgn2xckca94pp75zi0lrkc42qr2-geos-musl-static-aarch64-unknown-linux-musl-3.14.1/lib/libgeos.a(LocateFailureException.cpp.o) is incompatible with elf_x86_64
          ld.lld: error: /nix/store/qni14mgn2xckca94pp75zi0lrkc42qr2-geos-musl-static-aarch64-unknown-linux-musl-3.14.1/lib/libgeos.a(QuadEdge.cpp.o) is incompatible with elf_x86_64
          ld.lld: error: /nix/store/qni14mgn2xckca94pp75zi0lrkc42qr2-geos-musl-static-aarch64-unknown-linux-musl-3.14.1/lib/libgeos.a(QuadEdgeSubdivision.cpp.o) is incompatible with elf_x86_64
          ld.lld: error: /nix/store/qni14mgn2xckca94pp75zi0lrkc42qr2-geos-musl-static-aarch64-unknown-linux-musl-3.14.1/lib/libgeos.a(TrianglePredicate.cpp.o) is incompatible with elf_x86_64
          ld.lld: error: /nix/store/qni14mgn2xckca94pp75zi0lrkc42qr2-geos-musl-static-aarch64-unknown-linux-musl-3.14.1/lib/libgeos.a(Vertex.cpp.o) is incompatible with elf_x86_64
          ld.lld: error: /nix/store/qni14mgn2xckca94pp75zi0lrkc42qr2-geos-musl-static-aarch64-unknown-linux-musl-3.14.1/lib/libgeos.a(Tri.cpp.o) is incompatible with elf_x86_64
          ld.lld: error: /nix/store/qni14mgn2xckca94pp75zi0lrkc42qr2-geos-musl-static-aarch64-unknown-linux-musl-3.14.1/lib/libgeos.a(TriEdge.cpp.o) is incompatible with elf_x86_64
          ld.lld: error: /nix/store/qni14mgn2xckca94pp75zi0lrkc42qr2-geos-musl-static-aarch64-unknown-linux-musl-3.14.1/lib/libgeos.a(TriangulationBuilder.cpp.o) is incompatible with elf_x86_64
          ld.lld: error: /nix/store/qni14mgn2xckca94pp75zi0lrkc42qr2-geos-musl-static-aarch64-unknown-linux-musl-3.14.1/lib/libgeos.a(Assert.cpp.o) is incompatible with elf_x86_64
          ld.lld: error: /nix/store/qni14mgn2xckca94pp75zi0lrkc42qr2-geos-musl-static-aarch64-unknown-linux-musl-3.14.1/lib/libgeos.a(GeometricShapeFactory.cpp.o) is incompatible with elf_x86_64
          ld.lld: error: /nix/store/qni14mgn2xckca94pp75zi0lrkc42qr2-geos-musl-static-aarch64-unknown-linux-musl-3.14.1/lib/libgeos.a(Interrupt.cpp.o) is incompatible with elf_x86_64
          ld.lld: error: /nix/store/qni14mgn2xckca94pp75zi0lrkc42qr2-geos-musl-static-aarch64-unknown-linux-musl-3.14.1/lib/libgeos.a(Profiler.cpp.o) is incompatible with elf_x86_64
          ld.lld: error: /nix/store/qni14mgn2xckca94pp75zi0lrkc42qr2-geos-musl-static-aarch64-unknown-linux-musl-3.14.1/lib/libgeos.a(math.cpp.o) is incompatible with elf_x86_64
          ld.lld: error: /nix/store/qni14mgn2xckca94pp75zi0lrkc42qr2-geos-musl-static-aarch64-unknown-linux-musl-3.14.1/lib/libgeos.a(string.cpp.o) is incompatible with elf_x86_64
          ld.lld: error: /nix/store/qni14mgn2xckca94pp75zi0lrkc42qr2-geos-musl-static-aarch64-unknown-linux-musl-3.14.1/lib/libgeos.a(d2s.c.o) is incompatible with elf_x86_64
          ld.lld: error: /nix/store/sg7y9s9bs0h99n462lhab69agbkmr4iw-proj-musl-static-aarch64-unknown-linux-musl-9.7.0/lib/libproj.a(aasincos.cpp.o) is incompatible with elf_x86_64
          ld.lld: error: /nix/store/sg7y9s9bs0h99n462lhab69agbkmr4iw-proj-musl-static-aarch64-unknown-linux-musl-9.7.0/lib/libproj.a(adjlon.cpp.o) is incompatible with elf_x86_64
          ld.lld: error: /nix/store/sg7y9s9bs0h99n462lhab69agbkmr4iw-proj-musl-static-aarch64-unknown-linux-musl-9.7.0/lib/libproj.a(area.cpp.o) is incompatible with elf_x86_64
          ld.lld: error: /nix/store/sg7y9s9bs0h99n462lhab69agbkmr4iw-proj-musl-static-aarch64-unknown-linux-musl-9.7.0/lib/libproj.a(coord_operation.cpp.o) is incompatible with elf_x86_64
          ld.lld: error: /nix/store/sg7y9s9bs0h99n462lhab69agbkmr4iw-proj-musl-static-aarch64-unknown-linux-musl-9.7.0/lib/libproj.a(coordinates.cpp.o) is incompatible with elf_x86_64
          ld.lld: error: /nix/store/sg7y9s9bs0h99n462lhab69agbkmr4iw-proj-musl-static-aarch64-unknown-linux-musl-9.7.0/lib/libproj.a(create.cpp.o) is incompatible with elf_x86_64
          ld.lld: error: /nix/store/sg7y9s9bs0h99n462lhab69agbkmr4iw-proj-musl-static-aarch64-unknown-linux-musl-9.7.0/lib/libproj.a(crs_to_crs.cpp.o) is incompatible with elf_x86_64
          ld.lld: error: /nix/store/sg7y9s9bs0h99n462lhab69agbkmr4iw-proj-musl-static-aarch64-unknown-linux-musl-9.7.0/lib/libproj.a(ctx.cpp.o) is incompatible with elf_x86_64
          ld.lld: error: /nix/store/sg7y9s9bs0h99n462lhab69agbkmr4iw-proj-musl-static-aarch64-unknown-linux-musl-9.7.0/lib/libproj.a(datum_set.cpp.o) is incompatible with elf_x86_64
          ld.lld: error: /nix/store/sg7y9s9bs0h99n462lhab69agbkmr4iw-proj-musl-static-aarch64-unknown-linux-musl-9.7.0/lib/libproj.a(datums.cpp.o) is incompatible with elf_x86_64
          ld.lld: error: /nix/store/sg7y9s9bs0h99n462lhab69agbkmr4iw-proj-musl-static-aarch64-unknown-linux-musl-9.7.0/lib/libproj.a(deriv.cpp.o) is incompatible with elf_x86_64
          ld.lld: error: /nix/store/sg7y9s9bs0h99n462lhab69agbkmr4iw-proj-musl-static-aarch64-unknown-linux-musl-9.7.0/lib/libproj.a(dist.cpp.o) is incompatible with elf_x86_64
          ld.lld: error: /nix/store/sg7y9s9bs0h99n462lhab69agbkmr4iw-proj-musl-static-aarch64-unknown-linux-musl-9.7.0/lib/libproj.a(dmstor.cpp.o) is incompatible with elf_x86_64
          ld.lld: error: /nix/store/sg7y9s9bs0h99n462lhab69agbkmr4iw-proj-musl-static-aarch64-unknown-linux-musl-9.7.0/lib/libproj.a(ell_set.cpp.o) is incompatible with elf_x86_64
          ld.lld: error: /nix/store/sg7y9s9bs0h99n462lhab69agbkmr4iw-proj-musl-static-aarch64-unknown-linux-musl-9.7.0/lib/libproj.a(ellps.cpp.o) is incompatible with elf_x86_64
          ld.lld: error: /nix/store/sg7y9s9bs0h99n462lhab69agbkmr4iw-proj-musl-static-aarch64-unknown-linux-musl-9.7.0/lib/libproj.a(factors.cpp.o) is incompatible with elf_x86_64
          ld.lld: error: /nix/store/sg7y9s9bs0h99n462lhab69agbkmr4iw-proj-musl-static-aarch64-unknown-linux-musl-9.7.0/lib/libproj.a(filemanager.cpp.o) is incompatible with elf_x86_64
          ld.lld: error: /nix/store/sg7y9s9bs0h99n462lhab69agbkmr4iw-proj-musl-static-aarch64-unknown-linux-musl-9.7.0/lib/libproj.a(fwd.cpp.o) is incompatible with elf_x86_64
          ld.lld: error: /nix/store/sg7y9s9bs0h99n462lhab69agbkmr4iw-proj-musl-static-aarch64-unknown-linux-musl-9.7.0/lib/libproj.a(gauss.cpp.o) is incompatible with elf_x86_64
          ld.lld: error: /nix/store/sg7y9s9bs0h99n462lhab69agbkmr4iw-proj-musl-static-aarch64-unknown-linux-musl-9.7.0/lib/libproj.a(generic_inverse.cpp.o) is incompatible with elf_x86_64
          ld.lld: error: /nix/store/sg7y9s9bs0h99n462lhab69agbkmr4iw-proj-musl-static-aarch64-unknown-linux-musl-9.7.0/lib/libproj.a(geodesic.c.o) is incompatible with elf_x86_64
          ld.lld: error: /nix/store/sg7y9s9bs0h99n462lhab69agbkmr4iw-proj-musl-static-aarch64-unknown-linux-musl-9.7.0/lib/libproj.a(grids.cpp.o) is incompatible with elf_x86_64
          ld.lld: error: /nix/store/sg7y9s9bs0h99n462lhab69agbkmr4iw-proj-musl-static-aarch64-unknown-linux-musl-9.7.0/lib/libproj.a(info.cpp.o) is incompatible with elf_x86_64
          ld.lld: error: /nix/store/sg7y9s9bs0h99n462lhab69agbkmr4iw-proj-musl-static-aarch64-unknown-linux-musl-9.7.0/lib/libproj.a(init.cpp.o) is incompatible with elf_x86_64
          ld.lld: error: /nix/store/sg7y9s9bs0h99n462lhab69agbkmr4iw-proj-musl-static-aarch64-unknown-linux-musl-9.7.0/lib/libproj.a(initcache.cpp.o) is incompatible with elf_x86_64
          ld.lld: error: /nix/store/sg7y9s9bs0h99n462lhab69agbkmr4iw-proj-musl-static-aarch64-unknown-linux-musl-9.7.0/lib/libproj.a(internal.cpp.o) is incompatible with elf_x86_64
          ld.lld: error: /nix/store/sg7y9s9bs0h99n462lhab69agbkmr4iw-proj-musl-static-aarch64-unknown-linux-musl-9.7.0/lib/libproj.a(inv.cpp.o) is incompatible with elf_x86_64
          ld.lld: error: /nix/store/sg7y9s9bs0h99n462lhab69agbkmr4iw-proj-musl-static-aarch64-unknown-linux-musl-9.7.0/lib/libproj.a(latitudes.cpp.o) is incompatible with elf_x86_64
          ld.lld: error: /nix/store/sg7y9s9bs0h99n462lhab69agbkmr4iw-proj-musl-static-aarch64-unknown-linux-musl-9.7.0/lib/libproj.a(list.cpp.o) is incompatible with elf_x86_64
          ld.lld: error: /nix/store/sg7y9s9bs0h99n462lhab69agbkmr4iw-proj-musl-static-aarch64-unknown-linux-musl-9.7.0/lib/libproj.a(log.cpp.o) is incompatible with elf_x86_64
          ld.lld: error: /nix/store/sg7y9s9bs0h99n462lhab69agbkmr4iw-proj-musl-static-aarch64-unknown-linux-musl-9.7.0/lib/libproj.a(malloc.cpp.o) is incompatible with elf_x86_64
          ld.lld: error: /nix/store/sg7y9s9bs0h99n462lhab69agbkmr4iw-proj-musl-static-aarch64-unknown-linux-musl-9.7.0/lib/libproj.a(mlfn.cpp.o) is incompatible with elf_x86_64
          ld.lld: error: /nix/store/sg7y9s9bs0h99n462lhab69agbkmr4iw-proj-musl-static-aarch64-unknown-linux-musl-9.7.0/lib/libproj.a(msfn.cpp.o) is incompatible with elf_x86_64
          ld.lld: error: /nix/store/sg7y9s9bs0h99n462lhab69agbkmr4iw-proj-musl-static-aarch64-unknown-linux-musl-9.7.0/lib/libproj.a(mutex.cpp.o) is incompatible with elf_x86_64
          ld.lld: error: /nix/store/sg7y9s9bs0h99n462lhab69agbkmr4iw-proj-musl-static-aarch64-unknown-linux-musl-9.7.0/lib/libproj.a(networkfilemanager.cpp.o) is incompatible with elf_x86_64
          ld.lld: error: /nix/store/sg7y9s9bs0h99n462lhab69agbkmr4iw-proj-musl-static-aarch64-unknown-linux-musl-9.7.0/lib/libproj.a(param.cpp.o) is incompatible with elf_x86_64
          ld.lld: error: /nix/store/sg7y9s9bs0h99n462lhab69agbkmr4iw-proj-musl-static-aarch64-unknown-linux-musl-9.7.0/lib/libproj.a(phi2.cpp.o) is incompatible with elf_x86_64
          ld.lld: error: /nix/store/sg7y9s9bs0h99n462lhab69agbkmr4iw-proj-musl-static-aarch64-unknown-linux-musl-9.7.0/lib/libproj.a(pipeline.cpp.o) is incompatible with elf_x86_64
          ld.lld: error: /nix/store/sg7y9s9bs0h99n462lhab69agbkmr4iw-proj-musl-static-aarch64-unknown-linux-musl-9.7.0/lib/libproj.a(pr_list.cpp.o) is incompatible with elf_x86_64
          ld.lld: error: /nix/store/sg7y9s9bs0h99n462lhab69agbkmr4iw-proj-musl-static-aarch64-unknown-linux-musl-9.7.0/lib/libproj.a(proj_json_streaming_writer.cpp.o) is incompatible with elf_x86_64
          ld.lld: error: /nix/store/sg7y9s9bs0h99n462lhab69agbkmr4iw-proj-musl-static-aarch64-unknown-linux-musl-9.7.0/lib/libproj.a(proj_mdist.cpp.o) is incompatible with elf_x86_64
          ld.lld: error: /nix/store/sg7y9s9bs0h99n462lhab69agbkmr4iw-proj-musl-static-aarch64-unknown-linux-musl-9.7.0/lib/libproj.a(release.cpp.o) is incompatible with elf_x86_64
          ld.lld: error: /nix/store/sg7y9s9bs0h99n462lhab69agbkmr4iw-proj-musl-static-aarch64-unknown-linux-musl-9.7.0/lib/libproj.a(rtodms.cpp.o) is incompatible with elf_x86_64
          ld.lld: error: /nix/store/sg7y9s9bs0h99n462lhab69agbkmr4iw-proj-musl-static-aarch64-unknown-linux-musl-9.7.0/lib/libproj.a(strerrno.cpp.o) is incompatible with elf_x86_64
          ld.lld: error: /nix/store/sg7y9s9bs0h99n462lhab69agbkmr4iw-proj-musl-static-aarch64-unknown-linux-musl-9.7.0/lib/libproj.a(strtod.cpp.o) is incompatible with elf_x86_64
          ld.lld: error: /nix/store/sg7y9s9bs0h99n462lhab69agbkmr4iw-proj-musl-static-aarch64-unknown-linux-musl-9.7.0/lib/libproj.a(sqlite3_utils.cpp.o) is incompatible with elf_x86_64
          ld.lld: error: /nix/store/sg7y9s9bs0h99n462lhab69agbkmr4iw-proj-musl-static-aarch64-unknown-linux-musl-9.7.0/lib/libproj.a(tracing.cpp.o) is incompatible with elf_x86_64
          ld.lld: error: /nix/store/sg7y9s9bs0h99n462lhab69agbkmr4iw-proj-musl-static-aarch64-unknown-linux-musl-9.7.0/lib/libproj.a(trans.cpp.o) is incompatible with elf_x86_64
          ld.lld: error: /nix/store/sg7y9s9bs0h99n462lhab69agbkmr4iw-proj-musl-static-aarch64-unknown-linux-musl-9.7.0/lib/libproj.a(trans_bounds.cpp.o) is incompatible with elf_x86_64
          ld.lld: error: /nix/store/sg7y9s9bs0h99n462lhab69agbkmr4iw-proj-musl-static-aarch64-unknown-linux-musl-9.7.0/lib/libproj.a(tsfn.cpp.o) is incompatible with elf_x86_64
          ld.lld: error: /nix/store/sg7y9s9bs0h99n462lhab69agbkmr4iw-proj-musl-static-aarch64-unknown-linux-musl-9.7.0/lib/libproj.a(units.cpp.o) is incompatible with elf_x86_64
          ld.lld: error: /nix/store/sg7y9s9bs0h99n462lhab69agbkmr4iw-proj-musl-static-aarch64-unknown-linux-musl-9.7.0/lib/libproj.a(wkt1_generated_parser.c.o) is incompatible with elf_x86_64
          ld.lld: error: /nix/store/sg7y9s9bs0h99n462lhab69agbkmr4iw-proj-musl-static-aarch64-unknown-linux-musl-9.7.0/lib/libproj.a(wkt1_parser.cpp.o) is incompatible with elf_x86_64
          ld.lld: error: /nix/store/sg7y9s9bs0h99n462lhab69agbkmr4iw-proj-musl-static-aarch64-unknown-linux-musl-9.7.0/lib/libproj.a(wkt2_generated_parser.c.o) is incompatible with elf_x86_64
          ld.lld: error: /nix/store/sg7y9s9bs0h99n462lhab69agbkmr4iw-proj-musl-static-aarch64-unknown-linux-musl-9.7.0/lib/libproj.a(wkt2_parser.cpp.o) is incompatible with elf_x86_64
          ld.lld: error: /nix/store/sg7y9s9bs0h99n462lhab69agbkmr4iw-proj-musl-static-aarch64-unknown-linux-musl-9.7.0/lib/libproj.a(wkt_parser.cpp.o) is incompatible with elf_x86_64
          ld.lld: error: /nix/store/sg7y9s9bs0h99n462lhab69agbkmr4iw-proj-musl-static-aarch64-unknown-linux-musl-9.7.0/lib/libproj.a(zpoly1.cpp.o) is incompatible with elf_x86_64
          ld.lld: error: /nix/store/sg7y9s9bs0h99n462lhab69agbkmr4iw-proj-musl-static-aarch64-unknown-linux-musl-9.7.0/lib/libproj.a(axisswap.cpp.o) is incompatible with elf_x86_64
          ld.lld: error: /nix/store/sg7y9s9bs0h99n462lhab69agbkmr4iw-proj-musl-static-aarch64-unknown-linux-musl-9.7.0/lib/libproj.a(cart.cpp.o) is incompatible with elf_x86_64
          ld.lld: error: /nix/store/sg7y9s9bs0h99n462lhab69agbkmr4iw-proj-musl-static-aarch64-unknown-linux-musl-9.7.0/lib/libproj.a(geoc.cpp.o) is incompatible with elf_x86_64
          ld.lld: error: /nix/store/sg7y9s9bs0h99n462lhab69agbkmr4iw-proj-musl-static-aarch64-unknown-linux-musl-9.7.0/lib/libproj.a(geocent.cpp.o) is incompatible with elf_x86_64
          ld.lld: error: /nix/store/sg7y9s9bs0h99n462lhab69agbkmr4iw-proj-musl-static-aarch64-unknown-linux-musl-9.7.0/lib/libproj.a(noop.cpp.o) is incompatible with elf_x86_64
          ld.lld: error: /nix/store/sg7y9s9bs0h99n462lhab69agbkmr4iw-proj-musl-static-aarch64-unknown-linux-musl-9.7.0/lib/libproj.a(topocentric.cpp.o) is incompatible with elf_x86_64
          ld.lld: error: /nix/store/sg7y9s9bs0h99n462lhab69agbkmr4iw-proj-musl-static-aarch64-unknown-linux-musl-9.7.0/lib/libproj.a(set.cpp.o) is incompatible with elf_x86_64
          ld.lld: error: /nix/store/sg7y9s9bs0h99n462lhab69agbkmr4iw-proj-musl-static-aarch64-unknown-linux-musl-9.7.0/lib/libproj.a(unitconvert.cpp.o) is incompatible with elf_x86_64
          ld.lld: error: /nix/store/sg7y9s9bs0h99n462lhab69agbkmr4iw-proj-musl-static-aarch64-unknown-linux-musl-9.7.0/lib/libproj.a(airocean.cpp.o) is incompatible with elf_x86_64
          ld.lld: error: /nix/store/sg7y9s9bs0h99n462lhab69agbkmr4iw-proj-musl-static-aarch64-unknown-linux-musl-9.7.0/lib/libproj.a(aeqd.cpp.o) is incompatible with elf_x86_64
          ld.lld: error: /nix/store/sg7y9s9bs0h99n462lhab69agbkmr4iw-proj-musl-static-aarch64-unknown-linux-musl-9.7.0/lib/libproj.a(adams.cpp.o) is incompatible with elf_x86_64
          ld.lld: error: /nix/store/sg7y9s9bs0h99n462lhab69agbkmr4iw-proj-musl-static-aarch64-unknown-linux-musl-9.7.0/lib/libproj.a(gnom.cpp.o) is incompatible with elf_x86_64
          ld.lld: error: /nix/store/sg7y9s9bs0h99n462lhab69agbkmr4iw-proj-musl-static-aarch64-unknown-linux-musl-9.7.0/lib/libproj.a(laea.cpp.o) is incompatible with elf_x86_64
          ld.lld: error: /nix/store/sg7y9s9bs0h99n462lhab69agbkmr4iw-proj-musl-static-aarch64-unknown-linux-musl-9.7.0/lib/libproj.a(mod_ster.cpp.o) is incompatible with elf_x86_64
          ld.lld: error: /nix/store/sg7y9s9bs0h99n462lhab69agbkmr4iw-proj-musl-static-aarch64-unknown-linux-musl-9.7.0/lib/libproj.a(nsper.cpp.o) is incompatible with elf_x86_64
          ld.lld: error: /nix/store/sg7y9s9bs0h99n462lhab69agbkmr4iw-proj-musl-static-aarch64-unknown-linux-musl-9.7.0/lib/libproj.a(nzmg.cpp.o) is incompatible with elf_x86_64
          ld.lld: error: /nix/store/sg7y9s9bs0h99n462lhab69agbkmr4iw-proj-musl-static-aarch64-unknown-linux-musl-9.7.0/lib/libproj.a(ortho.cpp.o) is incompatible with elf_x86_64
          ld.lld: error: /nix/store/sg7y9s9bs0h99n462lhab69agbkmr4iw-proj-musl-static-aarch64-unknown-linux-musl-9.7.0/lib/libproj.a(stere.cpp.o) is incompatible with elf_x86_64
          ld.lld: error: /nix/store/sg7y9s9bs0h99n462lhab69agbkmr4iw-proj-musl-static-aarch64-unknown-linux-musl-9.7.0/lib/libproj.a(sterea.cpp.o) is incompatible with elf_x86_64
          ld.lld: error: /nix/store/sg7y9s9bs0h99n462lhab69agbkmr4iw-proj-musl-static-aarch64-unknown-linux-musl-9.7.0/lib/libproj.a(aea.cpp.o) is incompatible with elf_x86_64
          ld.lld: error: /nix/store/sg7y9s9bs0h99n462lhab69agbkmr4iw-proj-musl-static-aarch64-unknown-linux-musl-9.7.0/lib/libproj.a(bipc.cpp.o) is incompatible with elf_x86_64
          ld.lld: error: /nix/store/sg7y9s9bs0h99n462lhab69agbkmr4iw-proj-musl-static-aarch64-unknown-linux-musl-9.7.0/lib/libproj.a(bonne.cpp.o) is incompatible with elf_x86_64
          ld.lld: error: /nix/store/sg7y9s9bs0h99n462lhab69agbkmr4iw-proj-musl-static-aarch64-unknown-linux-musl-9.7.0/lib/libproj.a(eqdc.cpp.o) is incompatible with elf_x86_64
          ld.lld: error: /nix/store/sg7y9s9bs0h99n462lhab69agbkmr4iw-proj-musl-static-aarch64-unknown-linux-musl-9.7.0/lib/libproj.a(isea.cpp.o) is incompatible with elf_x86_64
          ld.lld: error: /nix/store/sg7y9s9bs0h99n462lhab69agbkmr4iw-proj-musl-static-aarch64-unknown-linux-musl-9.7.0/lib/libproj.a(ccon.cpp.o) is incompatible with elf_x86_64
          ld.lld: error: /nix/store/sg7y9s9bs0h99n462lhab69agbkmr4iw-proj-musl-static-aarch64-unknown-linux-musl-9.7.0/lib/libproj.a(imw_p.cpp.o) is incompatible with elf_x86_64
          ld.lld: error: /nix/store/sg7y9s9bs0h99n462lhab69agbkmr4iw-proj-musl-static-aarch64-unknown-linux-musl-9.7.0/lib/libproj.a(krovak.cpp.o) is incompatible with elf_x86_64
          ld.lld: error: /nix/store/sg7y9s9bs0h99n462lhab69agbkmr4iw-proj-musl-static-aarch64-unknown-linux-musl-9.7.0/lib/libproj.a(lcc.cpp.o) is incompatible with elf_x86_64
          ld.lld: error: /nix/store/sg7y9s9bs0h99n462lhab69agbkmr4iw-proj-musl-static-aarch64-unknown-linux-musl-9.7.0/lib/libproj.a(poly.cpp.o) is incompatible with elf_x86_64
          ld.lld: error: /nix/store/sg7y9s9bs0h99n462lhab69agbkmr4iw-proj-musl-static-aarch64-unknown-linux-musl-9.7.0/lib/libproj.a(rpoly.cpp.o) is incompatible with elf_x86_64
          ld.lld: error: /nix/store/sg7y9s9bs0h99n462lhab69agbkmr4iw-proj-musl-static-aarch64-unknown-linux-musl-9.7.0/lib/libproj.a(sconics.cpp.o) is incompatible with elf_x86_64
          ld.lld: error: /nix/store/sg7y9s9bs0h99n462lhab69agbkmr4iw-proj-musl-static-aarch64-unknown-linux-musl-9.7.0/lib/libproj.a(rouss.cpp.o) is incompatible with elf_x86_64
          ld.lld: error: /nix/store/sg7y9s9bs0h99n462lhab69agbkmr4iw-proj-musl-static-aarch64-unknown-linux-musl-9.7.0/lib/libproj.a(cass.cpp.o) is incompatible with elf_x86_64
          ld.lld: error: /nix/store/sg7y9s9bs0h99n462lhab69agbkmr4iw-proj-musl-static-aarch64-unknown-linux-musl-9.7.0/lib/libproj.a(cc.cpp.o) is incompatible with elf_x86_64
          ld.lld: error: /nix/store/sg7y9s9bs0h99n462lhab69agbkmr4iw-proj-musl-static-aarch64-unknown-linux-musl-9.7.0/lib/libproj.a(cea.cpp.o) is incompatible with elf_x86_64
          ld.lld: error: /nix/store/sg7y9s9bs0h99n462lhab69agbkmr4iw-proj-musl-static-aarch64-unknown-linux-musl-9.7.0/lib/libproj.a(eqc.cpp.o) is incompatible with elf_x86_64
          ld.lld: error: /nix/store/sg7y9s9bs0h99n462lhab69agbkmr4iw-proj-musl-static-aarch64-unknown-linux-musl-9.7.0/lib/libproj.a(gall.cpp.o) is incompatible with elf_x86_64
          ld.lld: error: /nix/store/sg7y9s9bs0h99n462lhab69agbkmr4iw-proj-musl-static-aarch64-unknown-linux-musl-9.7.0/lib/libproj.a(labrd.cpp.o) is incompatible with elf_x86_64
          ld.lld: error: /nix/store/sg7y9s9bs0h99n462lhab69agbkmr4iw-proj-musl-static-aarch64-unknown-linux-musl-9.7.0/lib/libproj.a(som.cpp.o) is incompatible with elf_x86_64
          ld.lld: error: /nix/store/sg7y9s9bs0h99n462lhab69agbkmr4iw-proj-musl-static-aarch64-unknown-linux-musl-9.7.0/lib/libproj.a(merc.cpp.o) is incompatible with elf_x86_64
          ld.lld: error: /nix/store/sg7y9s9bs0h99n462lhab69agbkmr4iw-proj-musl-static-aarch64-unknown-linux-musl-9.7.0/lib/libproj.a(mill.cpp.o) is incompatible with elf_x86_64
          ld.lld: error: /nix/store/sg7y9s9bs0h99n462lhab69agbkmr4iw-proj-musl-static-aarch64-unknown-linux-musl-9.7.0/lib/libproj.a(ocea.cpp.o) is incompatible with elf_x86_64
          ld.lld: error: /nix/store/sg7y9s9bs0h99n462lhab69agbkmr4iw-proj-musl-static-aarch64-unknown-linux-musl-9.7.0/lib/libproj.a(omerc.cpp.o) is incompatible with elf_x86_64
          ld.lld: error: /nix/store/sg7y9s9bs0h99n462lhab69agbkmr4iw-proj-musl-static-aarch64-unknown-linux-musl-9.7.0/lib/libproj.a(somerc.cpp.o) is incompatible with elf_x86_64
          ld.lld: error: /nix/store/sg7y9s9bs0h99n462lhab69agbkmr4iw-proj-musl-static-aarch64-unknown-linux-musl-9.7.0/lib/libproj.a(tcc.cpp.o) is incompatible with elf_x86_64
          ld.lld: error: /nix/store/sg7y9s9bs0h99n462lhab69agbkmr4iw-proj-musl-static-aarch64-unknown-linux-musl-9.7.0/lib/libproj.a(tcea.cpp.o) is incompatible with elf_x86_64
          ld.lld: error: /nix/store/sg7y9s9bs0h99n462lhab69agbkmr4iw-proj-musl-static-aarch64-unknown-linux-musl-9.7.0/lib/libproj.a(times.cpp.o) is incompatible with elf_x86_64
          ld.lld: error: /nix/store/sg7y9s9bs0h99n462lhab69agbkmr4iw-proj-musl-static-aarch64-unknown-linux-musl-9.7.0/lib/libproj.a(tmerc.cpp.o) is incompatible with elf_x86_64
          ld.lld: error: /nix/store/sg7y9s9bs0h99n462lhab69agbkmr4iw-proj-musl-static-aarch64-unknown-linux-musl-9.7.0/lib/libproj.a(tobmerc.cpp.o) is incompatible with elf_x86_64
          ld.lld: error: /nix/store/sg7y9s9bs0h99n462lhab69agbkmr4iw-proj-musl-static-aarch64-unknown-linux-musl-9.7.0/lib/libproj.a(airy.cpp.o) is incompatible with elf_x86_64
          ld.lld: error: /nix/store/sg7y9s9bs0h99n462lhab69agbkmr4iw-proj-musl-static-aarch64-unknown-linux-musl-9.7.0/lib/libproj.a(aitoff.cpp.o) is incompatible with elf_x86_64
          ld.lld: error: /nix/store/sg7y9s9bs0h99n462lhab69agbkmr4iw-proj-musl-static-aarch64-unknown-linux-musl-9.7.0/lib/libproj.a(august.cpp.o) is incompatible with elf_x86_64
          ld.lld: error: /nix/store/sg7y9s9bs0h99n462lhab69agbkmr4iw-proj-musl-static-aarch64-unknown-linux-musl-9.7.0/lib/libproj.a(bacon.cpp.o) is incompatible with elf_x86_64
          ld.lld: error: /nix/store/sg7y9s9bs0h99n462lhab69agbkmr4iw-proj-musl-static-aarch64-unknown-linux-musl-9.7.0/lib/libproj.a(bertin1953.cpp.o) is incompatible with elf_x86_64
          ld.lld: error: /nix/store/sg7y9s9bs0h99n462lhab69agbkmr4iw-proj-musl-static-aarch64-unknown-linux-musl-9.7.0/lib/libproj.a(chamb.cpp.o) is incompatible with elf_x86_64
          ld.lld: error: /nix/store/sg7y9s9bs0h99n462lhab69agbkmr4iw-proj-musl-static-aarch64-unknown-linux-musl-9.7.0/lib/libproj.a(hammer.cpp.o) is incompatible with elf_x86_64
          ld.lld: error: /nix/store/sg7y9s9bs0h99n462lhab69agbkmr4iw-proj-musl-static-aarch64-unknown-linux-musl-9.7.0/lib/libproj.a(lagrng.cpp.o) is incompatible with elf_x86_64
          ld.lld: error: /nix/store/sg7y9s9bs0h99n462lhab69agbkmr4iw-proj-musl-static-aarch64-unknown-linux-musl-9.7.0/lib/libproj.a(larr.cpp.o) is incompatible with elf_x86_64
          ld.lld: error: /nix/store/sg7y9s9bs0h99n462lhab69agbkmr4iw-proj-musl-static-aarch64-unknown-linux-musl-9.7.0/lib/libproj.a(lask.cpp.o) is incompatible with elf_x86_64
          ld.lld: error: /nix/store/sg7y9s9bs0h99n462lhab69agbkmr4iw-proj-musl-static-aarch64-unknown-linux-musl-9.7.0/lib/libproj.a(latlong.cpp.o) is incompatible with elf_x86_64
          ld.lld: error: /nix/store/sg7y9s9bs0h99n462lhab69agbkmr4iw-proj-musl-static-aarch64-unknown-linux-musl-9.7.0/lib/libproj.a(nicol.cpp.o) is incompatible with elf_x86_64
          ld.lld: error: /nix/store/sg7y9s9bs0h99n462lhab69agbkmr4iw-proj-musl-static-aarch64-unknown-linux-musl-9.7.0/lib/libproj.a(ob_tran.cpp.o) is incompatible with elf_x86_64
          ld.lld: error: /nix/store/sg7y9s9bs0h99n462lhab69agbkmr4iw-proj-musl-static-aarch64-unknown-linux-musl-9.7.0/lib/libproj.a(oea.cpp.o) is incompatible with elf_x86_64
          ld.lld: error: /nix/store/sg7y9s9bs0h99n462lhab69agbkmr4iw-proj-musl-static-aarch64-unknown-linux-musl-9.7.0/lib/libproj.a(tpeqd.cpp.o) is incompatible with elf_x86_64
          ld.lld: error: /nix/store/sg7y9s9bs0h99n462lhab69agbkmr4iw-proj-musl-static-aarch64-unknown-linux-musl-9.7.0/lib/libproj.a(vandg.cpp.o) is incompatible with elf_x86_64
          ld.lld: error: /nix/store/sg7y9s9bs0h99n462lhab69agbkmr4iw-proj-musl-static-aarch64-unknown-linux-musl-9.7.0/lib/libproj.a(vandg2.cpp.o) is incompatible with elf_x86_64
          ld.lld: error: /nix/store/sg7y9s9bs0h99n462lhab69agbkmr4iw-proj-musl-static-aarch64-unknown-linux-musl-9.7.0/lib/libproj.a(vandg4.cpp.o) is incompatible with elf_x86_64
          ld.lld: error: /nix/store/sg7y9s9bs0h99n462lhab69agbkmr4iw-proj-musl-static-aarch64-unknown-linux-musl-9.7.0/lib/libproj.a(wag7.cpp.o) is incompatible with elf_x86_64
          ld.lld: error: /nix/store/sg7y9s9bs0h99n462lhab69agbkmr4iw-proj-musl-static-aarch64-unknown-linux-musl-9.7.0/lib/libproj.a(lcca.cpp.o) is incompatible with elf_x86_64
          ld.lld: error: /nix/store/sg7y9s9bs0h99n462lhab69agbkmr4iw-proj-musl-static-aarch64-unknown-linux-musl-9.7.0/lib/libproj.a(geos.cpp.o) is incompatible with elf_x86_64
          ld.lld: error: /nix/store/sg7y9s9bs0h99n462lhab69agbkmr4iw-proj-musl-static-aarch64-unknown-linux-musl-9.7.0/lib/libproj.a(boggs.cpp.o) is incompatible with elf_x86_64
          ld.lld: error: /nix/store/sg7y9s9bs0h99n462lhab69agbkmr4iw-proj-musl-static-aarch64-unknown-linux-musl-9.7.0/lib/libproj.a(collg.cpp.o) is incompatible with elf_x86_64
          ld.lld: error: /nix/store/sg7y9s9bs0h99n462lhab69agbkmr4iw-proj-musl-static-aarch64-unknown-linux-musl-9.7.0/lib/libproj.a(comill.cpp.o) is incompatible with elf_x86_64
          ld.lld: error: /nix/store/sg7y9s9bs0h99n462lhab69agbkmr4iw-proj-musl-static-aarch64-unknown-linux-musl-9.7.0/lib/libproj.a(crast.cpp.o) is incompatible with elf_x86_64
          ld.lld: error: /nix/store/sg7y9s9bs0h99n462lhab69agbkmr4iw-proj-musl-static-aarch64-unknown-linux-musl-9.7.0/lib/libproj.a(denoy.cpp.o) is incompatible with elf_x86_64
          ld.lld: error: /nix/store/sg7y9s9bs0h99n462lhab69agbkmr4iw-proj-musl-static-aarch64-unknown-linux-musl-9.7.0/lib/libproj.a(eck1.cpp.o) is incompatible with elf_x86_64
          ld.lld: error: /nix/store/sg7y9s9bs0h99n462lhab69agbkmr4iw-proj-musl-static-aarch64-unknown-linux-musl-9.7.0/lib/libproj.a(eck2.cpp.o) is incompatible with elf_x86_64
          ld.lld: error: /nix/store/sg7y9s9bs0h99n462lhab69agbkmr4iw-proj-musl-static-aarch64-unknown-linux-musl-9.7.0/lib/libproj.a(eck3.cpp.o) is incompatible with elf_x86_64
          ld.lld: error: /nix/store/sg7y9s9bs0h99n462lhab69agbkmr4iw-proj-musl-static-aarch64-unknown-linux-musl-9.7.0/lib/libproj.a(eck4.cpp.o) is incompatible with elf_x86_64
          ld.lld: error: /nix/store/sg7y9s9bs0h99n462lhab69agbkmr4iw-proj-musl-static-aarch64-unknown-linux-musl-9.7.0/lib/libproj.a(eck5.cpp.o) is incompatible with elf_x86_64
          ld.lld: error: /nix/store/sg7y9s9bs0h99n462lhab69agbkmr4iw-proj-musl-static-aarch64-unknown-linux-musl-9.7.0/lib/libproj.a(fahey.cpp.o) is incompatible with elf_x86_64
          ld.lld: error: /nix/store/sg7y9s9bs0h99n462lhab69agbkmr4iw-proj-musl-static-aarch64-unknown-linux-musl-9.7.0/lib/libproj.a(fouc_s.cpp.o) is incompatible with elf_x86_64
          ld.lld: error: /nix/store/sg7y9s9bs0h99n462lhab69agbkmr4iw-proj-musl-static-aarch64-unknown-linux-musl-9.7.0/lib/libproj.a(gins8.cpp.o) is incompatible with elf_x86_64
          ld.lld: error: /nix/store/sg7y9s9bs0h99n462lhab69agbkmr4iw-proj-musl-static-aarch64-unknown-linux-musl-9.7.0/lib/libproj.a(gstmerc.cpp.o) is incompatible with elf_x86_64
          ld.lld: error: /nix/store/sg7y9s9bs0h99n462lhab69agbkmr4iw-proj-musl-static-aarch64-unknown-linux-musl-9.7.0/lib/libproj.a(gn_sinu.cpp.o) is incompatible with elf_x86_64
          ld.lld: error: /nix/store/sg7y9s9bs0h99n462lhab69agbkmr4iw-proj-musl-static-aarch64-unknown-linux-musl-9.7.0/lib/libproj.a(goode.cpp.o) is incompatible with elf_x86_64
          ld.lld: error: /nix/store/sg7y9s9bs0h99n462lhab69agbkmr4iw-proj-musl-static-aarch64-unknown-linux-musl-9.7.0/lib/libproj.a(igh.cpp.o) is incompatible with elf_x86_64
          ld.lld: error: /nix/store/sg7y9s9bs0h99n462lhab69agbkmr4iw-proj-musl-static-aarch64-unknown-linux-musl-9.7.0/lib/libproj.a(igh_o.cpp.o) is incompatible with elf_x86_64
          ld.lld: error: /nix/store/sg7y9s9bs0h99n462lhab69agbkmr4iw-proj-musl-static-aarch64-unknown-linux-musl-9.7.0/lib/libproj.a(imoll.cpp.o) is incompatible with elf_x86_64
          ld.lld: error: /nix/store/sg7y9s9bs0h99n462lhab69agbkmr4iw-proj-musl-static-aarch64-unknown-linux-musl-9.7.0/lib/libproj.a(imoll_o.cpp.o) is incompatible with elf_x86_64
          ld.lld: error: /nix/store/sg7y9s9bs0h99n462lhab69agbkmr4iw-proj-musl-static-aarch64-unknown-linux-musl-9.7.0/lib/libproj.a(hatano.cpp.o) is incompatible with elf_x86_64
          ld.lld: error: /nix/store/sg7y9s9bs0h99n462lhab69agbkmr4iw-proj-musl-static-aarch64-unknown-linux-musl-9.7.0/lib/libproj.a(loxim.cpp.o) is incompatible with elf_x86_64
          ld.lld: error: /nix/store/sg7y9s9bs0h99n462lhab69agbkmr4iw-proj-musl-static-aarch64-unknown-linux-musl-9.7.0/lib/libproj.a(mbt_fps.cpp.o) is incompatible with elf_x86_64
          ld.lld: error: /nix/store/sg7y9s9bs0h99n462lhab69agbkmr4iw-proj-musl-static-aarch64-unknown-linux-musl-9.7.0/lib/libproj.a(mbtfpp.cpp.o) is incompatible with elf_x86_64
          ld.lld: error: /nix/store/sg7y9s9bs0h99n462lhab69agbkmr4iw-proj-musl-static-aarch64-unknown-linux-musl-9.7.0/lib/libproj.a(mbtfpq.cpp.o) is incompatible with elf_x86_64
          ld.lld: error: /nix/store/sg7y9s9bs0h99n462lhab69agbkmr4iw-proj-musl-static-aarch64-unknown-linux-musl-9.7.0/lib/libproj.a(moll.cpp.o) is incompatible with elf_x86_64
          ld.lld: error: /nix/store/sg7y9s9bs0h99n462lhab69agbkmr4iw-proj-musl-static-aarch64-unknown-linux-musl-9.7.0/lib/libproj.a(nell.cpp.o) is incompatible with elf_x86_64
          ld.lld: error: /nix/store/sg7y9s9bs0h99n462lhab69agbkmr4iw-proj-musl-static-aarch64-unknown-linux-musl-9.7.0/lib/libproj.a(nell_h.cpp.o) is incompatible with elf_x86_64
          ld.lld: error: /nix/store/sg7y9s9bs0h99n462lhab69agbkmr4iw-proj-musl-static-aarch64-unknown-linux-musl-9.7.0/lib/libproj.a(patterson.cpp.o) is incompatible with elf_x86_64
          ld.lld: error: /nix/store/sg7y9s9bs0h99n462lhab69agbkmr4iw-proj-musl-static-aarch64-unknown-linux-musl-9.7.0/lib/libproj.a(putp2.cpp.o) is incompatible with elf_x86_64
          ld.lld: error: /nix/store/sg7y9s9bs0h99n462lhab69agbkmr4iw-proj-musl-static-aarch64-unknown-linux-musl-9.7.0/lib/libproj.a(putp3.cpp.o) is incompatible with elf_x86_64
          ld.lld: error: /nix/store/sg7y9s9bs0h99n462lhab69agbkmr4iw-proj-musl-static-aarch64-unknown-linux-musl-9.7.0/lib/libproj.a(putp4p.cpp.o) is incompatible with elf_x86_64
          ld.lld: error: /nix/store/sg7y9s9bs0h99n462lhab69agbkmr4iw-proj-musl-static-aarch64-unknown-linux-musl-9.7.0/lib/libproj.a(putp5.cpp.o) is incompatible with elf_x86_64
          ld.lld: error: /nix/store/sg7y9s9bs0h99n462lhab69agbkmr4iw-proj-musl-static-aarch64-unknown-linux-musl-9.7.0/lib/libproj.a(putp6.cpp.o) is incompatible with elf_x86_64
          ld.lld: error: /nix/store/sg7y9s9bs0h99n462lhab69agbkmr4iw-proj-musl-static-aarch64-unknown-linux-musl-9.7.0/lib/libproj.a(qsc.cpp.o) is incompatible with elf_x86_64
          ld.lld: error: /nix/store/sg7y9s9bs0h99n462lhab69agbkmr4iw-proj-musl-static-aarch64-unknown-linux-musl-9.7.0/lib/libproj.a(robin.cpp.o) is incompatible with elf_x86_64
          ld.lld: error: /nix/store/sg7y9s9bs0h99n462lhab69agbkmr4iw-proj-musl-static-aarch64-unknown-linux-musl-9.7.0/lib/libproj.a(s2.cpp.o) is incompatible with elf_x86_64
          ld.lld: error: /nix/store/sg7y9s9bs0h99n462lhab69agbkmr4iw-proj-musl-static-aarch64-unknown-linux-musl-9.7.0/lib/libproj.a(sch.cpp.o) is incompatible with elf_x86_64
          ld.lld: error: /nix/store/sg7y9s9bs0h99n462lhab69agbkmr4iw-proj-musl-static-aarch64-unknown-linux-musl-9.7.0/lib/libproj.a(sts.cpp.o) is incompatible with elf_x86_64
          ld.lld: error: /nix/store/sg7y9s9bs0h99n462lhab69agbkmr4iw-proj-musl-static-aarch64-unknown-linux-musl-9.7.0/lib/libproj.a(urm5.cpp.o) is incompatible with elf_x86_64
          ld.lld: error: /nix/store/sg7y9s9bs0h99n462lhab69agbkmr4iw-proj-musl-static-aarch64-unknown-linux-musl-9.7.0/lib/libproj.a(urmfps.cpp.o) is incompatible with elf_x86_64
          ld.lld: error: /nix/store/sg7y9s9bs0h99n462lhab69agbkmr4iw-proj-musl-static-aarch64-unknown-linux-musl-9.7.0/lib/libproj.a(wag2.cpp.o) is incompatible with elf_x86_64
          ld.lld: error: /nix/store/sg7y9s9bs0h99n462lhab69agbkmr4iw-proj-musl-static-aarch64-unknown-linux-musl-9.7.0/lib/libproj.a(wag3.cpp.o) is incompatible with elf_x86_64
          ld.lld: error: /nix/store/sg7y9s9bs0h99n462lhab69agbkmr4iw-proj-musl-static-aarch64-unknown-linux-musl-9.7.0/lib/libproj.a(wink1.cpp.o) is incompatible with elf_x86_64
          ld.lld: error: /nix/store/sg7y9s9bs0h99n462lhab69agbkmr4iw-proj-musl-static-aarch64-unknown-linux-musl-9.7.0/lib/libproj.a(wink2.cpp.o) is incompatible with elf_x86_64
          ld.lld: error: /nix/store/sg7y9s9bs0h99n462lhab69agbkmr4iw-proj-musl-static-aarch64-unknown-linux-musl-9.7.0/lib/libproj.a(healpix.cpp.o) is incompatible with elf_x86_64
          ld.lld: error: /nix/store/sg7y9s9bs0h99n462lhab69agbkmr4iw-proj-musl-static-aarch64-unknown-linux-musl-9.7.0/lib/libproj.a(natearth.cpp.o) is incompatible with elf_x86_64
          ld.lld: error: /nix/store/sg7y9s9bs0h99n462lhab69agbkmr4iw-proj-musl-static-aarch64-unknown-linux-musl-9.7.0/lib/libproj.a(natearth2.cpp.o) is incompatible with elf_x86_64
          ld.lld: error: /nix/store/sg7y9s9bs0h99n462lhab69agbkmr4iw-proj-musl-static-aarch64-unknown-linux-musl-9.7.0/lib/libproj.a(calcofi.cpp.o) is incompatible with elf_x86_64
          ld.lld: error: /nix/store/sg7y9s9bs0h99n462lhab69agbkmr4iw-proj-musl-static-aarch64-unknown-linux-musl-9.7.0/lib/libproj.a(eqearth.cpp.o) is incompatible with elf_x86_64
          ld.lld: error: /nix/store/sg7y9s9bs0h99n462lhab69agbkmr4iw-proj-musl-static-aarch64-unknown-linux-musl-9.7.0/lib/libproj.a(col_urban.cpp.o) is incompatible with elf_x86_64
          ld.lld: error: /nix/store/sg7y9s9bs0h99n462lhab69agbkmr4iw-proj-musl-static-aarch64-unknown-linux-musl-9.7.0/lib/libproj.a(spilhaus.cpp.o) is incompatible with elf_x86_64
          ld.lld: error: /nix/store/sg7y9s9bs0h99n462lhab69agbkmr4iw-proj-musl-static-aarch64-unknown-linux-musl-9.7.0/lib/libproj.a(affine.cpp.o) is incompatible with elf_x86_64
          ld.lld: error: /nix/store/sg7y9s9bs0h99n462lhab69agbkmr4iw-proj-musl-static-aarch64-unknown-linux-musl-9.7.0/lib/libproj.a(deformation.cpp.o) is incompatible with elf_x86_64
          ld.lld: error: /nix/store/sg7y9s9bs0h99n462lhab69agbkmr4iw-proj-musl-static-aarch64-unknown-linux-musl-9.7.0/lib/libproj.a(gridshift.cpp.o) is incompatible with elf_x86_64
          ld.lld: error: /nix/store/sg7y9s9bs0h99n462lhab69agbkmr4iw-proj-musl-static-aarch64-unknown-linux-musl-9.7.0/lib/libproj.a(helmert.cpp.o) is incompatible with elf_x86_64
          ld.lld: error: /nix/store/sg7y9s9bs0h99n462lhab69agbkmr4iw-proj-musl-static-aarch64-unknown-linux-musl-9.7.0/lib/libproj.a(hgridshift.cpp.o) is incompatible with elf_x86_64
          ld.lld: error: /nix/store/sg7y9s9bs0h99n462lhab69agbkmr4iw-proj-musl-static-aarch64-unknown-linux-musl-9.7.0/lib/libproj.a(horner.cpp.o) is incompatible with elf_x86_64
          ld.lld: error: /nix/store/sg7y9s9bs0h99n462lhab69agbkmr4iw-proj-musl-static-aarch64-unknown-linux-musl-9.7.0/lib/libproj.a(molodensky.cpp.o) is incompatible with elf_x86_64
          ld.lld: error: /nix/store/sg7y9s9bs0h99n462lhab69agbkmr4iw-proj-musl-static-aarch64-unknown-linux-musl-9.7.0/lib/libproj.a(vgridshift.cpp.o) is incompatible with elf_x86_64
          ld.lld: error: /nix/store/sg7y9s9bs0h99n462lhab69agbkmr4iw-proj-musl-static-aarch64-unknown-linux-musl-9.7.0/lib/libproj.a(xyzgridshift.cpp.o) is incompatible with elf_x86_64
          ld.lld: error: /nix/store/sg7y9s9bs0h99n462lhab69agbkmr4iw-proj-musl-static-aarch64-unknown-linux-musl-9.7.0/lib/libproj.a(defmodel.cpp.o) is incompatible with elf_x86_64
          ld.lld: error: /nix/store/sg7y9s9bs0h99n462lhab69agbkmr4iw-proj-musl-static-aarch64-unknown-linux-musl-9.7.0/lib/libproj.a(tinshift.cpp.o) is incompatible with elf_x86_64
          ld.lld: error: /nix/store/sg7y9s9bs0h99n462lhab69agbkmr4iw-proj-musl-static-aarch64-unknown-linux-musl-9.7.0/lib/libproj.a(vertoffset.cpp.o) is incompatible with elf_x86_64
          ld.lld: error: /nix/store/sg7y9s9bs0h99n462lhab69agbkmr4iw-proj-musl-static-aarch64-unknown-linux-musl-9.7.0/lib/libproj.a(static.cpp.o) is incompatible with elf_x86_64
          ld.lld: error: /nix/store/sg7y9s9bs0h99n462lhab69agbkmr4iw-proj-musl-static-aarch64-unknown-linux-musl-9.7.0/lib/libproj.a(util.cpp.o) is incompatible with elf_x86_64
          ld.lld: error: /nix/store/sg7y9s9bs0h99n462lhab69agbkmr4iw-proj-musl-static-aarch64-unknown-linux-musl-9.7.0/lib/libproj.a(metadata.cpp.o) is incompatible with elf_x86_64
          ld.lld: error: /nix/store/sg7y9s9bs0h99n462lhab69agbkmr4iw-proj-musl-static-aarch64-unknown-linux-musl-9.7.0/lib/libproj.a(common.cpp.o) is incompatible with elf_x86_64
          ld.lld: error: /nix/store/sg7y9s9bs0h99n462lhab69agbkmr4iw-proj-musl-static-aarch64-unknown-linux-musl-9.7.0/lib/libproj.a(coordinates.cpp.o) is incompatible with elf_x86_64
          ld.lld: error: /nix/store/sg7y9s9bs0h99n462lhab69agbkmr4iw-proj-musl-static-aarch64-unknown-linux-musl-9.7.0/lib/libproj.a(crs.cpp.o) is incompatible with elf_x86_64
          ld.lld: error: /nix/store/sg7y9s9bs0h99n462lhab69agbkmr4iw-proj-musl-static-aarch64-unknown-linux-musl-9.7.0/lib/libproj.a(datum.cpp.o) is incompatible with elf_x86_64
          ld.lld: error: /nix/store/sg7y9s9bs0h99n462lhab69agbkmr4iw-proj-musl-static-aarch64-unknown-linux-musl-9.7.0/lib/libproj.a(coordinatesystem.cpp.o) is incompatible with elf_x86_64
          ld.lld: error: /nix/store/sg7y9s9bs0h99n462lhab69agbkmr4iw-proj-musl-static-aarch64-unknown-linux-musl-9.7.0/lib/libproj.a(io.cpp.o) is incompatible with elf_x86_64
          ld.lld: error: /nix/store/sg7y9s9bs0h99n462lhab69agbkmr4iw-proj-musl-static-aarch64-unknown-linux-musl-9.7.0/lib/libproj.a(internal.cpp.o) is incompatible with elf_x86_64
          ld.lld: error: /nix/store/sg7y9s9bs0h99n462lhab69agbkmr4iw-proj-musl-static-aarch64-unknown-linux-musl-9.7.0/lib/libproj.a(factory.cpp.o) is incompatible with elf_x86_64
          ld.lld: error: /nix/store/sg7y9s9bs0h99n462lhab69agbkmr4iw-proj-musl-static-aarch64-unknown-linux-musl-9.7.0/lib/libproj.a(c_api.cpp.o) is incompatible with elf_x86_64
          ld.lld: error: /nix/store/sg7y9s9bs0h99n462lhab69agbkmr4iw-proj-musl-static-aarch64-unknown-linux-musl-9.7.0/lib/libproj.a(concatenatedoperation.cpp.o) is incompatible with elf_x86_64
          ld.lld: error: /nix/store/sg7y9s9bs0h99n462lhab69agbkmr4iw-proj-musl-static-aarch64-unknown-linux-musl-9.7.0/lib/libproj.a(coordinateoperationfactory.cpp.o) is incompatible with elf_x86_64
          ld.lld: error: /nix/store/sg7y9s9bs0h99n462lhab69agbkmr4iw-proj-musl-static-aarch64-unknown-linux-musl-9.7.0/lib/libproj.a(conversion.cpp.o) is incompatible with elf_x86_64
          ld.lld: error: /nix/store/sg7y9s9bs0h99n462lhab69agbkmr4iw-proj-musl-static-aarch64-unknown-linux-musl-9.7.0/lib/libproj.a(esriparammappings.cpp.o) is incompatible with elf_x86_64
          ld.lld: error: /nix/store/sg7y9s9bs0h99n462lhab69agbkmr4iw-proj-musl-static-aarch64-unknown-linux-musl-9.7.0/lib/libproj.a(oputils.cpp.o) is incompatible with elf_x86_64
          ld.lld: error: /nix/store/sg7y9s9bs0h99n462lhab69agbkmr4iw-proj-musl-static-aarch64-unknown-linux-musl-9.7.0/lib/libproj.a(parametervalue.cpp.o) is incompatible with elf_x86_64
          ld.lld: error: /nix/store/sg7y9s9bs0h99n462lhab69agbkmr4iw-proj-musl-static-aarch64-unknown-linux-musl-9.7.0/lib/libproj.a(parammappings.cpp.o) is incompatible with elf_x86_64
          ld.lld: error: /nix/store/sg7y9s9bs0h99n462lhab69agbkmr4iw-proj-musl-static-aarch64-unknown-linux-musl-9.7.0/lib/libproj.a(projbasedoperation.cpp.o) is incompatible with elf_x86_64
          ld.lld: error: /nix/store/sg7y9s9bs0h99n462lhab69agbkmr4iw-proj-musl-static-aarch64-unknown-linux-musl-9.7.0/lib/libproj.a(singleoperation.cpp.o) is incompatible with elf_x86_64
          ld.lld: error: /nix/store/sg7y9s9bs0h99n462lhab69agbkmr4iw-proj-musl-static-aarch64-unknown-linux-musl-9.7.0/lib/libproj.a(transformation.cpp.o) is incompatible with elf_x86_64
          ld.lld: error: /nix/store/sg7y9s9bs0h99n462lhab69agbkmr4iw-proj-musl-static-aarch64-unknown-linux-musl-9.7.0/lib/libproj.a(vectorofvaluesparams.cpp.o) is incompatible with elf_x86_64
          ld.lld: error: /nix/store/sg7y9s9bs0h99n462lhab69agbkmr4iw-proj-musl-static-aarch64-unknown-linux-musl-9.7.0/lib/libproj.a(memvfs.c.o) is incompatible with elf_x86_64
          ld.lld: error: /nix/store/sg7y9s9bs0h99n462lhab69agbkmr4iw-proj-musl-static-aarch64-unknown-linux-musl-9.7.0/lib/libproj.a(embedded_resources.c.o) is incompatible with elf_x86_64
          ld.lld: error: /nix/store/sg7y9s9bs0h99n462lhab69agbkmr4iw-proj-musl-static-aarch64-unknown-linux-musl-9.7.0/lib/libproj.a(proj_db.c.o) is incompatible with elf_x86_64
          ld.lld: error: /nix/store/sg7y9s9bs0h99n462lhab69agbkmr4iw-proj-musl-static-aarch64-unknown-linux-musl-9.7.0/lib/libproj.a(proj_ini.c.o) is incompatible with elf_x86_64
          ld.lld: error: /nix/store/sg7y9s9bs0h99n462lhab69agbkmr4iw-proj-musl-static-aarch64-unknown-linux-musl-9.7.0/lib/libproj.a(world.c.o) is incompatible with elf_x86_64
          ld.lld: error: /nix/store/sg7y9s9bs0h99n462lhab69agbkmr4iw-proj-musl-static-aarch64-unknown-linux-musl-9.7.0/lib/libproj.a(other_extra.c.o) is incompatible with elf_x86_64
          ld.lld: error: /nix/store/sg7y9s9bs0h99n462lhab69agbkmr4iw-proj-musl-static-aarch64-unknown-linux-musl-9.7.0/lib/libproj.a(nad27.c.o) is incompatible with elf_x86_64
          ld.lld: error: /nix/store/sg7y9s9bs0h99n462lhab69agbkmr4iw-proj-musl-static-aarch64-unknown-linux-musl-9.7.0/lib/libproj.a(GL27.c.o) is incompatible with elf_x86_64
          ld.lld: error: /nix/store/sg7y9s9bs0h99n462lhab69agbkmr4iw-proj-musl-static-aarch64-unknown-linux-musl-9.7.0/lib/libproj.a(nad83.c.o) is incompatible with elf_x86_64
          ld.lld: error: /nix/store/sg7y9s9bs0h99n462lhab69agbkmr4iw-proj-musl-static-aarch64-unknown-linux-musl-9.7.0/lib/libproj.a(nad_lst.c.o) is incompatible with elf_x86_64
          ld.lld: error: /nix/store/sg7y9s9bs0h99n462lhab69agbkmr4iw-proj-musl-static-aarch64-unknown-linux-musl-9.7.0/lib/libproj.a(CH.c.o) is incompatible with elf_x86_64
          ld.lld: error: /nix/store/sg7y9s9bs0h99n462lhab69agbkmr4iw-proj-musl-static-aarch64-unknown-linux-musl-9.7.0/lib/libproj.a(ITRF2000.c.o) is incompatible with elf_x86_64
          ld.lld: error: /nix/store/sg7y9s9bs0h99n462lhab69agbkmr4iw-proj-musl-static-aarch64-unknown-linux-musl-9.7.0/lib/libproj.a(ITRF2008.c.o) is incompatible with elf_x86_64
          ld.lld: error: /nix/store/sg7y9s9bs0h99n462lhab69agbkmr4iw-proj-musl-static-aarch64-unknown-linux-musl-9.7.0/lib/libproj.a(ITRF2014.c.o) is incompatible with elf_x86_64
          ld.lld: error: /nix/store/sg7y9s9bs0h99n462lhab69agbkmr4iw-proj-musl-static-aarch64-unknown-linux-musl-9.7.0/lib/libproj.a(ITRF2020.c.o) is incompatible with elf_x86_64
          ld.lld: error: /nix/store/d24yz56hcy8pjmiza4vmgqlm4dfw60cs-sqlite-musl-static-aarch64-unknown-linux-musl-3.51.1/lib/libsqlite3.a(sqlite3.c.o) is incompatible with elf_x86_64
          ld.lld: error: /nix/store/sg3nhmi90jia41qa078cvyama12aql5m-json-c-musl-static-aarch64-unknown-linux-musl-0.18/lib/libjson-c.a(arraylist.c.o) is incompatible with elf_x86_64
          ld.lld: error: /nix/store/sg3nhmi90jia41qa078cvyama12aql5m-json-c-musl-static-aarch64-unknown-linux-musl-0.18/lib/libjson-c.a(debug.c.o) is incompatible with elf_x86_64
          ld.lld: error: /nix/store/sg3nhmi90jia41qa078cvyama12aql5m-json-c-musl-static-aarch64-unknown-linux-musl-0.18/lib/libjson-c.a(json_c_version.c.o) is incompatible with elf_x86_64
          ld.lld: error: /nix/store/sg3nhmi90jia41qa078cvyama12aql5m-json-c-musl-static-aarch64-unknown-linux-musl-0.18/lib/libjson-c.a(json_object.c.o) is incompatible with elf_x86_64
          ld.lld: error: /nix/store/sg3nhmi90jia41qa078cvyama12aql5m-json-c-musl-static-aarch64-unknown-linux-musl-0.18/lib/libjson-c.a(json_object_iterator.c.o) is incompatible with elf_x86_64
          ld.lld: error: /nix/store/sg3nhmi90jia41qa078cvyama12aql5m-json-c-musl-static-aarch64-unknown-linux-musl-0.18/lib/libjson-c.a(json_tokener.c.o) is incompatible with elf_x86_64
          ld.lld: error: /nix/store/sg3nhmi90jia41qa078cvyama12aql5m-json-c-musl-static-aarch64-unknown-linux-musl-0.18/lib/libjson-c.a(json_util.c.o) is incompatible with elf_x86_64
          ld.lld: error: /nix/store/sg3nhmi90jia41qa078cvyama12aql5m-json-c-musl-static-aarch64-unknown-linux-musl-0.18/lib/libjson-c.a(json_visit.c.o) is incompatible with elf_x86_64
          ld.lld: error: /nix/store/sg3nhmi90jia41qa078cvyama12aql5m-json-c-musl-static-aarch64-unknown-linux-musl-0.18/lib/libjson-c.a(linkhash.c.o) is incompatible with elf_x86_64
          ld.lld: error: /nix/store/sg3nhmi90jia41qa078cvyama12aql5m-json-c-musl-static-aarch64-unknown-linux-musl-0.18/lib/libjson-c.a(printbuf.c.o) is incompatible with elf_x86_64
          ld.lld: error: /nix/store/sg3nhmi90jia41qa078cvyama12aql5m-json-c-musl-static-aarch64-unknown-linux-musl-0.18/lib/libjson-c.a(random_seed.c.o) is incompatible with elf_x86_64
          ld.lld: error: /nix/store/sg3nhmi90jia41qa078cvyama12aql5m-json-c-musl-static-aarch64-unknown-linux-musl-0.18/lib/libjson-c.a(strerror_override.c.o) is incompatible with elf_x86_64
          ld.lld: error: /nix/store/sg3nhmi90jia41qa078cvyama12aql5m-json-c-musl-static-aarch64-unknown-linux-musl-0.18/lib/libjson-c.a(json_pointer.c.o) is incompatible with elf_x86_64
          ld.lld: error: /nix/store/sg3nhmi90jia41qa078cvyama12aql5m-json-c-musl-static-aarch64-unknown-linux-musl-0.18/lib/libjson-c.a(json_patch.c.o) is incompatible with elf_x86_64
          ld.lld: error: /nix/store/makrhcdd06dvj11csf4xxx82gq2xqflr-aarch64-unknown-linux-musl-gcc-14.3.0-lib/lib/libstdc++.a(compatibility.o) is incompatible with elf_x86_64
          ld.lld: error: /nix/store/makrhcdd06dvj11csf4xxx82gq2xqflr-aarch64-unknown-linux-musl-gcc-14.3.0-lib/lib/libstdc++.a(compatibility-debug_list.o) is incompatible with elf_x86_64
          ld.lld: error: /nix/store/makrhcdd06dvj11csf4xxx82gq2xqflr-aarch64-unknown-linux-musl-gcc-14.3.0-lib/lib/libstdc++.a(compatibility-debug_list-2.o) is incompatible with elf_x86_64
          ld.lld: error: /nix/store/makrhcdd06dvj11csf4xxx82gq2xqflr-aarch64-unknown-linux-musl-gcc-14.3.0-lib/lib/libstdc++.a(compatibility-atomic-c++0x.o) is incompatible with elf_x86_64
          ld.lld: error: /nix/store/makrhcdd06dvj11csf4xxx82gq2xqflr-aarch64-unknown-linux-musl-gcc-14.3.0-lib/lib/libstdc++.a(compatibility-c++0x.o) is incompatible with elf_x86_64
          ld.lld: error: /nix/store/makrhcdd06dvj11csf4xxx82gq2xqflr-aarch64-unknown-linux-musl-gcc-14.3.0-lib/lib/libstdc++.a(compatibility-chrono.o) is incompatible with elf_x86_64
          ld.lld: error: /nix/store/makrhcdd06dvj11csf4xxx82gq2xqflr-aarch64-unknown-linux-musl-gcc-14.3.0-lib/lib/libstdc++.a(compatibility-condvar.o) is incompatible with elf_x86_64
          ld.lld: error: /nix/store/makrhcdd06dvj11csf4xxx82gq2xqflr-aarch64-unknown-linux-musl-gcc-14.3.0-lib/lib/libstdc++.a(compatibility-thread-c++0x.o) is incompatible with elf_x86_64
          ld.lld: error: /nix/store/makrhcdd06dvj11csf4xxx82gq2xqflr-aarch64-unknown-linux-musl-gcc-14.3.0-lib/lib/libstdc++.a(array_type_info.o) is incompatible with elf_x86_64
          ld.lld: error: /nix/store/makrhcdd06dvj11csf4xxx82gq2xqflr-aarch64-unknown-linux-musl-gcc-14.3.0-lib/lib/libstdc++.a(atexit_arm.o) is incompatible with elf_x86_64
          ld.lld: error: /nix/store/makrhcdd06dvj11csf4xxx82gq2xqflr-aarch64-unknown-linux-musl-gcc-14.3.0-lib/lib/libstdc++.a(atexit_thread.o) is incompatible with elf_x86_64
          ld.lld: error: /nix/store/makrhcdd06dvj11csf4xxx82gq2xqflr-aarch64-unknown-linux-musl-gcc-14.3.0-lib/lib/libstdc++.a(atomicity.o) is incompatible with elf_x86_64
          ld.lld: error: /nix/store/makrhcdd06dvj11csf4xxx82gq2xqflr-aarch64-unknown-linux-musl-gcc-14.3.0-lib/lib/libstdc++.a(bad_alloc.o) is incompatible with elf_x86_64
          ld.lld: error: /nix/store/makrhcdd06dvj11csf4xxx82gq2xqflr-aarch64-unknown-linux-musl-gcc-14.3.0-lib/lib/libstdc++.a(bad_array_length.o) is incompatible with elf_x86_64
          ld.lld: error: /nix/store/makrhcdd06dvj11csf4xxx82gq2xqflr-aarch64-unknown-linux-musl-gcc-14.3.0-lib/lib/libstdc++.a(bad_array_new.o) is incompatible with elf_x86_64
          ld.lld: error: /nix/store/makrhcdd06dvj11csf4xxx82gq2xqflr-aarch64-unknown-linux-musl-gcc-14.3.0-lib/lib/libstdc++.a(bad_cast.o) is incompatible with elf_x86_64
          ld.lld: error: /nix/store/makrhcdd06dvj11csf4xxx82gq2xqflr-aarch64-unknown-linux-musl-gcc-14.3.0-lib/lib/libstdc++.a(bad_typeid.o) is incompatible with elf_x86_64
          ld.lld: error: /nix/store/makrhcdd06dvj11csf4xxx82gq2xqflr-aarch64-unknown-linux-musl-gcc-14.3.0-lib/lib/libstdc++.a(class_type_info.o) is incompatible with elf_x86_64
          ld.lld: error: /nix/store/makrhcdd06dvj11csf4xxx82gq2xqflr-aarch64-unknown-linux-musl-gcc-14.3.0-lib/lib/libstdc++.a(cp-demangle.o) is incompatible with elf_x86_64
          ld.lld: error: /nix/store/makrhcdd06dvj11csf4xxx82gq2xqflr-aarch64-unknown-linux-musl-gcc-14.3.0-lib/lib/libstdc++.a(del_op.o) is incompatible with elf_x86_64
          ld.lld: error: /nix/store/makrhcdd06dvj11csf4xxx82gq2xqflr-aarch64-unknown-linux-musl-gcc-14.3.0-lib/lib/libstdc++.a(del_opa.o) is incompatible with elf_x86_64
          ld.lld: error: /nix/store/makrhcdd06dvj11csf4xxx82gq2xqflr-aarch64-unknown-linux-musl-gcc-14.3.0-lib/lib/libstdc++.a(del_opant.o) is incompatible with elf_x86_64
          ld.lld: error: /nix/store/makrhcdd06dvj11csf4xxx82gq2xqflr-aarch64-unknown-linux-musl-gcc-14.3.0-lib/lib/libstdc++.a(del_opnt.o) is incompatible with elf_x86_64
          ld.lld: error: /nix/store/makrhcdd06dvj11csf4xxx82gq2xqflr-aarch64-unknown-linux-musl-gcc-14.3.0-lib/lib/libstdc++.a(del_ops.o) is incompatible with elf_x86_64
          ld.lld: error: /nix/store/makrhcdd06dvj11csf4xxx82gq2xqflr-aarch64-unknown-linux-musl-gcc-14.3.0-lib/lib/libstdc++.a(del_opsa.o) is incompatible with elf_x86_64
          ld.lld: error: /nix/store/makrhcdd06dvj11csf4xxx82gq2xqflr-aarch64-unknown-linux-musl-gcc-14.3.0-lib/lib/libstdc++.a(del_opv.o) is incompatible with elf_x86_64
          ld.lld: error: /nix/store/makrhcdd06dvj11csf4xxx82gq2xqflr-aarch64-unknown-linux-musl-gcc-14.3.0-lib/lib/libstdc++.a(del_opva.o) is incompatible with elf_x86_64
          ld.lld: error: /nix/store/makrhcdd06dvj11csf4xxx82gq2xqflr-aarch64-unknown-linux-musl-gcc-14.3.0-lib/lib/libstdc++.a(del_opvant.o) is incompatible with elf_x86_64
          ld.lld: error: /nix/store/makrhcdd06dvj11csf4xxx82gq2xqflr-aarch64-unknown-linux-musl-gcc-14.3.0-lib/lib/libstdc++.a(del_opvnt.o) is incompatible with elf_x86_64
          ld.lld: error: /nix/store/makrhcdd06dvj11csf4xxx82gq2xqflr-aarch64-unknown-linux-musl-gcc-14.3.0-lib/lib/libstdc++.a(del_opvs.o) is incompatible with elf_x86_64
          ld.lld: error: /nix/store/makrhcdd06dvj11csf4xxx82gq2xqflr-aarch64-unknown-linux-musl-gcc-14.3.0-lib/lib/libstdc++.a(del_opvsa.o) is incompatible with elf_x86_64
          ld.lld: error: /nix/store/makrhcdd06dvj11csf4xxx82gq2xqflr-aarch64-unknown-linux-musl-gcc-14.3.0-lib/lib/libstdc++.a(dyncast.o) is incompatible with elf_x86_64
          ld.lld: error: /nix/store/makrhcdd06dvj11csf4xxx82gq2xqflr-aarch64-unknown-linux-musl-gcc-14.3.0-lib/lib/libstdc++.a(eh_alloc.o) is incompatible with elf_x86_64
          ld.lld: error: /nix/store/makrhcdd06dvj11csf4xxx82gq2xqflr-aarch64-unknown-linux-musl-gcc-14.3.0-lib/lib/libstdc++.a(eh_arm.o) is incompatible with elf_x86_64
          ld.lld: error: /nix/store/makrhcdd06dvj11csf4xxx82gq2xqflr-aarch64-unknown-linux-musl-gcc-14.3.0-lib/lib/libstdc++.a(eh_aux_runtime.o) is incompatible with elf_x86_64
          ld.lld: error: /nix/store/makrhcdd06dvj11csf4xxx82gq2xqflr-aarch64-unknown-linux-musl-gcc-14.3.0-lib/lib/libstdc++.a(eh_call.o) is incompatible with elf_x86_64
          ld.lld: error: /nix/store/makrhcdd06dvj11csf4xxx82gq2xqflr-aarch64-unknown-linux-musl-gcc-14.3.0-lib/lib/libstdc++.a(eh_catch.o) is incompatible with elf_x86_64
          ld.lld: error: /nix/store/makrhcdd06dvj11csf4xxx82gq2xqflr-aarch64-unknown-linux-musl-gcc-14.3.0-lib/lib/libstdc++.a(eh_exception.o) is incompatible with elf_x86_64
          ld.lld: error: /nix/store/makrhcdd06dvj11csf4xxx82gq2xqflr-aarch64-unknown-linux-musl-gcc-14.3.0-lib/lib/libstdc++.a(eh_globals.o) is incompatible with elf_x86_64
          ld.lld: error: /nix/store/makrhcdd06dvj11csf4xxx82gq2xqflr-aarch64-unknown-linux-musl-gcc-14.3.0-lib/lib/libstdc++.a(eh_personality.o) is incompatible with elf_x86_64
          ld.lld: error: /nix/store/makrhcdd06dvj11csf4xxx82gq2xqflr-aarch64-unknown-linux-musl-gcc-14.3.0-lib/lib/libstdc++.a(eh_ptr.o) is incompatible with elf_x86_64
          ld.lld: error: /nix/store/makrhcdd06dvj11csf4xxx82gq2xqflr-aarch64-unknown-linux-musl-gcc-14.3.0-lib/lib/libstdc++.a(eh_term_handler.o) is incompatible with elf_x86_64
          ld.lld: error: /nix/store/makrhcdd06dvj11csf4xxx82gq2xqflr-aarch64-unknown-linux-musl-gcc-14.3.0-lib/lib/libstdc++.a(eh_terminate.o) is incompatible with elf_x86_64
          ld.lld: error: /nix/store/makrhcdd06dvj11csf4xxx82gq2xqflr-aarch64-unknown-linux-musl-gcc-14.3.0-lib/lib/libstdc++.a(eh_throw.o) is incompatible with elf_x86_64
          ld.lld: error: /nix/store/makrhcdd06dvj11csf4xxx82gq2xqflr-aarch64-unknown-linux-musl-gcc-14.3.0-lib/lib/libstdc++.a(eh_tm.o) is incompatible with elf_x86_64
          ld.lld: error: /nix/store/makrhcdd06dvj11csf4xxx82gq2xqflr-aarch64-unknown-linux-musl-gcc-14.3.0-lib/lib/libstdc++.a(eh_type.o) is incompatible with elf_x86_64
          ld.lld: error: /nix/store/makrhcdd06dvj11csf4xxx82gq2xqflr-aarch64-unknown-linux-musl-gcc-14.3.0-lib/lib/libstdc++.a(eh_unex_handler.o) is incompatible with elf_x86_64
          ld.lld: error: /nix/store/makrhcdd06dvj11csf4xxx82gq2xqflr-aarch64-unknown-linux-musl-gcc-14.3.0-lib/lib/libstdc++.a(enum_type_info.o) is incompatible with elf_x86_64
          ld.lld: error: /nix/store/makrhcdd06dvj11csf4xxx82gq2xqflr-aarch64-unknown-linux-musl-gcc-14.3.0-lib/lib/libstdc++.a(function_type_info.o) is incompatible with elf_x86_64
          ld.lld: error: /nix/store/makrhcdd06dvj11csf4xxx82gq2xqflr-aarch64-unknown-linux-musl-gcc-14.3.0-lib/lib/libstdc++.a(fundamental_type_info.o) is incompatible with elf_x86_64
          ld.lld: error: /nix/store/makrhcdd06dvj11csf4xxx82gq2xqflr-aarch64-unknown-linux-musl-gcc-14.3.0-lib/lib/libstdc++.a(guard.o) is incompatible with elf_x86_64
          ld.lld: error: /nix/store/makrhcdd06dvj11csf4xxx82gq2xqflr-aarch64-unknown-linux-musl-gcc-14.3.0-lib/lib/libstdc++.a(guard_error.o) is incompatible with elf_x86_64
          ld.lld: error: /nix/store/makrhcdd06dvj11csf4xxx82gq2xqflr-aarch64-unknown-linux-musl-gcc-14.3.0-lib/lib/libstdc++.a(hash_bytes.o) is incompatible with elf_x86_64
          ld.lld: error: /nix/store/makrhcdd06dvj11csf4xxx82gq2xqflr-aarch64-unknown-linux-musl-gcc-14.3.0-lib/lib/libstdc++.a(nested_exception.o) is incompatible with elf_x86_64
          ld.lld: error: /nix/store/makrhcdd06dvj11csf4xxx82gq2xqflr-aarch64-unknown-linux-musl-gcc-14.3.0-lib/lib/libstdc++.a(new_handler.o) is incompatible with elf_x86_64
          ld.lld: error: /nix/store/makrhcdd06dvj11csf4xxx82gq2xqflr-aarch64-unknown-linux-musl-gcc-14.3.0-lib/lib/libstdc++.a(new_op.o) is incompatible with elf_x86_64
          ld.lld: error: /nix/store/makrhcdd06dvj11csf4xxx82gq2xqflr-aarch64-unknown-linux-musl-gcc-14.3.0-lib/lib/libstdc++.a(new_opa.o) is incompatible with elf_x86_64
          ld.lld: error: /nix/store/makrhcdd06dvj11csf4xxx82gq2xqflr-aarch64-unknown-linux-musl-gcc-14.3.0-lib/lib/libstdc++.a(new_opant.o) is incompatible with elf_x86_64
          ld.lld: error: /nix/store/makrhcdd06dvj11csf4xxx82gq2xqflr-aarch64-unknown-linux-musl-gcc-14.3.0-lib/lib/libstdc++.a(new_opnt.o) is incompatible with elf_x86_64
          ld.lld: error: /nix/store/makrhcdd06dvj11csf4xxx82gq2xqflr-aarch64-unknown-linux-musl-gcc-14.3.0-lib/lib/libstdc++.a(new_opv.o) is incompatible with elf_x86_64
          ld.lld: error: /nix/store/makrhcdd06dvj11csf4xxx82gq2xqflr-aarch64-unknown-linux-musl-gcc-14.3.0-lib/lib/libstdc++.a(new_opva.o) is incompatible with elf_x86_64
          ld.lld: error: /nix/store/makrhcdd06dvj11csf4xxx82gq2xqflr-aarch64-unknown-linux-musl-gcc-14.3.0-lib/lib/libstdc++.a(new_opvant.o) is incompatible with elf_x86_64
          ld.lld: error: /nix/store/makrhcdd06dvj11csf4xxx82gq2xqflr-aarch64-unknown-linux-musl-gcc-14.3.0-lib/lib/libstdc++.a(new_opvnt.o) is incompatible with elf_x86_64
          ld.lld: error: /nix/store/makrhcdd06dvj11csf4xxx82gq2xqflr-aarch64-unknown-linux-musl-gcc-14.3.0-lib/lib/libstdc++.a(pbase_type_info.o) is incompatible with elf_x86_64
          ld.lld: error: /nix/store/makrhcdd06dvj11csf4xxx82gq2xqflr-aarch64-unknown-linux-musl-gcc-14.3.0-lib/lib/libstdc++.a(pmem_type_info.o) is incompatible with elf_x86_64
          ld.lld: error: /nix/store/makrhcdd06dvj11csf4xxx82gq2xqflr-aarch64-unknown-linux-musl-gcc-14.3.0-lib/lib/libstdc++.a(pointer_type_info.o) is incompatible with elf_x86_64
          ld.lld: error: /nix/store/makrhcdd06dvj11csf4xxx82gq2xqflr-aarch64-unknown-linux-musl-gcc-14.3.0-lib/lib/libstdc++.a(pure.o) is incompatible with elf_x86_64
          ld.lld: error: /nix/store/makrhcdd06dvj11csf4xxx82gq2xqflr-aarch64-unknown-linux-musl-gcc-14.3.0-lib/lib/libstdc++.a(si_class_type_info.o) is incompatible with elf_x86_64
          ld.lld: error: /nix/store/makrhcdd06dvj11csf4xxx82gq2xqflr-aarch64-unknown-linux-musl-gcc-14.3.0-lib/lib/libstdc++.a(tinfo.o) is incompatible with elf_x86_64
          ld.lld: error: /nix/store/makrhcdd06dvj11csf4xxx82gq2xqflr-aarch64-unknown-linux-musl-gcc-14.3.0-lib/lib/libstdc++.a(tinfo2.o) is incompatible with elf_x86_64
          ld.lld: error: /nix/store/makrhcdd06dvj11csf4xxx82gq2xqflr-aarch64-unknown-linux-musl-gcc-14.3.0-lib/lib/libstdc++.a(vec.o) is incompatible with elf_x86_64
          ld.lld: error: /nix/store/makrhcdd06dvj11csf4xxx82gq2xqflr-aarch64-unknown-linux-musl-gcc-14.3.0-lib/lib/libstdc++.a(vmi_class_type_info.o) is incompatible with elf_x86_64
          ld.lld: error: /nix/store/makrhcdd06dvj11csf4xxx82gq2xqflr-aarch64-unknown-linux-musl-gcc-14.3.0-lib/lib/libstdc++.a(vterminate.o) is incompatible with elf_x86_64
          ld.lld: error: /nix/store/makrhcdd06dvj11csf4xxx82gq2xqflr-aarch64-unknown-linux-musl-gcc-14.3.0-lib/lib/libstdc++.a(allocator-inst.o) is incompatible with elf_x86_64
          ld.lld: error: /nix/store/makrhcdd06dvj11csf4xxx82gq2xqflr-aarch64-unknown-linux-musl-gcc-14.3.0-lib/lib/libstdc++.a(bitmap_allocator.o) is incompatible with elf_x86_64
          ld.lld: error: /nix/store/makrhcdd06dvj11csf4xxx82gq2xqflr-aarch64-unknown-linux-musl-gcc-14.3.0-lib/lib/libstdc++.a(c++locale.o) is incompatible with elf_x86_64
          ld.lld: error: /nix/store/makrhcdd06dvj11csf4xxx82gq2xqflr-aarch64-unknown-linux-musl-gcc-14.3.0-lib/lib/libstdc++.a(codecvt.o) is incompatible with elf_x86_64
          ld.lld: error: /nix/store/makrhcdd06dvj11csf4xxx82gq2xqflr-aarch64-unknown-linux-musl-gcc-14.3.0-lib/lib/libstdc++.a(codecvt_members.o) is incompatible with elf_x86_64
          ld.lld: error: /nix/store/makrhcdd06dvj11csf4xxx82gq2xqflr-aarch64-unknown-linux-musl-gcc-14.3.0-lib/lib/libstdc++.a(collate_members.o) is incompatible with elf_x86_64
          ld.lld: error: /nix/store/makrhcdd06dvj11csf4xxx82gq2xqflr-aarch64-unknown-linux-musl-gcc-14.3.0-lib/lib/libstdc++.a(collate_members_cow.o) is incompatible with elf_x86_64
          ld.lld: error: /nix/store/makrhcdd06dvj11csf4xxx82gq2xqflr-aarch64-unknown-linux-musl-gcc-14.3.0-lib/lib/libstdc++.a(complex_io.o) is incompatible with elf_x86_64
          ld.lld: error: /nix/store/makrhcdd06dvj11csf4xxx82gq2xqflr-aarch64-unknown-linux-musl-gcc-14.3.0-lib/lib/libstdc++.a(concept-inst.o) is incompatible with elf_x86_64
          ld.lld: error: /nix/store/makrhcdd06dvj11csf4xxx82gq2xqflr-aarch64-unknown-linux-musl-gcc-14.3.0-lib/lib/libstdc++.a(cow-istream-string.o) is incompatible with elf_x86_64
          ld.lld: error: /nix/store/makrhcdd06dvj11csf4xxx82gq2xqflr-aarch64-unknown-linux-musl-gcc-14.3.0-lib/lib/libstdc++.a(ext-inst.o) is incompatible with elf_x86_64
          ld.lld: error: /nix/store/makrhcdd06dvj11csf4xxx82gq2xqflr-aarch64-unknown-linux-musl-gcc-14.3.0-lib/lib/libstdc++.a(globals_io.o) is incompatible with elf_x86_64
          ld.lld: error: /nix/store/makrhcdd06dvj11csf4xxx82gq2xqflr-aarch64-unknown-linux-musl-gcc-14.3.0-lib/lib/libstdc++.a(hash_tr1.o) is incompatible with elf_x86_64
          ld.lld: error: /nix/store/makrhcdd06dvj11csf4xxx82gq2xqflr-aarch64-unknown-linux-musl-gcc-14.3.0-lib/lib/libstdc++.a(hashtable_tr1.o) is incompatible with elf_x86_64
          ld.lld: error: /nix/store/makrhcdd06dvj11csf4xxx82gq2xqflr-aarch64-unknown-linux-musl-gcc-14.3.0-lib/lib/libstdc++.a(ios_failure.o) is incompatible with elf_x86_64
          ld.lld: error: /nix/store/makrhcdd06dvj11csf4xxx82gq2xqflr-aarch64-unknown-linux-musl-gcc-14.3.0-lib/lib/libstdc++.a(ios_init.o) is incompatible with elf_x86_64
          ld.lld: error: /nix/store/makrhcdd06dvj11csf4xxx82gq2xqflr-aarch64-unknown-linux-musl-gcc-14.3.0-lib/lib/libstdc++.a(ios_locale.o) is incompatible with elf_x86_64
          ld.lld: error: /nix/store/makrhcdd06dvj11csf4xxx82gq2xqflr-aarch64-unknown-linux-musl-gcc-14.3.0-lib/lib/libstdc++.a(istream-string.o) is incompatible with elf_x86_64
          ld.lld: error: /nix/store/makrhcdd06dvj11csf4xxx82gq2xqflr-aarch64-unknown-linux-musl-gcc-14.3.0-lib/lib/libstdc++.a(istream.o) is incompatible with elf_x86_64
          ld.lld: error: /nix/store/makrhcdd06dvj11csf4xxx82gq2xqflr-aarch64-unknown-linux-musl-gcc-14.3.0-lib/lib/libstdc++.a(list-aux-2.o) is incompatible with elf_x86_64
          ld.lld: error: /nix/store/makrhcdd06dvj11csf4xxx82gq2xqflr-aarch64-unknown-linux-musl-gcc-14.3.0-lib/lib/libstdc++.a(list-aux.o) is incompatible with elf_x86_64
          ld.lld: error: /nix/store/makrhcdd06dvj11csf4xxx82gq2xqflr-aarch64-unknown-linux-musl-gcc-14.3.0-lib/lib/libstdc++.a(list.o) is incompatible with elf_x86_64
          ld.lld: error: /nix/store/makrhcdd06dvj11csf4xxx82gq2xqflr-aarch64-unknown-linux-musl-gcc-14.3.0-lib/lib/libstdc++.a(list_associated-2.o) is incompatible with elf_x86_64
          ld.lld: error: /nix/store/makrhcdd06dvj11csf4xxx82gq2xqflr-aarch64-unknown-linux-musl-gcc-14.3.0-lib/lib/libstdc++.a(list_associated.o) is incompatible with elf_x86_64
          ld.lld: error: /nix/store/makrhcdd06dvj11csf4xxx82gq2xqflr-aarch64-unknown-linux-musl-gcc-14.3.0-lib/lib/libstdc++.a(locale.o) is incompatible with elf_x86_64
          ld.lld: error: /nix/store/makrhcdd06dvj11csf4xxx82gq2xqflr-aarch64-unknown-linux-musl-gcc-14.3.0-lib/lib/libstdc++.a(locale_facets.o) is incompatible with elf_x86_64
          ld.lld: error: /nix/store/makrhcdd06dvj11csf4xxx82gq2xqflr-aarch64-unknown-linux-musl-gcc-14.3.0-lib/lib/libstdc++.a(math_stubs_float.o) is incompatible with elf_x86_64
          ld.lld: error: /nix/store/makrhcdd06dvj11csf4xxx82gq2xqflr-aarch64-unknown-linux-musl-gcc-14.3.0-lib/lib/libstdc++.a(math_stubs_long_double.o) is incompatible with elf_x86_64
          ld.lld: error: /nix/store/makrhcdd06dvj11csf4xxx82gq2xqflr-aarch64-unknown-linux-musl-gcc-14.3.0-lib/lib/libstdc++.a(messages_members.o) is incompatible with elf_x86_64
          ld.lld: error: /nix/store/makrhcdd06dvj11csf4xxx82gq2xqflr-aarch64-unknown-linux-musl-gcc-14.3.0-lib/lib/libstdc++.a(messages_members_cow.o) is incompatible with elf_x86_64
          ld.lld: error: /nix/store/makrhcdd06dvj11csf4xxx82gq2xqflr-aarch64-unknown-linux-musl-gcc-14.3.0-lib/lib/libstdc++.a(misc-inst.o) is incompatible with elf_x86_64
          ld.lld: error: /nix/store/makrhcdd06dvj11csf4xxx82gq2xqflr-aarch64-unknown-linux-musl-gcc-14.3.0-lib/lib/libstdc++.a(monetary_members.o) is incompatible with elf_x86_64
          ld.lld: error: /nix/store/makrhcdd06dvj11csf4xxx82gq2xqflr-aarch64-unknown-linux-musl-gcc-14.3.0-lib/lib/libstdc++.a(monetary_members_cow.o) is incompatible with elf_x86_64
          ld.lld: error: /nix/store/makrhcdd06dvj11csf4xxx82gq2xqflr-aarch64-unknown-linux-musl-gcc-14.3.0-lib/lib/libstdc++.a(mt_allocator.o) is incompatible with elf_x86_64
          ld.lld: error: /nix/store/makrhcdd06dvj11csf4xxx82gq2xqflr-aarch64-unknown-linux-musl-gcc-14.3.0-lib/lib/libstdc++.a(numeric_members.o) is incompatible with elf_x86_64
          ld.lld: error: /nix/store/makrhcdd06dvj11csf4xxx82gq2xqflr-aarch64-unknown-linux-musl-gcc-14.3.0-lib/lib/libstdc++.a(numeric_members_cow.o) is incompatible with elf_x86_64
          ld.lld: error: /nix/store/makrhcdd06dvj11csf4xxx82gq2xqflr-aarch64-unknown-linux-musl-gcc-14.3.0-lib/lib/libstdc++.a(parallel_settings.o) is incompatible with elf_x86_64
          ld.lld: error: /nix/store/makrhcdd06dvj11csf4xxx82gq2xqflr-aarch64-unknown-linux-musl-gcc-14.3.0-lib/lib/libstdc++.a(pool_allocator.o) is incompatible with elf_x86_64
          ld.lld: error: /nix/store/makrhcdd06dvj11csf4xxx82gq2xqflr-aarch64-unknown-linux-musl-gcc-14.3.0-lib/lib/libstdc++.a(stdexcept.o) is incompatible with elf_x86_64
          ld.lld: error: /nix/store/makrhcdd06dvj11csf4xxx82gq2xqflr-aarch64-unknown-linux-musl-gcc-14.3.0-lib/lib/libstdc++.a(streambuf.o) is incompatible with elf_x86_64
          ld.lld: error: /nix/store/makrhcdd06dvj11csf4xxx82gq2xqflr-aarch64-unknown-linux-musl-gcc-14.3.0-lib/lib/libstdc++.a(strstream.o) is incompatible with elf_x86_64
          ld.lld: error: /nix/store/makrhcdd06dvj11csf4xxx82gq2xqflr-aarch64-unknown-linux-musl-gcc-14.3.0-lib/lib/libstdc++.a(time_members.o) is incompatible with elf_x86_64
          ld.lld: error: /nix/store/makrhcdd06dvj11csf4xxx82gq2xqflr-aarch64-unknown-linux-musl-gcc-14.3.0-lib/lib/libstdc++.a(tree.o) is incompatible with elf_x86_64
          ld.lld: error: /nix/store/makrhcdd06dvj11csf4xxx82gq2xqflr-aarch64-unknown-linux-musl-gcc-14.3.0-lib/lib/libstdc++.a(valarray.o) is incompatible with elf_x86_64
          ld.lld: error: /nix/store/makrhcdd06dvj11csf4xxx82gq2xqflr-aarch64-unknown-linux-musl-gcc-14.3.0-lib/lib/libstdc++.a(assert_fail.o) is incompatible with elf_x86_64
          ld.lld: error: /nix/store/makrhcdd06dvj11csf4xxx82gq2xqflr-aarch64-unknown-linux-musl-gcc-14.3.0-lib/lib/libstdc++.a(basic_file.o) is incompatible with elf_x86_64
          ld.lld: error: /nix/store/makrhcdd06dvj11csf4xxx82gq2xqflr-aarch64-unknown-linux-musl-gcc-14.3.0-lib/lib/libstdc++.a(chrono.o) is incompatible with elf_x86_64
          ld.lld: error: /nix/store/makrhcdd06dvj11csf4xxx82gq2xqflr-aarch64-unknown-linux-musl-gcc-14.3.0-lib/lib/libstdc++.a(lt1-codecvt.o) is incompatible with elf_x86_64
          ld.lld: error: /nix/store/makrhcdd06dvj11csf4xxx82gq2xqflr-aarch64-unknown-linux-musl-gcc-14.3.0-lib/lib/libstdc++.a(condition_variable.o) is incompatible with elf_x86_64
          ld.lld: error: /nix/store/makrhcdd06dvj11csf4xxx82gq2xqflr-aarch64-unknown-linux-musl-gcc-14.3.0-lib/lib/libstdc++.a(cow-fstream-inst.o) is incompatible with elf_x86_64
          ld.lld: error: /nix/store/makrhcdd06dvj11csf4xxx82gq2xqflr-aarch64-unknown-linux-musl-gcc-14.3.0-lib/lib/libstdc++.a(cow-locale_init.o) is incompatible with elf_x86_64
          ld.lld: error: /nix/store/makrhcdd06dvj11csf4xxx82gq2xqflr-aarch64-unknown-linux-musl-gcc-14.3.0-lib/lib/libstdc++.a(cow-shim_facets.o) is incompatible with elf_x86_64
          ld.lld: error: /nix/store/makrhcdd06dvj11csf4xxx82gq2xqflr-aarch64-unknown-linux-musl-gcc-14.3.0-lib/lib/libstdc++.a(cow-sstream-inst.o) is incompatible with elf_x86_64
          ld.lld: error: /nix/store/makrhcdd06dvj11csf4xxx82gq2xqflr-aarch64-unknown-linux-musl-gcc-14.3.0-lib/lib/libstdc++.a(cow-stdexcept.o) is incompatible with elf_x86_64
          ld.lld: error: /nix/store/makrhcdd06dvj11csf4xxx82gq2xqflr-aarch64-unknown-linux-musl-gcc-14.3.0-lib/lib/libstdc++.a(cow-string-inst.o) is incompatible with elf_x86_64
          ld.lld: error: /nix/store/makrhcdd06dvj11csf4xxx82gq2xqflr-aarch64-unknown-linux-musl-gcc-14.3.0-lib/lib/libstdc++.a(cow-string-io-inst.o) is incompatible with elf_x86_64
          ld.lld: error: /nix/store/makrhcdd06dvj11csf4xxx82gq2xqflr-aarch64-unknown-linux-musl-gcc-14.3.0-lib/lib/libstdc++.a(cow-wstring-inst.o) is incompatible with elf_x86_64
          ld.lld: error: /nix/store/makrhcdd06dvj11csf4xxx82gq2xqflr-aarch64-unknown-linux-musl-gcc-14.3.0-lib/lib/libstdc++.a(cow-wstring-io-inst.o) is incompatible with elf_x86_64
          ld.lld: error: /nix/store/makrhcdd06dvj11csf4xxx82gq2xqflr-aarch64-unknown-linux-musl-gcc-14.3.0-lib/lib/libstdc++.a(ctype.o) is incompatible with elf_x86_64
          ld.lld: error: /nix/store/makrhcdd06dvj11csf4xxx82gq2xqflr-aarch64-unknown-linux-musl-gcc-14.3.0-lib/lib/libstdc++.a(ctype_configure_char.o) is incompatible with elf_x86_64
          ld.lld: error: /nix/store/makrhcdd06dvj11csf4xxx82gq2xqflr-aarch64-unknown-linux-musl-gcc-14.3.0-lib/lib/libstdc++.a(ctype_members.o) is incompatible with elf_x86_64
          ld.lld: error: /nix/store/makrhcdd06dvj11csf4xxx82gq2xqflr-aarch64-unknown-linux-musl-gcc-14.3.0-lib/lib/libstdc++.a(cxx11-hash_tr1.o) is incompatible with elf_x86_64
          ld.lld: error: /nix/store/makrhcdd06dvj11csf4xxx82gq2xqflr-aarch64-unknown-linux-musl-gcc-14.3.0-lib/lib/libstdc++.a(cxx11-ios_failure.o) is incompatible with elf_x86_64
          ld.lld: error: /nix/store/makrhcdd06dvj11csf4xxx82gq2xqflr-aarch64-unknown-linux-musl-gcc-14.3.0-lib/lib/libstdc++.a(cxx11-locale-inst.o) is incompatible with elf_x86_64
          ld.lld: error: /nix/store/makrhcdd06dvj11csf4xxx82gq2xqflr-aarch64-unknown-linux-musl-gcc-14.3.0-lib/lib/libstdc++.a(cxx11-shim_facets.o) is incompatible with elf_x86_64
          ld.lld: error: /nix/store/makrhcdd06dvj11csf4xxx82gq2xqflr-aarch64-unknown-linux-musl-gcc-14.3.0-lib/lib/libstdc++.a(cxx11-stdexcept.o) is incompatible with elf_x86_64
          ld.lld: error: /nix/store/makrhcdd06dvj11csf4xxx82gq2xqflr-aarch64-unknown-linux-musl-gcc-14.3.0-lib/lib/libstdc++.a(cxx11-wlocale-inst.o) is incompatible with elf_x86_64
          ld.lld: error: /nix/store/makrhcdd06dvj11csf4xxx82gq2xqflr-aarch64-unknown-linux-musl-gcc-14.3.0-lib/lib/libstdc++.a(debug.o) is incompatible with elf_x86_64
          ld.lld: error: /nix/store/makrhcdd06dvj11csf4xxx82gq2xqflr-aarch64-unknown-linux-musl-gcc-14.3.0-lib/lib/libstdc++.a(ext11-inst.o) is incompatible with elf_x86_64
          ld.lld: error: /nix/store/makrhcdd06dvj11csf4xxx82gq2xqflr-aarch64-unknown-linux-musl-gcc-14.3.0-lib/lib/libstdc++.a(fstream-inst.o) is incompatible with elf_x86_64
          ld.lld: error: /nix/store/makrhcdd06dvj11csf4xxx82gq2xqflr-aarch64-unknown-linux-musl-gcc-14.3.0-lib/lib/libstdc++.a(functexcept.o) is incompatible with elf_x86_64
          ld.lld: error: /nix/store/makrhcdd06dvj11csf4xxx82gq2xqflr-aarch64-unknown-linux-musl-gcc-14.3.0-lib/lib/libstdc++.a(functional.o) is incompatible with elf_x86_64
          ld.lld: error: /nix/store/makrhcdd06dvj11csf4xxx82gq2xqflr-aarch64-unknown-linux-musl-gcc-14.3.0-lib/lib/libstdc++.a(futex.o) is incompatible with elf_x86_64
          ld.lld: error: /nix/store/makrhcdd06dvj11csf4xxx82gq2xqflr-aarch64-unknown-linux-musl-gcc-14.3.0-lib/lib/libstdc++.a(future.o) is incompatible with elf_x86_64
          ld.lld: error: /nix/store/makrhcdd06dvj11csf4xxx82gq2xqflr-aarch64-unknown-linux-musl-gcc-14.3.0-lib/lib/libstdc++.a(hash_c++0x.o) is incompatible with elf_x86_64
          ld.lld: error: /nix/store/makrhcdd06dvj11csf4xxx82gq2xqflr-aarch64-unknown-linux-musl-gcc-14.3.0-lib/lib/libstdc++.a(hashtable_c++0x.o) is incompatible with elf_x86_64
          ld.lld: error: /nix/store/makrhcdd06dvj11csf4xxx82gq2xqflr-aarch64-unknown-linux-musl-gcc-14.3.0-lib/lib/libstdc++.a(ios-inst.o) is incompatible with elf_x86_64
          ld.lld: error: /nix/store/makrhcdd06dvj11csf4xxx82gq2xqflr-aarch64-unknown-linux-musl-gcc-14.3.0-lib/lib/libstdc++.a(ios.o) is incompatible with elf_x86_64
          ld.lld: error: /nix/store/makrhcdd06dvj11csf4xxx82gq2xqflr-aarch64-unknown-linux-musl-gcc-14.3.0-lib/lib/libstdc++.a(ios_errcat.o) is incompatible with elf_x86_64
          ld.lld: error: /nix/store/makrhcdd06dvj11csf4xxx82gq2xqflr-aarch64-unknown-linux-musl-gcc-14.3.0-lib/lib/libstdc++.a(iostream-inst.o) is incompatible with elf_x86_64
          ld.lld: error: /nix/store/makrhcdd06dvj11csf4xxx82gq2xqflr-aarch64-unknown-linux-musl-gcc-14.3.0-lib/lib/libstdc++.a(istream-inst.o) is incompatible with elf_x86_64
          ld.lld: error: /nix/store/makrhcdd06dvj11csf4xxx82gq2xqflr-aarch64-unknown-linux-musl-gcc-14.3.0-lib/lib/libstdc++.a(limits.o) is incompatible with elf_x86_64
          ld.lld: error: /nix/store/makrhcdd06dvj11csf4xxx82gq2xqflr-aarch64-unknown-linux-musl-gcc-14.3.0-lib/lib/libstdc++.a(locale-inst.o) is incompatible with elf_x86_64
          ld.lld: error: /nix/store/makrhcdd06dvj11csf4xxx82gq2xqflr-aarch64-unknown-linux-musl-gcc-14.3.0-lib/lib/libstdc++.a(locale_init.o) is incompatible with elf_x86_64
          ld.lld: error: /nix/store/makrhcdd06dvj11csf4xxx82gq2xqflr-aarch64-unknown-linux-musl-gcc-14.3.0-lib/lib/libstdc++.a(localename.o) is incompatible with elf_x86_64
          ld.lld: error: /nix/store/makrhcdd06dvj11csf4xxx82gq2xqflr-aarch64-unknown-linux-musl-gcc-14.3.0-lib/lib/libstdc++.a(mutex.o) is incompatible with elf_x86_64
          ld.lld: error: /nix/store/makrhcdd06dvj11csf4xxx82gq2xqflr-aarch64-unknown-linux-musl-gcc-14.3.0-lib/lib/libstdc++.a(ostream-inst.o) is incompatible with elf_x86_64
          ld.lld: error: /nix/store/makrhcdd06dvj11csf4xxx82gq2xqflr-aarch64-unknown-linux-musl-gcc-14.3.0-lib/lib/libstdc++.a(placeholders.o) is incompatible with elf_x86_64
          ld.lld: error: /nix/store/makrhcdd06dvj11csf4xxx82gq2xqflr-aarch64-unknown-linux-musl-gcc-14.3.0-lib/lib/libstdc++.a(random.o) is incompatible with elf_x86_64
          ld.lld: error: /nix/store/makrhcdd06dvj11csf4xxx82gq2xqflr-aarch64-unknown-linux-musl-gcc-14.3.0-lib/lib/libstdc++.a(regex.o) is incompatible with elf_x86_64
          ld.lld: error: /nix/store/makrhcdd06dvj11csf4xxx82gq2xqflr-aarch64-unknown-linux-musl-gcc-14.3.0-lib/lib/libstdc++.a(shared_ptr.o) is incompatible with elf_x86_64
          ld.lld: error: /nix/store/makrhcdd06dvj11csf4xxx82gq2xqflr-aarch64-unknown-linux-musl-gcc-14.3.0-lib/lib/libstdc++.a(snprintf_lite.o) is incompatible with elf_x86_64
          ld.lld: error: /nix/store/makrhcdd06dvj11csf4xxx82gq2xqflr-aarch64-unknown-linux-musl-gcc-14.3.0-lib/lib/libstdc++.a(sso_string.o) is incompatible with elf_x86_64
          ld.lld: error: /nix/store/makrhcdd06dvj11csf4xxx82gq2xqflr-aarch64-unknown-linux-musl-gcc-14.3.0-lib/lib/libstdc++.a(sstream-inst.o) is incompatible with elf_x86_64
          ld.lld: error: /nix/store/makrhcdd06dvj11csf4xxx82gq2xqflr-aarch64-unknown-linux-musl-gcc-14.3.0-lib/lib/libstdc++.a(streambuf-inst.o) is incompatible with elf_x86_64
          ld.lld: error: /nix/store/makrhcdd06dvj11csf4xxx82gq2xqflr-aarch64-unknown-linux-musl-gcc-14.3.0-lib/lib/libstdc++.a(string-inst.o) is incompatible with elf_x86_64
          ld.lld: error: /nix/store/makrhcdd06dvj11csf4xxx82gq2xqflr-aarch64-unknown-linux-musl-gcc-14.3.0-lib/lib/libstdc++.a(string-io-inst.o) is incompatible with elf_x86_64
          ld.lld: error: /nix/store/makrhcdd06dvj11csf4xxx82gq2xqflr-aarch64-unknown-linux-musl-gcc-14.3.0-lib/lib/libstdc++.a(system_error.o) is incompatible with elf_x86_64
          ld.lld: error: /nix/store/makrhcdd06dvj11csf4xxx82gq2xqflr-aarch64-unknown-linux-musl-gcc-14.3.0-lib/lib/libstdc++.a(thread.o) is incompatible with elf_x86_64
          ld.lld: error: /nix/store/makrhcdd06dvj11csf4xxx82gq2xqflr-aarch64-unknown-linux-musl-gcc-14.3.0-lib/lib/libstdc++.a(wlocale-inst.o) is incompatible with elf_x86_64
          ld.lld: error: /nix/store/makrhcdd06dvj11csf4xxx82gq2xqflr-aarch64-unknown-linux-musl-gcc-14.3.0-lib/lib/libstdc++.a(wstring-inst.o) is incompatible with elf_x86_64
          ld.lld: error: /nix/store/makrhcdd06dvj11csf4xxx82gq2xqflr-aarch64-unknown-linux-musl-gcc-14.3.0-lib/lib/libstdc++.a(wstring-io-inst.o) is incompatible with elf_x86_64
          ld.lld: error: /nix/store/makrhcdd06dvj11csf4xxx82gq2xqflr-aarch64-unknown-linux-musl-gcc-14.3.0-lib/lib/libstdc++.a(cow-fs_dir.o) is incompatible with elf_x86_64
          ld.lld: error: /nix/store/makrhcdd06dvj11csf4xxx82gq2xqflr-aarch64-unknown-linux-musl-gcc-14.3.0-lib/lib/libstdc++.a(cow-fs_ops.o) is incompatible with elf_x86_64
          ld.lld: error: /nix/store/makrhcdd06dvj11csf4xxx82gq2xqflr-aarch64-unknown-linux-musl-gcc-14.3.0-lib/lib/libstdc++.a(cow-fs_path.o) is incompatible with elf_x86_64
          ld.lld: error: /nix/store/makrhcdd06dvj11csf4xxx82gq2xqflr-aarch64-unknown-linux-musl-gcc-14.3.0-lib/lib/libstdc++.a(lt2-cow-string-inst.o) is incompatible with elf_x86_64
          ld.lld: error: /nix/store/makrhcdd06dvj11csf4xxx82gq2xqflr-aarch64-unknown-linux-musl-gcc-14.3.0-lib/lib/libstdc++.a(floating_from_chars.o) is incompatible with elf_x86_64
          ld.lld: error: /nix/store/makrhcdd06dvj11csf4xxx82gq2xqflr-aarch64-unknown-linux-musl-gcc-14.3.0-lib/lib/libstdc++.a(floating_to_chars.o) is incompatible with elf_x86_64
          ld.lld: error: /nix/store/makrhcdd06dvj11csf4xxx82gq2xqflr-aarch64-unknown-linux-musl-gcc-14.3.0-lib/lib/libstdc++.a(fs_dir.o) is incompatible with elf_x86_64
          ld.lld: error: /nix/store/makrhcdd06dvj11csf4xxx82gq2xqflr-aarch64-unknown-linux-musl-gcc-14.3.0-lib/lib/libstdc++.a(fs_ops.o) is incompatible with elf_x86_64
          ld.lld: error: /nix/store/makrhcdd06dvj11csf4xxx82gq2xqflr-aarch64-unknown-linux-musl-gcc-14.3.0-lib/lib/libstdc++.a(fs_path.o) is incompatible with elf_x86_64
          ld.lld: error: /nix/store/makrhcdd06dvj11csf4xxx82gq2xqflr-aarch64-unknown-linux-musl-gcc-14.3.0-lib/lib/libstdc++.a(memory_resource.o) is incompatible with elf_x86_64
          ld.lld: error: /nix/store/makrhcdd06dvj11csf4xxx82gq2xqflr-aarch64-unknown-linux-musl-gcc-14.3.0-lib/lib/libstdc++.a(lt3-ostream-inst.o) is incompatible with elf_x86_64
          ld.lld: error: /nix/store/makrhcdd06dvj11csf4xxx82gq2xqflr-aarch64-unknown-linux-musl-gcc-14.3.0-lib/lib/libstdc++.a(lt4-string-inst.o) is incompatible with elf_x86_64
          ld.lld: error: /nix/store/makrhcdd06dvj11csf4xxx82gq2xqflr-aarch64-unknown-linux-musl-gcc-14.3.0-lib/lib/libstdc++.a(lt5-sstream-inst.o) is incompatible with elf_x86_64
          ld.lld: error: /nix/store/makrhcdd06dvj11csf4xxx82gq2xqflr-aarch64-unknown-linux-musl-gcc-14.3.0-lib/lib/libstdc++.a(tzdb.o) is incompatible with elf_x86_64
          ld.lld: error: /nix/store/ihy5g2g8lvinzzbzjckxdwgzh0w1hip8-aarch64-unknown-linux-musl-gcc-14.3.0/lib/gcc/aarch64-unknown-linux-musl/14.3.0/libgcc.a(cas_1_1.o) is incompatible with elf_x86_64
          ld.lld: error: /nix/store/ihy5g2g8lvinzzbzjckxdwgzh0w1hip8-aarch64-unknown-linux-musl-gcc-14.3.0/lib/gcc/aarch64-unknown-linux-musl/14.3.0/libgcc.a(cas_2_1.o) is incompatible with elf_x86_64
          ld.lld: error: /nix/store/ihy5g2g8lvinzzbzjckxdwgzh0w1hip8-aarch64-unknown-linux-musl-gcc-14.3.0/lib/gcc/aarch64-unknown-linux-musl/14.3.0/libgcc.a(cas_4_1.o) is incompatible with elf_x86_64
          ld.lld: error: /nix/store/ihy5g2g8lvinzzbzjckxdwgzh0w1hip8-aarch64-unknown-linux-musl-gcc-14.3.0/lib/gcc/aarch64-unknown-linux-musl/14.3.0/libgcc.a(cas_8_1.o) is incompatible with elf_x86_64
          ld.lld: error: /nix/store/ihy5g2g8lvinzzbzjckxdwgzh0w1hip8-aarch64-unknown-linux-musl-gcc-14.3.0/lib/gcc/aarch64-unknown-linux-musl/14.3.0/libgcc.a(cas_16_1.o) is incompatible with elf_x86_64
          ld.lld: error: /nix/store/ihy5g2g8lvinzzbzjckxdwgzh0w1hip8-aarch64-unknown-linux-musl-gcc-14.3.0/lib/gcc/aarch64-unknown-linux-musl/14.3.0/libgcc.a(cas_1_2.o) is incompatible with elf_x86_64
          ld.lld: error: /nix/store/ihy5g2g8lvinzzbzjckxdwgzh0w1hip8-aarch64-unknown-linux-musl-gcc-14.3.0/lib/gcc/aarch64-unknown-linux-musl/14.3.0/libgcc.a(cas_2_2.o) is incompatible with elf_x86_64
          ld.lld: error: /nix/store/ihy5g2g8lvinzzbzjckxdwgzh0w1hip8-aarch64-unknown-linux-musl-gcc-14.3.0/lib/gcc/aarch64-unknown-linux-musl/14.3.0/libgcc.a(cas_4_2.o) is incompatible with elf_x86_64
          ld.lld: error: /nix/store/ihy5g2g8lvinzzbzjckxdwgzh0w1hip8-aarch64-unknown-linux-musl-gcc-14.3.0/lib/gcc/aarch64-unknown-linux-musl/14.3.0/libgcc.a(cas_8_2.o) is incompatible with elf_x86_64
          ld.lld: error: /nix/store/ihy5g2g8lvinzzbzjckxdwgzh0w1hip8-aarch64-unknown-linux-musl-gcc-14.3.0/lib/gcc/aarch64-unknown-linux-musl/14.3.0/libgcc.a(cas_16_2.o) is incompatible with elf_x86_64
          ld.lld: error: /nix/store/ihy5g2g8lvinzzbzjckxdwgzh0w1hip8-aarch64-unknown-linux-musl-gcc-14.3.0/lib/gcc/aarch64-unknown-linux-musl/14.3.0/libgcc.a(cas_1_3.o) is incompatible with elf_x86_64
          ld.lld: error: /nix/store/ihy5g2g8lvinzzbzjckxdwgzh0w1hip8-aarch64-unknown-linux-musl-gcc-14.3.0/lib/gcc/aarch64-unknown-linux-musl/14.3.0/libgcc.a(cas_2_3.o) is incompatible with elf_x86_64
          ld.lld: error: /nix/store/ihy5g2g8lvinzzbzjckxdwgzh0w1hip8-aarch64-unknown-linux-musl-gcc-14.3.0/lib/gcc/aarch64-unknown-linux-musl/14.3.0/libgcc.a(cas_4_3.o) is incompatible with elf_x86_64
          ld.lld: error: /nix/store/ihy5g2g8lvinzzbzjckxdwgzh0w1hip8-aarch64-unknown-linux-musl-gcc-14.3.0/lib/gcc/aarch64-unknown-linux-musl/14.3.0/libgcc.a(cas_8_3.o) is incompatible with elf_x86_64
          ld.lld: error: /nix/store/ihy5g2g8lvinzzbzjckxdwgzh0w1hip8-aarch64-unknown-linux-musl-gcc-14.3.0/lib/gcc/aarch64-unknown-linux-musl/14.3.0/libgcc.a(cas_16_3.o) is incompatible with elf_x86_64
          ld.lld: error: /nix/store/ihy5g2g8lvinzzbzjckxdwgzh0w1hip8-aarch64-unknown-linux-musl-gcc-14.3.0/lib/gcc/aarch64-unknown-linux-musl/14.3.0/libgcc.a(cas_1_4.o) is incompatible with elf_x86_64
          ld.lld: error: /nix/store/ihy5g2g8lvinzzbzjckxdwgzh0w1hip8-aarch64-unknown-linux-musl-gcc-14.3.0/lib/gcc/aarch64-unknown-linux-musl/14.3.0/libgcc.a(cas_2_4.o) is incompatible with elf_x86_64
          ld.lld: error: /nix/store/ihy5g2g8lvinzzbzjckxdwgzh0w1hip8-aarch64-unknown-linux-musl-gcc-14.3.0/lib/gcc/aarch64-unknown-linux-musl/14.3.0/libgcc.a(cas_4_4.o) is incompatible with elf_x86_64
          ld.lld: error: /nix/store/ihy5g2g8lvinzzbzjckxdwgzh0w1hip8-aarch64-unknown-linux-musl-gcc-14.3.0/lib/gcc/aarch64-unknown-linux-musl/14.3.0/libgcc.a(cas_8_4.o) is incompatible with elf_x86_64
          ld.lld: error: /nix/store/ihy5g2g8lvinzzbzjckxdwgzh0w1hip8-aarch64-unknown-linux-musl-gcc-14.3.0/lib/gcc/aarch64-unknown-linux-musl/14.3.0/libgcc.a(cas_16_4.o) is incompatible with elf_x86_64
          ld.lld: error: /nix/store/ihy5g2g8lvinzzbzjckxdwgzh0w1hip8-aarch64-unknown-linux-musl-gcc-14.3.0/lib/gcc/aarch64-unknown-linux-musl/14.3.0/libgcc.a(cas_1_5.o) is incompatible with elf_x86_64
          ld.lld: error: /nix/store/ihy5g2g8lvinzzbzjckxdwgzh0w1hip8-aarch64-unknown-linux-musl-gcc-14.3.0/lib/gcc/aarch64-unknown-linux-musl/14.3.0/libgcc.a(cas_2_5.o) is incompatible with elf_x86_64
          ld.lld: error: /nix/store/ihy5g2g8lvinzzbzjckxdwgzh0w1hip8-aarch64-unknown-linux-musl-gcc-14.3.0/lib/gcc/aarch64-unknown-linux-musl/14.3.0/libgcc.a(cas_4_5.o) is incompatible with elf_x86_64
          ld.lld: error: /nix/store/ihy5g2g8lvinzzbzjckxdwgzh0w1hip8-aarch64-unknown-linux-musl-gcc-14.3.0/lib/gcc/aarch64-unknown-linux-musl/14.3.0/libgcc.a(cas_8_5.o) is incompatible with elf_x86_64
          ld.lld: error: /nix/store/ihy5g2g8lvinzzbzjckxdwgzh0w1hip8-aarch64-unknown-linux-musl-gcc-14.3.0/lib/gcc/aarch64-unknown-linux-musl/14.3.0/libgcc.a(cas_16_5.o) is incompatible with elf_x86_64
          ld.lld: error: /nix/store/ihy5g2g8lvinzzbzjckxdwgzh0w1hip8-aarch64-unknown-linux-musl-gcc-14.3.0/lib/gcc/aarch64-unknown-linux-musl/14.3.0/libgcc.a(swp_1_1.o) is incompatible with elf_x86_64
          ld.lld: error: /nix/store/ihy5g2g8lvinzzbzjckxdwgzh0w1hip8-aarch64-unknown-linux-musl-gcc-14.3.0/lib/gcc/aarch64-unknown-linux-musl/14.3.0/libgcc.a(ldadd_1_1.o) is incompatible with elf_x86_64
          ld.lld: error: /nix/store/ihy5g2g8lvinzzbzjckxdwgzh0w1hip8-aarch64-unknown-linux-musl-gcc-14.3.0/lib/gcc/aarch64-unknown-linux-musl/14.3.0/libgcc.a(ldclr_1_1.o) is incompatible with elf_x86_64
          ld.lld: error: /nix/store/ihy5g2g8lvinzzbzjckxdwgzh0w1hip8-aarch64-unknown-linux-musl-gcc-14.3.0/lib/gcc/aarch64-unknown-linux-musl/14.3.0/libgcc.a(ldeor_1_1.o) is incompatible with elf_x86_64
          ld.lld: error: /nix/store/ihy5g2g8lvinzzbzjckxdwgzh0w1hip8-aarch64-unknown-linux-musl-gcc-14.3.0/lib/gcc/aarch64-unknown-linux-musl/14.3.0/libgcc.a(ldset_1_1.o) is incompatible with elf_x86_64
          ld.lld: error: /nix/store/ihy5g2g8lvinzzbzjckxdwgzh0w1hip8-aarch64-unknown-linux-musl-gcc-14.3.0/lib/gcc/aarch64-unknown-linux-musl/14.3.0/libgcc.a(swp_2_1.o) is incompatible with elf_x86_64
          ld.lld: error: /nix/store/ihy5g2g8lvinzzbzjckxdwgzh0w1hip8-aarch64-unknown-linux-musl-gcc-14.3.0/lib/gcc/aarch64-unknown-linux-musl/14.3.0/libgcc.a(ldadd_2_1.o) is incompatible with elf_x86_64
          ld.lld: error: /nix/store/ihy5g2g8lvinzzbzjckxdwgzh0w1hip8-aarch64-unknown-linux-musl-gcc-14.3.0/lib/gcc/aarch64-unknown-linux-musl/14.3.0/libgcc.a(ldclr_2_1.o) is incompatible with elf_x86_64
          ld.lld: error: /nix/store/ihy5g2g8lvinzzbzjckxdwgzh0w1hip8-aarch64-unknown-linux-musl-gcc-14.3.0/lib/gcc/aarch64-unknown-linux-musl/14.3.0/libgcc.a(ldeor_2_1.o) is incompatible with elf_x86_64
          ld.lld: error: /nix/store/ihy5g2g8lvinzzbzjckxdwgzh0w1hip8-aarch64-unknown-linux-musl-gcc-14.3.0/lib/gcc/aarch64-unknown-linux-musl/14.3.0/libgcc.a(ldset_2_1.o) is incompatible with elf_x86_64
          ld.lld: error: /nix/store/ihy5g2g8lvinzzbzjckxdwgzh0w1hip8-aarch64-unknown-linux-musl-gcc-14.3.0/lib/gcc/aarch64-unknown-linux-musl/14.3.0/libgcc.a(swp_4_1.o) is incompatible with elf_x86_64
          ld.lld: error: /nix/store/ihy5g2g8lvinzzbzjckxdwgzh0w1hip8-aarch64-unknown-linux-musl-gcc-14.3.0/lib/gcc/aarch64-unknown-linux-musl/14.3.0/libgcc.a(ldadd_4_1.o) is incompatible with elf_x86_64
          ld.lld: error: /nix/store/ihy5g2g8lvinzzbzjckxdwgzh0w1hip8-aarch64-unknown-linux-musl-gcc-14.3.0/lib/gcc/aarch64-unknown-linux-musl/14.3.0/libgcc.a(ldclr_4_1.o) is incompatible with elf_x86_64
          ld.lld: error: /nix/store/ihy5g2g8lvinzzbzjckxdwgzh0w1hip8-aarch64-unknown-linux-musl-gcc-14.3.0/lib/gcc/aarch64-unknown-linux-musl/14.3.0/libgcc.a(ldeor_4_1.o) is incompatible with elf_x86_64
          ld.lld: error: /nix/store/ihy5g2g8lvinzzbzjckxdwgzh0w1hip8-aarch64-unknown-linux-musl-gcc-14.3.0/lib/gcc/aarch64-unknown-linux-musl/14.3.0/libgcc.a(ldset_4_1.o) is incompatible with elf_x86_64
          ld.lld: error: /nix/store/ihy5g2g8lvinzzbzjckxdwgzh0w1hip8-aarch64-unknown-linux-musl-gcc-14.3.0/lib/gcc/aarch64-unknown-linux-musl/14.3.0/libgcc.a(swp_8_1.o) is incompatible with elf_x86_64
          ld.lld: error: /nix/store/ihy5g2g8lvinzzbzjckxdwgzh0w1hip8-aarch64-unknown-linux-musl-gcc-14.3.0/lib/gcc/aarch64-unknown-linux-musl/14.3.0/libgcc.a(ldadd_8_1.o) is incompatible with elf_x86_64
          ld.lld: error: /nix/store/ihy5g2g8lvinzzbzjckxdwgzh0w1hip8-aarch64-unknown-linux-musl-gcc-14.3.0/lib/gcc/aarch64-unknown-linux-musl/14.3.0/libgcc.a(ldclr_8_1.o) is incompatible with elf_x86_64
          ld.lld: error: /nix/store/ihy5g2g8lvinzzbzjckxdwgzh0w1hip8-aarch64-unknown-linux-musl-gcc-14.3.0/lib/gcc/aarch64-unknown-linux-musl/14.3.0/libgcc.a(ldeor_8_1.o) is incompatible with elf_x86_64
          ld.lld: error: /nix/store/ihy5g2g8lvinzzbzjckxdwgzh0w1hip8-aarch64-unknown-linux-musl-gcc-14.3.0/lib/gcc/aarch64-unknown-linux-musl/14.3.0/libgcc.a(ldset_8_1.o) is incompatible with elf_x86_64
          ld.lld: error: /nix/store/ihy5g2g8lvinzzbzjckxdwgzh0w1hip8-aarch64-unknown-linux-musl-gcc-14.3.0/lib/gcc/aarch64-unknown-linux-musl/14.3.0/libgcc.a(swp_1_2.o) is incompatible with elf_x86_64
          ld.lld: error: /nix/store/ihy5g2g8lvinzzbzjckxdwgzh0w1hip8-aarch64-unknown-linux-musl-gcc-14.3.0/lib/gcc/aarch64-unknown-linux-musl/14.3.0/libgcc.a(ldadd_1_2.o) is incompatible with elf_x86_64
          ld.lld: error: /nix/store/ihy5g2g8lvinzzbzjckxdwgzh0w1hip8-aarch64-unknown-linux-musl-gcc-14.3.0/lib/gcc/aarch64-unknown-linux-musl/14.3.0/libgcc.a(ldclr_1_2.o) is incompatible with elf_x86_64
          ld.lld: error: /nix/store/ihy5g2g8lvinzzbzjckxdwgzh0w1hip8-aarch64-unknown-linux-musl-gcc-14.3.0/lib/gcc/aarch64-unknown-linux-musl/14.3.0/libgcc.a(ldeor_1_2.o) is incompatible with elf_x86_64
          ld.lld: error: /nix/store/ihy5g2g8lvinzzbzjckxdwgzh0w1hip8-aarch64-unknown-linux-musl-gcc-14.3.0/lib/gcc/aarch64-unknown-linux-musl/14.3.0/libgcc.a(ldset_1_2.o) is incompatible with elf_x86_64
          ld.lld: error: /nix/store/ihy5g2g8lvinzzbzjckxdwgzh0w1hip8-aarch64-unknown-linux-musl-gcc-14.3.0/lib/gcc/aarch64-unknown-linux-musl/14.3.0/libgcc.a(swp_2_2.o) is incompatible with elf_x86_64
          ld.lld: error: /nix/store/ihy5g2g8lvinzzbzjckxdwgzh0w1hip8-aarch64-unknown-linux-musl-gcc-14.3.0/lib/gcc/aarch64-unknown-linux-musl/14.3.0/libgcc.a(ldadd_2_2.o) is incompatible with elf_x86_64
          ld.lld: error: /nix/store/ihy5g2g8lvinzzbzjckxdwgzh0w1hip8-aarch64-unknown-linux-musl-gcc-14.3.0/lib/gcc/aarch64-unknown-linux-musl/14.3.0/libgcc.a(ldclr_2_2.o) is incompatible with elf_x86_64
          ld.lld: error: /nix/store/ihy5g2g8lvinzzbzjckxdwgzh0w1hip8-aarch64-unknown-linux-musl-gcc-14.3.0/lib/gcc/aarch64-unknown-linux-musl/14.3.0/libgcc.a(ldeor_2_2.o) is incompatible with elf_x86_64
          ld.lld: error: /nix/store/ihy5g2g8lvinzzbzjckxdwgzh0w1hip8-aarch64-unknown-linux-musl-gcc-14.3.0/lib/gcc/aarch64-unknown-linux-musl/14.3.0/libgcc.a(ldset_2_2.o) is incompatible with elf_x86_64
          ld.lld: error: /nix/store/ihy5g2g8lvinzzbzjckxdwgzh0w1hip8-aarch64-unknown-linux-musl-gcc-14.3.0/lib/gcc/aarch64-unknown-linux-musl/14.3.0/libgcc.a(swp_4_2.o) is incompatible with elf_x86_64
          ld.lld: error: /nix/store/ihy5g2g8lvinzzbzjckxdwgzh0w1hip8-aarch64-unknown-linux-musl-gcc-14.3.0/lib/gcc/aarch64-unknown-linux-musl/14.3.0/libgcc.a(ldadd_4_2.o) is incompatible with elf_x86_64
          ld.lld: error: /nix/store/ihy5g2g8lvinzzbzjckxdwgzh0w1hip8-aarch64-unknown-linux-musl-gcc-14.3.0/lib/gcc/aarch64-unknown-linux-musl/14.3.0/libgcc.a(ldclr_4_2.o) is incompatible with elf_x86_64
          ld.lld: error: /nix/store/ihy5g2g8lvinzzbzjckxdwgzh0w1hip8-aarch64-unknown-linux-musl-gcc-14.3.0/lib/gcc/aarch64-unknown-linux-musl/14.3.0/libgcc.a(ldeor_4_2.o) is incompatible with elf_x86_64
          ld.lld: error: /nix/store/ihy5g2g8lvinzzbzjckxdwgzh0w1hip8-aarch64-unknown-linux-musl-gcc-14.3.0/lib/gcc/aarch64-unknown-linux-musl/14.3.0/libgcc.a(ldset_4_2.o) is incompatible with elf_x86_64
          ld.lld: error: /nix/store/ihy5g2g8lvinzzbzjckxdwgzh0w1hip8-aarch64-unknown-linux-musl-gcc-14.3.0/lib/gcc/aarch64-unknown-linux-musl/14.3.0/libgcc.a(swp_8_2.o) is incompatible with elf_x86_64
          ld.lld: error: /nix/store/ihy5g2g8lvinzzbzjckxdwgzh0w1hip8-aarch64-unknown-linux-musl-gcc-14.3.0/lib/gcc/aarch64-unknown-linux-musl/14.3.0/libgcc.a(ldadd_8_2.o) is incompatible with elf_x86_64
          ld.lld: error: /nix/store/ihy5g2g8lvinzzbzjckxdwgzh0w1hip8-aarch64-unknown-linux-musl-gcc-14.3.0/lib/gcc/aarch64-unknown-linux-musl/14.3.0/libgcc.a(ldclr_8_2.o) is incompatible with elf_x86_64
          ld.lld: error: /nix/store/ihy5g2g8lvinzzbzjckxdwgzh0w1hip8-aarch64-unknown-linux-musl-gcc-14.3.0/lib/gcc/aarch64-unknown-linux-musl/14.3.0/libgcc.a(ldeor_8_2.o) is incompatible with elf_x86_64
          ld.lld: error: /nix/store/ihy5g2g8lvinzzbzjckxdwgzh0w1hip8-aarch64-unknown-linux-musl-gcc-14.3.0/lib/gcc/aarch64-unknown-linux-musl/14.3.0/libgcc.a(ldset_8_2.o) is incompatible with elf_x86_64
          ld.lld: error: /nix/store/ihy5g2g8lvinzzbzjckxdwgzh0w1hip8-aarch64-unknown-linux-musl-gcc-14.3.0/lib/gcc/aarch64-unknown-linux-musl/14.3.0/libgcc.a(swp_1_3.o) is incompatible with elf_x86_64
          ld.lld: error: /nix/store/ihy5g2g8lvinzzbzjckxdwgzh0w1hip8-aarch64-unknown-linux-musl-gcc-14.3.0/lib/gcc/aarch64-unknown-linux-musl/14.3.0/libgcc.a(ldadd_1_3.o) is incompatible with elf_x86_64
          ld.lld: error: /nix/store/ihy5g2g8lvinzzbzjckxdwgzh0w1hip8-aarch64-unknown-linux-musl-gcc-14.3.0/lib/gcc/aarch64-unknown-linux-musl/14.3.0/libgcc.a(ldclr_1_3.o) is incompatible with elf_x86_64
          ld.lld: error: /nix/store/ihy5g2g8lvinzzbzjckxdwgzh0w1hip8-aarch64-unknown-linux-musl-gcc-14.3.0/lib/gcc/aarch64-unknown-linux-musl/14.3.0/libgcc.a(ldeor_1_3.o) is incompatible with elf_x86_64
          ld.lld: error: /nix/store/ihy5g2g8lvinzzbzjckxdwgzh0w1hip8-aarch64-unknown-linux-musl-gcc-14.3.0/lib/gcc/aarch64-unknown-linux-musl/14.3.0/libgcc.a(ldset_1_3.o) is incompatible with elf_x86_64
          ld.lld: error: /nix/store/ihy5g2g8lvinzzbzjckxdwgzh0w1hip8-aarch64-unknown-linux-musl-gcc-14.3.0/lib/gcc/aarch64-unknown-linux-musl/14.3.0/libgcc.a(swp_2_3.o) is incompatible with elf_x86_64
          ld.lld: error: /nix/store/ihy5g2g8lvinzzbzjckxdwgzh0w1hip8-aarch64-unknown-linux-musl-gcc-14.3.0/lib/gcc/aarch64-unknown-linux-musl/14.3.0/libgcc.a(ldadd_2_3.o) is incompatible with elf_x86_64
          ld.lld: error: /nix/store/ihy5g2g8lvinzzbzjckxdwgzh0w1hip8-aarch64-unknown-linux-musl-gcc-14.3.0/lib/gcc/aarch64-unknown-linux-musl/14.3.0/libgcc.a(ldclr_2_3.o) is incompatible with elf_x86_64
          ld.lld: error: /nix/store/ihy5g2g8lvinzzbzjckxdwgzh0w1hip8-aarch64-unknown-linux-musl-gcc-14.3.0/lib/gcc/aarch64-unknown-linux-musl/14.3.0/libgcc.a(ldeor_2_3.o) is incompatible with elf_x86_64
          ld.lld: error: /nix/store/ihy5g2g8lvinzzbzjckxdwgzh0w1hip8-aarch64-unknown-linux-musl-gcc-14.3.0/lib/gcc/aarch64-unknown-linux-musl/14.3.0/libgcc.a(ldset_2_3.o) is incompatible with elf_x86_64
          ld.lld: error: /nix/store/ihy5g2g8lvinzzbzjckxdwgzh0w1hip8-aarch64-unknown-linux-musl-gcc-14.3.0/lib/gcc/aarch64-unknown-linux-musl/14.3.0/libgcc.a(swp_4_3.o) is incompatible with elf_x86_64
          ld.lld: error: /nix/store/ihy5g2g8lvinzzbzjckxdwgzh0w1hip8-aarch64-unknown-linux-musl-gcc-14.3.0/lib/gcc/aarch64-unknown-linux-musl/14.3.0/libgcc.a(ldadd_4_3.o) is incompatible with elf_x86_64
          ld.lld: error: /nix/store/ihy5g2g8lvinzzbzjckxdwgzh0w1hip8-aarch64-unknown-linux-musl-gcc-14.3.0/lib/gcc/aarch64-unknown-linux-musl/14.3.0/libgcc.a(ldclr_4_3.o) is incompatible with elf_x86_64
          ld.lld: error: /nix/store/ihy5g2g8lvinzzbzjckxdwgzh0w1hip8-aarch64-unknown-linux-musl-gcc-14.3.0/lib/gcc/aarch64-unknown-linux-musl/14.3.0/libgcc.a(ldeor_4_3.o) is incompatible with elf_x86_64
          ld.lld: error: /nix/store/ihy5g2g8lvinzzbzjckxdwgzh0w1hip8-aarch64-unknown-linux-musl-gcc-14.3.0/lib/gcc/aarch64-unknown-linux-musl/14.3.0/libgcc.a(ldset_4_3.o) is incompatible with elf_x86_64
          ld.lld: error: /nix/store/ihy5g2g8lvinzzbzjckxdwgzh0w1hip8-aarch64-unknown-linux-musl-gcc-14.3.0/lib/gcc/aarch64-unknown-linux-musl/14.3.0/libgcc.a(swp_8_3.o) is incompatible with elf_x86_64
          ld.lld: error: /nix/store/ihy5g2g8lvinzzbzjckxdwgzh0w1hip8-aarch64-unknown-linux-musl-gcc-14.3.0/lib/gcc/aarch64-unknown-linux-musl/14.3.0/libgcc.a(ldadd_8_3.o) is incompatible with elf_x86_64
          ld.lld: error: /nix/store/ihy5g2g8lvinzzbzjckxdwgzh0w1hip8-aarch64-unknown-linux-musl-gcc-14.3.0/lib/gcc/aarch64-unknown-linux-musl/14.3.0/libgcc.a(ldclr_8_3.o) is incompatible with elf_x86_64
          ld.lld: error: /nix/store/ihy5g2g8lvinzzbzjckxdwgzh0w1hip8-aarch64-unknown-linux-musl-gcc-14.3.0/lib/gcc/aarch64-unknown-linux-musl/14.3.0/libgcc.a(ldeor_8_3.o) is incompatible with elf_x86_64
          ld.lld: error: /nix/store/ihy5g2g8lvinzzbzjckxdwgzh0w1hip8-aarch64-unknown-linux-musl-gcc-14.3.0/lib/gcc/aarch64-unknown-linux-musl/14.3.0/libgcc.a(ldset_8_3.o) is incompatible with elf_x86_64
          ld.lld: error: /nix/store/ihy5g2g8lvinzzbzjckxdwgzh0w1hip8-aarch64-unknown-linux-musl-gcc-14.3.0/lib/gcc/aarch64-unknown-linux-musl/14.3.0/libgcc.a(swp_1_4.o) is incompatible with elf_x86_64
          ld.lld: error: /nix/store/ihy5g2g8lvinzzbzjckxdwgzh0w1hip8-aarch64-unknown-linux-musl-gcc-14.3.0/lib/gcc/aarch64-unknown-linux-musl/14.3.0/libgcc.a(ldadd_1_4.o) is incompatible with elf_x86_64
          ld.lld: error: /nix/store/ihy5g2g8lvinzzbzjckxdwgzh0w1hip8-aarch64-unknown-linux-musl-gcc-14.3.0/lib/gcc/aarch64-unknown-linux-musl/14.3.0/libgcc.a(ldclr_1_4.o) is incompatible with elf_x86_64
          ld.lld: error: /nix/store/ihy5g2g8lvinzzbzjckxdwgzh0w1hip8-aarch64-unknown-linux-musl-gcc-14.3.0/lib/gcc/aarch64-unknown-linux-musl/14.3.0/libgcc.a(ldeor_1_4.o) is incompatible with elf_x86_64
          ld.lld: error: /nix/store/ihy5g2g8lvinzzbzjckxdwgzh0w1hip8-aarch64-unknown-linux-musl-gcc-14.3.0/lib/gcc/aarch64-unknown-linux-musl/14.3.0/libgcc.a(ldset_1_4.o) is incompatible with elf_x86_64
          ld.lld: error: /nix/store/ihy5g2g8lvinzzbzjckxdwgzh0w1hip8-aarch64-unknown-linux-musl-gcc-14.3.0/lib/gcc/aarch64-unknown-linux-musl/14.3.0/libgcc.a(swp_2_4.o) is incompatible with elf_x86_64
          ld.lld: error: /nix/store/ihy5g2g8lvinzzbzjckxdwgzh0w1hip8-aarch64-unknown-linux-musl-gcc-14.3.0/lib/gcc/aarch64-unknown-linux-musl/14.3.0/libgcc.a(ldadd_2_4.o) is incompatible with elf_x86_64
          ld.lld: error: /nix/store/ihy5g2g8lvinzzbzjckxdwgzh0w1hip8-aarch64-unknown-linux-musl-gcc-14.3.0/lib/gcc/aarch64-unknown-linux-musl/14.3.0/libgcc.a(ldclr_2_4.o) is incompatible with elf_x86_64
          ld.lld: error: /nix/store/ihy5g2g8lvinzzbzjckxdwgzh0w1hip8-aarch64-unknown-linux-musl-gcc-14.3.0/lib/gcc/aarch64-unknown-linux-musl/14.3.0/libgcc.a(ldeor_2_4.o) is incompatible with elf_x86_64
          ld.lld: error: /nix/store/ihy5g2g8lvinzzbzjckxdwgzh0w1hip8-aarch64-unknown-linux-musl-gcc-14.3.0/lib/gcc/aarch64-unknown-linux-musl/14.3.0/libgcc.a(ldset_2_4.o) is incompatible with elf_x86_64
          ld.lld: error: /nix/store/ihy5g2g8lvinzzbzjckxdwgzh0w1hip8-aarch64-unknown-linux-musl-gcc-14.3.0/lib/gcc/aarch64-unknown-linux-musl/14.3.0/libgcc.a(swp_4_4.o) is incompatible with elf_x86_64
          ld.lld: error: /nix/store/ihy5g2g8lvinzzbzjckxdwgzh0w1hip8-aarch64-unknown-linux-musl-gcc-14.3.0/lib/gcc/aarch64-unknown-linux-musl/14.3.0/libgcc.a(ldadd_4_4.o) is incompatible with elf_x86_64
          ld.lld: error: /nix/store/ihy5g2g8lvinzzbzjckxdwgzh0w1hip8-aarch64-unknown-linux-musl-gcc-14.3.0/lib/gcc/aarch64-unknown-linux-musl/14.3.0/libgcc.a(ldclr_4_4.o) is incompatible with elf_x86_64
          ld.lld: error: /nix/store/ihy5g2g8lvinzzbzjckxdwgzh0w1hip8-aarch64-unknown-linux-musl-gcc-14.3.0/lib/gcc/aarch64-unknown-linux-musl/14.3.0/libgcc.a(ldeor_4_4.o) is incompatible with elf_x86_64
          ld.lld: error: /nix/store/ihy5g2g8lvinzzbzjckxdwgzh0w1hip8-aarch64-unknown-linux-musl-gcc-14.3.0/lib/gcc/aarch64-unknown-linux-musl/14.3.0/libgcc.a(ldset_4_4.o) is incompatible with elf_x86_64
          ld.lld: error: /nix/store/ihy5g2g8lvinzzbzjckxdwgzh0w1hip8-aarch64-unknown-linux-musl-gcc-14.3.0/lib/gcc/aarch64-unknown-linux-musl/14.3.0/libgcc.a(swp_8_4.o) is incompatible with elf_x86_64
          ld.lld: error: /nix/store/ihy5g2g8lvinzzbzjckxdwgzh0w1hip8-aarch64-unknown-linux-musl-gcc-14.3.0/lib/gcc/aarch64-unknown-linux-musl/14.3.0/libgcc.a(ldadd_8_4.o) is incompatible with elf_x86_64
          ld.lld: error: /nix/store/ihy5g2g8lvinzzbzjckxdwgzh0w1hip8-aarch64-unknown-linux-musl-gcc-14.3.0/lib/gcc/aarch64-unknown-linux-musl/14.3.0/libgcc.a(ldclr_8_4.o) is incompatible with elf_x86_64
          ld.lld: error: /nix/store/ihy5g2g8lvinzzbzjckxdwgzh0w1hip8-aarch64-unknown-linux-musl-gcc-14.3.0/lib/gcc/aarch64-unknown-linux-musl/14.3.0/libgcc.a(ldeor_8_4.o) is incompatible with elf_x86_64
          ld.lld: error: /nix/store/ihy5g2g8lvinzzbzjckxdwgzh0w1hip8-aarch64-unknown-linux-musl-gcc-14.3.0/lib/gcc/aarch64-unknown-linux-musl/14.3.0/libgcc.a(ldset_8_4.o) is incompatible with elf_x86_64
          ld.lld: error: /nix/store/ihy5g2g8lvinzzbzjckxdwgzh0w1hip8-aarch64-unknown-linux-musl-gcc-14.3.0/lib/gcc/aarch64-unknown-linux-musl/14.3.0/libgcc.a(swp_1_5.o) is incompatible with elf_x86_64
          ld.lld: error: /nix/store/ihy5g2g8lvinzzbzjckxdwgzh0w1hip8-aarch64-unknown-linux-musl-gcc-14.3.0/lib/gcc/aarch64-unknown-linux-musl/14.3.0/libgcc.a(ldadd_1_5.o) is incompatible with elf_x86_64
          ld.lld: error: /nix/store/ihy5g2g8lvinzzbzjckxdwgzh0w1hip8-aarch64-unknown-linux-musl-gcc-14.3.0/lib/gcc/aarch64-unknown-linux-musl/14.3.0/libgcc.a(ldclr_1_5.o) is incompatible with elf_x86_64
          ld.lld: error: /nix/store/ihy5g2g8lvinzzbzjckxdwgzh0w1hip8-aarch64-unknown-linux-musl-gcc-14.3.0/lib/gcc/aarch64-unknown-linux-musl/14.3.0/libgcc.a(ldeor_1_5.o) is incompatible with elf_x86_64
          ld.lld: error: /nix/store/ihy5g2g8lvinzzbzjckxdwgzh0w1hip8-aarch64-unknown-linux-musl-gcc-14.3.0/lib/gcc/aarch64-unknown-linux-musl/14.3.0/libgcc.a(ldset_1_5.o) is incompatible with elf_x86_64
          ld.lld: error: /nix/store/ihy5g2g8lvinzzbzjckxdwgzh0w1hip8-aarch64-unknown-linux-musl-gcc-14.3.0/lib/gcc/aarch64-unknown-linux-musl/14.3.0/libgcc.a(swp_2_5.o) is incompatible with elf_x86_64
          ld.lld: error: /nix/store/ihy5g2g8lvinzzbzjckxdwgzh0w1hip8-aarch64-unknown-linux-musl-gcc-14.3.0/lib/gcc/aarch64-unknown-linux-musl/14.3.0/libgcc.a(ldadd_2_5.o) is incompatible with elf_x86_64
          ld.lld: error: /nix/store/ihy5g2g8lvinzzbzjckxdwgzh0w1hip8-aarch64-unknown-linux-musl-gcc-14.3.0/lib/gcc/aarch64-unknown-linux-musl/14.3.0/libgcc.a(ldclr_2_5.o) is incompatible with elf_x86_64
          ld.lld: error: /nix/store/ihy5g2g8lvinzzbzjckxdwgzh0w1hip8-aarch64-unknown-linux-musl-gcc-14.3.0/lib/gcc/aarch64-unknown-linux-musl/14.3.0/libgcc.a(ldeor_2_5.o) is incompatible with elf_x86_64
          ld.lld: error: /nix/store/ihy5g2g8lvinzzbzjckxdwgzh0w1hip8-aarch64-unknown-linux-musl-gcc-14.3.0/lib/gcc/aarch64-unknown-linux-musl/14.3.0/libgcc.a(ldset_2_5.o) is incompatible with elf_x86_64
          ld.lld: error: /nix/store/ihy5g2g8lvinzzbzjckxdwgzh0w1hip8-aarch64-unknown-linux-musl-gcc-14.3.0/lib/gcc/aarch64-unknown-linux-musl/14.3.0/libgcc.a(swp_4_5.o) is incompatible with elf_x86_64
          ld.lld: error: /nix/store/ihy5g2g8lvinzzbzjckxdwgzh0w1hip8-aarch64-unknown-linux-musl-gcc-14.3.0/lib/gcc/aarch64-unknown-linux-musl/14.3.0/libgcc.a(ldadd_4_5.o) is incompatible with elf_x86_64
          ld.lld: error: /nix/store/ihy5g2g8lvinzzbzjckxdwgzh0w1hip8-aarch64-unknown-linux-musl-gcc-14.3.0/lib/gcc/aarch64-unknown-linux-musl/14.3.0/libgcc.a(ldclr_4_5.o) is incompatible with elf_x86_64
          ld.lld: error: /nix/store/ihy5g2g8lvinzzbzjckxdwgzh0w1hip8-aarch64-unknown-linux-musl-gcc-14.3.0/lib/gcc/aarch64-unknown-linux-musl/14.3.0/libgcc.a(ldeor_4_5.o) is incompatible with elf_x86_64
          ld.lld: error: /nix/store/ihy5g2g8lvinzzbzjckxdwgzh0w1hip8-aarch64-unknown-linux-musl-gcc-14.3.0/lib/gcc/aarch64-unknown-linux-musl/14.3.0/libgcc.a(ldset_4_5.o) is incompatible with elf_x86_64
          ld.lld: error: /nix/store/ihy5g2g8lvinzzbzjckxdwgzh0w1hip8-aarch64-unknown-linux-musl-gcc-14.3.0/lib/gcc/aarch64-unknown-linux-musl/14.3.0/libgcc.a(swp_8_5.o) is incompatible with elf_x86_64
          ld.lld: error: /nix/store/ihy5g2g8lvinzzbzjckxdwgzh0w1hip8-aarch64-unknown-linux-musl-gcc-14.3.0/lib/gcc/aarch64-unknown-linux-musl/14.3.0/libgcc.a(ldadd_8_5.o) is incompatible with elf_x86_64
          ld.lld: error: /nix/store/ihy5g2g8lvinzzbzjckxdwgzh0w1hip8-aarch64-unknown-linux-musl-gcc-14.3.0/lib/gcc/aarch64-unknown-linux-musl/14.3.0/libgcc.a(ldclr_8_5.o) is incompatible with elf_x86_64
          ld.lld: error: /nix/store/ihy5g2g8lvinzzbzjckxdwgzh0w1hip8-aarch64-unknown-linux-musl-gcc-14.3.0/lib/gcc/aarch64-unknown-linux-musl/14.3.0/libgcc.a(ldeor_8_5.o) is incompatible with elf_x86_64
          ld.lld: error: /nix/store/ihy5g2g8lvinzzbzjckxdwgzh0w1hip8-aarch64-unknown-linux-musl-gcc-14.3.0/lib/gcc/aarch64-unknown-linux-musl/14.3.0/libgcc.a(ldset_8_5.o) is incompatible with elf_x86_64
          ld.lld: error: /nix/store/ihy5g2g8lvinzzbzjckxdwgzh0w1hip8-aarch64-unknown-linux-musl-gcc-14.3.0/lib/gcc/aarch64-unknown-linux-musl/14.3.0/libgcc.a(lse-init.o) is incompatible with elf_x86_64
          ld.lld: error: /nix/store/ihy5g2g8lvinzzbzjckxdwgzh0w1hip8-aarch64-unknown-linux-musl-gcc-14.3.0/lib/gcc/aarch64-unknown-linux-musl/14.3.0/libgcc.a(_muldi3.o) is incompatible with elf_x86_64
          ld.lld: error: /nix/store/ihy5g2g8lvinzzbzjckxdwgzh0w1hip8-aarch64-unknown-linux-musl-gcc-14.3.0/lib/gcc/aarch64-unknown-linux-musl/14.3.0/libgcc.a(_negdi2.o) is incompatible with elf_x86_64
          ld.lld: error: /nix/store/ihy5g2g8lvinzzbzjckxdwgzh0w1hip8-aarch64-unknown-linux-musl-gcc-14.3.0/lib/gcc/aarch64-unknown-linux-musl/14.3.0/libgcc.a(_lshrdi3.o) is incompatible with elf_x86_64
          ld.lld: error: /nix/store/ihy5g2g8lvinzzbzjckxdwgzh0w1hip8-aarch64-unknown-linux-musl-gcc-14.3.0/lib/gcc/aarch64-unknown-linux-musl/14.3.0/libgcc.a(_ashldi3.o) is incompatible with elf_x86_64
          ld.lld: error: /nix/store/ihy5g2g8lvinzzbzjckxdwgzh0w1hip8-aarch64-unknown-linux-musl-gcc-14.3.0/lib/gcc/aarch64-unknown-linux-musl/14.3.0/libgcc.a(_ashrdi3.o) is incompatible with elf_x86_64
          ld.lld: error: /nix/store/ihy5g2g8lvinzzbzjckxdwgzh0w1hip8-aarch64-unknown-linux-musl-gcc-14.3.0/lib/gcc/aarch64-unknown-linux-musl/14.3.0/libgcc.a(_cmpdi2.o) is incompatible with elf_x86_64
          ld.lld: error: /nix/store/ihy5g2g8lvinzzbzjckxdwgzh0w1hip8-aarch64-unknown-linux-musl-gcc-14.3.0/lib/gcc/aarch64-unknown-linux-musl/14.3.0/libgcc.a(_ucmpdi2.o) is incompatible with elf_x86_64
          ld.lld: error: /nix/store/ihy5g2g8lvinzzbzjckxdwgzh0w1hip8-aarch64-unknown-linux-musl-gcc-14.3.0/lib/gcc/aarch64-unknown-linux-musl/14.3.0/libgcc.a(_clear_cache.o) is incompatible with elf_x86_64
          ld.lld: error: /nix/store/ihy5g2g8lvinzzbzjckxdwgzh0w1hip8-aarch64-unknown-linux-musl-gcc-14.3.0/lib/gcc/aarch64-unknown-linux-musl/14.3.0/libgcc.a(_trampoline.o) is incompatible with elf_x86_64
          ld.lld: error: /nix/store/ihy5g2g8lvinzzbzjckxdwgzh0w1hip8-aarch64-unknown-linux-musl-gcc-14.3.0/lib/gcc/aarch64-unknown-linux-musl/14.3.0/libgcc.a(__main.o) is incompatible with elf_x86_64
          ld.lld: error: /nix/store/ihy5g2g8lvinzzbzjckxdwgzh0w1hip8-aarch64-unknown-linux-musl-gcc-14.3.0/lib/gcc/aarch64-unknown-linux-musl/14.3.0/libgcc.a(_absvsi2.o) is incompatible with elf_x86_64
          ld.lld: error: /nix/store/ihy5g2g8lvinzzbzjckxdwgzh0w1hip8-aarch64-unknown-linux-musl-gcc-14.3.0/lib/gcc/aarch64-unknown-linux-musl/14.3.0/libgcc.a(_absvdi2.o) is incompatible with elf_x86_64
          ld.lld: error: /nix/store/ihy5g2g8lvinzzbzjckxdwgzh0w1hip8-aarch64-unknown-linux-musl-gcc-14.3.0/lib/gcc/aarch64-unknown-linux-musl/14.3.0/libgcc.a(_addvsi3.o) is incompatible with elf_x86_64
          ld.lld: error: /nix/store/ihy5g2g8lvinzzbzjckxdwgzh0w1hip8-aarch64-unknown-linux-musl-gcc-14.3.0/lib/gcc/aarch64-unknown-linux-musl/14.3.0/libgcc.a(_addvdi3.o) is incompatible with elf_x86_64
          ld.lld: error: /nix/store/ihy5g2g8lvinzzbzjckxdwgzh0w1hip8-aarch64-unknown-linux-musl-gcc-14.3.0/lib/gcc/aarch64-unknown-linux-musl/14.3.0/libgcc.a(_subvsi3.o) is incompatible with elf_x86_64
          ld.lld: error: /nix/store/ihy5g2g8lvinzzbzjckxdwgzh0w1hip8-aarch64-unknown-linux-musl-gcc-14.3.0/lib/gcc/aarch64-unknown-linux-musl/14.3.0/libgcc.a(_subvdi3.o) is incompatible with elf_x86_64
          ld.lld: error: /nix/store/ihy5g2g8lvinzzbzjckxdwgzh0w1hip8-aarch64-unknown-linux-musl-gcc-14.3.0/lib/gcc/aarch64-unknown-linux-musl/14.3.0/libgcc.a(_mulvsi3.o) is incompatible with elf_x86_64
          ld.lld: error: /nix/store/ihy5g2g8lvinzzbzjckxdwgzh0w1hip8-aarch64-unknown-linux-musl-gcc-14.3.0/lib/gcc/aarch64-unknown-linux-musl/14.3.0/libgcc.a(_mulvdi3.o) is incompatible with elf_x86_64
          ld.lld: error: /nix/store/ihy5g2g8lvinzzbzjckxdwgzh0w1hip8-aarch64-unknown-linux-musl-gcc-14.3.0/lib/gcc/aarch64-unknown-linux-musl/14.3.0/libgcc.a(_negvsi2.o) is incompatible with elf_x86_64
          ld.lld: error: /nix/store/ihy5g2g8lvinzzbzjckxdwgzh0w1hip8-aarch64-unknown-linux-musl-gcc-14.3.0/lib/gcc/aarch64-unknown-linux-musl/14.3.0/libgcc.a(_negvdi2.o) is incompatible with elf_x86_64
          ld.lld: error: /nix/store/ihy5g2g8lvinzzbzjckxdwgzh0w1hip8-aarch64-unknown-linux-musl-gcc-14.3.0/lib/gcc/aarch64-unknown-linux-musl/14.3.0/libgcc.a(_ctors.o) is incompatible with elf_x86_64
          ld.lld: error: /nix/store/ihy5g2g8lvinzzbzjckxdwgzh0w1hip8-aarch64-unknown-linux-musl-gcc-14.3.0/lib/gcc/aarch64-unknown-linux-musl/14.3.0/libgcc.a(_ffssi2.o) is incompatible with elf_x86_64
          ld.lld: error: /nix/store/ihy5g2g8lvinzzbzjckxdwgzh0w1hip8-aarch64-unknown-linux-musl-gcc-14.3.0/lib/gcc/aarch64-unknown-linux-musl/14.3.0/libgcc.a(_ffsdi2.o) is incompatible with elf_x86_64
          ld.lld: error: /nix/store/ihy5g2g8lvinzzbzjckxdwgzh0w1hip8-aarch64-unknown-linux-musl-gcc-14.3.0/lib/gcc/aarch64-unknown-linux-musl/14.3.0/libgcc.a(_clz.o) is incompatible with elf_x86_64
          ld.lld: error: /nix/store/ihy5g2g8lvinzzbzjckxdwgzh0w1hip8-aarch64-unknown-linux-musl-gcc-14.3.0/lib/gcc/aarch64-unknown-linux-musl/14.3.0/libgcc.a(_clzsi2.o) is incompatible with elf_x86_64
          ld.lld: error: /nix/store/ihy5g2g8lvinzzbzjckxdwgzh0w1hip8-aarch64-unknown-linux-musl-gcc-14.3.0/lib/gcc/aarch64-unknown-linux-musl/14.3.0/libgcc.a(_clzdi2.o) is incompatible with elf_x86_64
          ld.lld: error: /nix/store/ihy5g2g8lvinzzbzjckxdwgzh0w1hip8-aarch64-unknown-linux-musl-gcc-14.3.0/lib/gcc/aarch64-unknown-linux-musl/14.3.0/libgcc.a(_ctzsi2.o) is incompatible with elf_x86_64
          ld.lld: error: /nix/store/ihy5g2g8lvinzzbzjckxdwgzh0w1hip8-aarch64-unknown-linux-musl-gcc-14.3.0/lib/gcc/aarch64-unknown-linux-musl/14.3.0/libgcc.a(_ctzdi2.o) is incompatible with elf_x86_64
          ld.lld: error: /nix/store/ihy5g2g8lvinzzbzjckxdwgzh0w1hip8-aarch64-unknown-linux-musl-gcc-14.3.0/lib/gcc/aarch64-unknown-linux-musl/14.3.0/libgcc.a(_popcount_tab.o) is incompatible with elf_x86_64
          ld.lld: error: /nix/store/ihy5g2g8lvinzzbzjckxdwgzh0w1hip8-aarch64-unknown-linux-musl-gcc-14.3.0/lib/gcc/aarch64-unknown-linux-musl/14.3.0/libgcc.a(_popcountsi2.o) is incompatible with elf_x86_64
          ld.lld: error: /nix/store/ihy5g2g8lvinzzbzjckxdwgzh0w1hip8-aarch64-unknown-linux-musl-gcc-14.3.0/lib/gcc/aarch64-unknown-linux-musl/14.3.0/libgcc.a(_popcountdi2.o) is incompatible with elf_x86_64
          ld.lld: error: /nix/store/ihy5g2g8lvinzzbzjckxdwgzh0w1hip8-aarch64-unknown-linux-musl-gcc-14.3.0/lib/gcc/aarch64-unknown-linux-musl/14.3.0/libgcc.a(_paritysi2.o) is incompatible with elf_x86_64
          ld.lld: error: /nix/store/ihy5g2g8lvinzzbzjckxdwgzh0w1hip8-aarch64-unknown-linux-musl-gcc-14.3.0/lib/gcc/aarch64-unknown-linux-musl/14.3.0/libgcc.a(_paritydi2.o) is incompatible with elf_x86_64
          ld.lld: error: /nix/store/ihy5g2g8lvinzzbzjckxdwgzh0w1hip8-aarch64-unknown-linux-musl-gcc-14.3.0/lib/gcc/aarch64-unknown-linux-musl/14.3.0/libgcc.a(_powisf2.o) is incompatible with elf_x86_64
          ld.lld: error: /nix/store/ihy5g2g8lvinzzbzjckxdwgzh0w1hip8-aarch64-unknown-linux-musl-gcc-14.3.0/lib/gcc/aarch64-unknown-linux-musl/14.3.0/libgcc.a(_powidf2.o) is incompatible with elf_x86_64
          ld.lld: error: /nix/store/ihy5g2g8lvinzzbzjckxdwgzh0w1hip8-aarch64-unknown-linux-musl-gcc-14.3.0/lib/gcc/aarch64-unknown-linux-musl/14.3.0/libgcc.a(_powixf2.o) is incompatible with elf_x86_64
          ld.lld: error: /nix/store/ihy5g2g8lvinzzbzjckxdwgzh0w1hip8-aarch64-unknown-linux-musl-gcc-14.3.0/lib/gcc/aarch64-unknown-linux-musl/14.3.0/libgcc.a(_powitf2.o) is incompatible with elf_x86_64
          ld.lld: error: /nix/store/ihy5g2g8lvinzzbzjckxdwgzh0w1hip8-aarch64-unknown-linux-musl-gcc-14.3.0/lib/gcc/aarch64-unknown-linux-musl/14.3.0/libgcc.a(_mulhc3.o) is incompatible with elf_x86_64
          ld.lld: error: /nix/store/ihy5g2g8lvinzzbzjckxdwgzh0w1hip8-aarch64-unknown-linux-musl-gcc-14.3.0/lib/gcc/aarch64-unknown-linux-musl/14.3.0/libgcc.a(_mulsc3.o) is incompatible with elf_x86_64
          ld.lld: error: /nix/store/ihy5g2g8lvinzzbzjckxdwgzh0w1hip8-aarch64-unknown-linux-musl-gcc-14.3.0/lib/gcc/aarch64-unknown-linux-musl/14.3.0/libgcc.a(_muldc3.o) is incompatible with elf_x86_64
          ld.lld: error: /nix/store/ihy5g2g8lvinzzbzjckxdwgzh0w1hip8-aarch64-unknown-linux-musl-gcc-14.3.0/lib/gcc/aarch64-unknown-linux-musl/14.3.0/libgcc.a(_mulxc3.o) is incompatible with elf_x86_64
          ld.lld: error: /nix/store/ihy5g2g8lvinzzbzjckxdwgzh0w1hip8-aarch64-unknown-linux-musl-gcc-14.3.0/lib/gcc/aarch64-unknown-linux-musl/14.3.0/libgcc.a(_multc3.o) is incompatible with elf_x86_64
          ld.lld: error: /nix/store/ihy5g2g8lvinzzbzjckxdwgzh0w1hip8-aarch64-unknown-linux-musl-gcc-14.3.0/lib/gcc/aarch64-unknown-linux-musl/14.3.0/libgcc.a(_divhc3.o) is incompatible with elf_x86_64
          ld.lld: error: /nix/store/ihy5g2g8lvinzzbzjckxdwgzh0w1hip8-aarch64-unknown-linux-musl-gcc-14.3.0/lib/gcc/aarch64-unknown-linux-musl/14.3.0/libgcc.a(_divsc3.o) is incompatible with elf_x86_64
          ld.lld: error: /nix/store/ihy5g2g8lvinzzbzjckxdwgzh0w1hip8-aarch64-unknown-linux-musl-gcc-14.3.0/lib/gcc/aarch64-unknown-linux-musl/14.3.0/libgcc.a(_divdc3.o) is incompatible with elf_x86_64
          ld.lld: error: /nix/store/ihy5g2g8lvinzzbzjckxdwgzh0w1hip8-aarch64-unknown-linux-musl-gcc-14.3.0/lib/gcc/aarch64-unknown-linux-musl/14.3.0/libgcc.a(_divxc3.o) is incompatible with elf_x86_64
          ld.lld: error: /nix/store/ihy5g2g8lvinzzbzjckxdwgzh0w1hip8-aarch64-unknown-linux-musl-gcc-14.3.0/lib/gcc/aarch64-unknown-linux-musl/14.3.0/libgcc.a(_divtc3.o) is incompatible with elf_x86_64
          ld.lld: error: /nix/store/ihy5g2g8lvinzzbzjckxdwgzh0w1hip8-aarch64-unknown-linux-musl-gcc-14.3.0/lib/gcc/aarch64-unknown-linux-musl/14.3.0/libgcc.a(_bswapsi2.o) is incompatible with elf_x86_64
          ld.lld: error: /nix/store/ihy5g2g8lvinzzbzjckxdwgzh0w1hip8-aarch64-unknown-linux-musl-gcc-14.3.0/lib/gcc/aarch64-unknown-linux-musl/14.3.0/libgcc.a(_bswapdi2.o) is incompatible with elf_x86_64
          ld.lld: error: /nix/store/ihy5g2g8lvinzzbzjckxdwgzh0w1hip8-aarch64-unknown-linux-musl-gcc-14.3.0/lib/gcc/aarch64-unknown-linux-musl/14.3.0/libgcc.a(_clrsbsi2.o) is incompatible with elf_x86_64
          ld.lld: error: /nix/store/ihy5g2g8lvinzzbzjckxdwgzh0w1hip8-aarch64-unknown-linux-musl-gcc-14.3.0/lib/gcc/aarch64-unknown-linux-musl/14.3.0/libgcc.a(_clrsbdi2.o) is incompatible with elf_x86_64
          ld.lld: error: /nix/store/ihy5g2g8lvinzzbzjckxdwgzh0w1hip8-aarch64-unknown-linux-musl-gcc-14.3.0/lib/gcc/aarch64-unknown-linux-musl/14.3.0/libgcc.a(_mulbitint3.o) is incompatible with elf_x86_64
          ld.lld: error: /nix/store/ihy5g2g8lvinzzbzjckxdwgzh0w1hip8-aarch64-unknown-linux-musl-gcc-14.3.0/lib/gcc/aarch64-unknown-linux-musl/14.3.0/libgcc.a(_fixunssfsi.o) is incompatible with elf_x86_64
          ld.lld: error: /nix/store/ihy5g2g8lvinzzbzjckxdwgzh0w1hip8-aarch64-unknown-linux-musl-gcc-14.3.0/lib/gcc/aarch64-unknown-linux-musl/14.3.0/libgcc.a(_fixunsdfsi.o) is incompatible with elf_x86_64
          ld.lld: error: /nix/store/ihy5g2g8lvinzzbzjckxdwgzh0w1hip8-aarch64-unknown-linux-musl-gcc-14.3.0/lib/gcc/aarch64-unknown-linux-musl/14.3.0/libgcc.a(_fixunsxfsi.o) is incompatible with elf_x86_64
          ld.lld: error: /nix/store/ihy5g2g8lvinzzbzjckxdwgzh0w1hip8-aarch64-unknown-linux-musl-gcc-14.3.0/lib/gcc/aarch64-unknown-linux-musl/14.3.0/libgcc.a(_fixsfdi.o) is incompatible with elf_x86_64
          ld.lld: error: /nix/store/ihy5g2g8lvinzzbzjckxdwgzh0w1hip8-aarch64-unknown-linux-musl-gcc-14.3.0/lib/gcc/aarch64-unknown-linux-musl/14.3.0/libgcc.a(_fixdfdi.o) is incompatible with elf_x86_64
          ld.lld: error: /nix/store/ihy5g2g8lvinzzbzjckxdwgzh0w1hip8-aarch64-unknown-linux-musl-gcc-14.3.0/lib/gcc/aarch64-unknown-linux-musl/14.3.0/libgcc.a(_fixxfdi.o) is incompatible with elf_x86_64
          ld.lld: error: /nix/store/ihy5g2g8lvinzzbzjckxdwgzh0w1hip8-aarch64-unknown-linux-musl-gcc-14.3.0/lib/gcc/aarch64-unknown-linux-musl/14.3.0/libgcc.a(_fixunssfdi.o) is incompatible with elf_x86_64
          ld.lld: error: /nix/store/ihy5g2g8lvinzzbzjckxdwgzh0w1hip8-aarch64-unknown-linux-musl-gcc-14.3.0/lib/gcc/aarch64-unknown-linux-musl/14.3.0/libgcc.a(_fixunsdfdi.o) is incompatible with elf_x86_64
          ld.lld: error: /nix/store/ihy5g2g8lvinzzbzjckxdwgzh0w1hip8-aarch64-unknown-linux-musl-gcc-14.3.0/lib/gcc/aarch64-unknown-linux-musl/14.3.0/libgcc.a(_fixunsxfdi.o) is incompatible with elf_x86_64
          ld.lld: error: /nix/store/ihy5g2g8lvinzzbzjckxdwgzh0w1hip8-aarch64-unknown-linux-musl-gcc-14.3.0/lib/gcc/aarch64-unknown-linux-musl/14.3.0/libgcc.a(_floatdisf.o) is incompatible with elf_x86_64
          ld.lld: error: /nix/store/ihy5g2g8lvinzzbzjckxdwgzh0w1hip8-aarch64-unknown-linux-musl-gcc-14.3.0/lib/gcc/aarch64-unknown-linux-musl/14.3.0/libgcc.a(_floatdidf.o) is incompatible with elf_x86_64
          ld.lld: error: /nix/store/ihy5g2g8lvinzzbzjckxdwgzh0w1hip8-aarch64-unknown-linux-musl-gcc-14.3.0/lib/gcc/aarch64-unknown-linux-musl/14.3.0/libgcc.a(_floatdixf.o) is incompatible with elf_x86_64
          ld.lld: error: /nix/store/ihy5g2g8lvinzzbzjckxdwgzh0w1hip8-aarch64-unknown-linux-musl-gcc-14.3.0/lib/gcc/aarch64-unknown-linux-musl/14.3.0/libgcc.a(_floatundisf.o) is incompatible with elf_x86_64
          ld.lld: error: /nix/store/ihy5g2g8lvinzzbzjckxdwgzh0w1hip8-aarch64-unknown-linux-musl-gcc-14.3.0/lib/gcc/aarch64-unknown-linux-musl/14.3.0/libgcc.a(_floatundidf.o) is incompatible with elf_x86_64
          ld.lld: error: /nix/store/ihy5g2g8lvinzzbzjckxdwgzh0w1hip8-aarch64-unknown-linux-musl-gcc-14.3.0/lib/gcc/aarch64-unknown-linux-musl/14.3.0/libgcc.a(_floatundixf.o) is incompatible with elf_x86_64
          ld.lld: error: /nix/store/ihy5g2g8lvinzzbzjckxdwgzh0w1hip8-aarch64-unknown-linux-musl-gcc-14.3.0/lib/gcc/aarch64-unknown-linux-musl/14.3.0/libgcc.a(_eprintf.o) is incompatible with elf_x86_64
          ld.lld: error: /nix/store/ihy5g2g8lvinzzbzjckxdwgzh0w1hip8-aarch64-unknown-linux-musl-gcc-14.3.0/lib/gcc/aarch64-unknown-linux-musl/14.3.0/libgcc.a(__gcc_bcmp.o) is incompatible with elf_x86_64
          ld.lld: error: /nix/store/ihy5g2g8lvinzzbzjckxdwgzh0w1hip8-aarch64-unknown-linux-musl-gcc-14.3.0/lib/gcc/aarch64-unknown-linux-musl/14.3.0/libgcc.a(_divdi3.o) is incompatible with elf_x86_64
          ld.lld: error: /nix/store/ihy5g2g8lvinzzbzjckxdwgzh0w1hip8-aarch64-unknown-linux-musl-gcc-14.3.0/lib/gcc/aarch64-unknown-linux-musl/14.3.0/libgcc.a(_moddi3.o) is incompatible with elf_x86_64
          ld.lld: error: /nix/store/ihy5g2g8lvinzzbzjckxdwgzh0w1hip8-aarch64-unknown-linux-musl-gcc-14.3.0/lib/gcc/aarch64-unknown-linux-musl/14.3.0/libgcc.a(_divmoddi4.o) is incompatible with elf_x86_64
          ld.lld: error: /nix/store/ihy5g2g8lvinzzbzjckxdwgzh0w1hip8-aarch64-unknown-linux-musl-gcc-14.3.0/lib/gcc/aarch64-unknown-linux-musl/14.3.0/libgcc.a(_udivdi3.o) is incompatible with elf_x86_64
          ld.lld: error: /nix/store/ihy5g2g8lvinzzbzjckxdwgzh0w1hip8-aarch64-unknown-linux-musl-gcc-14.3.0/lib/gcc/aarch64-unknown-linux-musl/14.3.0/libgcc.a(_umoddi3.o) is incompatible with elf_x86_64
          ld.lld: error: /nix/store/ihy5g2g8lvinzzbzjckxdwgzh0w1hip8-aarch64-unknown-linux-musl-gcc-14.3.0/lib/gcc/aarch64-unknown-linux-musl/14.3.0/libgcc.a(_udivmoddi4.o) is incompatible with elf_x86_64
          ld.lld: error: /nix/store/ihy5g2g8lvinzzbzjckxdwgzh0w1hip8-aarch64-unknown-linux-musl-gcc-14.3.0/lib/gcc/aarch64-unknown-linux-musl/14.3.0/libgcc.a(_udiv_w_sdiv.o) is incompatible with elf_x86_64
          ld.lld: error: /nix/store/ihy5g2g8lvinzzbzjckxdwgzh0w1hip8-aarch64-unknown-linux-musl-gcc-14.3.0/lib/gcc/aarch64-unknown-linux-musl/14.3.0/libgcc.a(_divmodbitint4.o) is incompatible with elf_x86_64
          ld.lld: error: /nix/store/ihy5g2g8lvinzzbzjckxdwgzh0w1hip8-aarch64-unknown-linux-musl-gcc-14.3.0/lib/gcc/aarch64-unknown-linux-musl/14.3.0/libgcc.a(bid_decimal_globals.o) is incompatible with elf_x86_64
          ld.lld: error: /nix/store/ihy5g2g8lvinzzbzjckxdwgzh0w1hip8-aarch64-unknown-linux-musl-gcc-14.3.0/lib/gcc/aarch64-unknown-linux-musl/14.3.0/libgcc.a(bid_decimal_data.o) is incompatible with elf_x86_64
          ld.lld: error: /nix/store/ihy5g2g8lvinzzbzjckxdwgzh0w1hip8-aarch64-unknown-linux-musl-gcc-14.3.0/lib/gcc/aarch64-unknown-linux-musl/14.3.0/libgcc.a(bid_binarydecimal.o) is incompatible with elf_x86_64
          ld.lld: error: /nix/store/ihy5g2g8lvinzzbzjckxdwgzh0w1hip8-aarch64-unknown-linux-musl-gcc-14.3.0/lib/gcc/aarch64-unknown-linux-musl/14.3.0/libgcc.a(bid_convert_data.o) is incompatible with elf_x86_64
          ld.lld: error: /nix/store/ihy5g2g8lvinzzbzjckxdwgzh0w1hip8-aarch64-unknown-linux-musl-gcc-14.3.0/lib/gcc/aarch64-unknown-linux-musl/14.3.0/libgcc.a(_isinfd32.o) is incompatible with elf_x86_64
          ld.lld: error: /nix/store/ihy5g2g8lvinzzbzjckxdwgzh0w1hip8-aarch64-unknown-linux-musl-gcc-14.3.0/lib/gcc/aarch64-unknown-linux-musl/14.3.0/libgcc.a(_isinfd64.o) is incompatible with elf_x86_64
          ld.lld: error: /nix/store/ihy5g2g8lvinzzbzjckxdwgzh0w1hip8-aarch64-unknown-linux-musl-gcc-14.3.0/lib/gcc/aarch64-unknown-linux-musl/14.3.0/libgcc.a(_isinfd128.o) is incompatible with elf_x86_64
          ld.lld: error: /nix/store/ihy5g2g8lvinzzbzjckxdwgzh0w1hip8-aarch64-unknown-linux-musl-gcc-14.3.0/lib/gcc/aarch64-unknown-linux-musl/14.3.0/libgcc.a(bid64_noncomp.o) is incompatible with elf_x86_64
          ld.lld: error: /nix/store/ihy5g2g8lvinzzbzjckxdwgzh0w1hip8-aarch64-unknown-linux-musl-gcc-14.3.0/lib/gcc/aarch64-unknown-linux-musl/14.3.0/libgcc.a(bid128_noncomp.o) is incompatible with elf_x86_64
          ld.lld: error: /nix/store/ihy5g2g8lvinzzbzjckxdwgzh0w1hip8-aarch64-unknown-linux-musl-gcc-14.3.0/lib/gcc/aarch64-unknown-linux-musl/14.3.0/libgcc.a(bid128_fma.o) is incompatible with elf_x86_64
          ld.lld: error: /nix/store/ihy5g2g8lvinzzbzjckxdwgzh0w1hip8-aarch64-unknown-linux-musl-gcc-14.3.0/lib/gcc/aarch64-unknown-linux-musl/14.3.0/libgcc.a(bid_round.o) is incompatible with elf_x86_64
          ld.lld: error: /nix/store/ihy5g2g8lvinzzbzjckxdwgzh0w1hip8-aarch64-unknown-linux-musl-gcc-14.3.0/lib/gcc/aarch64-unknown-linux-musl/14.3.0/libgcc.a(bid_from_int.o) is incompatible with elf_x86_64
          ld.lld: error: /nix/store/ihy5g2g8lvinzzbzjckxdwgzh0w1hip8-aarch64-unknown-linux-musl-gcc-14.3.0/lib/gcc/aarch64-unknown-linux-musl/14.3.0/libgcc.a(bid64_add.o) is incompatible with elf_x86_64
          ld.lld: error: /nix/store/ihy5g2g8lvinzzbzjckxdwgzh0w1hip8-aarch64-unknown-linux-musl-gcc-14.3.0/lib/gcc/aarch64-unknown-linux-musl/14.3.0/libgcc.a(bid128_add.o) is incompatible with elf_x86_64
          ld.lld: error: /nix/store/ihy5g2g8lvinzzbzjckxdwgzh0w1hip8-aarch64-unknown-linux-musl-gcc-14.3.0/lib/gcc/aarch64-unknown-linux-musl/14.3.0/libgcc.a(bid64_div.o) is incompatible with elf_x86_64
          ld.lld: error: /nix/store/ihy5g2g8lvinzzbzjckxdwgzh0w1hip8-aarch64-unknown-linux-musl-gcc-14.3.0/lib/gcc/aarch64-unknown-linux-musl/14.3.0/libgcc.a(bid128_div.o) is incompatible with elf_x86_64
          ld.lld: error: /nix/store/ihy5g2g8lvinzzbzjckxdwgzh0w1hip8-aarch64-unknown-linux-musl-gcc-14.3.0/lib/gcc/aarch64-unknown-linux-musl/14.3.0/libgcc.a(bid64_mul.o) is incompatible with elf_x86_64
          ld.lld: error: /nix/store/ihy5g2g8lvinzzbzjckxdwgzh0w1hip8-aarch64-unknown-linux-musl-gcc-14.3.0/lib/gcc/aarch64-unknown-linux-musl/14.3.0/libgcc.a(bid128_mul.o) is incompatible with elf_x86_64
          ld.lld: error: /nix/store/ihy5g2g8lvinzzbzjckxdwgzh0w1hip8-aarch64-unknown-linux-musl-gcc-14.3.0/lib/gcc/aarch64-unknown-linux-musl/14.3.0/libgcc.a(bid64_compare.o) is incompatible with elf_x86_64
          ld.lld: error: /nix/store/ihy5g2g8lvinzzbzjckxdwgzh0w1hip8-aarch64-unknown-linux-musl-gcc-14.3.0/lib/gcc/aarch64-unknown-linux-musl/14.3.0/libgcc.a(bid128_compare.o) is incompatible with elf_x86_64
          ld.lld: error: /nix/store/ihy5g2g8lvinzzbzjckxdwgzh0w1hip8-aarch64-unknown-linux-musl-gcc-14.3.0/lib/gcc/aarch64-unknown-linux-musl/14.3.0/libgcc.a(bid128.o) is incompatible with elf_x86_64
          ld.lld: error: /nix/store/ihy5g2g8lvinzzbzjckxdwgzh0w1hip8-aarch64-unknown-linux-musl-gcc-14.3.0/lib/gcc/aarch64-unknown-linux-musl/14.3.0/libgcc.a(bid32_to_bid64.o) is incompatible with elf_x86_64
          ld.lld: error: /nix/store/ihy5g2g8lvinzzbzjckxdwgzh0w1hip8-aarch64-unknown-linux-musl-gcc-14.3.0/lib/gcc/aarch64-unknown-linux-musl/14.3.0/libgcc.a(bid32_to_bid128.o) is incompatible with elf_x86_64
          ld.lld: error: /nix/store/ihy5g2g8lvinzzbzjckxdwgzh0w1hip8-aarch64-unknown-linux-musl-gcc-14.3.0/lib/gcc/aarch64-unknown-linux-musl/14.3.0/libgcc.a(bid64_to_bid128.o) is incompatible with elf_x86_64
          ld.lld: error: /nix/store/ihy5g2g8lvinzzbzjckxdwgzh0w1hip8-aarch64-unknown-linux-musl-gcc-14.3.0/lib/gcc/aarch64-unknown-linux-musl/14.3.0/libgcc.a(bid64_to_int32.o) is incompatible with elf_x86_64
          ld.lld: error: /nix/store/ihy5g2g8lvinzzbzjckxdwgzh0w1hip8-aarch64-unknown-linux-musl-gcc-14.3.0/lib/gcc/aarch64-unknown-linux-musl/14.3.0/libgcc.a(bid64_to_int64.o) is incompatible with elf_x86_64
          ld.lld: error: /nix/store/ihy5g2g8lvinzzbzjckxdwgzh0w1hip8-aarch64-unknown-linux-musl-gcc-14.3.0/lib/gcc/aarch64-unknown-linux-musl/14.3.0/libgcc.a(bid64_to_uint32.o) is incompatible with elf_x86_64
          ld.lld: error: /nix/store/ihy5g2g8lvinzzbzjckxdwgzh0w1hip8-aarch64-unknown-linux-musl-gcc-14.3.0/lib/gcc/aarch64-unknown-linux-musl/14.3.0/libgcc.a(bid64_to_uint64.o) is incompatible with elf_x86_64
          ld.lld: error: /nix/store/ihy5g2g8lvinzzbzjckxdwgzh0w1hip8-aarch64-unknown-linux-musl-gcc-14.3.0/lib/gcc/aarch64-unknown-linux-musl/14.3.0/libgcc.a(bid128_to_int32.o) is incompatible with elf_x86_64
          ld.lld: error: /nix/store/ihy5g2g8lvinzzbzjckxdwgzh0w1hip8-aarch64-unknown-linux-musl-gcc-14.3.0/lib/gcc/aarch64-unknown-linux-musl/14.3.0/libgcc.a(bid128_to_int64.o) is incompatible with elf_x86_64
          ld.lld: error: /nix/store/ihy5g2g8lvinzzbzjckxdwgzh0w1hip8-aarch64-unknown-linux-musl-gcc-14.3.0/lib/gcc/aarch64-unknown-linux-musl/14.3.0/libgcc.a(bid128_to_uint32.o) is incompatible with elf_x86_64
          ld.lld: error: /nix/store/ihy5g2g8lvinzzbzjckxdwgzh0w1hip8-aarch64-unknown-linux-musl-gcc-14.3.0/lib/gcc/aarch64-unknown-linux-musl/14.3.0/libgcc.a(bid128_to_uint64.o) is incompatible with elf_x86_64
          ld.lld: error: /nix/store/ihy5g2g8lvinzzbzjckxdwgzh0w1hip8-aarch64-unknown-linux-musl-gcc-14.3.0/lib/gcc/aarch64-unknown-linux-musl/14.3.0/libgcc.a(_addsub_sd.o) is incompatible with elf_x86_64
          ld.lld: error: /nix/store/ihy5g2g8lvinzzbzjckxdwgzh0w1hip8-aarch64-unknown-linux-musl-gcc-14.3.0/lib/gcc/aarch64-unknown-linux-musl/14.3.0/libgcc.a(_div_sd.o) is incompatible with elf_x86_64
          ld.lld: error: /nix/store/ihy5g2g8lvinzzbzjckxdwgzh0w1hip8-aarch64-unknown-linux-musl-gcc-14.3.0/lib/gcc/aarch64-unknown-linux-musl/14.3.0/libgcc.a(_mul_sd.o) is incompatible with elf_x86_64
          ld.lld: error: /nix/store/ihy5g2g8lvinzzbzjckxdwgzh0w1hip8-aarch64-unknown-linux-musl-gcc-14.3.0/lib/gcc/aarch64-unknown-linux-musl/14.3.0/libgcc.a(_eq_sd.o) is incompatible with elf_x86_64
          ld.lld: error: /nix/store/ihy5g2g8lvinzzbzjckxdwgzh0w1hip8-aarch64-unknown-linux-musl-gcc-14.3.0/lib/gcc/aarch64-unknown-linux-musl/14.3.0/libgcc.a(_ne_sd.o) is incompatible with elf_x86_64
          ld.lld: error: /nix/store/ihy5g2g8lvinzzbzjckxdwgzh0w1hip8-aarch64-unknown-linux-musl-gcc-14.3.0/lib/gcc/aarch64-unknown-linux-musl/14.3.0/libgcc.a(_lt_sd.o) is incompatible with elf_x86_64
          ld.lld: error: /nix/store/ihy5g2g8lvinzzbzjckxdwgzh0w1hip8-aarch64-unknown-linux-musl-gcc-14.3.0/lib/gcc/aarch64-unknown-linux-musl/14.3.0/libgcc.a(_gt_sd.o) is incompatible with elf_x86_64
          ld.lld: error: /nix/store/ihy5g2g8lvinzzbzjckxdwgzh0w1hip8-aarch64-unknown-linux-musl-gcc-14.3.0/lib/gcc/aarch64-unknown-linux-musl/14.3.0/libgcc.a(_le_sd.o) is incompatible with elf_x86_64
          ld.lld: error: /nix/store/ihy5g2g8lvinzzbzjckxdwgzh0w1hip8-aarch64-unknown-linux-musl-gcc-14.3.0/lib/gcc/aarch64-unknown-linux-musl/14.3.0/libgcc.a(_ge_sd.o) is incompatible with elf_x86_64
          ld.lld: error: /nix/store/ihy5g2g8lvinzzbzjckxdwgzh0w1hip8-aarch64-unknown-linux-musl-gcc-14.3.0/lib/gcc/aarch64-unknown-linux-musl/14.3.0/libgcc.a(_sd_to_si.o) is incompatible with elf_x86_64
          ld.lld: error: /nix/store/ihy5g2g8lvinzzbzjckxdwgzh0w1hip8-aarch64-unknown-linux-musl-gcc-14.3.0/lib/gcc/aarch64-unknown-linux-musl/14.3.0/libgcc.a(_sd_to_di.o) is incompatible with elf_x86_64
          ld.lld: error: /nix/store/ihy5g2g8lvinzzbzjckxdwgzh0w1hip8-aarch64-unknown-linux-musl-gcc-14.3.0/lib/gcc/aarch64-unknown-linux-musl/14.3.0/libgcc.a(_sd_to_usi.o) is incompatible with elf_x86_64
          ld.lld: error: /nix/store/ihy5g2g8lvinzzbzjckxdwgzh0w1hip8-aarch64-unknown-linux-musl-gcc-14.3.0/lib/gcc/aarch64-unknown-linux-musl/14.3.0/libgcc.a(_sd_to_udi.o) is incompatible with elf_x86_64
          ld.lld: error: /nix/store/ihy5g2g8lvinzzbzjckxdwgzh0w1hip8-aarch64-unknown-linux-musl-gcc-14.3.0/lib/gcc/aarch64-unknown-linux-musl/14.3.0/libgcc.a(_si_to_sd.o) is incompatible with elf_x86_64
          ld.lld: error: /nix/store/ihy5g2g8lvinzzbzjckxdwgzh0w1hip8-aarch64-unknown-linux-musl-gcc-14.3.0/lib/gcc/aarch64-unknown-linux-musl/14.3.0/libgcc.a(_di_to_sd.o) is incompatible with elf_x86_64
          ld.lld: error: /nix/store/ihy5g2g8lvinzzbzjckxdwgzh0w1hip8-aarch64-unknown-linux-musl-gcc-14.3.0/lib/gcc/aarch64-unknown-linux-musl/14.3.0/libgcc.a(_usi_to_sd.o) is incompatible with elf_x86_64
          ld.lld: error: /nix/store/ihy5g2g8lvinzzbzjckxdwgzh0w1hip8-aarch64-unknown-linux-musl-gcc-14.3.0/lib/gcc/aarch64-unknown-linux-musl/14.3.0/libgcc.a(_udi_to_sd.o) is incompatible with elf_x86_64
          ld.lld: error: /nix/store/ihy5g2g8lvinzzbzjckxdwgzh0w1hip8-aarch64-unknown-linux-musl-gcc-14.3.0/lib/gcc/aarch64-unknown-linux-musl/14.3.0/libgcc.a(_sd_to_sf.o) is incompatible with elf_x86_64
          ld.lld: error: /nix/store/ihy5g2g8lvinzzbzjckxdwgzh0w1hip8-aarch64-unknown-linux-musl-gcc-14.3.0/lib/gcc/aarch64-unknown-linux-musl/14.3.0/libgcc.a(_sd_to_df.o) is incompatible with elf_x86_64
          ld.lld: error: /nix/store/ihy5g2g8lvinzzbzjckxdwgzh0w1hip8-aarch64-unknown-linux-musl-gcc-14.3.0/lib/gcc/aarch64-unknown-linux-musl/14.3.0/libgcc.a(_sd_to_xf.o) is incompatible with elf_x86_64
          ld.lld: error: /nix/store/ihy5g2g8lvinzzbzjckxdwgzh0w1hip8-aarch64-unknown-linux-musl-gcc-14.3.0/lib/gcc/aarch64-unknown-linux-musl/14.3.0/libgcc.a(_sd_to_tf.o) is incompatible with elf_x86_64
          ld.lld: error: /nix/store/ihy5g2g8lvinzzbzjckxdwgzh0w1hip8-aarch64-unknown-linux-musl-gcc-14.3.0/lib/gcc/aarch64-unknown-linux-musl/14.3.0/libgcc.a(_sf_to_sd.o) is incompatible with elf_x86_64
          ld.lld: error: /nix/store/ihy5g2g8lvinzzbzjckxdwgzh0w1hip8-aarch64-unknown-linux-musl-gcc-14.3.0/lib/gcc/aarch64-unknown-linux-musl/14.3.0/libgcc.a(_df_to_sd.o) is incompatible with elf_x86_64
          ld.lld: error: /nix/store/ihy5g2g8lvinzzbzjckxdwgzh0w1hip8-aarch64-unknown-linux-musl-gcc-14.3.0/lib/gcc/aarch64-unknown-linux-musl/14.3.0/libgcc.a(_xf_to_sd.o) is incompatible with elf_x86_64
          ld.lld: error: /nix/store/ihy5g2g8lvinzzbzjckxdwgzh0w1hip8-aarch64-unknown-linux-musl-gcc-14.3.0/lib/gcc/aarch64-unknown-linux-musl/14.3.0/libgcc.a(_tf_to_sd.o) is incompatible with elf_x86_64
          ld.lld: error: /nix/store/ihy5g2g8lvinzzbzjckxdwgzh0w1hip8-aarch64-unknown-linux-musl-gcc-14.3.0/lib/gcc/aarch64-unknown-linux-musl/14.3.0/libgcc.a(_sd_to_dd.o) is incompatible with elf_x86_64
          ld.lld: error: /nix/store/ihy5g2g8lvinzzbzjckxdwgzh0w1hip8-aarch64-unknown-linux-musl-gcc-14.3.0/lib/gcc/aarch64-unknown-linux-musl/14.3.0/libgcc.a(_sd_to_td.o) is incompatible with elf_x86_64
          ld.lld: error: /nix/store/ihy5g2g8lvinzzbzjckxdwgzh0w1hip8-aarch64-unknown-linux-musl-gcc-14.3.0/lib/gcc/aarch64-unknown-linux-musl/14.3.0/libgcc.a(_unord_sd.o) is incompatible with elf_x86_64
          ld.lld: error: /nix/store/ihy5g2g8lvinzzbzjckxdwgzh0w1hip8-aarch64-unknown-linux-musl-gcc-14.3.0/lib/gcc/aarch64-unknown-linux-musl/14.3.0/libgcc.a(_hf_to_sd.o) is incompatible with elf_x86_64
          ld.lld: error: /nix/store/ihy5g2g8lvinzzbzjckxdwgzh0w1hip8-aarch64-unknown-linux-musl-gcc-14.3.0/lib/gcc/aarch64-unknown-linux-musl/14.3.0/libgcc.a(_sd_to_hf.o) is incompatible with elf_x86_64
          ld.lld: error: /nix/store/ihy5g2g8lvinzzbzjckxdwgzh0w1hip8-aarch64-unknown-linux-musl-gcc-14.3.0/lib/gcc/aarch64-unknown-linux-musl/14.3.0/libgcc.a(_addsub_dd.o) is incompatible with elf_x86_64
          ld.lld: error: /nix/store/ihy5g2g8lvinzzbzjckxdwgzh0w1hip8-aarch64-unknown-linux-musl-gcc-14.3.0/lib/gcc/aarch64-unknown-linux-musl/14.3.0/libgcc.a(_div_dd.o) is incompatible with elf_x86_64
          ld.lld: error: /nix/store/ihy5g2g8lvinzzbzjckxdwgzh0w1hip8-aarch64-unknown-linux-musl-gcc-14.3.0/lib/gcc/aarch64-unknown-linux-musl/14.3.0/libgcc.a(_mul_dd.o) is incompatible with elf_x86_64
          ld.lld: error: /nix/store/ihy5g2g8lvinzzbzjckxdwgzh0w1hip8-aarch64-unknown-linux-musl-gcc-14.3.0/lib/gcc/aarch64-unknown-linux-musl/14.3.0/libgcc.a(_eq_dd.o) is incompatible with elf_x86_64
          ld.lld: error: /nix/store/ihy5g2g8lvinzzbzjckxdwgzh0w1hip8-aarch64-unknown-linux-musl-gcc-14.3.0/lib/gcc/aarch64-unknown-linux-musl/14.3.0/libgcc.a(_ne_dd.o) is incompatible with elf_x86_64
          ld.lld: error: /nix/store/ihy5g2g8lvinzzbzjckxdwgzh0w1hip8-aarch64-unknown-linux-musl-gcc-14.3.0/lib/gcc/aarch64-unknown-linux-musl/14.3.0/libgcc.a(_lt_dd.o) is incompatible with elf_x86_64
          ld.lld: error: /nix/store/ihy5g2g8lvinzzbzjckxdwgzh0w1hip8-aarch64-unknown-linux-musl-gcc-14.3.0/lib/gcc/aarch64-unknown-linux-musl/14.3.0/libgcc.a(_gt_dd.o) is incompatible with elf_x86_64
          ld.lld: error: /nix/store/ihy5g2g8lvinzzbzjckxdwgzh0w1hip8-aarch64-unknown-linux-musl-gcc-14.3.0/lib/gcc/aarch64-unknown-linux-musl/14.3.0/libgcc.a(_le_dd.o) is incompatible with elf_x86_64
          ld.lld: error: /nix/store/ihy5g2g8lvinzzbzjckxdwgzh0w1hip8-aarch64-unknown-linux-musl-gcc-14.3.0/lib/gcc/aarch64-unknown-linux-musl/14.3.0/libgcc.a(_ge_dd.o) is incompatible with elf_x86_64
          ld.lld: error: /nix/store/ihy5g2g8lvinzzbzjckxdwgzh0w1hip8-aarch64-unknown-linux-musl-gcc-14.3.0/lib/gcc/aarch64-unknown-linux-musl/14.3.0/libgcc.a(_dd_to_si.o) is incompatible with elf_x86_64
          ld.lld: error: /nix/store/ihy5g2g8lvinzzbzjckxdwgzh0w1hip8-aarch64-unknown-linux-musl-gcc-14.3.0/lib/gcc/aarch64-unknown-linux-musl/14.3.0/libgcc.a(_dd_to_di.o) is incompatible with elf_x86_64
          ld.lld: error: /nix/store/ihy5g2g8lvinzzbzjckxdwgzh0w1hip8-aarch64-unknown-linux-musl-gcc-14.3.0/lib/gcc/aarch64-unknown-linux-musl/14.3.0/libgcc.a(_dd_to_usi.o) is incompatible with elf_x86_64
          ld.lld: error: /nix/store/ihy5g2g8lvinzzbzjckxdwgzh0w1hip8-aarch64-unknown-linux-musl-gcc-14.3.0/lib/gcc/aarch64-unknown-linux-musl/14.3.0/libgcc.a(_dd_to_udi.o) is incompatible with elf_x86_64
          ld.lld: error: /nix/store/ihy5g2g8lvinzzbzjckxdwgzh0w1hip8-aarch64-unknown-linux-musl-gcc-14.3.0/lib/gcc/aarch64-unknown-linux-musl/14.3.0/libgcc.a(_si_to_dd.o) is incompatible with elf_x86_64
          ld.lld: error: /nix/store/ihy5g2g8lvinzzbzjckxdwgzh0w1hip8-aarch64-unknown-linux-musl-gcc-14.3.0/lib/gcc/aarch64-unknown-linux-musl/14.3.0/libgcc.a(_di_to_dd.o) is incompatible with elf_x86_64
          ld.lld: error: /nix/store/ihy5g2g8lvinzzbzjckxdwgzh0w1hip8-aarch64-unknown-linux-musl-gcc-14.3.0/lib/gcc/aarch64-unknown-linux-musl/14.3.0/libgcc.a(_usi_to_dd.o) is incompatible with elf_x86_64
          ld.lld: error: /nix/store/ihy5g2g8lvinzzbzjckxdwgzh0w1hip8-aarch64-unknown-linux-musl-gcc-14.3.0/lib/gcc/aarch64-unknown-linux-musl/14.3.0/libgcc.a(_udi_to_dd.o) is incompatible with elf_x86_64
          ld.lld: error: /nix/store/ihy5g2g8lvinzzbzjckxdwgzh0w1hip8-aarch64-unknown-linux-musl-gcc-14.3.0/lib/gcc/aarch64-unknown-linux-musl/14.3.0/libgcc.a(_dd_to_sf.o) is incompatible with elf_x86_64
          ld.lld: error: /nix/store/ihy5g2g8lvinzzbzjckxdwgzh0w1hip8-aarch64-unknown-linux-musl-gcc-14.3.0/lib/gcc/aarch64-unknown-linux-musl/14.3.0/libgcc.a(_dd_to_df.o) is incompatible with elf_x86_64
          ld.lld: error: /nix/store/ihy5g2g8lvinzzbzjckxdwgzh0w1hip8-aarch64-unknown-linux-musl-gcc-14.3.0/lib/gcc/aarch64-unknown-linux-musl/14.3.0/libgcc.a(_dd_to_xf.o) is incompatible with elf_x86_64
          ld.lld: error: /nix/store/ihy5g2g8lvinzzbzjckxdwgzh0w1hip8-aarch64-unknown-linux-musl-gcc-14.3.0/lib/gcc/aarch64-unknown-linux-musl/14.3.0/libgcc.a(_dd_to_tf.o) is incompatible with elf_x86_64
          ld.lld: error: /nix/store/ihy5g2g8lvinzzbzjckxdwgzh0w1hip8-aarch64-unknown-linux-musl-gcc-14.3.0/lib/gcc/aarch64-unknown-linux-musl/14.3.0/libgcc.a(_sf_to_dd.o) is incompatible with elf_x86_64
          ld.lld: error: /nix/store/ihy5g2g8lvinzzbzjckxdwgzh0w1hip8-aarch64-unknown-linux-musl-gcc-14.3.0/lib/gcc/aarch64-unknown-linux-musl/14.3.0/libgcc.a(_df_to_dd.o) is incompatible with elf_x86_64
          ld.lld: error: /nix/store/ihy5g2g8lvinzzbzjckxdwgzh0w1hip8-aarch64-unknown-linux-musl-gcc-14.3.0/lib/gcc/aarch64-unknown-linux-musl/14.3.0/libgcc.a(_xf_to_dd.o) is incompatible with elf_x86_64
          ld.lld: error: /nix/store/ihy5g2g8lvinzzbzjckxdwgzh0w1hip8-aarch64-unknown-linux-musl-gcc-14.3.0/lib/gcc/aarch64-unknown-linux-musl/14.3.0/libgcc.a(_tf_to_dd.o) is incompatible with elf_x86_64
          ld.lld: error: /nix/store/ihy5g2g8lvinzzbzjckxdwgzh0w1hip8-aarch64-unknown-linux-musl-gcc-14.3.0/lib/gcc/aarch64-unknown-linux-musl/14.3.0/libgcc.a(_dd_to_sd.o) is incompatible with elf_x86_64
          ld.lld: error: /nix/store/ihy5g2g8lvinzzbzjckxdwgzh0w1hip8-aarch64-unknown-linux-musl-gcc-14.3.0/lib/gcc/aarch64-unknown-linux-musl/14.3.0/libgcc.a(_dd_to_td.o) is incompatible with elf_x86_64
          ld.lld: error: /nix/store/ihy5g2g8lvinzzbzjckxdwgzh0w1hip8-aarch64-unknown-linux-musl-gcc-14.3.0/lib/gcc/aarch64-unknown-linux-musl/14.3.0/libgcc.a(_unord_dd.o) is incompatible with elf_x86_64
          ld.lld: error: /nix/store/ihy5g2g8lvinzzbzjckxdwgzh0w1hip8-aarch64-unknown-linux-musl-gcc-14.3.0/lib/gcc/aarch64-unknown-linux-musl/14.3.0/libgcc.a(_hf_to_dd.o) is incompatible with elf_x86_64
          ld.lld: error: /nix/store/ihy5g2g8lvinzzbzjckxdwgzh0w1hip8-aarch64-unknown-linux-musl-gcc-14.3.0/lib/gcc/aarch64-unknown-linux-musl/14.3.0/libgcc.a(_dd_to_hf.o) is incompatible with elf_x86_64
          ld.lld: error: /nix/store/ihy5g2g8lvinzzbzjckxdwgzh0w1hip8-aarch64-unknown-linux-musl-gcc-14.3.0/lib/gcc/aarch64-unknown-linux-musl/14.3.0/libgcc.a(_addsub_td.o) is incompatible with elf_x86_64
          ld.lld: error: /nix/store/ihy5g2g8lvinzzbzjckxdwgzh0w1hip8-aarch64-unknown-linux-musl-gcc-14.3.0/lib/gcc/aarch64-unknown-linux-musl/14.3.0/libgcc.a(_div_td.o) is incompatible with elf_x86_64
          ld.lld: error: /nix/store/ihy5g2g8lvinzzbzjckxdwgzh0w1hip8-aarch64-unknown-linux-musl-gcc-14.3.0/lib/gcc/aarch64-unknown-linux-musl/14.3.0/libgcc.a(_mul_td.o) is incompatible with elf_x86_64
          ld.lld: error: /nix/store/ihy5g2g8lvinzzbzjckxdwgzh0w1hip8-aarch64-unknown-linux-musl-gcc-14.3.0/lib/gcc/aarch64-unknown-linux-musl/14.3.0/libgcc.a(_eq_td.o) is incompatible with elf_x86_64
          ld.lld: error: /nix/store/ihy5g2g8lvinzzbzjckxdwgzh0w1hip8-aarch64-unknown-linux-musl-gcc-14.3.0/lib/gcc/aarch64-unknown-linux-musl/14.3.0/libgcc.a(_ne_td.o) is incompatible with elf_x86_64
          ld.lld: error: /nix/store/ihy5g2g8lvinzzbzjckxdwgzh0w1hip8-aarch64-unknown-linux-musl-gcc-14.3.0/lib/gcc/aarch64-unknown-linux-musl/14.3.0/libgcc.a(_lt_td.o) is incompatible with elf_x86_64
          ld.lld: error: /nix/store/ihy5g2g8lvinzzbzjckxdwgzh0w1hip8-aarch64-unknown-linux-musl-gcc-14.3.0/lib/gcc/aarch64-unknown-linux-musl/14.3.0/libgcc.a(_gt_td.o) is incompatible with elf_x86_64
          ld.lld: error: /nix/store/ihy5g2g8lvinzzbzjckxdwgzh0w1hip8-aarch64-unknown-linux-musl-gcc-14.3.0/lib/gcc/aarch64-unknown-linux-musl/14.3.0/libgcc.a(_le_td.o) is incompatible with elf_x86_64
          ld.lld: error: /nix/store/ihy5g2g8lvinzzbzjckxdwgzh0w1hip8-aarch64-unknown-linux-musl-gcc-14.3.0/lib/gcc/aarch64-unknown-linux-musl/14.3.0/libgcc.a(_ge_td.o) is incompatible with elf_x86_64
          ld.lld: error: /nix/store/ihy5g2g8lvinzzbzjckxdwgzh0w1hip8-aarch64-unknown-linux-musl-gcc-14.3.0/lib/gcc/aarch64-unknown-linux-musl/14.3.0/libgcc.a(_td_to_si.o) is incompatible with elf_x86_64
          ld.lld: error: /nix/store/ihy5g2g8lvinzzbzjckxdwgzh0w1hip8-aarch64-unknown-linux-musl-gcc-14.3.0/lib/gcc/aarch64-unknown-linux-musl/14.3.0/libgcc.a(_td_to_di.o) is incompatible with elf_x86_64
          ld.lld: error: /nix/store/ihy5g2g8lvinzzbzjckxdwgzh0w1hip8-aarch64-unknown-linux-musl-gcc-14.3.0/lib/gcc/aarch64-unknown-linux-musl/14.3.0/libgcc.a(_td_to_usi.o) is incompatible with elf_x86_64
          ld.lld: error: /nix/store/ihy5g2g8lvinzzbzjckxdwgzh0w1hip8-aarch64-unknown-linux-musl-gcc-14.3.0/lib/gcc/aarch64-unknown-linux-musl/14.3.0/libgcc.a(_td_to_udi.o) is incompatible with elf_x86_64
          ld.lld: error: /nix/store/ihy5g2g8lvinzzbzjckxdwgzh0w1hip8-aarch64-unknown-linux-musl-gcc-14.3.0/lib/gcc/aarch64-unknown-linux-musl/14.3.0/libgcc.a(_si_to_td.o) is incompatible with elf_x86_64
          ld.lld: error: /nix/store/ihy5g2g8lvinzzbzjckxdwgzh0w1hip8-aarch64-unknown-linux-musl-gcc-14.3.0/lib/gcc/aarch64-unknown-linux-musl/14.3.0/libgcc.a(_di_to_td.o) is incompatible with elf_x86_64
          ld.lld: error: /nix/store/ihy5g2g8lvinzzbzjckxdwgzh0w1hip8-aarch64-unknown-linux-musl-gcc-14.3.0/lib/gcc/aarch64-unknown-linux-musl/14.3.0/libgcc.a(_usi_to_td.o) is incompatible with elf_x86_64
          ld.lld: error: /nix/store/ihy5g2g8lvinzzbzjckxdwgzh0w1hip8-aarch64-unknown-linux-musl-gcc-14.3.0/lib/gcc/aarch64-unknown-linux-musl/14.3.0/libgcc.a(_udi_to_td.o) is incompatible with elf_x86_64
          ld.lld: error: /nix/store/ihy5g2g8lvinzzbzjckxdwgzh0w1hip8-aarch64-unknown-linux-musl-gcc-14.3.0/lib/gcc/aarch64-unknown-linux-musl/14.3.0/libgcc.a(_td_to_sf.o) is incompatible with elf_x86_64
          ld.lld: error: /nix/store/ihy5g2g8lvinzzbzjckxdwgzh0w1hip8-aarch64-unknown-linux-musl-gcc-14.3.0/lib/gcc/aarch64-unknown-linux-musl/14.3.0/libgcc.a(_td_to_df.o) is incompatible with elf_x86_64
          ld.lld: error: /nix/store/ihy5g2g8lvinzzbzjckxdwgzh0w1hip8-aarch64-unknown-linux-musl-gcc-14.3.0/lib/gcc/aarch64-unknown-linux-musl/14.3.0/libgcc.a(_td_to_xf.o) is incompatible with elf_x86_64
          ld.lld: error: /nix/store/ihy5g2g8lvinzzbzjckxdwgzh0w1hip8-aarch64-unknown-linux-musl-gcc-14.3.0/lib/gcc/aarch64-unknown-linux-musl/14.3.0/libgcc.a(_td_to_tf.o) is incompatible with elf_x86_64
          ld.lld: error: /nix/store/ihy5g2g8lvinzzbzjckxdwgzh0w1hip8-aarch64-unknown-linux-musl-gcc-14.3.0/lib/gcc/aarch64-unknown-linux-musl/14.3.0/libgcc.a(_sf_to_td.o) is incompatible with elf_x86_64
          ld.lld: error: /nix/store/ihy5g2g8lvinzzbzjckxdwgzh0w1hip8-aarch64-unknown-linux-musl-gcc-14.3.0/lib/gcc/aarch64-unknown-linux-musl/14.3.0/libgcc.a(_df_to_td.o) is incompatible with elf_x86_64
          ld.lld: error: /nix/store/ihy5g2g8lvinzzbzjckxdwgzh0w1hip8-aarch64-unknown-linux-musl-gcc-14.3.0/lib/gcc/aarch64-unknown-linux-musl/14.3.0/libgcc.a(_xf_to_td.o) is incompatible with elf_x86_64
          ld.lld: error: /nix/store/ihy5g2g8lvinzzbzjckxdwgzh0w1hip8-aarch64-unknown-linux-musl-gcc-14.3.0/lib/gcc/aarch64-unknown-linux-musl/14.3.0/libgcc.a(_tf_to_td.o) is incompatible with elf_x86_64
          ld.lld: error: /nix/store/ihy5g2g8lvinzzbzjckxdwgzh0w1hip8-aarch64-unknown-linux-musl-gcc-14.3.0/lib/gcc/aarch64-unknown-linux-musl/14.3.0/libgcc.a(_td_to_sd.o) is incompatible with elf_x86_64
          ld.lld: error: /nix/store/ihy5g2g8lvinzzbzjckxdwgzh0w1hip8-aarch64-unknown-linux-musl-gcc-14.3.0/lib/gcc/aarch64-unknown-linux-musl/14.3.0/libgcc.a(_td_to_dd.o) is incompatible with elf_x86_64
          ld.lld: error: /nix/store/ihy5g2g8lvinzzbzjckxdwgzh0w1hip8-aarch64-unknown-linux-musl-gcc-14.3.0/lib/gcc/aarch64-unknown-linux-musl/14.3.0/libgcc.a(_unord_td.o) is incompatible with elf_x86_64
          ld.lld: error: /nix/store/ihy5g2g8lvinzzbzjckxdwgzh0w1hip8-aarch64-unknown-linux-musl-gcc-14.3.0/lib/gcc/aarch64-unknown-linux-musl/14.3.0/libgcc.a(_hf_to_td.o) is incompatible with elf_x86_64
          ld.lld: error: /nix/store/ihy5g2g8lvinzzbzjckxdwgzh0w1hip8-aarch64-unknown-linux-musl-gcc-14.3.0/lib/gcc/aarch64-unknown-linux-musl/14.3.0/libgcc.a(_td_to_hf.o) is incompatible with elf_x86_64
          ld.lld: error: /nix/store/ihy5g2g8lvinzzbzjckxdwgzh0w1hip8-aarch64-unknown-linux-musl-gcc-14.3.0/lib/gcc/aarch64-unknown-linux-musl/14.3.0/libgcc.a(sync-cache.o) is incompatible with elf_x86_64
          ld.lld: error: /nix/store/ihy5g2g8lvinzzbzjckxdwgzh0w1hip8-aarch64-unknown-linux-musl-gcc-14.3.0/lib/gcc/aarch64-unknown-linux-musl/14.3.0/libgcc.a(cpuinfo.o) is incompatible with elf_x86_64
          ld.lld: error: /nix/store/ihy5g2g8lvinzzbzjckxdwgzh0w1hip8-aarch64-unknown-linux-musl-gcc-14.3.0/lib/gcc/aarch64-unknown-linux-musl/14.3.0/libgcc.a(sfp-exceptions.o) is incompatible with elf_x86_64
          ld.lld: error: /nix/store/ihy5g2g8lvinzzbzjckxdwgzh0w1hip8-aarch64-unknown-linux-musl-gcc-14.3.0/lib/gcc/aarch64-unknown-linux-musl/14.3.0/libgcc.a(addtf3.o) is incompatible with elf_x86_64
          ld.lld: error: /nix/store/ihy5g2g8lvinzzbzjckxdwgzh0w1hip8-aarch64-unknown-linux-musl-gcc-14.3.0/lib/gcc/aarch64-unknown-linux-musl/14.3.0/libgcc.a(divtf3.o) is incompatible with elf_x86_64
          ld.lld: error: /nix/store/ihy5g2g8lvinzzbzjckxdwgzh0w1hip8-aarch64-unknown-linux-musl-gcc-14.3.0/lib/gcc/aarch64-unknown-linux-musl/14.3.0/libgcc.a(eqtf2.o) is incompatible with elf_x86_64
          ld.lld: error: /nix/store/ihy5g2g8lvinzzbzjckxdwgzh0w1hip8-aarch64-unknown-linux-musl-gcc-14.3.0/lib/gcc/aarch64-unknown-linux-musl/14.3.0/libgcc.a(getf2.o) is incompatible with elf_x86_64
          ld.lld: error: /nix/store/ihy5g2g8lvinzzbzjckxdwgzh0w1hip8-aarch64-unknown-linux-musl-gcc-14.3.0/lib/gcc/aarch64-unknown-linux-musl/14.3.0/libgcc.a(letf2.o) is incompatible with elf_x86_64
          ld.lld: error: /nix/store/ihy5g2g8lvinzzbzjckxdwgzh0w1hip8-aarch64-unknown-linux-musl-gcc-14.3.0/lib/gcc/aarch64-unknown-linux-musl/14.3.0/libgcc.a(multf3.o) is incompatible with elf_x86_64
          ld.lld: error: /nix/store/ihy5g2g8lvinzzbzjckxdwgzh0w1hip8-aarch64-unknown-linux-musl-gcc-14.3.0/lib/gcc/aarch64-unknown-linux-musl/14.3.0/libgcc.a(negtf2.o) is incompatible with elf_x86_64
          ld.lld: error: /nix/store/ihy5g2g8lvinzzbzjckxdwgzh0w1hip8-aarch64-unknown-linux-musl-gcc-14.3.0/lib/gcc/aarch64-unknown-linux-musl/14.3.0/libgcc.a(subtf3.o) is incompatible with elf_x86_64
          ld.lld: error: /nix/store/ihy5g2g8lvinzzbzjckxdwgzh0w1hip8-aarch64-unknown-linux-musl-gcc-14.3.0/lib/gcc/aarch64-unknown-linux-musl/14.3.0/libgcc.a(unordtf2.o) is incompatible with elf_x86_64
          ld.lld: error: /nix/store/ihy5g2g8lvinzzbzjckxdwgzh0w1hip8-aarch64-unknown-linux-musl-gcc-14.3.0/lib/gcc/aarch64-unknown-linux-musl/14.3.0/libgcc.a(fixtfsi.o) is incompatible with elf_x86_64
          ld.lld: error: /nix/store/ihy5g2g8lvinzzbzjckxdwgzh0w1hip8-aarch64-unknown-linux-musl-gcc-14.3.0/lib/gcc/aarch64-unknown-linux-musl/14.3.0/libgcc.a(fixunstfsi.o) is incompatible with elf_x86_64
          ld.lld: error: /nix/store/ihy5g2g8lvinzzbzjckxdwgzh0w1hip8-aarch64-unknown-linux-musl-gcc-14.3.0/lib/gcc/aarch64-unknown-linux-musl/14.3.0/libgcc.a(floatsitf.o) is incompatible with elf_x86_64
          ld.lld: error: /nix/store/ihy5g2g8lvinzzbzjckxdwgzh0w1hip8-aarch64-unknown-linux-musl-gcc-14.3.0/lib/gcc/aarch64-unknown-linux-musl/14.3.0/libgcc.a(floatunsitf.o) is incompatible with elf_x86_64
          ld.lld: error: /nix/store/ihy5g2g8lvinzzbzjckxdwgzh0w1hip8-aarch64-unknown-linux-musl-gcc-14.3.0/lib/gcc/aarch64-unknown-linux-musl/14.3.0/libgcc.a(fixtfdi.o) is incompatible with elf_x86_64
          ld.lld: error: /nix/store/ihy5g2g8lvinzzbzjckxdwgzh0w1hip8-aarch64-unknown-linux-musl-gcc-14.3.0/lib/gcc/aarch64-unknown-linux-musl/14.3.0/libgcc.a(fixunstfdi.o) is incompatible with elf_x86_64
          ld.lld: error: /nix/store/ihy5g2g8lvinzzbzjckxdwgzh0w1hip8-aarch64-unknown-linux-musl-gcc-14.3.0/lib/gcc/aarch64-unknown-linux-musl/14.3.0/libgcc.a(floatditf.o) is incompatible with elf_x86_64
          ld.lld: error: /nix/store/ihy5g2g8lvinzzbzjckxdwgzh0w1hip8-aarch64-unknown-linux-musl-gcc-14.3.0/lib/gcc/aarch64-unknown-linux-musl/14.3.0/libgcc.a(floatunditf.o) is incompatible with elf_x86_64
          ld.lld: error: /nix/store/ihy5g2g8lvinzzbzjckxdwgzh0w1hip8-aarch64-unknown-linux-musl-gcc-14.3.0/lib/gcc/aarch64-unknown-linux-musl/14.3.0/libgcc.a(fixtfti.o) is incompatible with elf_x86_64
          ld.lld: error: /nix/store/ihy5g2g8lvinzzbzjckxdwgzh0w1hip8-aarch64-unknown-linux-musl-gcc-14.3.0/lib/gcc/aarch64-unknown-linux-musl/14.3.0/libgcc.a(fixunstfti.o) is incompatible with elf_x86_64
          ld.lld: error: /nix/store/ihy5g2g8lvinzzbzjckxdwgzh0w1hip8-aarch64-unknown-linux-musl-gcc-14.3.0/lib/gcc/aarch64-unknown-linux-musl/14.3.0/libgcc.a(floattitf.o) is incompatible with elf_x86_64
          ld.lld: error: /nix/store/ihy5g2g8lvinzzbzjckxdwgzh0w1hip8-aarch64-unknown-linux-musl-gcc-14.3.0/lib/gcc/aarch64-unknown-linux-musl/14.3.0/libgcc.a(floatuntitf.o) is incompatible with elf_x86_64
          ld.lld: error: /nix/store/ihy5g2g8lvinzzbzjckxdwgzh0w1hip8-aarch64-unknown-linux-musl-gcc-14.3.0/lib/gcc/aarch64-unknown-linux-musl/14.3.0/libgcc.a(fixsfbitint.o) is incompatible with elf_x86_64
          ld.lld: error: /nix/store/ihy5g2g8lvinzzbzjckxdwgzh0w1hip8-aarch64-unknown-linux-musl-gcc-14.3.0/lib/gcc/aarch64-unknown-linux-musl/14.3.0/libgcc.a(floatbitintsf.o) is incompatible with elf_x86_64
          ld.lld: error: /nix/store/ihy5g2g8lvinzzbzjckxdwgzh0w1hip8-aarch64-unknown-linux-musl-gcc-14.3.0/lib/gcc/aarch64-unknown-linux-musl/14.3.0/libgcc.a(fixdfbitint.o) is incompatible with elf_x86_64
          ld.lld: error: /nix/store/ihy5g2g8lvinzzbzjckxdwgzh0w1hip8-aarch64-unknown-linux-musl-gcc-14.3.0/lib/gcc/aarch64-unknown-linux-musl/14.3.0/libgcc.a(floatbitintdf.o) is incompatible with elf_x86_64
          ld.lld: error: /nix/store/ihy5g2g8lvinzzbzjckxdwgzh0w1hip8-aarch64-unknown-linux-musl-gcc-14.3.0/lib/gcc/aarch64-unknown-linux-musl/14.3.0/libgcc.a(extendsftf2.o) is incompatible with elf_x86_64
          ld.lld: error: /nix/store/ihy5g2g8lvinzzbzjckxdwgzh0w1hip8-aarch64-unknown-linux-musl-gcc-14.3.0/lib/gcc/aarch64-unknown-linux-musl/14.3.0/libgcc.a(extenddftf2.o) is incompatible with elf_x86_64
          ld.lld: error: /nix/store/ihy5g2g8lvinzzbzjckxdwgzh0w1hip8-aarch64-unknown-linux-musl-gcc-14.3.0/lib/gcc/aarch64-unknown-linux-musl/14.3.0/libgcc.a(extendhftf2.o) is incompatible with elf_x86_64
          ld.lld: error: /nix/store/ihy5g2g8lvinzzbzjckxdwgzh0w1hip8-aarch64-unknown-linux-musl-gcc-14.3.0/lib/gcc/aarch64-unknown-linux-musl/14.3.0/libgcc.a(extendbfsf2.o) is incompatible with elf_x86_64
          ld.lld: error: /nix/store/ihy5g2g8lvinzzbzjckxdwgzh0w1hip8-aarch64-unknown-linux-musl-gcc-14.3.0/lib/gcc/aarch64-unknown-linux-musl/14.3.0/libgcc.a(trunctfsf2.o) is incompatible with elf_x86_64
          ld.lld: error: /nix/store/ihy5g2g8lvinzzbzjckxdwgzh0w1hip8-aarch64-unknown-linux-musl-gcc-14.3.0/lib/gcc/aarch64-unknown-linux-musl/14.3.0/libgcc.a(trunctfdf2.o) is incompatible with elf_x86_64
          ld.lld: error: /nix/store/ihy5g2g8lvinzzbzjckxdwgzh0w1hip8-aarch64-unknown-linux-musl-gcc-14.3.0/lib/gcc/aarch64-unknown-linux-musl/14.3.0/libgcc.a(trunctfhf2.o) is incompatible with elf_x86_64
          ld.lld: error: /nix/store/ihy5g2g8lvinzzbzjckxdwgzh0w1hip8-aarch64-unknown-linux-musl-gcc-14.3.0/lib/gcc/aarch64-unknown-linux-musl/14.3.0/libgcc.a(trunctfbf2.o) is incompatible with elf_x86_64
          ld.lld: error: /nix/store/ihy5g2g8lvinzzbzjckxdwgzh0w1hip8-aarch64-unknown-linux-musl-gcc-14.3.0/lib/gcc/aarch64-unknown-linux-musl/14.3.0/libgcc.a(truncdfbf2.o) is incompatible with elf_x86_64
          ld.lld: error: /nix/store/ihy5g2g8lvinzzbzjckxdwgzh0w1hip8-aarch64-unknown-linux-musl-gcc-14.3.0/lib/gcc/aarch64-unknown-linux-musl/14.3.0/libgcc.a(truncsfbf2.o) is incompatible with elf_x86_64
          ld.lld: error: /nix/store/ihy5g2g8lvinzzbzjckxdwgzh0w1hip8-aarch64-unknown-linux-musl-gcc-14.3.0/lib/gcc/aarch64-unknown-linux-musl/14.3.0/libgcc.a(trunchfbf2.o) is incompatible with elf_x86_64
          ld.lld: error: /nix/store/ihy5g2g8lvinzzbzjckxdwgzh0w1hip8-aarch64-unknown-linux-musl-gcc-14.3.0/lib/gcc/aarch64-unknown-linux-musl/14.3.0/libgcc.a(fixhfti.o) is incompatible with elf_x86_64
          ld.lld: error: /nix/store/ihy5g2g8lvinzzbzjckxdwgzh0w1hip8-aarch64-unknown-linux-musl-gcc-14.3.0/lib/gcc/aarch64-unknown-linux-musl/14.3.0/libgcc.a(fixunshfti.o) is incompatible with elf_x86_64
          ld.lld: error: /nix/store/ihy5g2g8lvinzzbzjckxdwgzh0w1hip8-aarch64-unknown-linux-musl-gcc-14.3.0/lib/gcc/aarch64-unknown-linux-musl/14.3.0/libgcc.a(floattihf.o) is incompatible with elf_x86_64
          ld.lld: error: /nix/store/ihy5g2g8lvinzzbzjckxdwgzh0w1hip8-aarch64-unknown-linux-musl-gcc-14.3.0/lib/gcc/aarch64-unknown-linux-musl/14.3.0/libgcc.a(floatuntihf.o) is incompatible with elf_x86_64
          ld.lld: error: /nix/store/ihy5g2g8lvinzzbzjckxdwgzh0w1hip8-aarch64-unknown-linux-musl-gcc-14.3.0/lib/gcc/aarch64-unknown-linux-musl/14.3.0/libgcc.a(floatdibf.o) is incompatible with elf_x86_64
          ld.lld: error: /nix/store/ihy5g2g8lvinzzbzjckxdwgzh0w1hip8-aarch64-unknown-linux-musl-gcc-14.3.0/lib/gcc/aarch64-unknown-linux-musl/14.3.0/libgcc.a(floatundibf.o) is incompatible with elf_x86_64
          ld.lld: error: /nix/store/ihy5g2g8lvinzzbzjckxdwgzh0w1hip8-aarch64-unknown-linux-musl-gcc-14.3.0/lib/gcc/aarch64-unknown-linux-musl/14.3.0/libgcc.a(floattibf.o) is incompatible with elf_x86_64
          ld.lld: error: /nix/store/ihy5g2g8lvinzzbzjckxdwgzh0w1hip8-aarch64-unknown-linux-musl-gcc-14.3.0/lib/gcc/aarch64-unknown-linux-musl/14.3.0/libgcc.a(floatuntibf.o) is incompatible with elf_x86_64
          ld.lld: error: /nix/store/ihy5g2g8lvinzzbzjckxdwgzh0w1hip8-aarch64-unknown-linux-musl-gcc-14.3.0/lib/gcc/aarch64-unknown-linux-musl/14.3.0/libgcc.a(floatbitinthf.o) is incompatible with elf_x86_64
          ld.lld: error: /nix/store/ihy5g2g8lvinzzbzjckxdwgzh0w1hip8-aarch64-unknown-linux-musl-gcc-14.3.0/lib/gcc/aarch64-unknown-linux-musl/14.3.0/libgcc.a(floatbitintbf.o) is incompatible with elf_x86_64
          ld.lld: error: /nix/store/ihy5g2g8lvinzzbzjckxdwgzh0w1hip8-aarch64-unknown-linux-musl-gcc-14.3.0/lib/gcc/aarch64-unknown-linux-musl/14.3.0/libgcc.a(floatbitinttf.o) is incompatible with elf_x86_64
          ld.lld: error: /nix/store/ihy5g2g8lvinzzbzjckxdwgzh0w1hip8-aarch64-unknown-linux-musl-gcc-14.3.0/lib/gcc/aarch64-unknown-linux-musl/14.3.0/libgcc.a(fixtfbitint.o) is incompatible with elf_x86_64
          ld.lld: error: /nix/store/ihy5g2g8lvinzzbzjckxdwgzh0w1hip8-aarch64-unknown-linux-musl-gcc-14.3.0/lib/gcc/aarch64-unknown-linux-musl/14.3.0/libgcc.a(enable-execute-stack.o) is incompatible with elf_x86_64
          ld.lld: error: /nix/store/ihy5g2g8lvinzzbzjckxdwgzh0w1hip8-aarch64-unknown-linux-musl-gcc-14.3.0/lib/gcc/aarch64-unknown-linux-musl/14.3.0/libgcc.a(hardcfr.o) is incompatible with elf_x86_64
          ld.lld: error: /nix/store/ihy5g2g8lvinzzbzjckxdwgzh0w1hip8-aarch64-unknown-linux-musl-gcc-14.3.0/lib/gcc/aarch64-unknown-linux-musl/14.3.0/libgcc.a(strub.o) is incompatible with elf_x86_64
          ld.lld: error: /nix/store/ihy5g2g8lvinzzbzjckxdwgzh0w1hip8-aarch64-unknown-linux-musl-gcc-14.3.0/lib/gcc/aarch64-unknown-linux-musl/14.3.0/libgcc.a(bitintpow10.o) is incompatible with elf_x86_64
          ld.lld: error: /nix/store/ihy5g2g8lvinzzbzjckxdwgzh0w1hip8-aarch64-unknown-linux-musl-gcc-14.3.0/lib/gcc/aarch64-unknown-linux-musl/14.3.0/libgcc.a(fixsdbitint.o) is incompatible with elf_x86_64
          ld.lld: error: /nix/store/ihy5g2g8lvinzzbzjckxdwgzh0w1hip8-aarch64-unknown-linux-musl-gcc-14.3.0/lib/gcc/aarch64-unknown-linux-musl/14.3.0/libgcc.a(floatbitintsd.o) is incompatible with elf_x86_64
          ld.lld: error: /nix/store/ihy5g2g8lvinzzbzjckxdwgzh0w1hip8-aarch64-unknown-linux-musl-gcc-14.3.0/lib/gcc/aarch64-unknown-linux-musl/14.3.0/libgcc.a(fixsdti.o) is incompatible with elf_x86_64
          ld.lld: error: /nix/store/ihy5g2g8lvinzzbzjckxdwgzh0w1hip8-aarch64-unknown-linux-musl-gcc-14.3.0/lib/gcc/aarch64-unknown-linux-musl/14.3.0/libgcc.a(fixunssdti.o) is incompatible with elf_x86_64
          ld.lld: error: /nix/store/ihy5g2g8lvinzzbzjckxdwgzh0w1hip8-aarch64-unknown-linux-musl-gcc-14.3.0/lib/gcc/aarch64-unknown-linux-musl/14.3.0/libgcc.a(floattisd.o) is incompatible with elf_x86_64
          ld.lld: error: /nix/store/ihy5g2g8lvinzzbzjckxdwgzh0w1hip8-aarch64-unknown-linux-musl-gcc-14.3.0/lib/gcc/aarch64-unknown-linux-musl/14.3.0/libgcc.a(floatuntisd.o) is incompatible with elf_x86_64
          ld.lld: error: /nix/store/ihy5g2g8lvinzzbzjckxdwgzh0w1hip8-aarch64-unknown-linux-musl-gcc-14.3.0/lib/gcc/aarch64-unknown-linux-musl/14.3.0/libgcc.a(fixddbitint.o) is incompatible with elf_x86_64
          ld.lld: error: /nix/store/ihy5g2g8lvinzzbzjckxdwgzh0w1hip8-aarch64-unknown-linux-musl-gcc-14.3.0/lib/gcc/aarch64-unknown-linux-musl/14.3.0/libgcc.a(floatbitintdd.o) is incompatible with elf_x86_64
          ld.lld: error: /nix/store/ihy5g2g8lvinzzbzjckxdwgzh0w1hip8-aarch64-unknown-linux-musl-gcc-14.3.0/lib/gcc/aarch64-unknown-linux-musl/14.3.0/libgcc.a(fixddti.o) is incompatible with elf_x86_64
          ld.lld: error: /nix/store/ihy5g2g8lvinzzbzjckxdwgzh0w1hip8-aarch64-unknown-linux-musl-gcc-14.3.0/lib/gcc/aarch64-unknown-linux-musl/14.3.0/libgcc.a(fixunsddti.o) is incompatible with elf_x86_64
          ld.lld: error: /nix/store/ihy5g2g8lvinzzbzjckxdwgzh0w1hip8-aarch64-unknown-linux-musl-gcc-14.3.0/lib/gcc/aarch64-unknown-linux-musl/14.3.0/libgcc.a(floattidd.o) is incompatible with elf_x86_64
          ld.lld: error: /nix/store/ihy5g2g8lvinzzbzjckxdwgzh0w1hip8-aarch64-unknown-linux-musl-gcc-14.3.0/lib/gcc/aarch64-unknown-linux-musl/14.3.0/libgcc.a(floatuntidd.o) is incompatible with elf_x86_64
          ld.lld: error: /nix/store/ihy5g2g8lvinzzbzjckxdwgzh0w1hip8-aarch64-unknown-linux-musl-gcc-14.3.0/lib/gcc/aarch64-unknown-linux-musl/14.3.0/libgcc.a(fixtdbitint.o) is incompatible with elf_x86_64
          ld.lld: error: /nix/store/ihy5g2g8lvinzzbzjckxdwgzh0w1hip8-aarch64-unknown-linux-musl-gcc-14.3.0/lib/gcc/aarch64-unknown-linux-musl/14.3.0/libgcc.a(floatbitinttd.o) is incompatible with elf_x86_64
          ld.lld: error: /nix/store/ihy5g2g8lvinzzbzjckxdwgzh0w1hip8-aarch64-unknown-linux-musl-gcc-14.3.0/lib/gcc/aarch64-unknown-linux-musl/14.3.0/libgcc.a(fixtdti.o) is incompatible with elf_x86_64
          ld.lld: error: /nix/store/ihy5g2g8lvinzzbzjckxdwgzh0w1hip8-aarch64-unknown-linux-musl-gcc-14.3.0/lib/gcc/aarch64-unknown-linux-musl/14.3.0/libgcc.a(fixunstdti.o) is incompatible with elf_x86_64
          ld.lld: error: /nix/store/ihy5g2g8lvinzzbzjckxdwgzh0w1hip8-aarch64-unknown-linux-musl-gcc-14.3.0/lib/gcc/aarch64-unknown-linux-musl/14.3.0/libgcc.a(floattitd.o) is incompatible with elf_x86_64
          ld.lld: error: /nix/store/ihy5g2g8lvinzzbzjckxdwgzh0w1hip8-aarch64-unknown-linux-musl-gcc-14.3.0/lib/gcc/aarch64-unknown-linux-musl/14.3.0/libgcc.a(floatuntitd.o) is incompatible with elf_x86_64
          ld.lld: error: /nix/store/ihy5g2g8lvinzzbzjckxdwgzh0w1hip8-aarch64-unknown-linux-musl-gcc-14.3.0/lib/gcc/aarch64-unknown-linux-musl/14.3.0/libgcc.a(unwind-dw2.o) is incompatible with elf_x86_64
          ld.lld: error: /nix/store/ihy5g2g8lvinzzbzjckxdwgzh0w1hip8-aarch64-unknown-linux-musl-gcc-14.3.0/lib/gcc/aarch64-unknown-linux-musl/14.3.0/libgcc.a(unwind-dw2-fde-dip.o) is incompatible with elf_x86_64
          ld.lld: error: /nix/store/ihy5g2g8lvinzzbzjckxdwgzh0w1hip8-aarch64-unknown-linux-musl-gcc-14.3.0/lib/gcc/aarch64-unknown-linux-musl/14.3.0/libgcc.a(unwind-sjlj.o) is incompatible with elf_x86_64
          ld.lld: error: /nix/store/ihy5g2g8lvinzzbzjckxdwgzh0w1hip8-aarch64-unknown-linux-musl-gcc-14.3.0/lib/gcc/aarch64-unknown-linux-musl/14.3.0/libgcc.a(unwind-c.o) is incompatible with elf_x86_64
          ld.lld: error: /nix/store/ihy5g2g8lvinzzbzjckxdwgzh0w1hip8-aarch64-unknown-linux-musl-gcc-14.3.0/lib/gcc/aarch64-unknown-linux-musl/14.3.0/libgcc.a(__aarch64_have_sme.o) is incompatible with elf_x86_64
          ld.lld: error: /nix/store/ihy5g2g8lvinzzbzjckxdwgzh0w1hip8-aarch64-unknown-linux-musl-gcc-14.3.0/lib/gcc/aarch64-unknown-linux-musl/14.3.0/libgcc.a(__arm_sme_state.o) is incompatible with elf_x86_64
          ld.lld: error: /nix/store/ihy5g2g8lvinzzbzjckxdwgzh0w1hip8-aarch64-unknown-linux-musl-gcc-14.3.0/lib/gcc/aarch64-unknown-linux-musl/14.3.0/libgcc.a(__arm_tpidr2_restore.o) is incompatible with elf_x86_64
          ld.lld: error: /nix/store/ihy5g2g8lvinzzbzjckxdwgzh0w1hip8-aarch64-unknown-linux-musl-gcc-14.3.0/lib/gcc/aarch64-unknown-linux-musl/14.3.0/libgcc.a(__arm_tpidr2_save.o) is incompatible with elf_x86_64
          ld.lld: error: /nix/store/ihy5g2g8lvinzzbzjckxdwgzh0w1hip8-aarch64-unknown-linux-musl-gcc-14.3.0/lib/gcc/aarch64-unknown-linux-musl/14.3.0/libgcc.a(__arm_za_disable.o) is incompatible with elf_x86_64
          ld.lld: error: /nix/store/ihy5g2g8lvinzzbzjckxdwgzh0w1hip8-aarch64-unknown-linux-musl-gcc-14.3.0/lib/gcc/aarch64-unknown-linux-musl/14.3.0/libgcc.a(heap-trampoline.o) is incompatible with elf_x86_64
          ld.lld: error: /nix/store/ihy5g2g8lvinzzbzjckxdwgzh0w1hip8-aarch64-unknown-linux-musl-gcc-14.3.0/lib/gcc/aarch64-unknown-linux-musl/14.3.0/libgcc.a(emutls.o) is incompatible with elf_x86_64
          

error: could not compile `createcog` (bin "createcog") due to 1 previous error
💥 maturin failed
  Caused by: Failed to build a native library through cargo
  Caused by: Cargo build finished with "exit status: 101": `env -u CARGO AR_x86_64_unknown_linux_musl="/home/dirk/.cache/cargo-zigbuild/0.20.1/ar" CARGO_TARGET_X86_64_UNKNOWN_LINUX_MUSL_LINKER="/home/dirk/.cache/cargo-zigbuild/0.20.1/zigcc-x86_64-unknown-linux-musl-ff6a.sh" CARGO_ZIGBUILD_RUSTC_VERSION="1.93.0" CC_x86_64_unknown_linux_musl="/home/dirk/.cache/cargo-zigbuild/0.20.1/zigcc-x86_64-unknown-linux-musl-ff6a.sh" CMAKE_TOOLCHAIN_FILE_x86_64_unknown_linux_musl="/home/dirk/.cache/cargo-zigbuild/0.20.1/cmake/x86_64-unknown-linux-musl-toolchain.cmake" CXX_x86_64_unknown_linux_musl="/home/dirk/.cache/cargo-zigbuild/0.20.1/zigcxx-x86_64-unknown-linux-musl-ff6a.sh" RANLIB_x86_64_unknown_linux_musl="/home/dirk/.cache/cargo-zigbuild/0.20.1/zigranlib.sh" ZIG_COMMAND="/nix/store/qn6da3g7qdwdxd2csdm1aj25zilkcl30-zig-0.15.2/bin/zig" "cargo" "rustc" "--profile" "release" "--target" "x86_64-unknown-linux-musl" "--message-format" "json-render-diagnostics" "--locked" "--manifest-path" "/work/infra-rs/tools/createcog/Cargo.toml" "--bin" "createcog"`
